1791331139 1 58
1791331140 1 56
1791331141 1 67
1791331142 1 49
1791331143 1 48
1791331145 1 67
1791331146 1 51
1791331147 1 55
1791331148 1 66
1791331149 1 62
1791331150 1 66
1791331151 1 66
1791331152 1 53
1791331153 1 52
1791331154 1 50
1791331160 0 5058
1791331166 0 5041
1791331172 0 5051
1791331178 0 5040
1791331184 0 5049
1791331190 0 5045
1791331196 0 5043
1791331203 0 5047
1791331209 0 5051
1791331215 0 5039
1791331221 0 5044
1791331227 0 5047
1791331233 0 5043
1791331239 1 4745
1791331240 1 60
1791331241 1 70
1791331242 1 65
1791331243 1 71
1791331244 1 81
1791331245 1 72
1791331246 1 84
1791331247 1 65
1791331248 1 71
1791331249 1 81
1791331250 1 78
1791331252 1 69
1791331253 1 68
1791331254 1 63
1791331255 1 66
1791331256 1 68
1791331257 1 74
1791331258 1 74
1791331259 1 68
1791331260 1 66
1791331261 1 62
1791331262 1 74
1791331263 1 75
1791331265 1 69
1791331266 1 70
1791331267 1 63
1791331268 1 68
1791331269 1 68
1791331270 1 84
1791331271 1 68
1791331272 1 68
1791331273 1 72
1791331274 1 73
1791331275 1 69
1791331276 1 72
1791331277 1 76
1791331279 1 73
1791331280 1 67
1791331281 1 54
1791331282 1 70
1791331283 1 66
1791331284 1 86
1791331285 1 79
1791331286 1 73
1791331287 1 72
1791331288 1 68
1791331289 1 82
1791331290 1 67
1791331292 1 61
1791331293 1 60
1791331294 1 58
1791331295 1 109
1791331296 1 59
1791331297 1 64
1791331298 1 65
1791331299 1 68
1791331300 1 92
1791331301 1 107
1791331302 1 70
1791331303 1 60
1791331305 1 64
1791331306 1 74
1791331307 1 66
1791331308 1 85
1791331309 1 69
1791331310 1 74
1791331311 1 62
1791331312 1 68
1791331313 1 87
1791331314 1 96
1791331315 1 72
1791331316 1 95
1791331318 1 78
1791331319 1 67
1791331320 1 66
1791331321 1 71
1791331322 1 73
1791331323 1 62
1791331324 1 60
1791331325 1 70
1791331326 1 71
1791331327 1 57
1791331328 1 68
1791331329 1 61
1791331331 1 60
1791331332 1 72
1791331333 1 70
1791331334 1 71
1791331335 1 63
1791331336 1 78
1791331337 1 52
1791331338 1 57
1791331339 1 55
1791331340 1 60
1791331341 1 79
1791331342 1 45
1791331343 1 55
