1791329807 1 50
1791329807 1 47
1791329808 1 52
1791329809 1 40
1791329809 1 48
1791329810 1 48
1791329810 1 54
1791329811 1 49
1791329811 1 58
1791329812 1 38
1791329812 1 38
1791329813 1 50
1791329813 1 56
1791329814 1 44
1791329814 1 40
1791329815 1 97
1791329815 1 39
1791329816 1 46
1791329816 1 47
1791329817 1 58
1791329817 1 44
1791329818 1 48
1791329818 1 49
1791329819 1 57
1791329819 1 47
1791329820 1 46
1791329820 1 49
1791329821 1 70
1791329821 1 56
1791329822 1 51
1791329823 1 71
1791329823 1 82
1791329824 1 58
1791329824 1 66
1791329825 1 68
1791329826 1 77
1791329826 1 75
1791329827 1 70
1791329827 1 64
1791329828 1 73
1791329828 1 80
1791329829 1 60
1791329829 1 110
1791329830 1 72
1791329830 1 66
1791329831 1 74
1791329831 1 71
1791329832 1 67
1791329832 1 216
1791329833 1 58
1791329833 1 59
1791329834 1 62
1791329835 1 66
1791329840 0 5046
1791329841 0 5043
1791329846 0 5027
1791329847 0 5056
1791329850 0 2788
1791329850 0 2392
1791329856 0 5037
1791329856 0 5036
1791329862 0 5061
1791329862 0 5053
1791329865 0 2070
1791329865 0 2066
1791329871 0 5040
1791329871 0 5040
1791329877 0 5034
1791329877 0 5034
1791329883 0 5035
1791329883 0 5036
1791329889 0 5042
1791329889 0 5044
1791329895 0 5043
1791329895 0 5046
1791329901 0 5046
1791329901 0 5045
1791329908 0 5053
1791329908 0 5054
1791329909 1 489
1791329909 1 489
1791329915 0 5047
1791329915 0 5052
1791329921 0 5037
1791329921 0 5048
1791329924 0 2151
1791329924 0 2145
1791329929 1 4055
1791329929 1 4066
1791329930 1 57
1791329930 1 55
1791329932 1 72
1791329933 1 62
1791329934 1 89
1791329934 1 3001
1791329935 1 57
1791329936 1 59
1791329939 1 3119
1791329939 1 2919
1791329940 1 67
1791329941 1 71
1791329941 1 60
1791329942 1 73
1791329942 1 75
1791329943 1 54
1791329943 1 70
1791329944 1 65
1791329944 1 74
1791329945 1 73
1791329945 1 70
1791329946 1 91
1791329946 1 75
1791329947 1 63
1791329947 1 70
1791329953 0 5046
1791329954 0 5056
1791329959 0 5034
1791329960 0 5043
1791329965 0 5043
1791329966 0 5048
1791329971 0 5058
1791329972 0 5042
1791329977 0 5040
1791329978 0 5040
1791329981 1 2952
1791329981 1 2441
1791329982 1 96
1791329982 1 101
1791329983 1 66
1791329983 1 71
1791329984 1 56
1791329984 1 57
1791329986 1 72
1791329986 1 72
1791329987 1 60
1791329987 1 64
1791329988 1 99
1791329988 1 91
1791329989 1 72
1791329989 1 82
1791329990 1 81
1791329990 1 74
1791329991 1 65
1791329991 1 62
1791329992 1 54
1791329992 1 73
1791329993 1 58
1791329993 1 62
1791329994 1 64
1791329994 1 100
1791329995 1 67
1791329995 1 58
1791329996 1 50
1791329996 1 63
1791329997 1 72
1791329997 1 54
1791329998 1 62
1791329998 1 80
1791329999 1 66
1791330000 1 70
1791330001 1 56
1791330001 1 57
1791330002 1 61
1791330002 1 79
1791330003 1 84
1791330003 1 69
1791330004 1 63
1791330004 1 54
1791330005 1 77
1791330005 1 53
1791330006 1 57
1791330006 1 67
1791330007 1 66
1791330007 1 64
1791330008 1 63
1791330008 1 69
1791330009 1 65
1791330009 1 96
1791330010 1 84
1791330010 1 59
1791330011 1 55
1791330011 1 68
1791330012 1 71
1791330012 1 70
1791330013 1 74
1791330014 1 123
1791330014 1 62
1791330015 1 75
1791330016 1 79
1791330016 1 77
1791330017 1 107
1791330017 1 67
1791330018 1 64
1791330018 1 65
1791330019 1 69
1791330019 1 62
1791330020 1 63
1791330020 1 59
1791330021 1 68
1791330021 1 69
1791330022 1 53
1791330022 1 59
1791330023 1 53
1791330023 1 84
1791330024 1 100
1791330024 1 65
1791330025 1 92
1791330025 1 88
1791330026 1 61
1791330026 1 55
1791330027 1 59
1791330028 1 73
1791330029 1 72
1791330029 1 70
1791330030 1 67
1791330030 1 92
1791330031 1 94
1791330031 1 56
1791330032 1 61
1791330032 1 60
1791330033 1 65
1791330033 1 65
1791330034 1 65
1791330034 1 68
1791330035 1 59
1791330035 1 63
1791330036 1 59
1791330036 1 64
1791330037 1 74
1791330037 1 106
1791330038 1 77
1791330038 1 58
1791330039 1 66
1791330039 1 65
1791330040 1 70
1791330040 1 71
1791330041 1 81
1791330041 1 57
1791330042 1 59
1791330043 1 61
1791330044 1 92
1791330044 1 82
1791330045 1 92
1791330045 1 97
1791330046 1 69
1791330046 1 60
1791330047 1 56
1791330047 1 56
1791330048 1 63
1791330048 1 57
1791330049 1 72
1791330049 1 65
1791330050 1 68
1791330050 1 59
1791330051 1 59
1791330051 1 71
1791330052 1 63
1791330052 1 59
1791330053 1 66
1791330053 1 57
1791330054 1 64
1791330054 1 71
1791330055 1 60
1791330055 1 55
1791330056 1 60
1791330056 1 54
1791330058 1 57
1791330058 1 53
1791330059 1 69
1791330059 1 66
1791330060 1 101
1791330060 1 94
1791330061 1 76
1791330061 1 88
1791330062 1 59
1791330062 1 82
1791330063 1 61
1791330063 1 66
1791330064 1 63
1791330064 1 78
1791330065 1 77
1791330065 1 96
1791330066 1 94
1791330066 1 84
1791330067 1 75
1791330067 1 69
1791330068 1 74
1791330068 1 78
1791330069 1 69
1791330070 1 67
1791330071 1 76
1791330071 1 65
1791330072 1 64
1791330072 1 124
1791330073 1 86
1791330073 1 81
1791330074 1 68
1791330074 1 73
1791330075 1 69
1791330075 1 62
1791330076 1 74
1791330076 1 126
1791330077 1 62
1791330077 1 61
1791330078 1 76
1791330078 1 61
1791330079 1 75
1791330079 1 70
1791330080 1 58
1791330080 1 73
1791330081 1 85
1791330081 1 69
1791330082 1 75
1791330083 1 81
1791330084 1 69
1791330084 1 70
1791330085 1 66
1791330085 1 64
1791330086 1 76
1791330086 1 78
1791330087 1 87
1791330087 1 81
1791330088 1 78
1791330088 1 70
1791330089 1 83
1791330089 1 95
1791330090 1 82
1791330090 1 80
1791330091 1 86
1791330091 1 78
1791330092 1 63
1791330092 1 79
1791330093 1 73
1791330093 1 77
1791330094 1 72
1791330095 1 91
1791330096 1 87
1791330096 1 86
1791330097 1 78
1791330097 1 59
1791330098 1 56
1791330098 1 56
1791330099 1 52
1791330099 1 72
1791330100 1 71
1791330100 1 52
1791330101 1 56
1791330101 1 52
1791330102 1 54
1791330102 1 54
1791330103 1 54
1791330103 1 88
1791330104 1 56
1791330104 1 64
1791330105 1 56
1791330105 1 56
1791330106 1 45
1791330106 1 54
1791330107 1 84
1791330107 1 98
1791330108 1 55
1791330109 1 70
1791330109 1 54
1791330110 1 74
1791330110 1 62
1791330111 1 50
1791330111 1 57
1791330112 1 51
1791330113 1 57
1791330113 1 49
1791330114 1 66
1791330114 1 66
1791330115 1 57
1791330115 1 73
1791330116 1 58
1791330116 1 63
1791330117 1 59
1791330117 1 58
1791330118 1 55
1791330118 1 92
1791330119 1 69
1791330119 1 68
1791330120 1 53
1791330120 1 61
1791330121 1 81
1791330121 1 70
1791330122 1 66
1791330122 1 76
1791330123 1 59
1791330124 1 63
1791330124 1 55
1791330125 1 56
1791330125 1 61
1791330126 1 73
1791330126 1 55
1791330127 1 59
1791330127 1 59
1791330128 1 56
1791330129 1 67
1791330129 1 56
1791330130 1 66
1791330130 1 57
1791330131 1 55
1791330131 1 47
1791330132 1 64
1791330132 1 59
1791330133 1 59
1791330133 1 64
1791330134 1 58
1791330134 1 56
1791330135 1 53
1791330135 1 58
1791330136 1 64
1791330136 1 64
1791330137 1 57
1791330137 1 48
1791330138 1 53
1791330138 1 62
1791330139 1 57
1791330139 1 63
1791330140 1 50
1791330141 1 51
1791330141 1 65
1791330142 1 52
1791330142 1 59
1791330143 1 53
1791330143 1 43
1791330144 1 56
1791330145 1 62
1791330145 1 60
1791330146 1 59
1791330146 1 61
1791330147 1 57
1791330147 1 49
1791330148 1 72
1791330148 1 56
1791330149 1 55
1791330149 1 52
1791330150 1 55
1791330150 1 49
1791330151 1 63
1791330151 1 57
1791330152 1 60
1791330152 1 57
1791330153 1 60
1791330153 1 50
1791330154 1 61
1791330154 1 60
1791330155 1 55
1791330155 1 48
1791330156 1 52
1791330156 1 51
1791330157 1 63
1791330157 1 55
1791330158 1 58
1791330159 1 62
1791330159 1 43
1791330160 1 66
1791330161 1 94
1791330161 1 55
1791330162 1 61
1791330162 1 57
1791330163 1 49
1791330163 1 48
1791330164 1 61
1791330164 1 48
1791330165 1 59
1791330165 1 59
1791330166 1 51
1791330166 1 53
1791330167 1 57
1791330167 1 46
1791330168 1 65
1791330168 1 43
1791330169 1 61
1791330169 1 55
1791330170 1 63
1791330170 1 44
1791330171 1 49
1791330171 1 50
1791330172 1 53
1791330172 1 51
1791330173 1 50
1791330173 1 48
1791330174 1 54
1791330174 1 43
1791330175 1 57
1791330175 1 54
1791330176 1 62
1791330177 1 51
1791330178 1 56
1791330178 1 58
1791330179 1 55
1791330179 1 50
1791330180 1 56
1791330180 1 52
1791330181 1 42
1791330181 1 47
1791330182 1 62
1791330182 1 61
1791330183 1 78
1791330183 1 68
1791330184 1 62
1791330184 1 67
1791330185 1 82
1791330185 1 66
1791330186 1 61
1791330186 1 61
1791330187 1 64
1791330187 1 62
1791330188 1 67
1791330188 1 68
1791330189 1 77
1791330189 1 73
1791330190 1 79
1791330190 1 76
1791330191 1 61
1791330192 1 82
1791330193 1 81
1791330193 1 81
1791330194 1 83
1791330194 1 70
1791330195 1 73
1791330195 1 86
1791330196 1 69
1791330196 1 70
1791330197 1 75
1791330197 1 60
1791330198 1 75
1791330198 1 68
1791330199 1 74
1791330199 1 75
1791330200 1 82
1791330200 1 316
1791330201 1 67
1791330202 1 81
1791330202 1 72
1791330203 1 69
1791330203 1 64
1791330204 1 67
1791330204 1 63
1791330205 1 71
1791330206 1 82
1791330206 1 70
1791330207 1 69
1791330207 1 80
1791330208 1 61
1791330208 1 67
1791330209 1 64
1791330209 1 77
1791330210 1 68
1791330210 1 77
1791330211 1 83
1791330211 1 74
1791330212 1 64
1791330212 1 71
1791330213 1 76
1791330213 1 68
1791330214 1 81
1791330215 1 73
1791330215 1 63
1791330216 1 78
1791330216 1 76
1791330217 1 67
1791330217 1 74
1791330218 1 75
1791330219 1 76
1791330219 1 73
1791330220 1 90
1791330220 1 70
1791330221 1 74
1791330221 1 71
1791330222 1 84
1791330222 1 68
1791330223 1 79
1791330223 1 82
1791330224 1 81
1791330224 1 77
1791330225 1 98
1791330225 1 72
1791330226 1 69
1791330226 1 60
1791330227 1 96
1791330228 1 74
1791330228 1 68
1791330229 1 80
1791330230 1 79
1791330230 1 68
1791330231 1 63
1791330231 1 63
1791330232 1 82
1791330232 1 73
1791330233 1 67
1791330233 1 82
1791330234 1 62
1791330234 1 64
1791330235 1 73
1791330235 1 67
1791330236 1 64
1791330236 1 70
1791330237 1 67
1791330237 1 74
1791330238 1 107
1791330238 1 60
1791330239 1 71
1791330239 1 74
1791330240 1 79
1791330241 1 72
1791330241 1 72
1791330242 1 70
1791330243 1 82
1791330243 1 71
1791330244 1 78
1791330244 1 71
1791330245 1 67
1791330245 1 60
1791330246 1 62
1791330246 1 60
1791330247 1 56
1791330247 1 63
1791330248 1 64
1791330248 1 70
1791330249 1 81
1791330249 1 68
1791330250 1 66
1791330250 1 70
1791330251 1 75
1791330251 1 74
1791330252 1 63
1791330252 1 79
1791330253 1 63
1791330253 1 75
1791330254 1 71
1791330255 1 65
1791330255 1 69
1791330256 1 68
1791330257 1 71
1791330257 1 78
1791330258 1 66
1791330258 1 63
1791330259 1 64
1791330259 1 70
1791330260 1 66
1791330260 1 66
1791330261 1 73
1791330261 1 62
1791330262 1 85
1791330262 1 69
1791330263 1 66
1791330263 1 83
1791330264 1 87
1791330264 1 60
1791330265 1 65
1791330265 1 98
1791330266 1 65
1791330266 1 72
1791330267 1 80
1791330268 1 67
1791330268 1 66
1791330269 1 62
1791330270 1 61
1791330270 1 79
1791330271 1 74
1791330271 1 79
1791330272 1 65
1791330272 1 68
1791330273 1 64
1791330273 1 77
1791330274 1 80
1791330274 1 60
1791330275 1 69
1791330275 1 71
1791330276 1 73
1791330276 1 69
1791330277 1 75
1791330277 1 68
1791330278 1 74
1791330278 1 80
1791330279 1 63
1791330279 1 56
1791330280 1 84
1791330281 1 72
1791330281 1 81
1791330282 1 107
1791330283 1 106
1791330283 1 70
1791330284 1 65
1791330284 1 69
1791330285 1 65
1791330285 1 65
1791330286 1 70
1791330286 1 108
1791330287 1 68
1791330287 1 95
1791330288 1 67
1791330288 1 83
1791330289 1 63
1791330289 1 68
1791330290 1 112
1791330290 1 75
1791330291 1 74
1791330291 1 72
1791330292 1 72
1791330293 1 71
1791330293 1 62
1791330294 1 74
1791330295 1 91
1791330295 1 62
1791330296 1 69
1791330296 1 66
1791330297 1 64
1791330297 1 69
1791330298 1 76
1791330298 1 76
1791330299 1 77
1791330299 1 66
1791330300 1 76
1791330300 1 59
1791330301 1 68
1791330301 1 86
1791330302 1 59
1791330302 1 70
1791330303 1 82
1791330303 1 75
1791330304 1 61
1791330304 1 59
1791330305 1 79
1791330305 1 71
1791330306 1 83
1791330307 1 75
1791330308 1 63
1791330308 1 68
1791330309 1 74
1791330309 1 76
1791330310 1 133
1791330310 1 81
1791330311 1 66
1791330311 1 60
1791330312 1 75
1791330312 1 72
1791330313 1 63
1791330313 1 79
1791330314 1 71
1791330314 1 77
1791330315 1 79
1791330315 1 80
1791330316 1 79
1791330316 1 80
1791330317 1 75
1791330317 1 78
1791330318 1 61
1791330319 1 67
1791330320 1 79
1791330320 1 70
1791330321 1 65
1791330321 1 61
1791330322 1 71
1791330322 1 69
1791330323 1 73
1791330323 1 64
1791330324 1 63
1791330324 1 70
1791330325 1 71
1791330325 1 66
1791330326 1 63
1791330326 1 74
1791330327 1 68
1791330327 1 65
1791330328 1 67
1791330328 1 57
1791330329 1 70
1791330329 1 74
1791330330 1 71
1791330330 1 67
1791330331 1 94
1791330331 1 96
1791330333 1 66
1791330333 1 77
1791330334 1 75
1791330334 1 58
1791330335 1 65
1791330335 1 67
1791330336 1 68
1791330336 1 81
1791330337 1 67
1791330337 1 72
1791330338 1 78
1791330338 1 75
1791330339 1 73
1791330339 1 71
1791330340 1 67
1791330340 1 67
1791330341 1 78
1791330341 1 78
1791330342 1 62
1791330342 1 70
1791330343 1 69
1791330343 1 70
1791330344 1 69
1791330344 1 90
1791330346 1 95
1791330346 1 80
1791330347 1 78
1791330347 1 69
1791330348 1 92
1791330348 1 69
1791330349 1 74
1791330349 1 100
1791330350 1 67
1791330350 1 72
1791330351 1 64
1791330351 1 73
1791330352 1 78
1791330352 1 77
1791330353 1 84
1791330353 1 70
1791330354 1 56
1791330354 1 112
1791330355 1 90
1791330355 1 83
1791330356 1 67
1791330356 1 60
1791330357 1 62
1791330358 1 57
1791330359 1 70
1791330359 1 87
