capture F:Fixtures/F01Theorem.lean
  effect f2ab038b moduleDoc L1 members=0 pub=0 realized=0 deps=0 fe=0 bytes=74
  decl 4d5d351b declaration L4 members=1 pub=1 realized=0 deps=0 fe=0 bytes=302
  decl a2c5360c declaration L6 members=1 pub=1 realized=0 deps=0 fe=0 bytes=336
  decl 0bafd28d declaration L8 members=1 pub=1 realized=0 deps=0 fe=0 bytes=580
  decl 7bdf6fe2 declaration L11 members=2 pub=1 realized=0 deps=0 fe=0 bytes=486
  decl b97266ac declaration L14 members=1 pub=1 realized=0 deps=1 fe=0 bytes=394
  decl c3826232 declaration L16 members=1 pub=1 realized=0 deps=1 fe=0 bytes=384
  => 7 groups, 3 skipped, 0 diagnostics (0 reject)
capture F:Fixtures/F02Def.lean
  effect bb7203ba moduleDoc L1 members=0 pub=0 realized=0 deps=0 fe=0 bytes=74
  decl 909647bc declaration L5 members=1 pub=1 realized=0 deps=0 fe=0 bytes=212
  decl fc23e9ce declaration L7 members=1 pub=1 realized=0 deps=0 fe=0 bytes=127
  decl ce50564c declaration L9 members=2 pub=1 realized=0 deps=0 fe=0 bytes=666
  decl 8bbbcc51 declaration L14 members=1 pub=1 realized=7 deps=1 fe=0 bytes=447
  decl 07814e45 declaration L17 members=1 pub=1 realized=1 deps=1 fe=0 bytes=472
  decl ba1248cc declaration L19 members=1 pub=1 realized=0 deps=1 fe=0 bytes=936
prelude: 7/7 groups replayed with identical declaration IDs
  => 7 groups, 3 skipped, 0 diagnostics (0 reject)
capture F:Fixtures/F03Structure.lean
  effect 7b37134d moduleDoc L1 members=0 pub=0 realized=0 deps=0 fe=0 bytes=74
  decl 2b031681 declaration L4 members=20 pub=5 realized=0 deps=0 fe=0 bytes=2812
  decl 19c0d7bc declaration L9 members=18 pub=4 realized=0 deps=1 fe=0 bytes=2539
  decl dba50c70 declaration L12 members=11 pub=4 realized=0 deps=0 fe=2 bytes=1656
  decl d3d31920 declaration L15 members=1 pub=1 realized=0 deps=1 fe=1 bytes=1440
  decl 2db04ef7 declaration L18 members=1 pub=1 realized=0 deps=2 fe=0 bytes=423
  decl a0149f7a declaration L20 members=1 pub=1 realized=0 deps=3 fe=0 bytes=470
prelude: 14/14 groups replayed with identical declaration IDs
  => 7 groups, 3 skipped, 0 diagnostics (0 reject)
capture F:Fixtures/F04Inductive.lean
  effect 10aa32b8 moduleDoc L1 members=0 pub=0 realized=0 deps=0 fe=0 bytes=74
  decl 5511d129 declaration L5 members=26 pub=6 realized=0 deps=0 fe=0 bytes=3160
  decl 9d1b213a declaration L8 members=25 pub=4 realized=0 deps=0 fe=0 bytes=7663
  decl 45e6e015 declaration L12 members=25 pub=4 realized=0 deps=0 fe=0 bytes=4808
  decl 15cdc1d9 declaration L15 members=1 pub=1 realized=0 deps=1 fe=2 bytes=647
  decl 788fac63 declaration L17 members=1 pub=1 realized=0 deps=1 fe=2 bytes=1853
prelude: 21/21 groups replayed with identical declaration IDs
  => 6 groups, 3 skipped, 0 diagnostics (0 reject)
capture F:Fixtures/F05Mutual.lean
  effect 482bba12 moduleDoc L1 members=0 pub=0 realized=0 deps=0 fe=0 bytes=74
  decl ee92fdc9 mutual L4 members=22 pub=7 realized=0 deps=0 fe=0 bytes=4017
  decl 6541103f mutual L12 members=9 pub=2 realized=0 deps=0 fe=0 bytes=1029
  decl 2168c702 declaration L21 members=1 pub=1 realized=0 deps=1 fe=0 bytes=443
  decl 0d89c52c declaration L23 members=1 pub=1 realized=0 deps=1 fe=0 bytes=525
prelude: 27/27 groups replayed with identical declaration IDs
  => 5 groups, 3 skipped, 0 diagnostics (0 reject)
capture F:Fixtures/F06Structural.lean
  effect ffb89589 moduleDoc L1 members=0 pub=0 realized=0 deps=0 fe=0 bytes=74
  decl eed18d93 declaration L5 members=5 pub=1 realized=0 deps=0 fe=0 bytes=973
  decl 5f4ffead declaration L10 members=5 pub=1 realized=0 deps=0 fe=0 bytes=928
  decl 49e485df declaration L14 members=1 pub=1 realized=0 deps=1 fe=0 bytes=440
  decl eaf3899d declaration L16 members=1 pub=1 realized=6 deps=1 fe=0 bytes=1142
  decl d8bad6d9 declaration L21 members=2 pub=1 realized=9 deps=1 fe=0 bytes=4225
prelude: 32/32 groups replayed with identical declaration IDs
  => 6 groups, 3 skipped, 0 diagnostics (0 reject)
capture F:Fixtures/F07WellFounded.lean
  effect f18786b1 moduleDoc L1 members=0 pub=0 realized=0 deps=0 fe=0 bytes=74
  decl a3286578 declaration L5 members=3 pub=1 realized=1 deps=0 fe=0 bytes=4753
  decl 28056557 declaration L10 members=11 pub=1 realized=6 deps=0 fe=0 bytes=7945
  decl f1cbfad5 declaration L16 members=1 pub=1 realized=1 deps=1 fe=0 bytes=1705
  decl 5159406d declaration L19 members=2 pub=1 realized=4 deps=1 fe=0 bytes=5769
prelude: 38/38 groups replayed with identical declaration IDs
  => 5 groups, 3 skipped, 0 diagnostics (0 reject)
capture F:Fixtures/F08PrivateGenerated.lean
  effect 39c26da6 moduleDoc L1 members=0 pub=0 realized=0 deps=0 fe=0 bytes=74
  decl 39d9a1ac declaration L4 members=1 pub=0 realized=0 deps=0 fe=0 bytes=269
  decl 934bbfff declaration L6 members=1 pub=0 realized=0 deps=1 fe=0 bytes=296
  decl 4e82807a declaration L8 members=1 pub=1 realized=0 deps=1 fe=0 bytes=351
  decl cbbdc0fa declaration L10 members=1 pub=1 realized=1 deps=1 fe=1 bytes=491
  decl 33038cfa declaration L12 members=11 pub=4 realized=0 deps=0 fe=0 bytes=1590
  decl 71d3cc89 declaration L15 members=1 pub=0 realized=0 deps=1 fe=0 bytes=337
  decl 026da474 declaration L18 members=45 pub=4 realized=0 deps=0 fe=0 bytes=7318
  decl 96f52443 declaration L21 members=1 pub=1 realized=0 deps=2 fe=1 bytes=382
prelude: 43/43 groups replayed with identical declaration IDs
  => 9 groups, 3 skipped, 0 diagnostics (0 reject)
capture F:Fixtures/F09InstanceOnly.lean
  effect 5ff7b5ff moduleDoc L1 members=0 pub=0 realized=0 deps=0 fe=0 bytes=74
  decl 4c293ac0 declaration L5 members=16 pub=4 realized=0 deps=0 fe=0 bytes=2498
  decl 4782778b declaration L8 members=1 pub=0 realized=0 deps=1 fe=0 bytes=386
  decl 4f5f0740 declaration L11 members=1 pub=1 realized=0 deps=2 fe=0 bytes=327
  effect 84715ff1 deriving L14 members=2 pub=0 realized=0 deps=1 fe=0 bytes=805
  decl 8cf422e3 declaration L16 members=1 pub=1 realized=0 deps=1 fe=1 bytes=331
  decl 1db1084e declaration L18 members=1 pub=1 realized=0 deps=1 fe=1 bytes=375
  decl 8e44ef03 declaration L20 members=2 pub=1 realized=0 deps=2 fe=1 bytes=610
  effect 39b51b70 attribute L22 members=0 pub=0 realized=0 deps=0 fe=1 bytes=74
  decl 5c224629 declaration L24 members=1 pub=1 realized=0 deps=4 fe=2 bytes=645
  decl 3013e4bf declaration L26 members=1 pub=1 realized=0 deps=1 fe=1 bytes=342
  effect 2e5f7dd9 attribute L28 members=0 pub=0 realized=0 deps=0 fe=2 bytes=74
prelude: 52/52 groups replayed with identical declaration IDs
  => 12 groups, 3 skipped, 0 diagnostics (0 reject)
capture F:Fixtures/F10SimpAttrDecl.lean
  effect 3ebf4437 moduleDoc L2 members=0 pub=0 realized=0 deps=0 fe=0 bytes=74
  effect 997cb957 registerSimpAttr L4 members=6 pub=2 realized=0 deps=0 fe=0 bytes=1555
prelude: 64/64 groups replayed with identical declaration IDs
  => 2 groups, 1 skipped, 2 diagnostics (0 reject)
  [unsupported:module-dependent-literal] Fixtures/F10SimpAttrDecl.lean:4: _private.Fixtures.F10SimpAttrDecl.0.initFn._@.Fixtures.F10SimpAttrDecl.2466019654._hygCtx._hyg.5 embeds a module-private or hygienic name literal; its body depends on the module it is elaborated in
  [unsupported:module-dependent-literal] Fixtures/F10SimpAttrDecl.lean:4: _private.Fixtures.F10SimpAttrDecl.0.initFn._@.Fixtures.F10SimpAttrDecl.2466019654._hygCtx._hyg.28 embeds a module-private or hygienic name literal; its body depends on the module it is elaborated in
capture F:Fixtures/F10SimpAttrUse.lean
  effect fc737d70 moduleDoc L2 members=0 pub=0 realized=0 deps=0 fe=0 bytes=74
  decl 2517f5f5 declaration L5 members=1 pub=1 realized=0 deps=0 fe=0 bytes=269
  decl 90fdee6c declaration L7 members=1 pub=1 realized=0 deps=1 fe=1 bytes=392
  decl edaec0c2 declaration L9 members=1 pub=1 realized=0 deps=1 fe=0 bytes=296
  decl 0c5fb148 declaration L11 members=1 pub=1 realized=0 deps=1 fe=2 bytes=423
  decl 51e48440 declaration L13 members=1 pub=1 realized=0 deps=1 fe=1 bytes=331
prelude: 65/65 groups replayed with identical declaration IDs
  => 6 groups, 3 skipped, 1 diagnostics (0 reject)
  [info:materialized] :0: 1 groups with initializer effects built as 1 module(s) in 654 ms
capture F:Fixtures/F11ScopedDecl.lean
  effect 6ae23ad3 moduleDoc L1 members=0 pub=0 realized=0 deps=0 fe=0 bytes=74
  decl c524dd4b declaration L4 members=1 pub=1 realized=0 deps=0 fe=0 bytes=365
  effect a005feee mixfix L6 members=3 pub=1 realized=0 deps=0 fe=1 bytes=3035
  effect 8bdf24c8 notation L8 members=2 pub=1 realized=0 deps=0 fe=0 bytes=1884
  skipped Lean.Parser.Command.notation (local-effect)
  decl 006836cf declaration L12 members=1 pub=1 realized=0 deps=1 fe=1 bytes=490
  decl 276fa1ef declaration L14 members=2 pub=1 realized=0 deps=0 fe=0 bytes=3370
  decl 0e99a474 declaration L16 members=11 pub=4 realized=0 deps=0 fe=0 bytes=1589
  decl ffa592ee declaration L19 members=1 pub=0 realized=0 deps=1 fe=0 bytes=346
prelude: 68/68 groups replayed with identical declaration IDs
  => 8 groups, 4 skipped, 3 diagnostics (0 reject)
  [info:base-mismatch] :0: group 3ebf4437d7f9 needs base import Lean
  [info:base-mismatch] :0: group 997cb9572ccf needs base import Lean
  [info:scoped-not-relocated] Fixtures/F11ScopedDecl.lean:19: scoped command with only generated names keeps its spelling (no relocation)
capture F:Fixtures/F11ScopedUse.lean
  effect 11a48979 moduleDoc L2 members=0 pub=0 realized=0 deps=0 fe=0 bytes=74
  decl da1d88a2 in L4 members=1 pub=1 realized=0 deps=1 fe=1 bytes=318
  skipped Lean.Parser.Command.open (local-effect)
  decl bf9a72d5 declaration L9 members=1 pub=1 realized=0 deps=0 fe=1 bytes=304
  decl 82d47382 declaration L10 members=1 pub=1 realized=0 deps=2 fe=0 bytes=389
prelude: 76/76 groups replayed with identical declaration IDs
  => 4 groups, 4 skipped, 2 diagnostics (0 reject)
  [info:base-mismatch] :0: group 3ebf4437d7f9 needs base import Lean
  [info:base-mismatch] :0: group 997cb9572ccf needs base import Lean
capture F:Fixtures/F12Macro.lean
  effect 6e192230 moduleDoc L2 members=0 pub=0 realized=0 deps=0 fe=0 bytes=74
  effect 4413344a macro L8 members=2 pub=1 realized=0 deps=0 fe=0 bytes=1882
  effect a813c2f5 syntax L10 members=1 pub=1 realized=0 deps=0 fe=0 bytes=377
  effect 726714ff macro_rules L11 members=1 pub=0 realized=0 deps=0 fe=1 bytes=1610
  effect ee5a0773 elab L14 members=2 pub=1 realized=0 deps=0 fe=0 bytes=1250
  effect aada1c8b syntax L16 members=1 pub=1 realized=0 deps=0 fe=0 bytes=340
  effect 390852b8 macro_rules L17 members=1 pub=0 realized=0 deps=0 fe=1 bytes=1912
  decl b22677bc declaration L20 members=1 pub=1 realized=0 deps=0 fe=1 bytes=303
  decl 80c6d7d8 declaration L21 members=1 pub=1 realized=0 deps=0 fe=2 bytes=304
  decl 514f39bd declaration L22 members=1 pub=1 realized=0 deps=0 fe=1 bytes=211
  decl e157cc61 declaration L23 members=1 pub=1 realized=0 deps=0 fe=2 bytes=304
prelude: 83/83 groups replayed with identical declaration IDs
  => 11 groups, 4 skipped, 1 diagnostics (0 reject)
  [info:materialized] :0: 1 groups with initializer effects built as 1 module(s) in 654 ms
capture F:Fixtures/F13InitDecl.lean
  effect e17816c8 moduleDoc L2 members=0 pub=0 realized=0 deps=0 fe=0 bytes=74
  effect e8e004f9 initialize L6 members=3 pub=1 realized=0 deps=0 fe=0 bytes=649
  effect 81459b1e initialize L8 members=1 pub=0 realized=0 deps=0 fe=0 bytes=511
  effect ae00d2d4 registerOption L10 members=2 pub=1 realized=0 deps=0 fe=0 bytes=486
prelude: 94/94 groups replayed with identical declaration IDs
  => 4 groups, 2 skipped, 2 diagnostics (0 reject)
  [info:materialized] :0: 1 groups with initializer effects built as 1 module(s) in 655 ms
  [unsupported:module-dependent-literal] Fixtures/F13InitDecl.lean:8: _private.Fixtures.F13InitDecl.0.initFn._@.Fixtures.F13InitDecl.386426778._hygCtx._hyg.2 embeds a module-private or hygienic name literal; its body depends on the module it is elaborated in
capture F:Fixtures/F13InitUse.lean
  effect 610271cd moduleDoc L2 members=0 pub=0 realized=0 deps=0 fe=0 bytes=74
  effect 9e4606df elab L5 members=2 pub=1 realized=0 deps=1 fe=0 bytes=2521
  decl cacac88b in L13 members=1 pub=1 realized=0 deps=0 fe=0 bytes=132
  decl c2185a45 in L16 members=1 pub=1 realized=0 deps=0 fe=4 bytes=133
prelude: 95/95 groups replayed with identical declaration IDs
  => 4 groups, 3 skipped, 1 diagnostics (0 reject)
  [info:materialized] :0: 4 groups with initializer effects built as 2 module(s) in 652 ms
materialized: 4 initializer groups imported as stock-built modules
source replay: 103/103 groups reproduce their declaration ID (9764 ms)
  [info:materialized] Fixtures/F10SimpAttrDecl.lean:4: initializer group imported as a stock-built module
  [info:materialized] Fixtures/F13InitDecl.lean:6: initializer group imported as a stock-built module
  [info:materialized] Fixtures/F13InitDecl.lean:8: initializer group imported as a stock-built module
  [info:materialized] Fixtures/F13InitDecl.lean:10: initializer group imported as a stock-built module
kernel replay: 103/103 groups accepted; 318 declarations added, 15 reserved names re-realized (72 ms)
isolated replay (exact deps only): 103/103
export: 19 modules, 103 groups, 30157 bytes of source
  Fixtures.F01Theorem: 7 groups; imports #[]
  Fixtures.F02Def: 7 groups; imports #[]
  Fixtures.F03Structure: 7 groups; imports #[]
  Fixtures.F04Inductive: 6 groups; imports #[]
  Fixtures.F05Mutual: 5 groups; imports #[]
  Fixtures.F06Structural: 6 groups; imports #[]
  Fixtures.F07WellFounded: 5 groups; imports #[]
  Fixtures.F08PrivateGenerated: 9 groups; imports #[]
  Fixtures.F09InstanceOnly: 12 groups; imports #[]
  Fixtures.F10SimpAttrDecl: 2 groups; imports #[Lean]
  Fixtures.F10SimpAttrUse: 2 groups; imports #[]
  Fixtures.F10SimpAttrUse.Part1: 4 groups; imports #[Fixtures.F10SimpAttrUse, Fixtures.F10SimpAttrDecl]
  Fixtures.F11ScopedDecl: 8 groups; imports #[]
  Fixtures.F11ScopedUse: 1 groups; imports #[]
  Fixtures.F11ScopedUse.Part1: 3 groups; imports #[Fixtures.F11ScopedDecl, Fixtures.F11ScopedUse]
  Fixtures.F12Macro: 11 groups; imports #[Lean]
  Fixtures.F13InitDecl: 4 groups; imports #[Lean]
  Fixtures.F13InitUse: 1 groups; imports #[]
  Fixtures.F13InitUse.Part1: 3 groups; imports #[Fixtures.F13InitDecl, Fixtures.F13InitUse, Fixtures.F10SimpAttrDecl]
stock lake build: OK (1240 ms)
verify: 81/85 declaration groups identical in the stock-built oleans; 18 effect-only groups (build-checked)
  [reject:export-mismatch] Fixtures/F10SimpAttrDecl.lean:4: stock-built group 1cd3c47e1a48 ≠ stored dfaa0d2c1ffe
  [reject:export-mismatch] Fixtures/F13InitDecl.lean:6: stock-built group a46f58d2a55f ≠ stored cae3d8378ef1
  [reject:export-mismatch] Fixtures/F13InitDecl.lean:8: stock-built group 1862bda03e07 ≠ stored 24dceb73cf3d
  [reject:export-mismatch] Fixtures/F13InitDecl.lean:10: stock-built group 4166469c5f87 ≠ stored 56e6443e1410
STATS {"aboveP95Bound":[],"capsuleBytes":{"max":390,"median":224,"p95":333,"sum":24337},"commandBytes":{"max":213,"median":59,"sum":7786},"diagnostics":[["info:base-mismatch",4],["info:materialized",4],["unsupported:module-dependent-literal",3],["info:scoped-not-relocated",1]],"encodingBytes":{"max":7945,"median":423,"sum":113673},"groups":103,"ratio":{"p50":3.746269,"p95":6.555556},"rejected":0,"skipped":48}
