### M16 Mathlib.Logic.Relation
capture M16:Mathlib/Logic/Relation.lean
  effect b7666874 moduleDoc L16 members=0 pub=0 realized=0 deps=0 fe=0 bytes=74
  decl e7ab85f6 declaration L58 members=1 pub=1 realized=0 deps=0 fe=0 bytes=598
  effect 50b0b957 alias L66 members=1 pub=1 realized=0 deps=0 fe=0 bytes=211
  decl 5e3b94f3 declaration L68 members=2 pub=1 realized=0 deps=0 fe=0 bytes=1362
  effect 26877b91 alias L73 members=1 pub=1 realized=0 deps=1 fe=0 bytes=355
  decl 8fe2e00b declaration L75 members=1 pub=1 realized=0 deps=1 fe=1 bytes=445
  effect 1b4af128 alias L80 members=1 pub=1 realized=0 deps=1 fe=0 bytes=362
  effect 6fb3c981 alias L81 members=1 pub=1 realized=0 deps=1 fe=1 bytes=360
  decl 2a3c2723 declaration L83 members=2 pub=1 realized=0 deps=0 fe=0 bytes=5086
  effect 6e9db640 alias L87 members=1 pub=1 realized=0 deps=1 fe=0 bytes=433
  effect 68220498 alias L88 members=1 pub=1 realized=0 deps=1 fe=1 bytes=439
  decl 5c053ca8 declaration L90 members=2 pub=1 realized=0 deps=0 fe=0 bytes=5364
  effect e4233eac alias L94 members=1 pub=1 realized=0 deps=1 fe=0 bytes=440
  decl fe75f812 declaration L96 members=1 pub=1 realized=0 deps=0 fe=0 bytes=325
  effect 39a83af7 alias L99 members=1 pub=1 realized=0 deps=1 fe=0 bytes=321
  decl edb6449a declaration L101 members=1 pub=1 realized=0 deps=1 fe=1 bytes=477
  effect c4f97628 alias L104 members=1 pub=1 realized=0 deps=1 fe=0 bytes=341
  decl 8c6ed07a declaration L106 members=1 pub=1 realized=0 deps=1 fe=1 bytes=382
  effect 937e51bb alias L109 members=1 pub=1 realized=0 deps=1 fe=0 bytes=370
  decl 194bcf26 declaration L111 members=1 pub=1 realized=0 deps=1 fe=1 bytes=545
  decl b0db3c3b declaration L114 members=1 pub=1 realized=0 deps=1 fe=0 bytes=385
  decl c5273c6f declaration L123 members=1 pub=1 realized=0 deps=0 fe=0 bytes=359
  effect 8aaf74b6 alias L126 members=1 pub=1 realized=0 deps=1 fe=0 bytes=372
  decl 2d1399f6 declaration L128 members=1 pub=1 realized=0 deps=0 fe=0 bytes=416
  effect 18c63194 alias L131 members=1 pub=1 realized=0 deps=1 fe=0 bytes=372
  decl ec99a086 declaration L133 members=1 pub=1 realized=0 deps=0 fe=0 bytes=390
  decl ce45131e declaration L136 members=1 pub=1 realized=0 deps=3 fe=2 bytes=784
  decl 944305ad declaration L138 members=1 pub=1 realized=0 deps=0 fe=0 bytes=479
  decl b76acd17 declaration L149 members=1 pub=1 realized=0 deps=0 fe=0 bytes=331
  skipped Lean.Parser.Command.mixfix (local-effect)
  decl 0fe62dad declaration L159 members=1 pub=1 realized=1 deps=1 fe=0 bytes=872
  decl e99dad86 declaration L164 members=1 pub=1 realized=0 deps=2 fe=0 bytes=475
  decl 765a0beb declaration L167 members=1 pub=1 realized=0 deps=1 fe=2 bytes=891
  decl ca2fcbec declaration L172 members=1 pub=1 realized=0 deps=2 fe=2 bytes=477
  decl 8f2feae2 declaration L175 members=2 pub=1 realized=0 deps=2 fe=3 bytes=1224
  decl dfad39e4 declaration L179 members=2 pub=1 realized=0 deps=2 fe=4 bytes=1153
  decl 89a0c506 declaration L183 members=2 pub=1 realized=0 deps=1 fe=6 bytes=7842
  decl 0e443881 declaration L186 members=3 pub=1 realized=0 deps=1 fe=6 bytes=3023
  decl f78b46c3 declaration L199 members=1 pub=1 realized=0 deps=0 fe=6 bytes=355
  decl 89d7f240 declaration L207 members=1 pub=1 realized=0 deps=1 fe=6 bytes=1026
  decl 1971c012 declaration L215 members=2 pub=1 realized=0 deps=1 fe=6 bytes=1426
  decl 6925ea4b declaration L226 members=1 pub=1 realized=0 deps=0 fe=6 bytes=441
  effect 98d72e0e lemma L234 members=1 pub=1 realized=0 deps=1 fe=6 bytes=583
  effect 4e7c51ed lemma L237 members=2 pub=1 realized=0 deps=2 fe=6 bytes=12414
  effect a3b7f27e lemma L241 members=3 pub=1 realized=0 deps=2 fe=7 bytes=5383
  effect c44ed22c lemma L245 members=1 pub=1 realized=1 deps=1 fe=9 bytes=1153
  decl 8b6346f4 declaration L247 members=1 pub=0 realized=0 deps=1 fe=10 bytes=617
  effect 3d774196 lemma L250 members=1 pub=1 realized=0 deps=1 fe=4 bytes=953
  effect 8169a382 alias L256 members=1 pub=1 realized=0 deps=2 fe=4 bytes=488
  decl 13476f57 declaration L258 members=1 pub=1 realized=0 deps=1 fe=5 bytes=1622
  effect a159e0cc alias L264 members=1 pub=1 realized=0 deps=2 fe=5 bytes=435
  effect 7f596856 lemma L266 members=2 pub=1 realized=0 deps=2 fe=10 bytes=7044
  effect 131db0ff alias L270 members=1 pub=1 realized=0 deps=2 fe=5 bytes=498
  effect c7244bb5 lemma L272 members=1 pub=1 realized=0 deps=4 fe=7 bytes=1001
  effect 7134563b lemma L278 members=2 pub=1 realized=0 deps=1 fe=13 bytes=2783
  decl c3d992b3 declaration L282 members=2 pub=1 realized=0 deps=2 fe=13 bytes=3605
  decl 06b568ee declaration L287 members=1 pub=1 realized=0 deps=2 fe=14 bytes=786
  decl 5ae6e136 declaration L291 members=1 pub=1 realized=0 deps=1 fe=14 bytes=1731
  decl f63b5d0d declaration L298 members=1 pub=1 realized=0 deps=2 fe=14 bytes=760
  decl eb750e47 declaration L302 members=1 pub=1 realized=0 deps=3 fe=14 bytes=1267
  decl 7c9a4104 declaration L306 members=1 pub=1 realized=0 deps=3 fe=14 bytes=1009
  decl b8bd222a declaration L310 members=2 pub=1 realized=1 deps=2 fe=13 bytes=8867
  decl 005e48f2 declaration L314 members=2 pub=1 realized=0 deps=2 fe=13 bytes=7799
  decl 075db581 in L319 members=1 pub=1 realized=0 deps=1 fe=14 bytes=948
  effect ff39ba94 lemma L323 members=2 pub=1 realized=0 deps=2 fe=13 bytes=3067
  decl 3ac4e46a in L327 members=2 pub=1 realized=0 deps=2 fe=14 bytes=6258
  effect fa7a1e40 lemma L332 members=1 pub=1 realized=0 deps=2 fe=15 bytes=594
  decl 737445dd in L336 members=2 pub=1 realized=0 deps=2 fe=15 bytes=3948
  effect ca8761e2 lemma L341 members=2 pub=1 realized=0 deps=2 fe=15 bytes=3412
  decl 80a5daa1 in L345 members=2 pub=1 realized=0 deps=2 fe=16 bytes=6628
  effect ca0f884b lemma L351 members=1 pub=1 realized=0 deps=2 fe=17 bytes=595
  decl 6405106b in L355 members=2 pub=1 realized=0 deps=2 fe=17 bytes=6778
  effect dbc18f57 lemma L360 members=1 pub=1 realized=0 deps=2 fe=18 bytes=539
  decl afad36d9 in L364 members=2 pub=1 realized=0 deps=2 fe=18 bytes=6102
  effect 2ecb7018 lemma L369 members=1 pub=1 realized=0 deps=2 fe=19 bytes=551
  decl ab852ba6 declaration L373 members=2 pub=1 realized=0 deps=2 fe=19 bytes=5122
  effect a8fe637b lemma L377 members=1 pub=1 realized=0 deps=2 fe=20 bytes=584
  decl 1b1fa37d declaration L385 members=13 pub=5 realized=0 deps=0 fe=10 bytes=4596
  effect efdeba6e attribute L391 members=0 pub=0 realized=0 deps=0 fe=10 bytes=74
  decl cdf183e8 declaration L393 members=7 pub=5 realized=0 deps=0 fe=11 bytes=1973
  effect 4fd31714 attribute L399 members=0 pub=0 realized=0 deps=0 fe=10 bytes=74
  effect 96d43e4f attribute L400 members=0 pub=0 realized=0 deps=0 fe=12 bytes=74
  decl 91e54095 declaration L402 members=1 pub=1 realized=0 deps=0 fe=9 bytes=226
  decl 905330cf in L407 members=17 pub=7 realized=0 deps=0 fe=0 bytes=9124
  effect ae82b2ff attribute L416 members=1 pub=1 realized=0 deps=0 fe=0 bytes=1812
  effect 2389798a attribute L417 members=0 pub=0 realized=0 deps=0 fe=13 bytes=74
  decl 0fc5449c declaration L419 members=2 pub=1 realized=0 deps=2 fe=2 bytes=2252
  decl 87567c55 declaration L425 members=1 pub=1 realized=0 deps=3 fe=9 bytes=513
  decl 3f95ad41 declaration L428 members=1 pub=1 realized=0 deps=2 fe=1 bytes=922
  decl 735912a1 declaration L432 members=1 pub=0 realized=0 deps=1 fe=10 bytes=387
  decl 451ebbc0 declaration L435 members=2 pub=1 realized=0 deps=1 fe=1 bytes=1900
  effect 366061ba alias L440 members=1 pub=1 realized=0 deps=2 fe=0 bytes=375
  decl 454834d8 declaration L442 members=2 pub=0 realized=0 deps=2 fe=14 bytes=3008
  decl 3fd40a15 declaration L449 members=1 pub=1 realized=0 deps=1 fe=9 bytes=348
  decl 6fe1a134 declaration L452 members=1 pub=1 realized=0 deps=1 fe=9 bytes=353
  decl 2ebf3758 declaration L455 members=1 pub=1 realized=0 deps=3 fe=9 bytes=682
  decl 5ff9137f declaration L460 members=2 pub=1 realized=0 deps=2 fe=9 bytes=569
  decl 80d6e2f2 declaration L464 members=1 pub=1 realized=0 deps=2 fe=9 bytes=405
  decl 1607b331 declaration L466 members=1 pub=0 realized=0 deps=2 fe=0 bytes=415
  decl b82a7bdf declaration L469 members=1 pub=1 realized=0 deps=1 fe=10 bytes=341
  decl 9febad0d declaration L473 members=1 pub=0 realized=0 deps=2 fe=0 bytes=411
  decl 7d409738 declaration L476 members=2 pub=1 realized=0 deps=1 fe=10 bytes=621
  decl d58c7751 declaration L479 members=1 pub=1 realized=0 deps=2 fe=10 bytes=464
  decl 7f0eb98e declaration L480 members=1 pub=1 realized=0 deps=2 fe=10 bytes=469
  effect 462d90bf alias L482 members=1 pub=1 realized=0 deps=2 fe=0 bytes=424
  effect 79036574 alias L483 members=1 pub=1 realized=0 deps=2 fe=0 bytes=429
  decl 69a75e88 declaration L489 members=1 pub=1 realized=0 deps=1 fe=11 bytes=676
  decl ddec963e declaration L495 members=1 pub=1 realized=0 deps=1 fe=11 bytes=506
  decl fca33fc0 declaration L498 members=1 pub=1 realized=0 deps=2 fe=10 bytes=503
  decl b98e52f8 declaration L501 members=1 pub=1 realized=0 deps=1 fe=11 bytes=777
  decl 70c150ed declaration L506 members=1 pub=1 realized=0 deps=2 fe=1 bytes=798
  effect 19ad1ccc alias L512 members=1 pub=1 realized=0 deps=2 fe=0 bytes=380
  decl 557631de declaration L514 members=1 pub=1 realized=0 deps=1 fe=10 bytes=585
  decl 905427cc declaration L517 members=1 pub=1 realized=0 deps=2 fe=11 bytes=1748
  decl 0feec2bd declaration L529 members=1 pub=1 realized=0 deps=3 fe=11 bytes=1152
  decl d5bb9dbd declaration L539 members=3 pub=1 realized=0 deps=2 fe=14 bytes=2678
  decl c76ef538 declaration L542 members=1 pub=1 realized=0 deps=3 fe=11 bytes=1115
  decl 05444533 declaration L548 members=4 pub=1 realized=1 deps=2 fe=15 bytes=15088
  decl 1c7103dd declaration L554 members=1 pub=1 realized=0 deps=2 fe=11 bytes=826
  decl dbe87e9e declaration L562 members=1 pub=1 realized=0 deps=2 fe=11 bytes=450
  decl cf1b26ad declaration L565 members=1 pub=1 realized=0 deps=1 fe=12 bytes=639
  effect e8ee2fcc attribute L570 members=0 pub=0 realized=0 deps=0 fe=10 bytes=74
  decl cecdae08 declaration L572 members=1 pub=1 realized=0 deps=2 fe=11 bytes=517
  decl e26b445c declaration L575 members=1 pub=1 realized=0 deps=1 fe=12 bytes=734
  decl fa1013fb declaration L580 members=1 pub=1 realized=0 deps=2 fe=11 bytes=499
  decl efe78509 declaration L583 members=1 pub=1 realized=0 deps=1 fe=11 bytes=1535
  decl ac5b35b0 declaration L595 members=1 pub=1 realized=0 deps=0 fe=12 bytes=786
  decl 048c83c2 declaration L605 members=1 pub=1 realized=0 deps=2 fe=11 bytes=685
  decl fb56e359 declaration L610 members=2 pub=1 realized=0 deps=3 fe=12 bytes=2395
  decl d5778fe8 declaration L616 members=2 pub=1 realized=0 deps=2 fe=12 bytes=1983
  decl 858bf441 declaration L624 members=1 pub=1 realized=0 deps=1 fe=1 bytes=658
  effect 8282fa61 alias L630 members=1 pub=1 realized=0 deps=1 fe=1 bytes=310
  decl 9dc34057 declaration L632 members=1 pub=0 realized=0 deps=0 fe=2 bytes=292
  decl a5d5a04e declaration L635 members=1 pub=0 realized=0 deps=1 fe=1 bytes=476
  effect 7f1804e6 lemma L642 members=3 pub=1 realized=0 deps=1 fe=14 bytes=1188
  effect 2e58fafe lemma L647 members=1 pub=1 realized=0 deps=2 fe=11 bytes=408
  effect 475c752a lemma L650 members=1 pub=1 realized=0 deps=3 fe=11 bytes=798
  decl 7d0fb6c2 declaration L657 members=1 pub=1 realized=0 deps=1 fe=10 bytes=522
  decl f5a1ac8b declaration L660 members=1 pub=1 realized=0 deps=1 fe=10 bytes=413
  decl d1978378 declaration L663 members=1 pub=1 realized=0 deps=1 fe=10 bytes=351
  decl c6b9700f declaration L666 members=2 pub=1 realized=0 deps=1 fe=10 bytes=519
  decl 18dfa3d6 declaration L674 members=1 pub=0 realized=0 deps=0 fe=12 bytes=345
  decl 9df2dbb8 declaration L677 members=1 pub=0 realized=0 deps=1 fe=12 bytes=412
  decl 6f45eab0 declaration L680 members=1 pub=0 realized=0 deps=2 fe=12 bytes=513
  decl 87d5b8d5 declaration L683 members=1 pub=0 realized=0 deps=2 fe=12 bytes=514
  decl 8e13b5e6 declaration L686 members=1 pub=1 realized=0 deps=0 fe=17 bytes=656
  decl a36debd5 declaration L694 members=1 pub=1 realized=0 deps=2 fe=17 bytes=424
  decl 192828aa declaration L698 members=1 pub=1 realized=0 deps=0 fe=12 bytes=897
  decl 5eef508f declaration L705 members=1 pub=1 realized=0 deps=3 fe=12 bytes=1144
  decl af79ca12 declaration L710 members=1 pub=1 realized=0 deps=1 fe=12 bytes=527
  effect 42ac1ec1 lemma L713 members=1 pub=1 realized=0 deps=1 fe=12 bytes=609
  decl 5f1bf597 declaration L717 members=1 pub=1 realized=0 deps=1 fe=12 bytes=518
  effect 9a597e07 lemma L720 members=1 pub=1 realized=0 deps=2 fe=12 bytes=733
  decl ca01f4eb declaration L723 members=1 pub=1 realized=0 deps=1 fe=12 bytes=850
  decl 0517bd0a declaration L729 members=1 pub=1 realized=0 deps=1 fe=12 bytes=435
  decl 460d4817 declaration L738 members=2 pub=1 realized=0 deps=2 fe=18 bytes=1425
  decl 09565c37 declaration L742 members=1 pub=1 realized=0 deps=3 fe=20 bytes=1901
  decl f118a67d declaration L752 members=1 pub=1 realized=0 deps=4 fe=12 bytes=1306
  decl 5910ff0b declaration L756 members=1 pub=1 realized=0 deps=2 fe=11 bytes=588
  decl ba1053ba declaration L759 members=1 pub=1 realized=0 deps=2 fe=21 bytes=901
  decl 4fb200c7 declaration L767 members=1 pub=0 realized=0 deps=2 fe=11 bytes=476
  decl 2cb64325 declaration L770 members=1 pub=0 realized=0 deps=1 fe=11 bytes=478
  decl c22e12f0 declaration L773 members=1 pub=0 realized=0 deps=2 fe=1 bytes=562
  decl 9a3123f1 declaration L777 members=1 pub=1 realized=0 deps=2 fe=11 bytes=474
  decl 94a46c19 declaration L780 members=1 pub=1 realized=0 deps=3 fe=20 bytes=585
  decl cf3e78ac declaration L784 members=1 pub=1 realized=0 deps=4 fe=11 bytes=1309
  decl 30cfdfab declaration L789 members=1 pub=1 realized=0 deps=2 fe=11 bytes=610
  decl 14ea4fab declaration L793 members=1 pub=1 realized=0 deps=2 fe=12 bytes=1048
  decl 0186dc08 declaration L799 members=1 pub=1 realized=0 deps=2 fe=11 bytes=509
  effect 34324299 lemma L802 members=2 pub=1 realized=0 deps=4 fe=21 bytes=1216
  effect 31b05ff2 lemma L806 members=1 pub=1 realized=0 deps=8 fe=24 bytes=2006
  effect e4709d1f lemma L814 members=2 pub=1 realized=0 deps=5 fe=23 bytes=1015
  effect 8ffb5bba lemma L817 members=2 pub=1 realized=0 deps=5 fe=25 bytes=1023
  effect 9af2bdec lemma L820 members=1 pub=1 realized=0 deps=4 fe=25 bytes=910
  effect 01048a05 lemma L824 members=1 pub=1 realized=0 deps=4 fe=27 bytes=907
  decl efbe8761 declaration L834 members=1 pub=1 realized=0 deps=1 fe=15 bytes=627
  decl e2258d25 declaration L837 members=1 pub=0 realized=0 deps=2 fe=15 bytes=415
  decl 25efb72f declaration L839 members=1 pub=1 realized=0 deps=2 fe=15 bytes=390
  decl 01b40752 declaration L847 members=1 pub=1 realized=0 deps=1 fe=15 bytes=1246
  effect 88314ceb lemma L855 members=3 pub=1 realized=0 deps=1 fe=0 bytes=11973
  effect 26a13a81 lemma L861 members=2 pub=1 realized=0 deps=1 fe=1 bytes=9401
  effect aab3bbd0 lemma L867 members=1 pub=1 realized=0 deps=3 fe=10 bytes=899
  effect c80b36fc lemma L871 members=2 pub=1 realized=0 deps=3 fe=3 bytes=1379
  effect d8f625c3 lemma L875 members=1 pub=1 realized=0 deps=3 fe=21 bytes=1065
  effect 71d8cb6c lemma L881 members=1 pub=1 realized=0 deps=4 fe=25 bytes=1239
  effect be3f694e lemma L888 members=1 pub=1 realized=0 deps=7 fe=33 bytes=989
  effect ed9053ae lemma L893 members=1 pub=1 realized=0 deps=6 fe=33 bytes=862
  effect de46d430 lemma L898 members=1 pub=1 realized=0 deps=7 fe=34 bytes=929
  effect c663f040 lemma L903 members=1 pub=1 realized=0 deps=8 fe=34 bytes=1004
  effect 0096c01d lemma L908 members=1 pub=1 realized=0 deps=8 fe=37 bytes=1128
  effect 12d0e0e9 lemma L913 members=1 pub=1 realized=0 deps=6 fe=26 bytes=998
  decl 6e6ea277 declaration L918 members=1 pub=1 realized=0 deps=0 fe=19 bytes=256
  decl dac6d04e declaration L931 members=1 pub=1 realized=0 deps=4 fe=30 bytes=5026
  decl 227012fd declaration L954 members=1 pub=1 realized=0 deps=1 fe=19 bytes=605
  effect f3c1a771 alias L957 members=1 pub=1 realized=0 deps=2 fe=0 bytes=505
  decl b1291890 declaration L959 members=2 pub=1 realized=0 deps=1 fe=0 bytes=996
  effect ccc38692 alias L962 members=1 pub=1 realized=0 deps=2 fe=0 bytes=354
  decl 33a6e3b3 declaration L964 members=1 pub=1 realized=0 deps=1 fe=0 bytes=451
  effect b4145de7 alias L967 members=1 pub=1 realized=0 deps=2 fe=0 bytes=374
  decl 8bcbdd18 declaration L969 members=2 pub=1 realized=1 deps=1 fe=34 bytes=6540
  decl dc4df4eb declaration L973 members=1 pub=1 realized=0 deps=4 fe=21 bytes=923
  decl 932d87e6 declaration L977 members=1 pub=1 realized=0 deps=6 fe=28 bytes=951
  decl 431ba5c8 declaration L982 members=1 pub=1 realized=0 deps=2 fe=19 bytes=849
  effect da694dad alias L986 members=1 pub=1 realized=0 deps=2 fe=0 bytes=615
  decl dc75656a declaration L988 members=1 pub=1 realized=0 deps=3 fe=24 bytes=851
  effect fa506c33 alias L992 members=1 pub=1 realized=0 deps=2 fe=10 bytes=660
  decl 98d9f2b3 declaration L995 members=1 pub=1 realized=0 deps=2 fe=25 bytes=714
  effect fadcea3c alias L999 members=1 pub=1 realized=0 deps=2 fe=10 bytes=635
  decl 2967b69c declaration L1012 members=1 pub=1 realized=0 deps=2 fe=27 bytes=804
  decl 97ab6c09 declaration L1016 members=1 pub=1 realized=0 deps=1 fe=27 bytes=756
  decl c101aeff declaration L1019 members=5 pub=1 realized=0 deps=1 fe=41 bytes=2834
  decl 3a1cb58c declaration L1022 members=1 pub=1 realized=0 deps=2 fe=27 bytes=565
  => 211 groups, 51 skipped, 0 diagnostics (0 reject)
capture-time 2.46 s maxrss 648736 KB
source replay: 211/211 groups reproduce their declaration ID (8446 ms)
kernel replay: 211/211 groups accepted; 278 declarations added, 4 reserved names re-realized (116 ms)
isolated replay (exact deps only): 210/211
  needs larger capsule: Mathlib/Logic/Relation.lean:327 3ac4e46a [root] (file-prefix capsule: fixes it)
    [capsule:replay-mismatch] Mathlib/Logic/Relation.lean:327: replayed declaration b7fc140f2891 ≠ stored 34d44d33c175; differing members: #[Relation.bicompl_map_eq_of_injective, Relation.bicompl_map_eq_of_injective._proof_2]
larger capsule (same-file prefix) fixes 1/1 isolated failures
replay-time 160.92 s maxrss 668228 KB
export: 1 modules, 211 groups, 103790 bytes of source
  Mathlib.ParaleanExport.Logic.Relation: 211 groups; imports #[Mathlib.Logic.Relator, Mathlib.Tactic.Use, Mathlib.Tactic.MkIffOfInductiveProp, Mathlib.Tactic.SimpRw, Mathlib.Order.Defs.Prop, Mathlib.Order.Defs.Unbundled, Batteries.Logic]
stock lake build: OK (5272 ms)
verify: 205/205 declaration groups identical in the stock-built oleans; 6 effect-only groups (build-checked)
export-time 6.82 s maxrss 1288276 KB
STATS {"aboveP95Bound":[],"capsuleBytes":{"max":2348,"median":465,"p95":687,"sum":103025},"commandBytes":{"max":2212,"median":138,"sum":35725},"diagnostics":[],"encodingBytes":{"max":15088,"median":656,"sum":312320},"groups":211,"ratio":{"p50":3.319527,"p95":6.961538},"rejected":0,"skipped":51}
