### M15 Mathlib.SetTheory.Lists
capture M15:Mathlib/SetTheory/Lists.lean
  effect a18f30db moduleDoc L15 members=0 pub=0 realized=0 deps=0 fe=0 bytes=74
  decl 2e0446a9 declaration L53 members=46 pub=5 realized=0 deps=0 fe=0 bytes=20885
  effect 6ad05f5b commandCompile_inductive%_ L63 members=2 pub=0 realized=0 deps=1 fe=0 bytes=1090
  decl 308e7511 declaration L65 members=1 pub=1 realized=0 deps=1 fe=1 bytes=264
  decl a18e92f6 declaration L73 members=2 pub=0 realized=0 deps=1 fe=1 bytes=762
  decl 414d1774 declaration L77 members=2 pub=1 realized=0 deps=2 fe=1 bytes=806
  decl 76310b7b declaration L81 members=5 pub=1 realized=8 deps=2 fe=1 bytes=3058
  decl d0cde9a6 declaration L88 members=1 pub=1 realized=0 deps=4 fe=1 bytes=608
  decl fd6308c1 declaration L91 members=5 pub=1 realized=6 deps=3 fe=3 bytes=1325
  decl 0c827a97 declaration L97 members=1 pub=1 realized=0 deps=3 fe=2 bytes=1001
  decl 9e60831e declaration L100 members=1 pub=1 realized=3 deps=3 fe=4 bytes=2840
  decl b4c5e351 declaration L112 members=2 pub=1 realized=0 deps=5 fe=3 bytes=1083
  decl a025530e mutual L119 members=24 pub=8 realized=0 deps=4 fe=1 bytes=9595
  skipped Lean.Parser.Command.mixfix (local-effect)
  decl fabb582e declaration L138 members=1 pub=0 realized=0 deps=2 fe=6 bytes=365
  decl ed5a0f19 declaration L141 members=1 pub=0 realized=0 deps=4 fe=5 bytes=714
  decl 2bb58cf7 declaration L146 members=1 pub=1 realized=0 deps=5 fe=5 bytes=823
  decl 63c0cbec declaration L149 members=5 pub=1 realized=0 deps=7 fe=5 bytes=2438
  decl f8d9afb8 declaration L153 members=2 pub=1 realized=0 deps=7 fe=6 bytes=9605
  decl 1d8438bb declaration L161 members=2 pub=1 realized=0 deps=7 fe=4 bytes=2176
  decl 77d85986 declaration L169 members=1 pub=1 realized=0 deps=7 fe=4 bytes=1040
  decl becff083 declaration L173 members=1 pub=1 realized=0 deps=10 fe=4 bytes=3571
  decl d9788fbb in L179 members=4 pub=1 realized=0 deps=7 fe=6 bytes=22273
  decl 1b58f9bd declaration L189 members=2 pub=1 realized=0 deps=12 fe=4 bytes=3719
  decl 3af4b7e6 declaration L202 members=1 pub=1 realized=0 deps=2 fe=7 bytes=463
  decl 7b3f8283 declaration L207 members=1 pub=1 realized=0 deps=2 fe=7 bytes=383
  decl e7ea9c62 declaration L212 members=2 pub=1 realized=3 deps=3 fe=6 bytes=732
  decl f7eabf2e declaration L217 members=1 pub=1 realized=0 deps=2 fe=8 bytes=400
  decl 25a02c95 declaration L221 members=1 pub=1 realized=0 deps=3 fe=7 bytes=423
  decl 518d52b8 declaration L225 members=1 pub=1 realized=0 deps=4 fe=8 bytes=584
  decl e7b47bf5 declaration L228 members=1 pub=1 realized=2 deps=4 fe=7 bytes=723
  decl 2a082614 in L230 members=2 pub=1 realized=0 deps=7 fe=6 bytes=2244
  decl 0df2f3fe declaration L234 members=1 pub=0 realized=0 deps=3 fe=7 bytes=427
  decl 8e1d1cca declaration L237 members=2 pub=0 realized=0 deps=2 fe=8 bytes=693
  decl a721610e declaration L239 members=2 pub=0 realized=0 deps=2 fe=8 bytes=653
  decl 85d1fe70 declaration L241 members=2 pub=1 realized=0 deps=6 fe=7 bytes=2841
  decl e36d4544 declaration L260 members=3 pub=1 realized=0 deps=3 fe=1 bytes=1456
  decl c6a349c0 declaration L266 members=1 pub=0 realized=0 deps=2 fe=0 bytes=377
  decl 68e6ba92 declaration L269 members=2 pub=1 realized=0 deps=4 fe=1 bytes=3637
  decl 88c1558b declaration L273 members=3 pub=1 realized=0 deps=6 fe=8 bytes=4601
  effect 0b4eca29 attribute L279 members=0 pub=0 realized=0 deps=0 fe=9 bytes=74
  decl cdf0ff97 declaration L281 members=1 pub=1 realized=0 deps=4 fe=9 bytes=2498
  decl b6f236f9 declaration L284 members=1 pub=1 realized=0 deps=3 fe=9 bytes=2082
  decl 0bc7969a declaration L288 members=1 pub=1 realized=0 deps=15 fe=8 bytes=10644
  decl c1dabaf3 declaration L314 members=2 pub=1 realized=0 deps=4 fe=9 bytes=708
  decl 8bdc785b declaration L319 members=3 pub=1 realized=0 deps=1 fe=8 bytes=5044
  decl 99799094 declaration L323 members=2 pub=1 realized=0 deps=2 fe=9 bytes=2692
  effect 4a1f13f0 in L330 members=39 pub=3 realized=17 deps=14 fe=7 bytes=47489
  effect ed634b48 attribute L387 members=0 pub=0 realized=0 deps=0 fe=1 bytes=74
  decl 5a2aef45 declaration L389 members=1 pub=0 realized=0 deps=3 fe=9 bytes=592
  decl e8abaaa8 declaration L399 members=2 pub=1 realized=0 deps=7 fe=8 bytes=2292
  decl e392af0e declaration L403 members=2 pub=1 realized=0 deps=8 fe=2 bytes=2103
  decl 70b479e7 declaration L406 members=1 pub=1 realized=0 deps=8 fe=8 bytes=1280
  decl 595db49f declaration L411 members=1 pub=1 realized=0 deps=2 fe=9 bytes=326
  decl 254d2cfa declaration L417 members=1 pub=0 realized=0 deps=5 fe=8 bytes=647
  decl 40ea342d declaration L420 members=1 pub=0 realized=0 deps=2 fe=8 bytes=401
  decl ceadd1da declaration L423 members=2 pub=0 realized=0 deps=4 fe=9 bytes=707
  => 56 groups, 17 skipped, 0 diagnostics (0 reject)
capture-time 2.03 s maxrss 797644 KB
source replay: 56/56 groups reproduce their declaration ID (4739 ms)
kernel replay: 56/56 groups accepted; 183 declarations added, 5 reserved names re-realized (101 ms)
isolated replay (exact deps only): 56/56
replay-time 54.19 s maxrss 811828 KB
export: 1 modules, 56 groups, 29487 bytes of source
  Mathlib.ParaleanExport.SetTheory.Lists: 56 groups; imports #[Mathlib.Algebra.Order.Group.Nat, Mathlib.Algebra.Order.Monoid.NatCast, Mathlib.Algebra.Ring.Nat, Mathlib.Data.Sigma.Basic, Batteries.Tactic.Lint.TypeClass, Mathlib.Util.CompileInductive]
stock lake build: OK (5013 ms)
verify: 53/53 declaration groups identical in the stock-built oleans; 3 effect-only groups (build-checked)
export-time 7.06 s maxrss 1508696 KB
STATS {"aboveP95Bound":[],"capsuleBytes":{"max":2868,"median":394,"p95":1551,"sum":28878},"commandBytes":{"max":2601,"median":153,"sum":15946},"diagnostics":[],"encodingBytes":{"max":47489,"median":1040,"sum":190405},"groups":56,"ratio":{"p50":2.511111,"p95":4.985075},"rejected":0,"skipped":17}
