### M05 Mathlib.Data.Nat.BitIndices
capture M05:Mathlib/Data/Nat/BitIndices.lean
  effect 5c9dfca3 moduleDoc L14 members=0 pub=0 realized=0 deps=0 fe=0 bytes=74
  decl 762709c8 declaration L36 members=1 pub=1 realized=0 deps=0 fe=0 bytes=486
  decl e4d4d3c1 declaration L41 members=1 pub=1 realized=1 deps=1 fe=0 bytes=363
  decl 5a0c5d64 declaration L43 members=1 pub=1 realized=0 deps=1 fe=1 bytes=684
  decl 6a61ad5f declaration L45 members=1 pub=1 realized=0 deps=1 fe=2 bytes=760
  decl 9bcf3bc8 declaration L49 members=1 pub=1 realized=0 deps=1 fe=2 bytes=758
  decl d7b3431c declaration L53 members=1 pub=1 realized=0 deps=2 fe=2 bytes=987
  decl 7c9bb9cd declaration L57 members=1 pub=1 realized=0 deps=2 fe=3 bytes=927
  decl e775a62c declaration L61 members=4 pub=1 realized=0 deps=4 fe=1 bytes=6313
  decl 92db92a5 declaration L69 members=2 pub=1 realized=0 deps=2 fe=4 bytes=641
  decl 31d787fd declaration L71 members=1 pub=1 realized=0 deps=2 fe=5 bytes=3866
  decl 90621bb7 declaration L79 members=1 pub=1 realized=0 deps=3 fe=5 bytes=1859
  decl 45eaaf9b declaration L82 members=1 pub=1 realized=0 deps=4 fe=5 bytes=4914
  effect 475cf35d alias L93 members=1 pub=1 realized=0 deps=2 fe=0 bytes=683
  decl defe8fb7 declaration L95 members=2 pub=1 realized=0 deps=4 fe=6 bytes=7580
  decl d25dc599 declaration L100 members=4 pub=1 realized=0 deps=4 fe=7 bytes=15208
  effect 642d249f alias L128 members=1 pub=1 realized=0 deps=2 fe=0 bytes=750
  decl 3ed15aea declaration L130 members=1 pub=1 realized=0 deps=2 fe=9 bytes=833
  decl 691685b7 declaration L133 members=1 pub=1 realized=0 deps=2 fe=10 bytes=704
  => 19 groups, 6 skipped, 0 diagnostics (0 reject)
capture-time 1.03 s maxrss 930724 KB
source replay: 19/19 groups reproduce their declaration ID (1053 ms)
kernel replay: 19/19 groups accepted; 26 declarations added, 0 reserved names re-realized (26 ms)
isolated replay (exact deps only): 19/19
replay-time 5.10 s maxrss 935280 KB
export: 1 modules, 19 groups, 9532 bytes of source
  Mathlib.ParaleanExport.Data.Nat.BitIndices: 19 groups; imports #[Mathlib.Algebra.BigOperators.Ring.List, Mathlib.Algebra.Order.Group.Nat, Mathlib.Algebra.Order.Sub.Basic, Mathlib.Algebra.Ring.Nat, Mathlib.Data.List.Sort]
stock lake build: OK (2484 ms)
verify: 18/18 declaration groups identical in the stock-built oleans; 1 effect-only groups (build-checked)
export-time 5.44 s maxrss 1800324 KB
STATS {"aboveP95Bound":[],"capsuleBytes":{"max":1753,"median":350,"p95":1753,"sum":9018},"commandBytes":{"max":1540,"median":139,"sum":5071},"diagnostics":[],"encodingBytes":{"max":15208,"median":760,"sum":48390},"groups":19,"ratio":{"p50":2.517986,"p95":3.813333},"rejected":0,"skipped":6}
