### M11 Mathlib.Data.Ineq
capture M11:Mathlib/Data/Ineq.lean
  effect 82d07285 moduleDoc L10 members=0 pub=0 realized=0 deps=0 fe=0 bytes=74
  effect 0816b21f moduleDoc L24 members=0 pub=0 realized=0 deps=0 fe=0 bytes=74
  decl abf08955 declaration L26 members=31 pub=6 realized=0 deps=0 fe=0 bytes=4131
  decl 59d80168 declaration L34 members=3 pub=1 realized=0 deps=1 fe=0 bytes=1660
  decl ae6b8d70 declaration L45 members=5 pub=1 realized=0 deps=1 fe=0 bytes=2351
  decl 6a6e1b63 declaration L54 members=2 pub=1 realized=0 deps=1 fe=0 bytes=794
  decl de52563e declaration L60 members=1 pub=0 realized=0 deps=2 fe=0 bytes=310
  decl 3c68d62c declaration L62 members=1 pub=0 realized=0 deps=2 fe=0 bytes=354
  effect 5993c660 moduleDoc L66 members=0 pub=0 realized=0 deps=0 fe=0 bytes=74
  decl c05e827f declaration L71 members=2 pub=1 realized=0 deps=1 fe=0 bytes=2364
  decl 747a002b declaration L90 members=3 pub=1 realized=0 deps=2 fe=0 bytes=3206
  => 11 groups, 9 skipped, 0 diagnostics (0 reject)
capture-time 0.27 s maxrss 372604 KB
source replay: 11/11 groups reproduce their declaration ID (197 ms)
kernel replay: 11/11 groups accepted; 44 declarations added, 0 reserved names re-realized (5 ms)
isolated replay (exact deps only): 11/11
replay-time 0.56 s maxrss 374380 KB
export: 1 modules, 11 groups, 5097 bytes of source
  Mathlib.ParaleanExport.Data.Ineq: 11 groups; imports #[Mathlib.Lean.Expr.Basic]
stock lake build: OK (1598 ms)
verify: 8/8 declaration groups identical in the stock-built oleans; 3 effect-only groups (build-checked)
export-time 3.20 s maxrss 875704 KB
STATS {"aboveP95Bound":[],"capsuleBytes":{"max":883,"median":376,"p95":883,"sum":4753},"commandBytes":{"max":663,"median":178,"sum":2537},"diagnostics":[],"encodingBytes":{"max":4131,"median":794,"sum":15392},"groups":11,"ratio":{"p50":2.140449,"p95":9.826087},"rejected":0,"skipped":9}
