### M18 Mathlib.Logic.Function.Basic
capture M18:Mathlib/Logic/Function/Basic.lean
  effect 0f38ca5e moduleDoc L17 members=0 pub=0 realized=0 deps=0 fe=0 bytes=74
  decl a4909104 declaration L33 members=1 pub=1 realized=0 deps=0 fe=0 bytes=215
  decl 4531ca94 declaration L37 members=1 pub=1 realized=0 deps=1 fe=0 bytes=349
  decl f2c57ba7 declaration L40 members=1 pub=1 realized=0 deps=0 fe=1 bytes=259
  decl 1c1a4625 declaration L43 members=2 pub=1 realized=0 deps=0 fe=1 bytes=609
  decl 8a3ee8dd declaration L47 members=2 pub=1 realized=0 deps=1 fe=1 bytes=731
  decl 9690fcd0 declaration L51 members=2 pub=1 realized=0 deps=0 fe=2 bytes=721
  decl f3b44f16 declaration L57 members=1 pub=1 realized=0 deps=0 fe=2 bytes=361
  decl 7be86a39 declaration L60 members=1 pub=1 realized=0 deps=0 fe=2 bytes=455
  decl 7758e660 declaration L63 members=1 pub=1 realized=0 deps=0 fe=2 bytes=454
  decl d100a02d declaration L68 members=1 pub=0 realized=0 deps=0 fe=0 bytes=370
  decl 2271aef0 declaration L71 members=1 pub=0 realized=0 deps=0 fe=0 bytes=376
  decl dd8c8c3a declaration L74 members=1 pub=0 realized=0 deps=0 fe=0 bytes=383
  decl 4301d72f in L77 members=1 pub=1 realized=0 deps=0 fe=0 bytes=523
  decl d82d508a declaration L81 members=1 pub=0 realized=0 deps=0 fe=0 bytes=386
  decl d97b24a7 declaration L84 members=1 pub=0 realized=0 deps=0 fe=0 bytes=397
  decl f1f7fde1 declaration L87 members=1 pub=0 realized=0 deps=0 fe=0 bytes=386
  decl 39e0d6db in L90 members=1 pub=1 realized=0 deps=0 fe=0 bytes=549
  decl 742cb9a4 declaration L95 members=1 pub=0 realized=0 deps=3 fe=0 bytes=788
  decl 2a357190 declaration L97 members=1 pub=0 realized=0 deps=2 fe=0 bytes=601
  decl 66d211ca in L99 members=1 pub=1 realized=0 deps=2 fe=2 bytes=727
  decl e1a882cb in L104 members=1 pub=1 realized=0 deps=2 fe=2 bytes=727
  decl b8e49d59 declaration L109 members=1 pub=0 realized=0 deps=2 fe=0 bytes=611
  decl fe06ea23 declaration L111 members=1 pub=0 realized=0 deps=1 fe=0 bytes=570
  decl 59b4e5e1 in L114 members=1 pub=1 realized=0 deps=2 fe=2 bytes=753
  effect 85bb89db lemma L121 members=2 pub=1 realized=0 deps=0 fe=2 bytes=2831
  decl d7ecc51a declaration L129 members=1 pub=1 realized=0 deps=0 fe=2 bytes=499
  effect aaad925e lemma L132 members=1 pub=1 realized=0 deps=0 fe=2 bytes=896
  decl 02c2efd0 declaration L140 members=1 pub=1 realized=0 deps=0 fe=2 bytes=353
  decl 3fe942cd declaration L141 members=1 pub=1 realized=0 deps=0 fe=2 bytes=353
  decl f9cabfce declaration L142 members=1 pub=1 realized=0 deps=0 fe=2 bytes=353
  decl 1e3390c9 declaration L143 members=1 pub=1 realized=0 deps=0 fe=2 bytes=353
  decl 3931b5a1 declaration L147 members=1 pub=0 realized=0 deps=0 fe=0 bytes=312
  decl 2dd4775f declaration L150 members=1 pub=0 realized=0 deps=0 fe=0 bytes=318
  decl 0691131e declaration L153 members=1 pub=0 realized=0 deps=0 fe=0 bytes=335
  decl a2aa0aab declaration L156 members=1 pub=0 realized=0 deps=0 fe=0 bytes=466
  decl 9e864c72 declaration L159 members=1 pub=0 realized=0 deps=0 fe=0 bytes=338
  decl d14c43a1 declaration L162 members=1 pub=0 realized=0 deps=0 fe=0 bytes=434
  decl 8b215b0c declaration L165 members=1 pub=0 realized=0 deps=0 fe=0 bytes=338
  decl f221ca0d declaration L168 members=1 pub=0 realized=0 deps=0 fe=0 bytes=462
  decl f0c9a8ea declaration L171 members=1 pub=0 realized=0 deps=3 fe=0 bytes=734
  decl 580e9d25 declaration L173 members=1 pub=0 realized=0 deps=2 fe=0 bytes=551
  decl 50df23aa declaration L175 members=1 pub=0 realized=0 deps=2 fe=0 bytes=573
  decl 73d0a4a0 declaration L177 members=1 pub=0 realized=0 deps=2 fe=0 bytes=573
  decl 2edccdfb declaration L179 members=1 pub=0 realized=0 deps=2 fe=0 bytes=561
  decl dc6a6fe3 declaration L181 members=1 pub=0 realized=0 deps=1 fe=0 bytes=779
  decl 363b55cd declaration L184 members=1 pub=0 realized=0 deps=2 fe=0 bytes=595
  decl 3cc5f353 declaration L188 members=1 pub=1 realized=0 deps=0 fe=2 bytes=318
  decl c3793892 declaration L189 members=1 pub=1 realized=0 deps=0 fe=2 bytes=320
  decl 79382695 declaration L191 members=3 pub=1 realized=1 deps=0 fe=2 bytes=1240
  effect 03be74e7 lemma L194 members=2 pub=1 realized=0 deps=1 fe=2 bytes=1205
  decl 6d705d33 declaration L200 members=1 pub=1 realized=0 deps=0 fe=3 bytes=422
  decl 2fd825f3 declaration L205 members=1 pub=1 realized=0 deps=0 fe=3 bytes=430
  decl a4dd4a7e declaration L208 members=2 pub=1 realized=0 deps=1 fe=3 bytes=674
  decl 73ac2f5d declaration L213 members=1 pub=1 realized=0 deps=0 fe=4 bytes=870
  decl 8a68e3ed declaration L219 members=1 pub=1 realized=0 deps=2 fe=4 bytes=773
  decl d7ec792c declaration L223 members=2 pub=1 realized=0 deps=2 fe=4 bytes=892
  decl d1af3d8f declaration L228 members=1 pub=1 realized=0 deps=0 fe=5 bytes=540
  decl 64798e84 declaration L232 members=1 pub=1 realized=0 deps=1 fe=5 bytes=454
  decl f5b67bca declaration L236 members=1 pub=1 realized=0 deps=1 fe=5 bytes=771
  decl 82739465 declaration L241 members=2 pub=1 realized=0 deps=0 fe=5 bytes=482
  decl 2df49782 declaration L244 members=2 pub=1 realized=0 deps=1 fe=5 bytes=665
  effect e953b337 lemma L247 members=7 pub=1 realized=2 deps=0 fe=5 bytes=8902
  decl bd25d126 declaration L254 members=2 pub=1 realized=0 deps=0 fe=5 bytes=993
  decl a89bc2c5 declaration L258 members=2 pub=1 realized=0 deps=1 fe=5 bytes=689
  decl 97babb4c declaration L263 members=2 pub=1 realized=0 deps=0 fe=6 bytes=1107
  decl 4cb57a15 declaration L266 members=1 pub=1 realized=0 deps=2 fe=6 bytes=773
  decl 8025a2fe declaration L270 members=2 pub=1 realized=0 deps=2 fe=6 bytes=879
  decl 31f391f7 declaration L275 members=3 pub=1 realized=0 deps=0 fe=0 bytes=905
  decl 258908cf declaration L279 members=2 pub=1 realized=0 deps=0 fe=7 bytes=821
  decl 63bc3f45 declaration L285 members=1 pub=1 realized=0 deps=1 fe=7 bytes=576
  decl 048bff44 declaration L289 members=1 pub=1 realized=0 deps=2 fe=7 bytes=709
  decl 869b2181 declaration L293 members=3 pub=1 realized=0 deps=1 fe=7 bytes=1382
  decl ffa832f8 declaration L300 members=1 pub=1 realized=0 deps=1 fe=7 bytes=612
  decl c05e9ad1 declaration L304 members=1 pub=1 realized=0 deps=2 fe=7 bytes=760
  decl 73e9367b declaration L308 members=1 pub=1 realized=0 deps=1 fe=7 bytes=712
  decl d9aa52d0 declaration L311 members=2 pub=1 realized=0 deps=1 fe=7 bytes=2498
  decl 503c350e declaration L320 members=1 pub=1 realized=0 deps=1 fe=7 bytes=606
  decl 45d464b9 declaration L324 members=1 pub=1 realized=0 deps=1 fe=7 bytes=617
  decl 40cf163b declaration L328 members=1 pub=1 realized=0 deps=3 fe=7 bytes=1309
  decl 2decfd43 declaration L334 members=1 pub=1 realized=0 deps=1 fe=7 bytes=490
  decl 92ea88cf declaration L339 members=3 pub=1 realized=0 deps=3 fe=7 bytes=3180
  decl 1f2d6295 declaration L349 members=1 pub=1 realized=0 deps=3 fe=5 bytes=791
  decl 785daff9 declaration L353 members=1 pub=1 realized=0 deps=3 fe=5 bytes=791
  decl 7043487e declaration L357 members=1 pub=1 realized=0 deps=2 fe=7 bytes=749
  decl 7d2f8bc4 declaration L361 members=2 pub=1 realized=0 deps=0 fe=7 bytes=1088
  decl 7731e346 declaration L370 members=2 pub=1 realized=0 deps=0 fe=7 bytes=1277
  decl f3d4a9a1 declaration L376 members=1 pub=1 realized=0 deps=1 fe=0 bytes=906
  decl 4ede6090 declaration L382 members=1 pub=1 realized=0 deps=1 fe=7 bytes=2439
  decl cbbd00eb declaration L397 members=1 pub=1 realized=0 deps=0 fe=7 bytes=340
  decl d10c28cd declaration L403 members=1 pub=1 realized=0 deps=1 fe=7 bytes=469
  decl a1032e2f declaration L406 members=1 pub=1 realized=0 deps=1 fe=7 bytes=591
  decl 7045b469 declaration L410 members=1 pub=1 realized=0 deps=2 fe=7 bytes=922
  effect 215183d5 alias L414 members=1 pub=1 realized=0 deps=2 fe=0 bytes=465
  decl 2153fd51 declaration L416 members=1 pub=1 realized=0 deps=1 fe=7 bytes=647
  effect 666d9d3b alias L420 members=1 pub=1 realized=0 deps=2 fe=0 bytes=449
  decl af40a5f0 declaration L422 members=1 pub=1 realized=0 deps=1 fe=7 bytes=734
  decl 472d63ab declaration L426 members=2 pub=1 realized=0 deps=1 fe=7 bytes=1900
  effect e1cc2f1c lemma L432 members=1 pub=1 realized=0 deps=0 fe=7 bytes=297
  effect 77f8d642 lemma L434 members=1 pub=1 realized=0 deps=0 fe=7 bytes=296
  decl 3d30a1b4 declaration L436 members=1 pub=1 realized=0 deps=0 fe=7 bytes=370
  decl 9b5da061 declaration L439 members=1 pub=1 realized=0 deps=1 fe=7 bytes=504
  decl 1daa76dc declaration L442 members=1 pub=1 realized=0 deps=0 fe=7 bytes=373
  decl 0e67a29c declaration L445 members=1 pub=1 realized=0 deps=1 fe=7 bytes=508
  decl 33d575c1 declaration L448 members=1 pub=1 realized=0 deps=0 fe=7 bytes=694
  decl 0acdfed0 declaration L452 members=1 pub=1 realized=0 deps=1 fe=7 bytes=550
  decl 8319e8e4 declaration L456 members=1 pub=1 realized=0 deps=0 fe=7 bytes=296
  decl a2ff2a51 declaration L459 members=1 pub=1 realized=0 deps=0 fe=7 bytes=295
  decl 05bd2b99 declaration L462 members=1 pub=1 realized=0 deps=1 fe=7 bytes=443
  decl 3a5df0d2 declaration L465 members=1 pub=1 realized=0 deps=1 fe=7 bytes=439
  decl a2c4a133 declaration L468 members=1 pub=1 realized=0 deps=0 fe=7 bytes=383
  decl c5816035 declaration L472 members=2 pub=1 realized=0 deps=0 fe=7 bytes=960
  decl 305d8696 declaration L476 members=1 pub=1 realized=0 deps=1 fe=7 bytes=451
  decl 7fad2a0d declaration L480 members=1 pub=1 realized=0 deps=1 fe=7 bytes=448
  decl 8b360ee0 declaration L484 members=1 pub=1 realized=0 deps=2 fe=7 bytes=1451
  decl ce2a2522 declaration L490 members=1 pub=1 realized=0 deps=0 fe=7 bytes=454
  decl c3b2d271 declaration L496 members=2 pub=1 realized=0 deps=2 fe=0 bytes=2397
  effect a2dcf2fa alias L511 members=1 pub=1 realized=0 deps=3 fe=0 bytes=510
  decl 3bde679e declaration L513 members=1 pub=1 realized=0 deps=3 fe=9 bytes=627
  decl 79130e16 declaration L522 members=1 pub=1 realized=0 deps=0 fe=7 bytes=456
  decl 3c7642d6 declaration L529 members=1 pub=1 realized=2 deps=1 fe=7 bytes=1255
  decl 7c7045e3 declaration L532 members=1 pub=1 realized=0 deps=2 fe=7 bytes=545
  decl b477dece declaration L536 members=1 pub=1 realized=0 deps=1 fe=7 bytes=647
  decl 7c5bf269 declaration L539 members=1 pub=1 realized=0 deps=2 fe=7 bytes=886
  decl 3643fee3 declaration L547 members=1 pub=1 realized=0 deps=2 fe=7 bytes=530
  decl e39aa7bf declaration L550 members=1 pub=1 realized=0 deps=2 fe=7 bytes=635
  decl 0b5c3612 declaration L553 members=1 pub=1 realized=0 deps=3 fe=7 bytes=628
  decl 99a15368 declaration L556 members=1 pub=1 realized=0 deps=2 fe=7 bytes=590
  decl bc3bc44c declaration L559 members=1 pub=1 realized=0 deps=2 fe=7 bytes=605
  decl 9546936d declaration L562 members=1 pub=1 realized=0 deps=1 fe=7 bytes=481
  decl d432f382 declaration L571 members=1 pub=1 realized=0 deps=0 fe=7 bytes=318
  decl 1ac40e9d declaration L576 members=1 pub=1 realized=0 deps=1 fe=7 bytes=433
  effect fa00708b lemma L579 members=1 pub=1 realized=0 deps=2 fe=7 bytes=536
  decl 46f4d4d8 declaration L583 members=1 pub=1 realized=0 deps=2 fe=8 bytes=468
  decl 3f971456 declaration L586 members=1 pub=1 realized=0 deps=2 fe=8 bytes=651
  decl 8291e1dd declaration L589 members=1 pub=1 realized=0 deps=2 fe=8 bytes=566
  decl 151c8967 declaration L592 members=1 pub=1 realized=0 deps=1 fe=8 bytes=440
  decl 70d65ccc declaration L595 members=2 pub=1 realized=0 deps=3 fe=8 bytes=1946
  decl 0390e9fc declaration L599 members=1 pub=1 realized=0 deps=3 fe=8 bytes=584
  decl 3ad8c6e0 declaration L602 members=1 pub=1 realized=0 deps=1 fe=8 bytes=553
  decl 06f343eb declaration L606 members=2 pub=1 realized=0 deps=2 fe=8 bytes=806
  decl 2a9d5240 declaration L610 members=1 pub=1 realized=0 deps=2 fe=8 bytes=730
  decl 9cf842db declaration L614 members=1 pub=1 realized=0 deps=1 fe=8 bytes=449
  decl bef4d276 declaration L619 members=2 pub=1 realized=0 deps=1 fe=8 bytes=1596
  decl 101e4195 declaration L625 members=1 pub=1 realized=0 deps=2 fe=8 bytes=722
  decl 28615e98 declaration L629 members=1 pub=1 realized=0 deps=4 fe=8 bytes=811
  decl cb93f80d declaration L642 members=1 pub=1 realized=2 deps=0 fe=8 bytes=428
  decl 58a0958d declaration L647 members=1 pub=1 realized=0 deps=1 fe=8 bytes=558
  decl dfad432f declaration L651 members=1 pub=1 realized=0 deps=1 fe=9 bytes=594
  effect 0bcea85b lemma L655 members=1 pub=1 realized=0 deps=1 fe=10 bytes=867
  decl 0ada1346 declaration L667 members=1 pub=1 realized=0 deps=3 fe=9 bytes=1635
  decl 4c7d71d4 declaration L672 members=1 pub=1 realized=0 deps=2 fe=10 bytes=773
  decl 105fbbb1 declaration L677 members=1 pub=1 realized=0 deps=3 fe=9 bytes=721
  decl d9b79f1b declaration L682 members=1 pub=1 realized=0 deps=2 fe=10 bytes=892
  effect 53c0a7d8 lemma L686 members=1 pub=1 realized=0 deps=3 fe=9 bytes=1795
  decl d554b163 declaration L691 members=2 pub=1 realized=0 deps=2 fe=11 bytes=1876
  decl a41042d2 declaration L696 members=1 pub=1 realized=0 deps=2 fe=11 bytes=779
  decl 1dfde14d declaration L700 members=1 pub=1 realized=0 deps=2 fe=11 bytes=776
  effect 7760afed lemma L704 members=3 pub=1 realized=0 deps=2 fe=12 bytes=1618
  effect 0150294d lemma L706 members=2 pub=1 realized=0 deps=2 fe=12 bytes=970
  effect 284d03d2 lemma L708 members=1 pub=1 realized=0 deps=2 fe=13 bytes=608
  effect a6d2a011 lemma L710 members=1 pub=1 realized=0 deps=2 fe=14 bytes=608
  decl b155ddca declaration L712 members=1 pub=1 realized=0 deps=2 fe=16 bytes=669
  decl 2a882be7 declaration L716 members=1 pub=1 realized=0 deps=2 fe=16 bytes=691
  decl bf8f4465 declaration L722 members=1 pub=1 realized=0 deps=2 fe=17 bytes=680
  decl f5c7677c declaration L727 members=1 pub=1 realized=0 deps=4 fe=15 bytes=1219
  decl 5609854d declaration L731 members=1 pub=1 realized=0 deps=2 fe=17 bytes=800
  decl 67d20df9 declaration L737 members=1 pub=1 realized=0 deps=2 fe=17 bytes=728
  effect d71cef35 lemma L743 members=4 pub=1 realized=0 deps=1 fe=17 bytes=8025
  effect 0c12cd95 lemma L761 members=2 pub=1 realized=0 deps=2 fe=17 bytes=1958
  decl a925265e declaration L769 members=2 pub=1 realized=0 deps=2 fe=18 bytes=4105
  decl 94f006d3 declaration L774 members=2 pub=1 realized=0 deps=2 fe=18 bytes=5823
  decl 18fc0569 declaration L779 members=2 pub=1 realized=0 deps=2 fe=18 bytes=10156
  decl e65e6997 declaration L783 members=1 pub=1 realized=0 deps=2 fe=19 bytes=674
  decl b9accd48 declaration L787 members=2 pub=1 realized=0 deps=2 fe=18 bytes=5714
  decl a773b1a2 declaration L791 members=2 pub=1 realized=0 deps=2 fe=18 bytes=3217
  decl 113b938e declaration L796 members=1 pub=1 realized=0 deps=3 fe=18 bytes=1989
  decl 42d1039c declaration L804 members=2 pub=1 realized=0 deps=4 fe=19 bytes=2184
  decl e6f3fe75 declaration L822 members=1 pub=1 realized=0 deps=0 fe=17 bytes=471
  decl 84c74215 declaration L838 members=1 pub=1 realized=0 deps=0 fe=17 bytes=316
  decl 96735964 declaration L842 members=1 pub=1 realized=0 deps=1 fe=17 bytes=1387
  effect fcfdaae0 lemma L847 members=1 pub=1 realized=0 deps=1 fe=17 bytes=494
  effect c4cb7584 lemma L850 members=2 pub=1 realized=0 deps=3 fe=18 bytes=1711
  decl e68433d2 declaration L856 members=1 pub=1 realized=0 deps=3 fe=17 bytes=689
  decl 18460934 declaration L861 members=1 pub=1 realized=0 deps=2 fe=19 bytes=1042
  decl a08c7d03 declaration L867 members=1 pub=1 realized=0 deps=2 fe=19 bytes=541
  decl 5c3487ed declaration L872 members=1 pub=1 realized=0 deps=3 fe=19 bytes=4035
  effect b772c213 lemma L888 members=1 pub=1 realized=0 deps=3 fe=21 bytes=2009
  effect f2d0a3cc lemma L893 members=1 pub=1 realized=0 deps=1 fe=22 bytes=729
  decl 50c2b863 declaration L897 members=1 pub=1 realized=0 deps=2 fe=22 bytes=1101
  effect 617e4ee3 lemma L904 members=1 pub=1 realized=0 deps=3 fe=23 bytes=704
  effect f3808068 lemma L908 members=1 pub=1 realized=0 deps=1 fe=24 bytes=533
  decl e032d793 declaration L912 members=1 pub=1 realized=0 deps=2 fe=24 bytes=627
  decl f90b88ef declaration L916 members=2 pub=1 realized=0 deps=6 fe=28 bytes=5114
  decl dd1960cb declaration L925 members=1 pub=1 realized=0 deps=2 fe=25 bytes=703
  decl bce82704 declaration L929 members=1 pub=1 realized=0 deps=1 fe=22 bytes=559
  decl 012dcf84 declaration L933 members=3 pub=1 realized=0 deps=2 fe=22 bytes=5353
  decl c2b03b7f declaration L946 members=1 pub=1 realized=1 deps=5 fe=22 bytes=1638
  decl 3fd7b520 declaration L955 members=1 pub=1 realized=0 deps=1 fe=26 bytes=345
  decl 32d84870 declaration L957 members=1 pub=1 realized=0 deps=1 fe=26 bytes=570
  decl 0ef8e7a4 declaration L961 members=1 pub=1 realized=0 deps=1 fe=26 bytes=575
  decl 3744d64a declaration L969 members=1 pub=1 realized=0 deps=0 fe=22 bytes=395
  decl 857fbc7c declaration L972 members=1 pub=1 realized=0 deps=0 fe=22 bytes=424
  decl 9f442af7 declaration L975 members=1 pub=1 realized=0 deps=0 fe=22 bytes=422
  decl e84f933d declaration L978 members=1 pub=1 realized=0 deps=0 fe=22 bytes=438
  decl 7da81de6 declaration L981 members=1 pub=1 realized=0 deps=0 fe=22 bytes=445
  decl 0e584bed declaration L984 members=2 pub=1 realized=0 deps=3 fe=25 bytes=5457
  decl 9c38e162 declaration L992 members=1 pub=1 realized=0 deps=3 fe=27 bytes=1119
  decl dec4126e declaration L1005 members=11 pub=4 realized=0 deps=0 fe=22 bytes=2982
  effect b1dd00ad mixfix L1014 members=3 pub=1 realized=0 deps=0 fe=23 bytes=2999
  decl 0a952ae9 declaration L1016 members=1 pub=1 realized=0 deps=1 fe=22 bytes=391
  decl 92351bcb declaration L1019 members=1 pub=1 realized=0 deps=1 fe=23 bytes=677
  decl dd5b362e declaration L1024 members=1 pub=1 realized=0 deps=0 fe=22 bytes=205
  decl 6acd5052 declaration L1028 members=1 pub=1 realized=0 deps=1 fe=22 bytes=244
  decl 28fba1a1 declaration L1037 members=1 pub=1 realized=0 deps=1 fe=22 bytes=376
  decl c7396ea3 declaration L1041 members=1 pub=1 realized=0 deps=1 fe=23 bytes=300
  decl 01645b05 declaration L1043 members=1 pub=1 realized=0 deps=2 fe=23 bytes=1036
  decl 77e78d11 declaration L1047 members=1 pub=1 realized=0 deps=1 fe=23 bytes=302
  decl 3d5aa051 declaration L1049 members=1 pub=1 realized=0 deps=2 fe=23 bytes=436
  decl dd40c6b4 declaration L1051 members=1 pub=1 realized=0 deps=1 fe=23 bytes=377
  decl ac5743a8 declaration L1053 members=1 pub=1 realized=0 deps=3 fe=23 bytes=569
  decl ea26a110 declaration L1055 members=1 pub=1 realized=0 deps=1 fe=23 bytes=832
  decl b5b73673 declaration L1059 members=1 pub=1 realized=0 deps=2 fe=23 bytes=493
  effect 7e8c17e2 lemma L1065 members=1 pub=1 realized=0 deps=1 fe=23 bytes=290
  effect 42327f09 lemma L1066 members=1 pub=1 realized=0 deps=2 fe=23 bytes=349
  effect e9dfd0f0 lemma L1067 members=1 pub=1 realized=0 deps=2 fe=24 bytes=352
  effect 9675aebd lemma L1068 members=1 pub=1 realized=0 deps=2 fe=25 bytes=349
  effect 4fe22f95 lemma L1070 members=3 pub=1 realized=1 deps=1 fe=24 bytes=928
  effect ab7ebe80 alias L1074 members=1 pub=1 realized=0 deps=2 fe=1 bytes=435
  decl 9e393e4c declaration L1076 members=1 pub=1 realized=0 deps=0 fe=24 bytes=366
  decl 5da34e0b declaration L1086 members=1 pub=1 realized=0 deps=1 fe=24 bytes=522
  decl f392f046 declaration L1090 members=1 pub=1 realized=0 deps=1 fe=24 bytes=502
  decl 85e52831 declaration L1094 members=3 pub=1 realized=0 deps=1 fe=24 bytes=2219
  decl 9f21357b declaration L1098 members=1 pub=1 realized=0 deps=3 fe=24 bytes=769
  decl a38acd08 declaration L1103 members=1 pub=1 realized=0 deps=3 fe=24 bytes=821
  decl 8f3c8c7e declaration L1109 members=2 pub=1 realized=0 deps=1 fe=24 bytes=1130
  decl 705ab226 declaration L1116 members=1 pub=1 realized=0 deps=0 fe=24 bytes=367
  decl c8f0968b declaration L1123 members=1 pub=1 realized=0 deps=1 fe=24 bytes=521
  decl a9db03a7 declaration L1126 members=1 pub=1 realized=0 deps=2 fe=24 bytes=600
  effect 8fe91faa lemma L1136 members=1 pub=1 realized=0 deps=0 fe=24 bytes=1824
  effect 9ab5a721 lemma L1147 members=2 pub=1 realized=0 deps=2 fe=24 bytes=1317
  effect 67929029 lemma L1154 members=2 pub=1 realized=0 deps=3 fe=25 bytes=2405
  effect 0bb4f88f alias L1163 members=1 pub=1 realized=0 deps=2 fe=2 bytes=609
  effect 7c49b8b4 lemma L1166 members=2 pub=1 realized=0 deps=3 fe=26 bytes=1494
  effect 02a0fe53 alias L1173 members=1 pub=1 realized=0 deps=2 fe=3 bytes=581
  decl 6baae732 declaration L1176 members=1 pub=1 realized=0 deps=0 fe=24 bytes=431
  effect 2d65dc51 moduleDoc L1182 members=0 pub=0 realized=0 deps=0 fe=0 bytes=74
  decl 3ac15c32 declaration L1184 members=2 pub=1 realized=0 deps=0 fe=0 bytes=1431
  decl d334ed4b declaration L1188 members=1 pub=1 realized=0 deps=0 fe=24 bytes=950
  decl ee619d81 declaration L1194 members=1 pub=1 realized=0 deps=0 fe=24 bytes=960
  decl 5c0e43cb declaration L1198 members=1 pub=1 realized=0 deps=0 fe=24 bytes=951
  effect b65bbe12 moduleDoc L1202 members=0 pub=0 realized=0 deps=0 fe=0 bytes=74
  decl 54167fe9 declaration L1205 members=2 pub=1 realized=0 deps=2 fe=24 bytes=816
  decl b4148593 declaration L1210 members=2 pub=1 realized=0 deps=2 fe=25 bytes=675
  decl 99c6baaf declaration L1214 members=1 pub=1 realized=0 deps=0 fe=26 bytes=831
  decl 976ce349 declaration L1220 members=1 pub=1 realized=0 deps=1 fe=26 bytes=593
  decl cf505337 declaration L1226 members=3 pub=1 realized=0 deps=0 fe=27 bytes=1923
  decl 54d6bce1 declaration L1231 members=1 pub=1 realized=0 deps=0 fe=26 bytes=412
  decl 13f88cdc declaration L1236 members=1 pub=1 realized=0 deps=1 fe=26 bytes=1105
  decl 62639d06 declaration L1242 members=1 pub=1 realized=0 deps=0 fe=26 bytes=463
  decl fd20dbfd declaration L1246 members=1 pub=0 realized=0 deps=0 fe=26 bytes=396
  decl 52849e20 declaration L1250 members=1 pub=0 realized=0 deps=0 fe=26 bytes=374
  decl 7222b808 declaration L1258 members=1 pub=1 realized=0 deps=0 fe=26 bytes=288
  decl 2db4afb7 declaration L1260 members=1 pub=1 realized=0 deps=0 fe=27 bytes=282
  decl d6494eee declaration L1262 members=1 pub=1 realized=0 deps=0 fe=28 bytes=520
  => 265 groups, 48 skipped, 0 diagnostics (0 reject)
capture-time 2.66 s maxrss 652516 KB
source replay: 265/265 groups reproduce their declaration ID (9654 ms)
kernel replay: 265/265 groups accepted; 343 declarations added, 2 reserved names re-realized (100 ms)
isolated replay (exact deps only): 265/265
replay-time 117.54 s maxrss 659248 KB
export: 1 modules, 265 groups, 131832 bytes of source
  Mathlib.ParaleanExport.Logic.Function.Basic: 265 groups; imports #[Mathlib.Basic.ExistsUnique, Mathlib.Basic.Logic.Basic, Mathlib.Basic.Nonempty, Mathlib.Basic.Nontrivial.Defs, Mathlib.Logic.Function.Defs, Batteries.Tactic.Init, Mathlib.Order.Defs.Unbundled]
stock lake build: OK (5089 ms)
verify: 262/262 declaration groups identical in the stock-built oleans; 3 effect-only groups (build-checked)
export-time 6.65 s maxrss 1287628 KB
STATS {"aboveP95Bound":[],"capsuleBytes":{"max":1300,"median":461,"p95":753,"sum":130989},"commandBytes":{"max":974,"median":172,"sum":52574},"diagnostics":[],"encodingBytes":{"max":10156,"median":608,"sum":258723},"groups":265,"ratio":{"p50":2.764331,"p95":4.795455},"rejected":0,"skipped":48}
