### M01 Mathlib.Order.Basic
capture M01:Mathlib/Order/Basic.lean
  effect 1c34d2a0 moduleDoc L19 members=0 pub=0 realized=0 deps=0 fe=0 bytes=74
  effect 75199e94 moduleDoc L65 members=0 pub=0 realized=0 deps=0 fe=0 bytes=74
  effect 162275ed attribute L67 members=3 pub=2 realized=0 deps=0 fe=0 bytes=1749
  effect c801d67a lemma L73 members=1 pub=1 realized=0 deps=0 fe=0 bytes=252
  effect 59c89d74 lemma L74 members=1 pub=1 realized=0 deps=0 fe=0 bytes=252
  effect 97056da7 alias L76 members=2 pub=2 realized=0 deps=0 fe=0 bytes=384
  effect 9a9d9c22 alias L77 members=2 pub=2 realized=0 deps=0 fe=0 bytes=383
  effect 79fe3094 lemma L85 members=1 pub=1 realized=0 deps=0 fe=0 bytes=252
  effect 277d813c lemma L86 members=1 pub=1 realized=0 deps=0 fe=0 bytes=252
  effect a935737c alias L88 members=2 pub=2 realized=0 deps=0 fe=0 bytes=384
  effect 66e078f6 alias L89 members=2 pub=2 realized=0 deps=0 fe=0 bytes=383
  decl bb4d943a declaration L93 members=1 pub=1 realized=1 deps=0 fe=0 bytes=263
  effect 44b9020c mixfix L99 members=3 pub=1 realized=0 deps=0 fe=1 bytes=3065
  decl fd03e8f1 declaration L101 members=1 pub=1 realized=0 deps=1 fe=1 bytes=407
  effect ad13ee50 moduleDoc L105 members=0 pub=0 realized=0 deps=0 fe=0 bytes=74
  decl d9a70c36 declaration L111 members=1 pub=1 realized=0 deps=0 fe=1 bytes=840
  effect ca60f298 lemma L116 members=3 pub=1 realized=0 deps=1 fe=1 bytes=1066
  effect 319d41a0 lemma L120 members=2 pub=1 realized=0 deps=0 fe=1 bytes=450
  effect fda6e650 alias L123 members=2 pub=2 realized=0 deps=0 fe=0 bytes=397
  effect 20791492 alias L124 members=2 pub=2 realized=0 deps=0 fe=0 bytes=397
  effect 59155662 alias L125 members=2 pub=2 realized=0 deps=0 fe=0 bytes=390
  effect 4bcead77 alias L126 members=2 pub=2 realized=0 deps=0 fe=0 bytes=390
  effect 42059c1d alias L127 members=2 pub=2 realized=0 deps=0 fe=0 bytes=451
  effect 80daecfc alias L128 members=2 pub=2 realized=0 deps=0 fe=0 bytes=451
  effect 7b148016 alias L130 members=1 pub=1 realized=0 deps=0 fe=0 bytes=358
  effect d6a53e9b alias L131 members=1 pub=1 realized=0 deps=0 fe=0 bytes=295
  effect e9b217b5 alias L132 members=1 pub=1 realized=0 deps=0 fe=0 bytes=281
  effect cc3b376e alias L133 members=1 pub=1 realized=0 deps=0 fe=0 bytes=282
  effect 3d174805 alias L135 members=2 pub=2 realized=0 deps=0 fe=0 bytes=331
  effect 02308751 alias L136 members=2 pub=2 realized=0 deps=0 fe=0 bytes=332
  effect 48d77adf lemma L138 members=1 pub=1 realized=0 deps=0 fe=2 bytes=270
  effect e03d851d lemma L140 members=2 pub=2 realized=0 deps=1 fe=2 bytes=581
  decl d26fc0a2 declaration L142 members=2 pub=2 realized=0 deps=0 fe=2 bytes=493
  effect fb363768 lemma L145 members=2 pub=1 realized=0 deps=1 fe=2 bytes=556
  effect 8c14782c lemma L149 members=2 pub=1 realized=0 deps=1 fe=3 bytes=580
  decl bb86b57f declaration L152 members=2 pub=2 realized=0 deps=0 fe=3 bytes=442
  decl 09a4a382 declaration L155 members=2 pub=2 realized=0 deps=1 fe=3 bytes=803
  decl d4a59a65 declaration L159 members=1 pub=1 realized=0 deps=1 fe=3 bytes=512
  decl 6d6f829e declaration L164 members=1 pub=1 realized=0 deps=2 fe=3 bytes=637
  decl 0dfbe032 declaration L169 members=1 pub=1 realized=0 deps=1 fe=3 bytes=528
  decl 44852099 declaration L174 members=1 pub=1 realized=0 deps=2 fe=3 bytes=647
  effect a25a1075 attribute L179 members=0 pub=0 realized=0 deps=0 fe=0 bytes=74
  decl 4af2abfe declaration L181 members=2 pub=2 realized=0 deps=0 fe=4 bytes=569
  decl fd5422d5 declaration L187 members=2 pub=1 realized=0 deps=0 fe=3 bytes=1411
  effect 5f7baa90 moduleDoc L199 members=0 pub=0 realized=0 deps=0 fe=0 bytes=74
  decl b1d61926 declaration L205 members=2 pub=2 realized=0 deps=0 fe=3 bytes=623
  effect 923e829c alias L211 members=2 pub=2 realized=0 deps=0 fe=0 bytes=429
  effect c6f7afcd alias L212 members=2 pub=2 realized=0 deps=0 fe=0 bytes=465
  decl accc5105 declaration L214 members=2 pub=2 realized=0 deps=1 fe=3 bytes=776
  decl 388a9442 declaration L217 members=2 pub=2 realized=0 deps=1 fe=3 bytes=742
  decl 99e98a56 declaration L220 members=2 pub=2 realized=0 deps=2 fe=3 bytes=865
  effect fcda470c lemma L226 members=2 pub=2 realized=0 deps=2 fe=1 bytes=962
  decl 29528347 declaration L232 members=2 pub=2 realized=0 deps=0 fe=3 bytes=717
  decl cb37ea2c declaration L236 members=2 pub=2 realized=0 deps=0 fe=3 bytes=639
  decl 30ae7203 declaration L239 members=4 pub=2 realized=0 deps=1 fe=3 bytes=1950
  decl 136dbc45 declaration L244 members=4 pub=2 realized=0 deps=3 fe=4 bytes=2717
  decl 1bf67eb9 declaration L249 members=2 pub=2 realized=0 deps=1 fe=3 bytes=800
  decl 9e1bb2ae declaration L254 members=2 pub=2 realized=0 deps=0 fe=3 bytes=676
  decl 786d954a declaration L258 members=2 pub=2 realized=0 deps=0 fe=3 bytes=598
  effect ffbd7943 alias L261 members=2 pub=2 realized=0 deps=0 fe=0 bytes=551
  effect c2b26eed alias L262 members=2 pub=2 realized=0 deps=1 fe=0 bytes=677
  effect 4e3ea12d alias L263 members=2 pub=2 realized=0 deps=0 fe=0 bytes=475
  effect 865540de alias L264 members=2 pub=2 realized=0 deps=1 fe=0 bytes=607
  decl a8fbaa87 declaration L266 members=2 pub=2 realized=0 deps=1 fe=3 bytes=802
  effect 78b81a99 alias L269 members=2 pub=2 realized=0 deps=1 fe=0 bytes=643
  decl d35c2c8f declaration L271 members=2 pub=2 realized=0 deps=1 fe=3 bytes=731
  decl f4825d39 declaration L274 members=2 pub=2 realized=0 deps=0 fe=3 bytes=696
  decl 42afb0cb declaration L278 members=2 pub=2 realized=0 deps=0 fe=3 bytes=1125
  decl 334b45ed declaration L282 members=4 pub=2 realized=0 deps=1 fe=3 bytes=979
  effect dc525a34 lemma L286 members=1 pub=1 realized=0 deps=1 fe=5 bytes=528
  effect 912a42d8 lemma L291 members=1 pub=1 realized=0 deps=0 fe=0 bytes=1065
  effect 82c92aa3 lemma L307 members=2 pub=2 realized=0 deps=1 fe=4 bytes=871
  effect 2170adb1 lemma L310 members=2 pub=2 realized=0 deps=1 fe=4 bytes=877
  effect e1217b54 lemma L313 members=2 pub=2 realized=0 deps=1 fe=4 bytes=876
  effect a20b44f7 lemma L320 members=2 pub=2 realized=0 deps=1 fe=4 bytes=877
  decl 4c4b38c5 declaration L325 members=2 pub=2 realized=0 deps=0 fe=4 bytes=541
  decl 2e5720fa declaration L329 members=3 pub=2 realized=0 deps=0 fe=4 bytes=702
  decl 9cb13297 declaration L334 members=2 pub=2 realized=0 deps=1 fe=5 bytes=1015
  decl 5939fc6a declaration L338 members=4 pub=2 realized=0 deps=0 fe=5 bytes=1830
  effect df2fb832 lemma L344 members=6 pub=2 realized=0 deps=2 fe=1 bytes=5128
  decl aee4b1b5 declaration L351 members=2 pub=2 realized=0 deps=0 fe=5 bytes=656
  decl b142b342 declaration L355 members=2 pub=2 realized=0 deps=1 fe=6 bytes=964
  decl 0ffc963f declaration L359 members=2 pub=2 realized=0 deps=0 fe=5 bytes=646
  decl 8f22501a declaration L363 members=2 pub=2 realized=0 deps=0 fe=5 bytes=646
  decl 3bb56d66 declaration L367 members=2 pub=2 realized=0 deps=3 fe=7 bytes=1312
  decl 970b5e38 declaration L371 members=2 pub=2 realized=0 deps=3 fe=7 bytes=1312
  decl 821ed251 declaration L375 members=2 pub=2 realized=0 deps=2 fe=7 bytes=1080
  effect d053d0e9 lemma L379 members=2 pub=1 realized=0 deps=0 fe=5 bytes=3060
  effect 51854ecc moduleDoc L384 members=0 pub=0 realized=0 deps=0 fe=0 bytes=74
  effect e5643922 lemma L389 members=2 pub=2 realized=0 deps=0 fe=5 bytes=1468
  effect 1ce0732a lemma L393 members=2 pub=2 realized=0 deps=1 fe=5 bytes=826
  effect 8305b77f lemma L397 members=3 pub=2 realized=0 deps=0 fe=5 bytes=2408
  effect c78ecd76 lemma L401 members=2 pub=2 realized=0 deps=1 fe=5 bytes=2263
  effect bc09cde4 moduleDoc L408 members=0 pub=0 realized=0 deps=0 fe=0 bytes=74
  effect 48ea7e52 lemma L410 members=1 pub=1 realized=0 deps=0 fe=5 bytes=670
  effect 567e9a9f lemma L415 members=1 pub=1 realized=0 deps=1 fe=5 bytes=799
  effect 6fee73a7 lemma L420 members=1 pub=1 realized=0 deps=0 fe=5 bytes=825
  effect 95fd0f30 lemma L425 members=1 pub=1 realized=0 deps=0 fe=5 bytes=799
  effect c1bd93a4 lemma L429 members=1 pub=1 realized=0 deps=1 fe=5 bytes=1011
  effect e37541d1 lemma L434 members=1 pub=1 realized=0 deps=0 fe=5 bytes=590
  effect 2c0ba890 moduleDoc L439 members=0 pub=0 realized=0 deps=0 fe=0 bytes=74
  effect 308be859 lemma L441 members=3 pub=2 realized=0 deps=0 fe=5 bytes=7047
  effect 82ec4c44 lemma L453 members=2 pub=2 realized=0 deps=0 fe=5 bytes=2197
  effect 5327647f lemma L457 members=3 pub=2 realized=0 deps=0 fe=5 bytes=38588
  effect b84c1f1d lemma L485 members=1 pub=1 realized=0 deps=2 fe=5 bytes=673
  effect 609933e7 lemma L489 members=1 pub=1 realized=0 deps=3 fe=5 bytes=841
  effect 87349b8a lemma L493 members=1 pub=1 realized=0 deps=3 fe=5 bytes=1447
  effect 26bb2682 lemma L497 members=1 pub=1 realized=0 deps=4 fe=5 bytes=1015
  effect 11caf6c4 lemma L501 members=1 pub=1 realized=0 deps=2 fe=5 bytes=617
  effect b3f4c1e5 moduleDoc L505 members=0 pub=0 realized=0 deps=0 fe=0 bytes=74
  decl f97c4322 declaration L508 members=1 pub=1 realized=0 deps=0 fe=5 bytes=155
  decl 6ef6725f declaration L511 members=2 pub=2 realized=2 deps=0 fe=5 bytes=433
  decl 8ec8b913 declaration L515 members=4 pub=2 realized=0 deps=1 fe=5 bytes=861
  decl 7ae9d9df declaration L520 members=2 pub=2 realized=0 deps=1 fe=5 bytes=679
  decl 1fdaa7d5 declaration L525 members=1 pub=1 realized=0 deps=2 fe=6 bytes=535
  decl 719445d7 declaration L528 members=1 pub=1 realized=0 deps=2 fe=6 bytes=575
  decl 62a786ce declaration L531 members=1 pub=1 realized=0 deps=2 fe=6 bytes=1222
  decl 5ff49803 declaration L532 members=1 pub=1 realized=0 deps=2 fe=6 bytes=1222
  decl 0b0649b7 declaration L533 members=1 pub=1 realized=0 deps=2 fe=6 bytes=1275
  decl 362273a4 declaration L534 members=1 pub=1 realized=0 deps=2 fe=6 bytes=1275
  decl 8cd00d67 declaration L536 members=1 pub=1 realized=0 deps=2 fe=6 bytes=2744
  effect 3783e98f moduleDoc L540 members=0 pub=0 realized=0 deps=0 fe=0 bytes=74
  decl b3d5c8b9 declaration L542 members=4 pub=1 realized=0 deps=0 fe=0 bytes=1297
  decl 63345d05 declaration L547 members=3 pub=1 realized=0 deps=1 fe=6 bytes=2368
  decl 25b6d946 declaration L552 members=2 pub=1 realized=0 deps=2 fe=2 bytes=905
  effect 87fbab8d lemma L560 members=2 pub=1 realized=0 deps=0 fe=6 bytes=898
  effect 57f30317 lemma L565 members=1 pub=1 realized=0 deps=1 fe=6 bytes=1153
  effect 24e77513 lemma L569 members=1 pub=1 realized=0 deps=1 fe=7 bytes=1153
  decl 944daaa9 declaration L577 members=1 pub=1 realized=0 deps=0 fe=7 bytes=291
  skipped Lean.Parser.Command.mixfix (local-effect)
  decl 3f766a67 declaration L587 members=1 pub=1 realized=0 deps=2 fe=7 bytes=612
  decl 33cf3c63 declaration L590 members=1 pub=1 realized=0 deps=4 fe=7 bytes=1111
  decl 3de9b320 declaration L595 members=2 pub=2 realized=0 deps=2 fe=8 bytes=1008
  effect c867e191 alias L599 members=1 pub=1 realized=0 deps=2 fe=0 bytes=548
  effect bbf32402 alias L601 members=1 pub=1 realized=0 deps=3 fe=0 bytes=633
  effect a6d39e82 alias L603 members=2 pub=2 realized=0 deps=2 fe=0 bytes=933
  decl f997a82a declaration L612 members=2 pub=2 realized=0 deps=0 fe=7 bytes=835
  decl 291ed888 declaration L616 members=2 pub=1 realized=0 deps=1 fe=7 bytes=2032
  decl 2fc4b49a declaration L621 members=3 pub=1 realized=0 deps=1 fe=7 bytes=2014
  decl 7b9f5a30 declaration L625 members=2 pub=1 realized=0 deps=3 fe=7 bytes=1023
  decl d6c049e1 declaration L629 members=5 pub=2 realized=0 deps=1 fe=9 bytes=2607
  decl 130308ab declaration L632 members=4 pub=2 realized=0 deps=3 fe=9 bytes=2424
  decl 7c375a67 declaration L637 members=2 pub=2 realized=2 deps=0 fe=11 bytes=463
  decl f2ce35ea declaration L641 members=4 pub=2 realized=0 deps=1 fe=11 bytes=933
  decl 3424a512 declaration L646 members=2 pub=2 realized=0 deps=1 fe=11 bytes=725
  decl 8075fa9c declaration L655 members=2 pub=1 realized=0 deps=1 fe=12 bytes=1021
  decl cd0ebd56 declaration L658 members=3 pub=1 realized=0 deps=3 fe=12 bytes=2103
  effect 70c207f3 moduleDoc L663 members=0 pub=0 realized=0 deps=0 fe=0 bytes=74
  decl 35b9e9ed declaration L665 members=4 pub=1 realized=0 deps=0 fe=0 bytes=2470
  decl 1cbce8e4 declaration L677 members=2 pub=1 realized=0 deps=1 fe=0 bytes=1694
  decl 26ae1fde declaration L688 members=8 pub=1 realized=0 deps=1 fe=14 bytes=8161
  effect d4069592 moduleDoc L708 members=0 pub=0 realized=0 deps=0 fe=0 bytes=74
  decl 28035615 declaration L715 members=3 pub=1 realized=0 deps=1 fe=14 bytes=836
  decl d4a4f4c8 declaration L725 members=3 pub=1 realized=0 deps=1 fe=14 bytes=940
  decl b17e48dd declaration L736 members=8 pub=1 realized=0 deps=3 fe=14 bytes=7990
  decl 71107ac2 declaration L748 members=4 pub=1 realized=0 deps=1 fe=14 bytes=2046
  decl 451ec944 declaration L769 members=3 pub=1 realized=0 deps=1 fe=14 bytes=1404
  decl 0a033437 declaration L780 members=2 pub=1 realized=0 deps=2 fe=14 bytes=2061
  decl f1e3a349 declaration L798 members=1 pub=1 realized=0 deps=2 fe=14 bytes=1065
  effect 952d1c89 moduleDoc L812 members=0 pub=0 realized=0 deps=0 fe=0 bytes=74
  decl ab088951 declaration L817 members=3 pub=1 realized=0 deps=0 fe=14 bytes=734
  decl 860455e2 declaration L822 members=3 pub=1 realized=0 deps=0 fe=15 bytes=734
  decl a4a90faa declaration L827 members=3 pub=1 realized=0 deps=0 fe=16 bytes=636
  decl c857a21b declaration L831 members=3 pub=1 realized=0 deps=0 fe=17 bytes=636
  decl 63a2b672 declaration L835 members=4 pub=1 realized=0 deps=2 fe=18 bytes=1874
  decl c92d66c1 declaration L838 members=2 pub=1 realized=0 deps=3 fe=18 bytes=1214
  decl 16ef9459 declaration L841 members=1 pub=1 realized=0 deps=0 fe=18 bytes=373
  decl 5fdd80c7 declaration L844 members=1 pub=1 realized=0 deps=0 fe=18 bytes=373
  decl 0a1527fc declaration L847 members=8 pub=1 realized=0 deps=4 fe=18 bytes=5201
  effect d3ede01b moduleDoc L858 members=0 pub=0 realized=0 deps=0 fe=0 bytes=74
  decl 82ed3ad3 declaration L870 members=1 pub=0 realized=0 deps=0 fe=0 bytes=402
  decl cc5d071b declaration L872 members=2 pub=1 realized=0 deps=1 fe=18 bytes=1110
  effect e1bd5ea5 lemma L876 members=1 pub=1 realized=0 deps=1 fe=18 bytes=528
  effect 042f72af lemma L878 members=2 pub=1 realized=0 deps=1 fe=18 bytes=723
  effect 4e6408d6 lemma L880 members=1 pub=1 realized=0 deps=1 fe=19 bytes=643
  effect a12c9bad lemma L883 members=2 pub=1 realized=0 deps=1 fe=19 bytes=746
  effect 23e2f688 lemma L885 members=4 pub=2 realized=0 deps=1 fe=20 bytes=1122
  decl a008afee declaration L894 members=9 pub=0 realized=0 deps=1 fe=0 bytes=6048
  decl 01ced8aa declaration L899 members=2 pub=1 realized=0 deps=3 fe=20 bytes=1162
  effect 2cccc0c3 lemma L903 members=4 pub=2 realized=0 deps=2 fe=21 bytes=2313
  decl c7901b20 declaration L906 members=2 pub=1 realized=0 deps=1 fe=23 bytes=867
  decl dd116c36 declaration L910 members=2 pub=1 realized=0 deps=1 fe=23 bytes=861
  decl fd1c7774 declaration L914 members=2 pub=1 realized=0 deps=3 fe=23 bytes=980
  decl 962fc4f0 declaration L918 members=2 pub=1 realized=0 deps=3 fe=23 bytes=971
  decl 3e7a8a41 declaration L922 members=1 pub=1 realized=0 deps=4 fe=23 bytes=2711
  decl 082f7690 declaration L932 members=2 pub=1 realized=0 deps=2 fe=23 bytes=962
  effect 9ccf903f lemma L936 members=2 pub=1 realized=0 deps=2 fe=24 bytes=1568
  effect adea8642 lemma L939 members=1 pub=1 realized=0 deps=2 fe=25 bytes=1204
  effect 325b5c08 lemma L942 members=1 pub=1 realized=0 deps=2 fe=26 bytes=1341
  effect 46cf03a5 lemma L946 members=1 pub=1 realized=0 deps=2 fe=27 bytes=1300
  decl 74594ea8 declaration L952 members=4 pub=1 realized=0 deps=2 fe=2 bytes=2774
  effect 4d43b81a moduleDoc L962 members=0 pub=0 realized=0 deps=0 fe=0 bytes=74
  decl d7216980 declaration L964 members=7 pub=4 realized=0 deps=0 fe=24 bytes=852
  decl e83bd16d declaration L969 members=2 pub=1 realized=0 deps=1 fe=24 bytes=1000
  effect 9f114ee3 lemma L974 members=1 pub=1 realized=0 deps=2 fe=24 bytes=985
  decl 894ef395 declaration L981 members=2 pub=2 realized=0 deps=2 fe=25 bytes=711
  effect 80af44ff lemma L986 members=1 pub=1 realized=0 deps=2 fe=25 bytes=687
  decl ec684f85 declaration L992 members=1 pub=0 realized=0 deps=4 fe=30 bytes=5046
  decl d5b758c9 declaration L1001 members=1 pub=0 realized=0 deps=6 fe=26 bytes=4664
  decl c3a0f8a7 declaration L1016 members=4 pub=2 realized=0 deps=2 fe=27 bytes=2925
  effect 6991f070 lemma L1022 members=2 pub=2 realized=0 deps=4 fe=28 bytes=1430
  effect 7df5a98f lemma L1027 members=2 pub=2 realized=0 deps=2 fe=27 bytes=1123
  decl c0a1bdd0 declaration L1033 members=2 pub=2 realized=0 deps=0 fe=24 bytes=1471
  effect ad6bac93 lemma L1040 members=3 pub=1 realized=1 deps=1 fe=24 bytes=2398
  decl f4c3dd99 declaration L1051 members=5 pub=1 realized=0 deps=0 fe=0 bytes=2050
  decl 4c76b17c declaration L1062 members=1 pub=0 realized=0 deps=1 fe=24 bytes=271
  decl 4e9e3c8a declaration L1063 members=1 pub=0 realized=0 deps=1 fe=24 bytes=286
  decl 9aa737d4 declaration L1069 members=1 pub=1 realized=0 deps=1 fe=24 bytes=278
  decl 6860c0fa declaration L1071 members=2 pub=2 realized=0 deps=1 fe=24 bytes=456
  decl 1726f373 declaration L1075 members=1 pub=1 realized=0 deps=1 fe=24 bytes=393
  decl b8016bd6 declaration L1079 members=1 pub=1 realized=0 deps=1 fe=24 bytes=413
  decl c0b71dd5 declaration L1083 members=1 pub=0 realized=0 deps=2 fe=28 bytes=641
  decl 1361688c declaration L1090 members=1 pub=1 realized=0 deps=0 fe=24 bytes=380
  decl 642b4423 declaration L1093 members=3 pub=1 realized=0 deps=0 fe=0 bytes=705
  => 213 groups, 62 skipped, 0 diagnostics (0 reject)
capture-time 3.44 s maxrss 698016 KB
source replay: 213/213 groups reproduce their declaration ID (11011 ms)
kernel replay: 213/213 groups accepted; 419 declarations added, 1 reserved names re-realized (120 ms)
isolated replay (exact deps only): 213/213
replay-time 76.27 s maxrss 711416 KB
export: 1 modules, 213 groups, 98663 bytes of source
  Mathlib.ParaleanExport.Order.Basic: 213 groups; imports #[Mathlib.Data.Subtype, Mathlib.Order.Defs.LinearOrder, Mathlib.Order.Defs.Prop, Mathlib.Order.Notation, Mathlib.Tactic.Spread, Mathlib.Tactic.Convert, Mathlib.Tactic.Inhabit, Mathlib.Tactic.SimpRw, Mathlib.Tactic.GCongr, Mathlib.Tactic.FastInstance]
stock lake build: OK (5699 ms)
verify: 198/198 declaration groups identical in the stock-built oleans; 15 effect-only groups (build-checked)
export-time 7.34 s maxrss 1349384 KB
STATS {"aboveP95Bound":[],"capsuleBytes":{"max":1557,"median":411,"p95":771,"sum":97776},"commandBytes":{"max":1424,"median":139,"sum":40393},"diagnostics":[],"encodingBytes":{"max":38588,"median":746,"sum":272200},"groups":213,"ratio":{"p50":3.039326,"p95":7.647059},"rejected":0,"skipped":62}
