### M04 Mathlib.Data.Nat.MaxPowDiv
capture M04:Mathlib/Data/Nat/MaxPowDiv.lean
  effect 9397cf3a moduleDoc L11 members=0 pub=0 realized=0 deps=0 fe=0 bytes=74
  decl 2ede7720 declaration L27 members=11 pub=2 realized=4 deps=0 fe=0 bytes=8348
  decl 73986eb3 declaration L54 members=1 pub=1 realized=0 deps=1 fe=0 bytes=264
  decl 831229af declaration L57 members=5 pub=1 realized=3 deps=1 fe=0 bytes=9965
  decl 88c57503 declaration L73 members=1 pub=1 realized=1 deps=1 fe=0 bytes=1189
  decl 5937f206 declaration L76 members=1 pub=1 realized=0 deps=2 fe=0 bytes=493
  decl 79b7ce98 declaration L80 members=1 pub=1 realized=1 deps=3 fe=0 bytes=756
  decl 1541f210 declaration L83 members=1 pub=1 realized=0 deps=2 fe=2 bytes=492
  decl 151ddc29 declaration L87 members=1 pub=1 realized=0 deps=3 fe=2 bytes=766
  decl 5f840d0d declaration L90 members=1 pub=1 realized=0 deps=1 fe=4 bytes=1065
  decl 50d7b66d declaration L93 members=1 pub=1 realized=0 deps=3 fe=4 bytes=756
  decl 774555b2 declaration L96 members=3 pub=1 realized=0 deps=3 fe=6 bytes=1942
  decl 3b4d75fa declaration L99 members=1 pub=0 realized=0 deps=0 fe=6 bytes=2518
  => 13 groups, 4 skipped, 0 diagnostics (0 reject)
capture-time 0.50 s maxrss 601948 KB
source replay: 13/13 groups reproduce their declaration ID (457 ms)
kernel replay: 13/13 groups accepted; 32 declarations added, 4 reserved names re-realized (16 ms)
isolated replay (exact deps only): 13/13
replay-time 1.89 s maxrss 602548 KB
export: 1 modules, 13 groups, 6311 bytes of source
  Mathlib.ParaleanExport.Data.Nat.MaxPowDiv: 13 groups; imports #[Mathlib.Data.Nat.Notation]
stock lake build: OK (1786 ms)
verify: 12/12 declaration groups identical in the stock-built oleans; 1 effect-only groups (build-checked)
export-time 3.20 s maxrss 1239680 KB
STATS {"aboveP95Bound":[],"capsuleBytes":{"max":1130,"median":306,"p95":1130,"sum":5970},"commandBytes":{"max":951,"median":127,"sum":3681},"diagnostics":[],"encodingBytes":{"max":9965,"median":766,"sum":28628},"groups":13,"ratio":{"p50":2.409449,"p95":3.034091},"rejected":0,"skipped":4}
