TLC2 Version 2.19 of 08 August 2024 (rev: 5a47802)
Warning: Please run the Java VM which executes TLC with a throughput optimized garbage collector by passing the "-XX:+UseParallelGC" property.
(Use the -nowarning option to disable this warning.)
Running breadth-first search Model-Checking with fp 22 and seed -3446324428786648195 with 1 worker on 32 cores with 4096MB heap and 64MB offheap memory [pid: 1719057] (Linux 7.0.0-1012-aws amd64, Ubuntu 25.0.4.1 x86_64, MSBDiskFPSet, DiskStateQueue).
Parsing file /data/home/kirancodes/Documents/code/paralean-harden/.runs/tla/negative/cert_put_unknown/Certificates.tla
Parsing file /tmp/FiniteSets.tla
Parsing file /tmp/TLC.tla
Parsing file /tmp/Naturals.tla
Parsing file /tmp/Sequences.tla
Semantic processing of module Naturals
Semantic processing of module Sequences
Semantic processing of module FiniteSets
Semantic processing of module TLC
Semantic processing of module Certificates
Starting... (2026-10-05 16:21:02)
Computing initial states...
Finished computing initial states: 1 distinct state generated at 2026-10-05 16:21:02.
Error: Invariant CertSound is violated.
Error: The behavior up to this point is:
State 1: <Initial predicate>
/\ live = {r1, r2, r3}
/\ certReply = (n1 :> (g1 :> {} @@ g2 :> {}) @@ n2 :> (g1 :> {} @@ g2 :> {}))
/\ published = {}
/\ rediscovered = {}
/\ marker = (r1 :> {} @@ r2 :> {} @@ r3 :> {})
/\ known = (n1 :> {} @@ n2 :> {})
/\ cert = (r1 :> {} @@ r2 :> {} @@ r3 :> {})
/\ head = (n1 :> {} @@ n2 :> {})
/\ erased = FALSE

State 2: <CertPut line 60, col 21 to line 64, col 95 of module Certificates>
/\ live = {r1, r2, r3}
/\ certReply = (n1 :> (g1 :> {r1} @@ g2 :> {}) @@ n2 :> (g1 :> {} @@ g2 :> {}))
/\ published = {}
/\ rediscovered = {}
/\ marker = (r1 :> {} @@ r2 :> {} @@ r3 :> {})
/\ known = (n1 :> {} @@ n2 :> {})
/\ cert = (r1 :> {g1} @@ r2 :> {} @@ r3 :> {})
/\ head = (n1 :> {} @@ n2 :> {})
/\ erased = FALSE

8 states generated, 3 distinct states found, 1 states left on queue.
The depth of the complete state graph search is 2.
Finished in 00s at (2026-10-05 16:21:02)
