TLC2 Version 2.19 of 08 August 2024 (rev: 5a47802)
Warning: Please run the Java VM which executes TLC with a throughput optimized garbage collector by passing the "-XX:+UseParallelGC" property.
(Use the -nowarning option to disable this warning.)
Running breadth-first search Model-Checking with fp 20 and seed -6429445854399416709 with 1 worker on 32 cores with 4096MB heap and 64MB offheap memory [pid: 1719112] (Linux 7.0.0-1012-aws amd64, Ubuntu 25.0.4.1 x86_64, MSBDiskFPSet, DiskStateQueue).
Parsing file /data/home/kirancodes/Documents/code/paralean-harden/.runs/tla/negative/cert_rediscovery_work/Certificates.tla
Parsing file /tmp/FiniteSets.tla
Parsing file /tmp/TLC.tla
Parsing file /tmp/Naturals.tla
Parsing file /tmp/Sequences.tla
Semantic processing of module Naturals
Semantic processing of module Sequences
Semantic processing of module FiniteSets
Semantic processing of module TLC
Semantic processing of module Certificates
Starting... (2026-10-05 16:21:02)
Computing initial states...
Finished computing initial states: 1 distinct state generated at 2026-10-05 16:21:03.
Error: Invariant NeverRediscoveredAfterLoss is violated.
Error: The behavior up to this point is:
State 1: <Initial predicate>
/\ live = {r1, r2, r3}
/\ certReply = (n1 :> (g1 :> {} @@ g2 :> {}) @@ n2 :> (g1 :> {} @@ g2 :> {}))
/\ published = {}
/\ rediscovered = {}
/\ marker = (r1 :> {} @@ r2 :> {} @@ r3 :> {})
/\ known = (n1 :> {} @@ n2 :> {})
/\ cert = (r1 :> {} @@ r2 :> {} @@ r3 :> {})
/\ head = (n1 :> {} @@ n2 :> {})
/\ erased = FALSE

State 2: <PutMarker line 47, col 20 to line 49, col 103 of module Certificates>
/\ live = {r1, r2, r3}
/\ certReply = (n1 :> (g1 :> {} @@ g2 :> {}) @@ n2 :> (g1 :> {} @@ g2 :> {}))
/\ published = {}
/\ rediscovered = {}
/\ marker = (r1 :> {g1} @@ r2 :> {} @@ r3 :> {})
/\ known = (n1 :> {} @@ n2 :> {})
/\ cert = (r1 :> {} @@ r2 :> {} @@ r3 :> {})
/\ head = (n1 :> {} @@ n2 :> {})
/\ erased = FALSE

State 3: <PutMarker line 47, col 20 to line 49, col 103 of module Certificates>
/\ live = {r1, r2, r3}
/\ certReply = (n1 :> (g1 :> {} @@ g2 :> {}) @@ n2 :> (g1 :> {} @@ g2 :> {}))
/\ published = {}
/\ rediscovered = {}
/\ marker = (r1 :> {g1} @@ r2 :> {g1} @@ r3 :> {})
/\ known = (n1 :> {} @@ n2 :> {})
/\ cert = (r1 :> {} @@ r2 :> {} @@ r3 :> {})
/\ head = (n1 :> {} @@ n2 :> {})
/\ erased = FALSE

State 4: <AckPublish line 52, col 24 to line 56, col 97 of module Certificates>
/\ live = {r1, r2, r3}
/\ certReply = (n1 :> (g1 :> {} @@ g2 :> {}) @@ n2 :> (g1 :> {} @@ g2 :> {}))
/\ published = {g1}
/\ rediscovered = {}
/\ marker = (r1 :> {g1} @@ r2 :> {g1} @@ r3 :> {})
/\ known = (n1 :> {g1} @@ n2 :> {})
/\ cert = (r1 :> {} @@ r2 :> {} @@ r3 :> {})
/\ head = (n1 :> {} @@ n2 :> {})
/\ erased = FALSE

State 5: <CertPut line 60, col 21 to line 64, col 95 of module Certificates>
/\ live = {r1, r2, r3}
/\ certReply = (n1 :> (g1 :> {r1} @@ g2 :> {}) @@ n2 :> (g1 :> {} @@ g2 :> {}))
/\ published = {g1}
/\ rediscovered = {}
/\ marker = (r1 :> {g1} @@ r2 :> {g1} @@ r3 :> {})
/\ known = (n1 :> {g1} @@ n2 :> {})
/\ cert = (r1 :> {g1} @@ r2 :> {} @@ r3 :> {})
/\ head = (n1 :> {} @@ n2 :> {})
/\ erased = FALSE

State 6: <CertPut line 60, col 21 to line 64, col 95 of module Certificates>
/\ live = {r1, r2, r3}
/\ certReply = (n1 :> (g1 :> {r1, r2} @@ g2 :> {}) @@ n2 :> (g1 :> {} @@ g2 :> {}))
/\ published = {g1}
/\ rediscovered = {}
/\ marker = (r1 :> {g1} @@ r2 :> {g1} @@ r3 :> {})
/\ known = (n1 :> {g1} @@ n2 :> {})
/\ cert = (r1 :> {g1} @@ r2 :> {g1} @@ r3 :> {})
/\ head = (n1 :> {} @@ n2 :> {})
/\ erased = FALSE

State 7: <Lose line 67, col 12 to line 72, col 83 of module Certificates>
/\ live = {r2, r3}
/\ certReply = (n1 :> (g1 :> {r1, r2} @@ g2 :> {}) @@ n2 :> (g1 :> {} @@ g2 :> {}))
/\ published = {g1}
/\ rediscovered = {}
/\ marker = (r1 :> {} @@ r2 :> {g1} @@ r3 :> {})
/\ known = (n1 :> {g1} @@ n2 :> {})
/\ cert = (r1 :> {} @@ r2 :> {g1} @@ r3 :> {})
/\ head = (n1 :> {} @@ n2 :> {})
/\ erased = FALSE

State 8: <EraseIndexes line 75, col 17 to line 77, col 93 of module Certificates>
/\ live = {r2, r3}
/\ certReply = (n1 :> (g1 :> {r1, r2} @@ g2 :> {}) @@ n2 :> (g1 :> {} @@ g2 :> {}))
/\ published = {g1}
/\ rediscovered = {}
/\ marker = (r1 :> {} @@ r2 :> {g1} @@ r3 :> {})
/\ known = (n1 :> {} @@ n2 :> {})
/\ cert = (r1 :> {} @@ r2 :> {g1} @@ r3 :> {})
/\ head = (n1 :> {} @@ n2 :> {})
/\ erased = TRUE

State 9: <ScanReceive line 80, col 25 to line 85, col 95 of module Certificates>
/\ live = {r2, r3}
/\ certReply = (n1 :> (g1 :> {r1, r2} @@ g2 :> {}) @@ n2 :> (g1 :> {} @@ g2 :> {}))
/\ published = {g1}
/\ rediscovered = {g1}
/\ marker = (r1 :> {} @@ r2 :> {g1} @@ r3 :> {})
/\ known = (n1 :> {g1} @@ n2 :> {})
/\ cert = (r1 :> {} @@ r2 :> {g1} @@ r3 :> {})
/\ head = (n1 :> {} @@ n2 :> {})
/\ erased = TRUE

State 10: <Commit line 89, col 17 to line 92, col 102 of module Certificates>
/\ live = {r2, r3}
/\ certReply = (n1 :> (g1 :> {r1, r2} @@ g2 :> {}) @@ n2 :> (g1 :> {} @@ g2 :> {}))
/\ published = {g1}
/\ rediscovered = {g1}
/\ marker = (r1 :> {} @@ r2 :> {g1} @@ r3 :> {})
/\ known = (n1 :> {g1} @@ n2 :> {})
/\ cert = (r1 :> {} @@ r2 :> {g1} @@ r3 :> {})
/\ head = (n1 :> {g1} @@ n2 :> {})
/\ erased = TRUE

10995 states generated, 1726 distinct states found, 1001 states left on queue.
The depth of the complete state graph search is 10.
The average outdegree of the complete state graph is 2 (minimum is 0, the maximum 9 and the 95th percentile is 6).
Finished in 00s at (2026-10-05 16:21:03)
