TLC2 Version 2.19 of 08 August 2024 (rev: 5a47802)
Warning: Please run the Java VM which executes TLC with a throughput optimized garbage collector by passing the "-XX:+UseParallelGC" property.
(Use the -nowarning option to disable this warning.)
Running breadth-first search Model-Checking with fp 128 and seed -7405933180105520232 with 1 worker on 32 cores with 4096MB heap and 64MB offheap memory [pid: 1719009] (Linux 7.0.0-1012-aws amd64, Ubuntu 25.0.4.1 x86_64, MSBDiskFPSet, DiskStateQueue).
Parsing file /data/home/kirancodes/Documents/code/paralean-harden/.runs/tla/negative/cert_commit_unguarded/Certificates.tla
Parsing file /tmp/FiniteSets.tla
Parsing file /tmp/TLC.tla
Parsing file /tmp/Naturals.tla
Parsing file /tmp/Sequences.tla
Semantic processing of module Naturals
Semantic processing of module Sequences
Semantic processing of module FiniteSets
Semantic processing of module TLC
Semantic processing of module Certificates
Starting... (2026-10-05 16:21:01)
Computing initial states...
Finished computing initial states: 1 distinct state generated at 2026-10-05 16:21:01.
Error: Invariant CheckpointDiscoverable is violated.
Error: The behavior up to this point is:
State 1: <Initial predicate>
/\ live = {r1, r2, r3}
/\ certReply = (n1 :> (g1 :> {} @@ g2 :> {}) @@ n2 :> (g1 :> {} @@ g2 :> {}))
/\ published = {}
/\ rediscovered = {}
/\ marker = (r1 :> {} @@ r2 :> {} @@ r3 :> {})
/\ known = (n1 :> {} @@ n2 :> {})
/\ cert = (r1 :> {} @@ r2 :> {} @@ r3 :> {})
/\ head = (n1 :> {} @@ n2 :> {})
/\ erased = FALSE

State 2: <PutMarker line 47, col 20 to line 49, col 103 of module Certificates>
/\ live = {r1, r2, r3}
/\ certReply = (n1 :> (g1 :> {} @@ g2 :> {}) @@ n2 :> (g1 :> {} @@ g2 :> {}))
/\ published = {}
/\ rediscovered = {}
/\ marker = (r1 :> {g1} @@ r2 :> {} @@ r3 :> {})
/\ known = (n1 :> {} @@ n2 :> {})
/\ cert = (r1 :> {} @@ r2 :> {} @@ r3 :> {})
/\ head = (n1 :> {} @@ n2 :> {})
/\ erased = FALSE

State 3: <PutMarker line 47, col 20 to line 49, col 103 of module Certificates>
/\ live = {r1, r2, r3}
/\ certReply = (n1 :> (g1 :> {} @@ g2 :> {}) @@ n2 :> (g1 :> {} @@ g2 :> {}))
/\ published = {}
/\ rediscovered = {}
/\ marker = (r1 :> {g1} @@ r2 :> {g1} @@ r3 :> {})
/\ known = (n1 :> {} @@ n2 :> {})
/\ cert = (r1 :> {} @@ r2 :> {} @@ r3 :> {})
/\ head = (n1 :> {} @@ n2 :> {})
/\ erased = FALSE

State 4: <AckPublish line 52, col 24 to line 56, col 97 of module Certificates>
/\ live = {r1, r2, r3}
/\ certReply = (n1 :> (g1 :> {} @@ g2 :> {}) @@ n2 :> (g1 :> {} @@ g2 :> {}))
/\ published = {g1}
/\ rediscovered = {}
/\ marker = (r1 :> {g1} @@ r2 :> {g1} @@ r3 :> {})
/\ known = (n1 :> {g1} @@ n2 :> {})
/\ cert = (r1 :> {} @@ r2 :> {} @@ r3 :> {})
/\ head = (n1 :> {} @@ n2 :> {})
/\ erased = FALSE

State 5: <Commit line 89, col 17 to line 92, col 102 of module Certificates>
/\ live = {r1, r2, r3}
/\ certReply = (n1 :> (g1 :> {} @@ g2 :> {}) @@ n2 :> (g1 :> {} @@ g2 :> {}))
/\ published = {g1}
/\ rediscovered = {}
/\ marker = (r1 :> {g1} @@ r2 :> {g1} @@ r3 :> {})
/\ known = (n1 :> {g1} @@ n2 :> {})
/\ cert = (r1 :> {} @@ r2 :> {} @@ r3 :> {})
/\ head = (n1 :> {g1} @@ n2 :> {})
/\ erased = FALSE

146 states generated, 29 distinct states found, 16 states left on queue.
The depth of the complete state graph search is 5.
The average outdegree of the complete state graph is 2 (minimum is 0, the maximum 5 and the 95th percentile is 5).
Finished in 00s at (2026-10-05 16:21:01)
