TLC2 Version 2.19 of 08 August 2024 (rev: 5a47802)
Warning: Please run the Java VM which executes TLC with a throughput optimized garbage collector by passing the "-XX:+UseParallelGC" property.
(Use the -nowarning option to disable this warning.)
Running breadth-first search Model-Checking with fp 12 and seed 6385311863423368277 with 1 worker on 32 cores with 4096MB heap and 64MB offheap memory [pid: 3786903] (Linux 7.0.0-1012-aws amd64, Ubuntu 25.0.4.1 x86_64, MSBDiskFPSet, DiskStateQueue).
Parsing file /tmp/paralean-protocol.oNAGuR/.runs/tla/negative/checkpoint_reuse/CheckpointReuse.tla
Parsing file /tmp/paralean-protocol.oNAGuR/.runs/tla/negative/checkpoint_reuse/Integrated.tla
Parsing file /tmp/paralean-protocol.oNAGuR/.runs/tla/negative/checkpoint_reuse/Publication.tla
Parsing file /tmp/FiniteSets.tla
Parsing file /tmp/TLC.tla
Parsing file /tmp/paralean-protocol.oNAGuR/.runs/tla/negative/checkpoint_reuse/Registry.tla
Parsing file /tmp/paralean-protocol.oNAGuR/.runs/tla/negative/checkpoint_reuse/Durability.tla
Parsing file /tmp/Naturals.tla
Parsing file /tmp/Sequences.tla
Semantic processing of module Naturals
Semantic processing of module Sequences
Semantic processing of module FiniteSets
Semantic processing of module TLC
Semantic processing of module Registry
Semantic processing of module Durability
Semantic processing of module Publication
Semantic processing of module Integrated
Semantic processing of module CheckpointReuse
Starting... (2026-10-04 01:02:37)
Computing initial states...
Finished computing initial states: 1 distinct state generated at 2026-10-04 01:02:37.
Error: Invariant NeverReusedAfterLoss is violated.
Error: The behavior up to this point is:
State 1: <Initial predicate>
/\ alive = {"A"}
/\ lastCommitCurrent = TRUE
/\ stage = "building"
/\ pending = [A |-> {}]
/\ stored = [r1 |-> {}, r2 |-> {}, r3 |-> {}]
/\ witness = [package |-> {"r1", "r2"}, checkpoint |-> {"r1", "r2"}, empty |-> {"r1", "r2"}]
/\ acknowledged = {}
/\ online = {"A"}
/\ published = {}
/\ known = [A |-> {}]
/\ live = {"r1", "r2", "r3"}
/\ stable = FALSE
/\ head = [A |-> {}]

State 2: <UseNext line 18, col 8 to line 22, col 25 of module CheckpointReuse>
/\ alive = {"A"}
/\ lastCommitCurrent = TRUE
/\ stage = "building"
/\ pending = [A |-> {"helper"}]
/\ stored = [r1 |-> {}, r2 |-> {}, r3 |-> {}]
/\ witness = [package |-> {"r1", "r2"}, checkpoint |-> {"r1", "r2"}, empty |-> {"r1", "r2"}]
/\ acknowledged = {}
/\ online = {"A"}
/\ published = {}
/\ known = [A |-> {}]
/\ live = {"r1", "r2", "r3"}
/\ stable = FALSE
/\ head = [A |-> {}]

State 3: <UseNext line 18, col 8 to line 22, col 25 of module CheckpointReuse>
/\ alive = {"A"}
/\ lastCommitCurrent = TRUE
/\ stage = "building"
/\ pending = [A |-> {"helper"}]
/\ stored = [r1 |-> {"package"}, r2 |-> {}, r3 |-> {}]
/\ witness = [package |-> {"r1", "r2"}, checkpoint |-> {"r1", "r2"}, empty |-> {"r1", "r2"}]
/\ acknowledged = {}
/\ online = {"A"}
/\ published = {}
/\ known = [A |-> {}]
/\ live = {"r1", "r2", "r3"}
/\ stable = FALSE
/\ head = [A |-> {}]

State 4: <UseNext line 18, col 8 to line 22, col 25 of module CheckpointReuse>
/\ alive = {"A"}
/\ lastCommitCurrent = TRUE
/\ stage = "building"
/\ pending = [A |-> {"helper"}]
/\ stored = [r1 |-> {"package"}, r2 |-> {"package"}, r3 |-> {}]
/\ witness = [package |-> {"r1", "r2"}, checkpoint |-> {"r1", "r2"}, empty |-> {"r1", "r2"}]
/\ acknowledged = {}
/\ online = {"A"}
/\ published = {}
/\ known = [A |-> {}]
/\ live = {"r1", "r2", "r3"}
/\ stable = FALSE
/\ head = [A |-> {}]

State 5: <UseNext line 18, col 8 to line 22, col 25 of module CheckpointReuse>
/\ alive = {"A"}
/\ lastCommitCurrent = TRUE
/\ stage = "building"
/\ pending = [A |-> {"helper"}]
/\ stored = [r1 |-> {"package", "checkpoint"}, r2 |-> {"package"}, r3 |-> {}]
/\ witness = [package |-> {"r1", "r2"}, checkpoint |-> {"r1", "r2"}, empty |-> {"r1", "r2"}]
/\ acknowledged = {}
/\ online = {"A"}
/\ published = {}
/\ known = [A |-> {}]
/\ live = {"r1", "r2", "r3"}
/\ stable = FALSE
/\ head = [A |-> {}]

State 6: <UseNext line 18, col 8 to line 22, col 25 of module CheckpointReuse>
/\ alive = {"A"}
/\ lastCommitCurrent = TRUE
/\ stage = "building"
/\ pending = [A |-> {"helper"}]
/\ stored = [r1 |-> {"package", "checkpoint"}, r2 |-> {"package", "checkpoint"}, r3 |-> {}]
/\ witness = [package |-> {"r1", "r2"}, checkpoint |-> {"r1", "r2"}, empty |-> {"r1", "r2"}]
/\ acknowledged = {}
/\ online = {"A"}
/\ published = {}
/\ known = [A |-> {}]
/\ live = {"r1", "r2", "r3"}
/\ stable = FALSE
/\ head = [A |-> {}]

State 7: <UseNext line 18, col 8 to line 22, col 25 of module CheckpointReuse>
/\ alive = {"A"}
/\ lastCommitCurrent = TRUE
/\ stage = "building"
/\ pending = [A |-> {"helper"}]
/\ stored = [r1 |-> {"package", "checkpoint"}, r2 |-> {"package", "checkpoint"}, r3 |-> {}]
/\ witness = [package |-> {"r1", "r2"}, checkpoint |-> {"r1", "r2"}, empty |-> {"r1", "r2"}]
/\ acknowledged = {"package"}
/\ online = {"A"}
/\ published = {}
/\ known = [A |-> {}]
/\ live = {"r1", "r2", "r3"}
/\ stable = FALSE
/\ head = [A |-> {}]

State 8: <UseNext line 18, col 8 to line 22, col 25 of module CheckpointReuse>
/\ alive = {"A"}
/\ lastCommitCurrent = TRUE
/\ stage = "building"
/\ pending = [A |-> {"helper"}]
/\ stored = [r1 |-> {"package", "checkpoint"}, r2 |-> {"package", "checkpoint"}, r3 |-> {}]
/\ witness = [package |-> {"r1", "r2"}, checkpoint |-> {"r1", "r2"}, empty |-> {"r1", "r2"}]
/\ acknowledged = {"package", "checkpoint"}
/\ online = {"A"}
/\ published = {}
/\ known = [A |-> {}]
/\ live = {"r1", "r2", "r3"}
/\ stable = FALSE
/\ head = [A |-> {}]

State 9: <UseNext line 18, col 8 to line 22, col 25 of module CheckpointReuse>
/\ alive = {"A"}
/\ lastCommitCurrent = TRUE
/\ stage = "building"
/\ pending = [A |-> {}]
/\ stored = [r1 |-> {"package", "checkpoint"}, r2 |-> {"package", "checkpoint"}, r3 |-> {}]
/\ witness = [package |-> {"r1", "r2"}, checkpoint |-> {"r1", "r2"}, empty |-> {"r1", "r2"}]
/\ acknowledged = {"package", "checkpoint"}
/\ online = {"A"}
/\ published = {"helper"}
/\ known = [A |-> {"helper"}]
/\ live = {"r1", "r2", "r3"}
/\ stable = FALSE
/\ head = [A |-> {}]

State 10: <UseNext line 23, col 8 to line 25, col 30 of module CheckpointReuse>
/\ alive = {"A"}
/\ lastCommitCurrent = TRUE
/\ stage = "committed"
/\ pending = [A |-> {}]
/\ stored = [r1 |-> {"package", "checkpoint"}, r2 |-> {"package", "checkpoint"}, r3 |-> {}]
/\ witness = [package |-> {"r1", "r2"}, checkpoint |-> {"r1", "r2"}, empty |-> {"r1", "r2"}]
/\ acknowledged = {"package", "checkpoint"}
/\ online = {"A"}
/\ published = {"helper"}
/\ known = [A |-> {"helper"}]
/\ live = {"r1", "r2", "r3"}
/\ stable = FALSE
/\ head = [A |-> {"helper"}]

State 11: <UseNext line 26, col 8 to line 34, col 30 of module CheckpointReuse>
/\ alive = {"A"}
/\ lastCommitCurrent = TRUE
/\ stage = "disk_lost"
/\ pending = [A |-> {}]
/\ stored = [r1 |-> {}, r2 |-> {"package", "checkpoint"}, r3 |-> {}]
/\ witness = [package |-> {"r1", "r2"}, checkpoint |-> {"r1", "r2"}, empty |-> {"r1", "r2"}]
/\ acknowledged = {"package", "checkpoint"}
/\ online = {"A"}
/\ published = {"helper"}
/\ known = [A |-> {"helper"}]
/\ live = {"r2", "r3"}
/\ stable = FALSE
/\ head = [A |-> {"helper"}]

State 12: <UseNext line 35, col 8 to line 38, col 35 of module CheckpointReuse>
/\ alive = {}
/\ lastCommitCurrent = TRUE
/\ stage = "worker_crashed"
/\ pending = [A |-> {}]
/\ stored = [r1 |-> {}, r2 |-> {"package", "checkpoint"}, r3 |-> {}]
/\ witness = [package |-> {"r1", "r2"}, checkpoint |-> {"r1", "r2"}, empty |-> {"r1", "r2"}]
/\ acknowledged = {"package", "checkpoint"}
/\ online = {"A"}
/\ published = {"helper"}
/\ known = [A |-> {}]
/\ live = {"r2", "r3"}
/\ stable = FALSE
/\ head = [A |-> {"helper"}]

State 13: <UseNext line 39, col 8 to line 42, col 37 of module CheckpointReuse>
/\ alive = {"A"}
/\ lastCommitCurrent = TRUE
/\ stage = "worker_recovered"
/\ pending = [A |-> {}]
/\ stored = [r1 |-> {}, r2 |-> {"package", "checkpoint"}, r3 |-> {}]
/\ witness = [package |-> {"r1", "r2"}, checkpoint |-> {"r1", "r2"}, empty |-> {"r1", "r2"}]
/\ acknowledged = {"package", "checkpoint"}
/\ online = {"A"}
/\ published = {"helper"}
/\ known = [A |-> {}]
/\ live = {"r2", "r3"}
/\ stable = FALSE
/\ head = [A |-> {"helper"}]

State 14: <UseNext line 43, col 8 to line 47, col 29 of module CheckpointReuse>
/\ alive = {"A"}
/\ lastCommitCurrent = TRUE
/\ stage = "received"
/\ pending = [A |-> {}]
/\ stored = [r1 |-> {}, r2 |-> {"package", "checkpoint"}, r3 |-> {}]
/\ witness = [package |-> {"r1", "r2"}, checkpoint |-> {"r1", "r2"}, empty |-> {"r1", "r2"}]
/\ acknowledged = {"package", "checkpoint"}
/\ online = {"A"}
/\ published = {"helper"}
/\ known = [A |-> {"helper"}]
/\ live = {"r2", "r3"}
/\ stable = FALSE
/\ head = [A |-> {"helper"}]

State 15: <UseNext line 48, col 8 to line 51, col 27 of module CheckpointReuse>
/\ alive = {"A"}
/\ lastCommitCurrent = TRUE
/\ stage = "reused"
/\ pending = [A |-> {}]
/\ stored = [r1 |-> {}, r2 |-> {"package", "checkpoint"}, r3 |-> {}]
/\ witness = [package |-> {"r1", "r2"}, checkpoint |-> {"r1", "r2"}, empty |-> {"r1", "r2"}]
/\ acknowledged = {"package", "checkpoint"}
/\ online = {"A"}
/\ published = {"helper"}
/\ known = [A |-> {"helper"}]
/\ live = {"r2", "r3"}
/\ stable = FALSE
/\ head = [A |-> {"helper"}]

536866 states generated, 38169 distinct states found, 3772 states left on queue.
The depth of the complete state graph search is 15.
The average outdegree of the complete state graph is 1 (minimum is 0, the maximum 13 and the 95th percentile is 4).
Finished in 02s at (2026-10-04 01:02:39)
