TLC2 Version 2.19 of 08 August 2024 (rev: 5a47802)
Warning: Please run the Java VM which executes TLC with a throughput optimized garbage collector by passing the "-XX:+UseParallelGC" property.
(Use the -nowarning option to disable this warning.)
Running breadth-first search Model-Checking with fp 53 and seed -4986578003362040200 with 1 worker on 32 cores with 4096MB heap and 64MB offheap memory [pid: 3788146] (Linux 7.0.0-1012-aws amd64, Ubuntu 25.0.4.1 x86_64, MSBDiskFPSet, DiskStateQueue).
Parsing file /tmp/paralean-protocol.oNAGuR/.runs/tla/negative/checkpoint_loss_blocked/CheckpointReuse.tla
Parsing file /tmp/paralean-protocol.oNAGuR/.runs/tla/negative/checkpoint_loss_blocked/Integrated.tla
Parsing file /tmp/paralean-protocol.oNAGuR/.runs/tla/negative/checkpoint_loss_blocked/Publication.tla
Parsing file /tmp/FiniteSets.tla
Parsing file /tmp/TLC.tla
Parsing file /tmp/paralean-protocol.oNAGuR/.runs/tla/negative/checkpoint_loss_blocked/Registry.tla
Parsing file /tmp/paralean-protocol.oNAGuR/.runs/tla/negative/checkpoint_loss_blocked/Durability.tla
Parsing file /tmp/Naturals.tla
Parsing file /tmp/Sequences.tla
Semantic processing of module Naturals
Semantic processing of module Sequences
Semantic processing of module FiniteSets
Semantic processing of module TLC
Semantic processing of module Registry
Semantic processing of module Durability
Semantic processing of module Publication
Semantic processing of module Integrated
Semantic processing of module CheckpointReuse
Starting... (2026-10-04 01:02:49)
Computing initial states...
Finished computing initial states: 1 distinct state generated at 2026-10-04 01:02:49.
Model checking completed. No error has been found.
  Estimates of the probability that TLC did not check all reachable states
  because two distinct states had the same fingerprint:
  calculated (optimistic):  val = 1.3E-9
  based on the actual fingerprints:  val = 3.1E-10
643441 states generated, 40432 distinct states found, 0 states left on queue.
The depth of the complete state graph search is 19.
The average outdegree of the complete state graph is 1 (minimum is 0, the maximum 13 and the 95th percentile is 4).
Finished in 02s at (2026-10-04 01:02:52)
