TLC2 Version 2.19 of 08 August 2024 (rev: 5a47802)
Warning: Please run the Java VM which executes TLC with a throughput optimized garbage collector by passing the "-XX:+UseParallelGC" property.
(Use the -nowarning option to disable this warning.)
Running breadth-first search Model-Checking with fp 73 and seed 6401364895876384160 with 1 worker on 32 cores with 4096MB heap and 64MB offheap memory [pid: 1707335] (Linux 7.0.0-1012-aws amd64, Ubuntu 25.0.4.1 x86_64, MSBDiskFPSet, DiskStateQueue).
Parsing file /data/home/kirancodes/Documents/code/paralean-harden/.runs/tla/negative/collision/Collision.tla
Parsing file /data/home/kirancodes/Documents/code/paralean-harden/.runs/tla/negative/collision/Registry.tla
Parsing file /tmp/FiniteSets.tla
Parsing file /tmp/TLC.tla
Parsing file /tmp/Naturals.tla
Parsing file /tmp/Sequences.tla
Semantic processing of module Naturals
Semantic processing of module Sequences
Semantic processing of module FiniteSets
Semantic processing of module TLC
Semantic processing of module Registry
Semantic processing of module Collision
Starting... (2026-10-05 16:19:55)
Computing initial states...
Finished computing initial states: 1 distinct state generated at 2026-10-05 16:19:55.
Error: Invariant NeverCollided is violated.
Error: The behavior up to this point is:
State 1: <Initial predicate>
/\ alive = {"A", "B"}
/\ lastCommitCurrent = TRUE
/\ pending = [A |-> {}, B |-> {}]
/\ online = {"A", "B"}
/\ published = {}
/\ known = [A |-> {}, B |-> {}]
/\ stable = FALSE
/\ head = [A |-> {}, B |-> {}]

State 2: <Prepare line 52, col 5 to line 59, col 38 of module Registry>
/\ alive = {"A", "B"}
/\ lastCommitCurrent = TRUE
/\ pending = [A |-> {"x"}, B |-> {}]
/\ online = {"A", "B"}
/\ published = {}
/\ known = [A |-> {}, B |-> {}]
/\ stable = FALSE
/\ head = [A |-> {}, B |-> {}]

State 3: <Publish line 64, col 5 to line 69, col 67 of module Registry>
/\ alive = {"A", "B"}
/\ lastCommitCurrent = TRUE
/\ pending = [A |-> {}, B |-> {}]
/\ online = {"A", "B"}
/\ published = {"x"}
/\ known = [A |-> {"x"}, B |-> {}]
/\ stable = FALSE
/\ head = [A |-> {}, B |-> {}]

State 4: <Prepare line 52, col 5 to line 59, col 38 of module Registry>
/\ alive = {"A", "B"}
/\ lastCommitCurrent = TRUE
/\ pending = [A |-> {"y"}, B |-> {}]
/\ online = {"A", "B"}
/\ published = {"x"}
/\ known = [A |-> {"x"}, B |-> {}]
/\ stable = FALSE
/\ head = [A |-> {}, B |-> {}]

State 5: <Publish line 64, col 5 to line 69, col 67 of module Registry>
/\ alive = {"A", "B"}
/\ lastCommitCurrent = TRUE
/\ pending = [A |-> {}, B |-> {}]
/\ online = {"A", "B"}
/\ published = {"x", "y"}
/\ known = [A |-> {"x", "y"}, B |-> {}]
/\ stable = FALSE
/\ head = [A |-> {}, B |-> {}]

470 states generated, 149 distinct states found, 102 states left on queue.
The depth of the complete state graph search is 5.
The average outdegree of the complete state graph is 3 (minimum is 0, the maximum 11 and the 95th percentile is 9).
Finished in 00s at (2026-10-05 16:19:55)
