TLC2 Version 2.19 of 08 August 2024 (rev: 5a47802)
Warning: Please run the Java VM which executes TLC with a throughput optimized garbage collector by passing the "-XX:+UseParallelGC" property.
(Use the -nowarning option to disable this warning.)
Running breadth-first search Model-Checking with fp 6 and seed 4063369775329903086 with 1 worker on 32 cores with 4096MB heap and 64MB offheap memory [pid: 1708723] (Linux 7.0.0-1012-aws amd64, Ubuntu 25.0.4.1 x86_64, MSBDiskFPSet, DiskStateQueue).
Parsing file /data/home/kirancodes/Documents/code/paralean-harden/.runs/tla/negative/dependent_work_blocked/Chain.tla
Parsing file /data/home/kirancodes/Documents/code/paralean-harden/.runs/tla/negative/dependent_work_blocked/Registry.tla
Parsing file /tmp/FiniteSets.tla
Parsing file /tmp/TLC.tla
Parsing file /tmp/Naturals.tla
Parsing file /tmp/Sequences.tla
Semantic processing of module Naturals
Semantic processing of module Sequences
Semantic processing of module FiniteSets
Semantic processing of module TLC
Semantic processing of module Registry
Semantic processing of module Chain
Starting... (2026-10-05 16:20:16)
Computing initial states...
Finished computing initial states: 1 distinct state generated at 2026-10-05 16:20:16.
Model checking completed. No error has been found.
  Estimates of the probability that TLC did not check all reachable states
  because two distinct states had the same fingerprint:
  calculated (optimistic):  val = 3.0E-14
2130 states generated, 298 distinct states found, 0 states left on queue.
The depth of the complete state graph search is 13.
The average outdegree of the complete state graph is 1 (minimum is 0, the maximum 8 and the 95th percentile is 4).
Finished in 00s at (2026-10-05 16:20:16)
