TLC2 Version 2.19 of 08 August 2024 (rev: 5a47802)
Warning: Please run the Java VM which executes TLC with a throughput optimized garbage collector by passing the "-XX:+UseParallelGC" property.
(Use the -nowarning option to disable this warning.)
Running breadth-first search Model-Checking with fp 127 and seed 4480145443948379228 with 1 worker on 32 cores with 4096MB heap and 64MB offheap memory [pid: 1707384] (Linux 7.0.0-1012-aws amd64, Ubuntu 25.0.4.1 x86_64, MSBDiskFPSet, DiskStateQueue).
Parsing file /data/home/kirancodes/Documents/code/paralean-harden/.runs/tla/negative/durable/Quorums.tla
Parsing file /data/home/kirancodes/Documents/code/paralean-harden/.runs/tla/negative/durable/Durability.tla
Parsing file /tmp/FiniteSets.tla
Parsing file /tmp/TLC.tla
Parsing file /tmp/Naturals.tla
Parsing file /tmp/Sequences.tla
Semantic processing of module Naturals
Semantic processing of module Sequences
Semantic processing of module FiniteSets
Semantic processing of module TLC
Semantic processing of module Durability
Semantic processing of module Quorums
Starting... (2026-10-05 16:19:56)
Computing initial states...
Finished computing initial states: 1 distinct state generated at 2026-10-05 16:19:56.
Error: Invariant NeverAcked is violated.
Error: The behavior up to this point is:
State 1: <Initial predicate>
/\ live = {"r1", "r2", "r3"}
/\ witness = [source |-> {"r1", "r2"}, term |-> {"r1", "r2"}]
/\ stored = [r1 |-> {}, r2 |-> {}, r3 |-> {}]
/\ acknowledged = {}

State 2: <Put line 23, col 14 to line 25, col 57 of module Durability>
/\ live = {"r1", "r2", "r3"}
/\ witness = [source |-> {"r1", "r2"}, term |-> {"r1", "r2"}]
/\ stored = [r1 |-> {"source"}, r2 |-> {}, r3 |-> {}]
/\ acknowledged = {}

State 3: <Put line 23, col 14 to line 25, col 57 of module Durability>
/\ live = {"r1", "r2", "r3"}
/\ witness = [source |-> {"r1", "r2"}, term |-> {"r1", "r2"}]
/\ stored = [r1 |-> {"source"}, r2 |-> {"source"}, r3 |-> {}]
/\ acknowledged = {}

State 4: <Ack line 26, col 14 to line 30, col 42 of module Durability>
/\ live = {"r1", "r2", "r3"}
/\ witness = [source |-> {"r1", "r2"}, term |-> {"r1", "r2"}]
/\ stored = [r1 |-> {"source"}, r2 |-> {"source"}, r3 |-> {}]
/\ acknowledged = {"source"}

83 states generated, 42 distinct states found, 30 states left on queue.
The depth of the complete state graph search is 4.
The average outdegree of the complete state graph is 4 (minimum is 0, the maximum 9 and the 95th percentile is 9).
Finished in 00s at (2026-10-05 16:19:56)
