TLC2 Version 2.19 of 08 August 2024 (rev: 5a47802)
Warning: Please run the Java VM which executes TLC with a throughput optimized garbage collector by passing the "-XX:+UseParallelGC" property.
(Use the -nowarning option to disable this warning.)
Running breadth-first search Model-Checking with fp 19 and seed 221127873351782821 with 1 worker on 32 cores with 4096MB heap and 64MB offheap memory [pid: 3787080] (Linux 7.0.0-1012-aws amd64, Ubuntu 25.0.4.1 x86_64, MSBDiskFPSet, DiskStateQueue).
Parsing file /tmp/paralean-protocol.oNAGuR/.runs/tla/negative/export_rejection_work/ExportRejected.tla
Parsing file /tmp/paralean-protocol.oNAGuR/.runs/tla/negative/export_rejection_work/Registry.tla
Parsing file /tmp/FiniteSets.tla
Parsing file /tmp/TLC.tla
Parsing file /tmp/Naturals.tla
Parsing file /tmp/Sequences.tla
Semantic processing of module Naturals
Semantic processing of module Sequences
Semantic processing of module FiniteSets
Semantic processing of module TLC
Semantic processing of module Registry
Semantic processing of module ExportRejected
Starting... (2026-10-04 01:02:40)
Computing initial states...
Finished computing initial states: 1 distinct state generated at 2026-10-04 01:02:40.
Error: Invariant NeverPublished is violated.
Error: The behavior up to this point is:
State 1: <Initial predicate>
/\ alive = {"A"}
/\ lastCommitCurrent = TRUE
/\ pending = [A |-> {}]
/\ online = {"A"}
/\ published = {}
/\ known = [A |-> {}]
/\ stable = FALSE
/\ head = [A |-> {}]

State 2: <Prepare line 52, col 5 to line 59, col 38 of module Registry>
/\ alive = {"A"}
/\ lastCommitCurrent = TRUE
/\ pending = [A |-> {"helper"}]
/\ online = {"A"}
/\ published = {}
/\ known = [A |-> {}]
/\ stable = FALSE
/\ head = [A |-> {}]

State 3: <Publish line 64, col 5 to line 69, col 67 of module Registry>
/\ alive = {"A"}
/\ lastCommitCurrent = TRUE
/\ pending = [A |-> {}]
/\ online = {"A"}
/\ published = {"helper"}
/\ known = [A |-> {"helper"}]
/\ stable = FALSE
/\ head = [A |-> {}]

8 states generated, 6 distinct states found, 3 states left on queue.
The depth of the complete state graph search is 3.
The average outdegree of the complete state graph is 4 (minimum is 4, the maximum 4 and the 95th percentile is 4).
Finished in 00s at (2026-10-04 01:02:40)
