TLC2 Version 2.19 of 08 August 2024 (rev: 5a47802)
Warning: Please run the Java VM which executes TLC with a throughput optimized garbage collector by passing the "-XX:+UseParallelGC" property.
(Use the -nowarning option to disable this warning.)
Running breadth-first search Model-Checking with fp 97 and seed -3214660581410743360 with 1 worker on 32 cores with 4096MB heap and 64MB offheap memory [pid: 1709017] (Linux 7.0.0-1012-aws amd64, Ubuntu 25.0.4.1 x86_64, MSBDiskFPSet, DiskStateQueue).
Parsing file /data/home/kirancodes/Documents/code/paralean-harden/.runs/tla/negative/no_fair_receive/Collision.tla
Parsing file /data/home/kirancodes/Documents/code/paralean-harden/.runs/tla/negative/no_fair_receive/Registry.tla
Parsing file /tmp/FiniteSets.tla
Parsing file /tmp/TLC.tla
Parsing file /tmp/Naturals.tla
Parsing file /tmp/Sequences.tla
Semantic processing of module Naturals
Semantic processing of module Sequences
Semantic processing of module FiniteSets
Semantic processing of module TLC
Semantic processing of module Registry
Semantic processing of module Collision
Starting... (2026-10-05 16:20:24)
Implied-temporal checking--satisfiability problem has 6 branches.
Computing initial states...
Finished computing initial states: 1 distinct state generated at 2026-10-05 16:20:24.
Progress(19) at 2026-10-05 16:20:27: 186,121 states generated, 15,928 distinct states found, 0 states left on queue.
Checking 6 branches of temporal properties for the complete state space with 95568 total distinct states at (2026-10-05 16:20:27)
Error: Temporal properties were violated.

Error: The following behavior constitutes a counter-example:

State 1: <Initial predicate>
/\ alive = {"A", "B"}
/\ lastCommitCurrent = TRUE
/\ pending = [A |-> {}, B |-> {}]
/\ online = {"A", "B"}
/\ published = {}
/\ known = [A |-> {}, B |-> {}]
/\ stable = FALSE
/\ head = [A |-> {}, B |-> {}]

State 2: <Prepare line 52, col 5 to line 59, col 38 of module Registry>
/\ alive = {"A", "B"}
/\ lastCommitCurrent = TRUE
/\ pending = [A |-> {}, B |-> {"x"}]
/\ online = {"A", "B"}
/\ published = {}
/\ known = [A |-> {}, B |-> {}]
/\ stable = FALSE
/\ head = [A |-> {}, B |-> {}]

State 3: <Prepare line 52, col 5 to line 59, col 38 of module Registry>
/\ alive = {"A", "B"}
/\ lastCommitCurrent = TRUE
/\ pending = [A |-> {"x"}, B |-> {"x"}]
/\ online = {"A", "B"}
/\ published = {}
/\ known = [A |-> {}, B |-> {}]
/\ stable = FALSE
/\ head = [A |-> {}, B |-> {}]

State 4: <Publish line 64, col 5 to line 69, col 67 of module Registry>
/\ alive = {"A", "B"}
/\ lastCommitCurrent = TRUE
/\ pending = [A |-> {"x"}, B |-> {}]
/\ online = {"A", "B"}
/\ published = {"x"}
/\ known = [A |-> {}, B |-> {"x"}]
/\ stable = FALSE
/\ head = [A |-> {}, B |-> {}]

State 5: <Heal line 116, col 9 to line 120, col 75 of module Registry>
/\ alive = {"A", "B"}
/\ lastCommitCurrent = TRUE
/\ pending = [A |-> {"x"}, B |-> {}]
/\ online = {"A", "B"}
/\ published = {"x"}
/\ known = [A |-> {}, B |-> {"x"}]
/\ stable = TRUE
/\ head = [A |-> {}, B |-> {}]

State 6: <Prepare line 52, col 5 to line 59, col 38 of module Registry>
/\ alive = {"A", "B"}
/\ lastCommitCurrent = TRUE
/\ pending = [A |-> {"x"}, B |-> {"y"}]
/\ online = {"A", "B"}
/\ published = {"x"}
/\ known = [A |-> {}, B |-> {"x"}]
/\ stable = TRUE
/\ head = [A |-> {}, B |-> {}]

State 7: <Publish line 64, col 5 to line 69, col 67 of module Registry>
/\ alive = {"A", "B"}
/\ lastCommitCurrent = TRUE
/\ pending = [A |-> {"x"}, B |-> {}]
/\ online = {"A", "B"}
/\ published = {"x", "y"}
/\ known = [A |-> {}, B |-> {"x", "y"}]
/\ stable = TRUE
/\ head = [A |-> {}, B |-> {}]

State 8: <Prepare line 52, col 5 to line 59, col 38 of module Registry>
/\ alive = {"A", "B"}
/\ lastCommitCurrent = TRUE
/\ pending = [A |-> {"x"}, B |-> {"y"}]
/\ online = {"A", "B"}
/\ published = {"x", "y"}
/\ known = [A |-> {}, B |-> {"x", "y"}]
/\ stable = TRUE
/\ head = [A |-> {}, B |-> {}]

State 9: <Receive line 74, col 5 to line 79, col 38 of module Registry>
/\ alive = {"A", "B"}
/\ lastCommitCurrent = TRUE
/\ pending = [A |-> {"x"}, B |-> {"y"}]
/\ online = {"A", "B"}
/\ published = {"x", "y"}
/\ known = [A |-> {"y"}, B |-> {"x", "y"}]
/\ stable = TRUE
/\ head = [A |-> {}, B |-> {}]

State 10: <Prepare line 52, col 5 to line 59, col 38 of module Registry>
/\ alive = {"A", "B"}
/\ lastCommitCurrent = TRUE
/\ pending = [A |-> {"x"}, B |-> {"x", "y"}]
/\ online = {"A", "B"}
/\ published = {"x", "y"}
/\ known = [A |-> {"y"}, B |-> {"x", "y"}]
/\ stable = TRUE
/\ head = [A |-> {}, B |-> {}]

Back to state 9: <Publish line 64, col 5 to line 69, col 67 of module Registry>

Finished checking temporal properties in 00s at 2026-10-05 16:20:27
186121 states generated, 15928 distinct states found, 0 states left on queue.
Finished in 03s at (2026-10-05 16:20:27)
