TLC2 Version 2.19 of 08 August 2024 (rev: 5a47802)
Warning: Please run the Java VM which executes TLC with a throughput optimized garbage collector by passing the "-XX:+UseParallelGC" property.
(Use the -nowarning option to disable this warning.)
Running breadth-first search Model-Checking with fp 45 and seed -4431498657256155890 with 1 worker on 32 cores with 4096MB heap and 64MB offheap memory [pid: 1707736] (Linux 7.0.0-1012-aws amd64, Ubuntu 25.0.4.1 x86_64, MSBDiskFPSet, DiskStateQueue).
Parsing file /data/home/kirancodes/Documents/code/paralean-harden/.runs/tla/negative/receipt_work/Receipts.tla
Parsing file /tmp/FiniteSets.tla
Parsing file /tmp/Naturals.tla
Parsing file /tmp/Sequences.tla
Semantic processing of module Naturals
Semantic processing of module Sequences
Semantic processing of module FiniteSets
Semantic processing of module Receipts
Starting... (2026-10-05 16:20:02)
Computing initial states...
Finished computing initial states: 1 distinct state generated at 2026-10-05 16:20:02.
Error: Invariant NeverValidPublished is violated.
Error: The behavior up to this point is:
State 1: <Initial predicate>
/\ pending = [W1 |-> {}, W2 |-> {}]
/\ published = {}
/\ held = [W1 |-> {}, W2 |-> {}]
/\ receipts = {}

State 2: <Issue line 43, col 3 to line 46, col 43 of module Receipts>
/\ pending = [W1 |-> {}, W2 |-> {}]
/\ published = {}
/\ held = [W1 |-> {}, W2 |-> {}]
/\ receipts = {"a"}

State 3: <Deliver line 49, col 3 to line 51, col 47 of module Receipts>
/\ pending = [W1 |-> {}, W2 |-> {}]
/\ published = {}
/\ held = [W1 |-> {"a"}, W2 |-> {}]
/\ receipts = {"a"}

State 4: <Prepare line 36, col 3 to line 39, col 44 of module Receipts>
/\ pending = [W1 |-> {"a"}, W2 |-> {}]
/\ published = {}
/\ held = [W1 |-> {"a"}, W2 |-> {}]
/\ receipts = {"a"}

State 5: <Publish line 54, col 3 to line 57, col 33 of module Receipts>
/\ pending = [W1 |-> {}, W2 |-> {}]
/\ published = {"a"}
/\ held = [W1 |-> {"a"}, W2 |-> {}]
/\ receipts = {"a"}

24 states generated, 8 distinct states found, 2 states left on queue.
The depth of the complete state graph search is 5.
The average outdegree of the complete state graph is 2 (minimum is 1, the maximum 2 and the 95th percentile is 2).
Finished in 00s at (2026-10-05 16:20:02)
