TLC2 Version 2.19 of 08 August 2024 (rev: 5a47802)
Warning: Please run the Java VM which executes TLC with a throughput optimized garbage collector by passing the "-XX:+UseParallelGC" property.
(Use the -nowarning option to disable this warning.)
Running breadth-first search Model-Checking with fp 130 and seed 7053703641693718149 with 1 worker on 32 cores with 4096MB heap and 64MB offheap memory [pid: 2108951] (Linux 7.0.0-1012-aws amd64, Ubuntu 25.0.4.1 x86_64, MSBDiskFPSet, DiskStateQueue).
Parsing file /data/home/kirancodes/Documents/code/paralean/.runs/tla/negative/silent_winner/Collision.tla
Parsing file /data/home/kirancodes/Documents/code/paralean/.runs/tla/negative/silent_winner/Registry.tla
Parsing file /tmp/FiniteSets.tla
Parsing file /tmp/TLC.tla
Parsing file /tmp/Naturals.tla
Parsing file /tmp/Sequences.tla
Semantic processing of module Naturals
Semantic processing of module Sequences
Semantic processing of module FiniteSets
Semantic processing of module TLC
Semantic processing of module Registry
Semantic processing of module Collision
Starting... (2026-10-03 21:54:35)
Implied-temporal checking--satisfiability problem has 6 branches.
Computing initial states...
Finished computing initial states: 1 distinct state generated at 2026-10-03 21:54:35.
Checking 6 branches of temporal properties for the current state space with 65982 total distinct states at (2026-10-03 21:54:38)
Error: Temporal properties were violated.

Error: The following behavior constitutes a counter-example:

State 1: <Initial predicate>
/\ pending = [A |-> {}, B |-> {}]
/\ online = {"A", "B"}
/\ alive = {"A", "B"}
/\ published = {}
/\ stable = FALSE
/\ known = [A |-> {}, B |-> {}]
/\ head = [A |-> {}, B |-> {}]

State 2: <Heal line 107, col 9 to line 111, col 56 of module Registry>
/\ pending = [A |-> {}, B |-> {}]
/\ online = {"A", "B"}
/\ alive = {"A", "B"}
/\ published = {}
/\ stable = TRUE
/\ known = [A |-> {}, B |-> {}]
/\ head = [A |-> {}, B |-> {}]

State 3: <Prepare line 49, col 5 to line 55, col 66 of module Registry>
/\ pending = [A |-> {"y"}, B |-> {}]
/\ online = {"A", "B"}
/\ alive = {"A", "B"}
/\ published = {}
/\ stable = TRUE
/\ known = [A |-> {}, B |-> {}]
/\ head = [A |-> {}, B |-> {}]

State 4: <Prepare line 49, col 5 to line 55, col 66 of module Registry>
/\ pending = [A |-> {"x", "y"}, B |-> {}]
/\ online = {"A", "B"}
/\ alive = {"A", "B"}
/\ published = {}
/\ stable = TRUE
/\ known = [A |-> {}, B |-> {}]
/\ head = [A |-> {}, B |-> {}]

State 5: <Publish line 60, col 5 to line 65, col 48 of module Registry>
/\ pending = [A |-> {"y"}, B |-> {}]
/\ online = {"A", "B"}
/\ alive = {"A", "B"}
/\ published = {"x"}
/\ stable = TRUE
/\ known = [A |-> {"x"}, B |-> {}]
/\ head = [A |-> {}, B |-> {}]

State 6: <Commit line 77, col 5 to line 82, col 69 of module Registry>
/\ pending = [A |-> {"y"}, B |-> {}]
/\ online = {"A", "B"}
/\ alive = {"A", "B"}
/\ published = {"x"}
/\ stable = TRUE
/\ known = [A |-> {"x"}, B |-> {}]
/\ head = [A |-> {"x"}, B |-> {}]

State 7: <Publish line 60, col 5 to line 65, col 48 of module Registry>
/\ pending = [A |-> {}, B |-> {}]
/\ online = {"A", "B"}
/\ alive = {"A", "B"}
/\ published = {"x", "y"}
/\ stable = TRUE
/\ known = [A |-> {"x", "y"}, B |-> {}]
/\ head = [A |-> {"x"}, B |-> {}]

State 8: <Prepare line 49, col 5 to line 55, col 66 of module Registry>
/\ pending = [A |-> {"y"}, B |-> {}]
/\ online = {"A", "B"}
/\ alive = {"A", "B"}
/\ published = {"x", "y"}
/\ stable = TRUE
/\ known = [A |-> {"x", "y"}, B |-> {}]
/\ head = [A |-> {"x"}, B |-> {}]

State 9: <Receive line 70, col 5 to line 74, col 68 of module Registry>
/\ pending = [A |-> {"y"}, B |-> {}]
/\ online = {"A", "B"}
/\ alive = {"A", "B"}
/\ published = {"x", "y"}
/\ stable = TRUE
/\ known = [A |-> {"x", "y"}, B |-> {"x"}]
/\ head = [A |-> {"x"}, B |-> {}]

State 10: <Receive line 70, col 5 to line 74, col 68 of module Registry>
/\ pending = [A |-> {"y"}, B |-> {}]
/\ online = {"A", "B"}
/\ alive = {"A", "B"}
/\ published = {"x", "y"}
/\ stable = TRUE
/\ known = [A |-> {"x", "y"}, B |-> {"x", "y"}]
/\ head = [A |-> {"x"}, B |-> {}]

State 11: <Prepare line 49, col 5 to line 55, col 66 of module Registry>
/\ pending = [A |-> {"y"}, B |-> {"y"}]
/\ online = {"A", "B"}
/\ alive = {"A", "B"}
/\ published = {"x", "y"}
/\ stable = TRUE
/\ known = [A |-> {"x", "y"}, B |-> {"x", "y"}]
/\ head = [A |-> {"x"}, B |-> {}]

State 12: <Publish line 60, col 5 to line 65, col 48 of module Registry>
/\ pending = [A |-> {"y"}, B |-> {}]
/\ online = {"A", "B"}
/\ alive = {"A", "B"}
/\ published = {"x", "y"}
/\ stable = TRUE
/\ known = [A |-> {"x", "y"}, B |-> {"x", "y"}]
/\ head = [A |-> {"x"}, B |-> {}]

Back to state 11: <Prepare line 49, col 5 to line 55, col 66 of module Registry>

Finished checking temporal properties in 00s at 2026-10-03 21:54:39
106452 states generated, 11396 distinct states found, 2394 states left on queue.
Finished in 03s at (2026-10-03 21:54:39)
