TLC2 Version 2.19 of 08 August 2024 (rev: 5a47802)
Warning: Please run the Java VM which executes TLC with a throughput optimized garbage collector by passing the "-XX:+UseParallelGC" property.
(Use the -nowarning option to disable this warning.)
Running breadth-first search Model-Checking with fp 65 and seed -4501654323719210459 with 1 worker on 32 cores with 4096MB heap and 64MB offheap memory [pid: 3787462] (Linux 7.0.0-1012-aws amd64, Ubuntu 25.0.4.1 x86_64, MSBDiskFPSet, DiskStateQueue).
Parsing file /tmp/paralean-protocol.oNAGuR/.runs/tla/negative/unpublished_receive/Rejected.tla
Parsing file /tmp/paralean-protocol.oNAGuR/.runs/tla/negative/unpublished_receive/Registry.tla
Parsing file /tmp/FiniteSets.tla
Parsing file /tmp/TLC.tla
Parsing file /tmp/Naturals.tla
Parsing file /tmp/Sequences.tla
Semantic processing of module Naturals
Semantic processing of module Sequences
Semantic processing of module FiniteSets
Semantic processing of module TLC
Semantic processing of module Registry
Semantic processing of module Rejected
Starting... (2026-10-04 01:02:43)
Computing initial states...
Finished computing initial states: 1 distinct state generated at 2026-10-04 01:02:43.
Error: Invariant AdmissionSafety is violated.
Error: The behavior up to this point is:
State 1: <Initial predicate>
/\ alive = {"A", "B"}
/\ lastCommitCurrent = TRUE
/\ pending = [A |-> {}, B |-> {}]
/\ online = {"A", "B"}
/\ published = {}
/\ known = [A |-> {}, B |-> {}]
/\ stable = FALSE
/\ head = [A |-> {}, B |-> {}]

State 2: <Receive line 74, col 5 to line 79, col 38 of module Registry>
/\ alive = {"A", "B"}
/\ lastCommitCurrent = TRUE
/\ pending = [A |-> {}, B |-> {}]
/\ online = {"A", "B"}
/\ published = {}
/\ known = [A |-> {"bad"}, B |-> {}]
/\ stable = FALSE
/\ head = [A |-> {}, B |-> {}]

2 states generated, 2 distinct states found, 0 states left on queue.
The depth of the complete state graph search is 2.
Finished in 00s at (2026-10-04 01:02:43)
