TLC2 Version 2.19 of 08 August 2024 (rev: 5a47802)
Warning: Please run the Java VM which executes TLC with a throughput optimized garbage collector by passing the "-XX:+UseParallelGC" property.
(Use the -nowarning option to disable this warning.)
Running breadth-first search Model-Checking with fp 130 and seed 7684399744013461289 with 1 worker on 32 cores with 4096MB heap and 64MB offheap memory [pid: 1709419] (Linux 7.0.0-1012-aws amd64, Ubuntu 25.0.4.1 x86_64, MSBDiskFPSet, DiskStateQueue).
Parsing file /data/home/kirancodes/Documents/code/paralean-harden/.runs/tla/negative/unreceipted_publication/Receipts.tla
Parsing file /tmp/FiniteSets.tla
Parsing file /tmp/Naturals.tla
Parsing file /tmp/Sequences.tla
Semantic processing of module Naturals
Semantic processing of module Sequences
Semantic processing of module FiniteSets
Semantic processing of module Receipts
Starting... (2026-10-05 16:20:34)
Computing initial states...
Finished computing initial states: 1 distinct state generated at 2026-10-05 16:20:35.
Error: Invariant PublishedValid is violated.
Error: The behavior up to this point is:
State 1: <Initial predicate>
/\ pending = [W1 |-> {}, W2 |-> {}]
/\ published = {}
/\ held = [W1 |-> {}, W2 |-> {}]
/\ receipts = {}

State 2: <Prepare line 36, col 3 to line 39, col 44 of module Receipts>
/\ pending = [W1 |-> {"bad"}, W2 |-> {}]
/\ published = {}
/\ held = [W1 |-> {}, W2 |-> {}]
/\ receipts = {}

State 3: <Publish line 54, col 3 to line 57, col 33 of module Receipts>
/\ pending = [W1 |-> {}, W2 |-> {}]
/\ published = {"bad"}
/\ held = [W1 |-> {}, W2 |-> {}]
/\ receipts = {}

28 states generated, 15 distinct states found, 10 states left on queue.
The depth of the complete state graph search is 3.
The average outdegree of the complete state graph is 4 (minimum is 3, the maximum 5 and the 95th percentile is 5).
Finished in 00s at (2026-10-05 16:20:35)
