TLC2 Version 2.19 of 08 August 2024 (rev: 5a47802)
Warning: Please run the Java VM which executes TLC with a throughput optimized garbage collector by passing the "-XX:+UseParallelGC" property.
(Use the -nowarning option to disable this warning.)
Running breadth-first search Model-Checking with fp 87 and seed -4977409215634677830 with 1 worker on 32 cores with 4096MB heap and 64MB offheap memory [pid: 1707221] (Linux 7.0.0-1012-aws amd64, Ubuntu 25.0.4.1 x86_64, MSBDiskFPSet, DiskStateQueue).
Parsing file /data/home/kirancodes/Documents/code/paralean-harden/.runs/tla/negative/work/Chain.tla
Parsing file /data/home/kirancodes/Documents/code/paralean-harden/.runs/tla/negative/work/Registry.tla
Parsing file /tmp/FiniteSets.tla
Parsing file /tmp/TLC.tla
Parsing file /tmp/Naturals.tla
Parsing file /tmp/Sequences.tla
Semantic processing of module Naturals
Semantic processing of module Sequences
Semantic processing of module FiniteSets
Semantic processing of module TLC
Semantic processing of module Registry
Semantic processing of module Chain
Starting... (2026-10-05 16:19:53)
Computing initial states...
Finished computing initial states: 1 distinct state generated at 2026-10-05 16:19:54.
Error: Invariant NeverChainCommitted is violated.
Error: The behavior up to this point is:
State 1: <Initial predicate>
/\ alive = {"A", "B"}
/\ lastCommitCurrent = TRUE
/\ pending = [A |-> {}, B |-> {}]
/\ online = {"A", "B"}
/\ published = {}
/\ known = [A |-> {}, B |-> {}]
/\ stable = FALSE
/\ head = [A |-> {}, B |-> {}]

State 2: <ChainWorkNext line 15, col 11 to line 15, col 59 of module Chain>
/\ alive = {"A", "B"}
/\ lastCommitCurrent = TRUE
/\ pending = [A |-> {}, B |-> {"b"}]
/\ online = {"A", "B"}
/\ published = {}
/\ known = [A |-> {}, B |-> {}]
/\ stable = FALSE
/\ head = [A |-> {}, B |-> {}]

State 3: <ChainWorkNext line 15, col 11 to line 15, col 59 of module Chain>
/\ alive = {"A", "B"}
/\ lastCommitCurrent = TRUE
/\ pending = [A |-> {}, B |-> {}]
/\ online = {"A", "B"}
/\ published = {"b"}
/\ known = [A |-> {}, B |-> {"b"}]
/\ stable = FALSE
/\ head = [A |-> {}, B |-> {}]

State 4: <Receive line 74, col 5 to line 79, col 38 of module Registry>
/\ alive = {"A", "B"}
/\ lastCommitCurrent = TRUE
/\ pending = [A |-> {}, B |-> {}]
/\ online = {"A", "B"}
/\ published = {"b"}
/\ known = [A |-> {"b"}, B |-> {"b"}]
/\ stable = FALSE
/\ head = [A |-> {}, B |-> {}]

State 5: <ChainWorkNext line 15, col 11 to line 15, col 59 of module Chain>
/\ alive = {"A", "B"}
/\ lastCommitCurrent = TRUE
/\ pending = [A |-> {"a"}, B |-> {}]
/\ online = {"A", "B"}
/\ published = {"b"}
/\ known = [A |-> {"b"}, B |-> {"b"}]
/\ stable = FALSE
/\ head = [A |-> {}, B |-> {}]

State 6: <ChainWorkNext line 15, col 11 to line 15, col 59 of module Chain>
/\ alive = {"A", "B"}
/\ lastCommitCurrent = TRUE
/\ pending = [A |-> {}, B |-> {}]
/\ online = {"A", "B"}
/\ published = {"b", "a"}
/\ known = [A |-> {"b", "a"}, B |-> {"b"}]
/\ stable = FALSE
/\ head = [A |-> {}, B |-> {}]

State 7: <Receive line 74, col 5 to line 79, col 38 of module Registry>
/\ alive = {"A", "B"}
/\ lastCommitCurrent = TRUE
/\ pending = [A |-> {}, B |-> {}]
/\ online = {"A", "B"}
/\ published = {"b", "a"}
/\ known = [A |-> {"b", "a"}, B |-> {"b", "a"}]
/\ stable = FALSE
/\ head = [A |-> {}, B |-> {}]

State 8: <ChainWorkNext line 15, col 11 to line 15, col 59 of module Chain>
/\ alive = {"A", "B"}
/\ lastCommitCurrent = TRUE
/\ pending = [A |-> {}, B |-> {"c"}]
/\ online = {"A", "B"}
/\ published = {"b", "a"}
/\ known = [A |-> {"b", "a"}, B |-> {"b", "a"}]
/\ stable = FALSE
/\ head = [A |-> {}, B |-> {}]

State 9: <ChainWorkNext line 15, col 11 to line 15, col 59 of module Chain>
/\ alive = {"A", "B"}
/\ lastCommitCurrent = TRUE
/\ pending = [A |-> {}, B |-> {}]
/\ online = {"A", "B"}
/\ published = {"b", "a", "c"}
/\ known = [A |-> {"b", "a"}, B |-> {"b", "a", "c"}]
/\ stable = FALSE
/\ head = [A |-> {}, B |-> {}]

State 10: <Commit line 82, col 5 to line 88, col 69 of module Registry>
/\ alive = {"A", "B"}
/\ lastCommitCurrent = TRUE
/\ pending = [A |-> {}, B |-> {}]
/\ online = {"A", "B"}
/\ published = {"b", "a", "c"}
/\ known = [A |-> {"b", "a"}, B |-> {"b", "a", "c"}]
/\ stable = FALSE
/\ head = [A |-> {}, B |-> {"b", "a", "c"}]

3619 states generated, 703 distinct states found, 296 states left on queue.
The depth of the complete state graph search is 10.
The average outdegree of the complete state graph is 2 (minimum is 0, the maximum 10 and the 95th percentile is 6).
Finished in 00s at (2026-10-05 16:19:54)
