capture F:Fixtures/F01Theorem.lean
  effect 03fba41a moduleDoc L1 members=0 pub=0 realized=0 deps=0 fe=0 bytes=75
  decl 6cbe0f14 declaration L4 members=1 pub=1 realized=0 deps=0 fe=0 bytes=303
  decl 4be1faac declaration L6 members=1 pub=1 realized=0 deps=0 fe=0 bytes=337
  decl acb7781c declaration L8 members=1 pub=1 realized=0 deps=0 fe=0 bytes=579
  decl 45c3a361 declaration L11 members=2 pub=1 realized=0 deps=0 fe=0 bytes=474
  decl e6cbdde0 declaration L14 members=1 pub=1 realized=0 deps=1 fe=0 bytes=352
  decl 1e4c4681 declaration L16 members=1 pub=1 realized=0 deps=1 fe=0 bytes=343
  => 7 groups, 3 skipped, 0 diagnostics (0 reject)
capture F:Fixtures/F02Def.lean
  effect 7f94dcf4 moduleDoc L1 members=0 pub=0 realized=0 deps=0 fe=0 bytes=75
  decl b80feca1 declaration L5 members=1 pub=1 realized=0 deps=0 fe=0 bytes=213
  decl 375b6f90 declaration L7 members=1 pub=1 realized=0 deps=0 fe=0 bytes=128
  decl fddc910c declaration L9 members=2 pub=1 realized=0 deps=0 fe=0 bytes=671
  decl 42ad731b declaration L14 members=1 pub=1 realized=7 deps=1 fe=0 bytes=404
  decl d528d345 declaration L17 members=1 pub=1 realized=1 deps=1 fe=0 bytes=433
  decl a0a2bff6 declaration L19 members=1 pub=1 realized=0 deps=1 fe=0 bytes=850
prelude: 7/7 groups replayed with identical declaration IDs
  => 7 groups, 3 skipped, 0 diagnostics (0 reject)
capture F:Fixtures/F03Structure.lean
  effect c99b4cbf moduleDoc L1 members=0 pub=0 realized=0 deps=0 fe=0 bytes=75
  decl 2592f5e1 declaration L4 members=20 pub=7 realized=0 deps=0 fe=0 bytes=2773
  decl 9c5254c4 declaration L9 members=18 pub=4 realized=0 deps=1 fe=0 bytes=2360
  decl ba9d7409 declaration L12 members=11 pub=4 realized=0 deps=0 fe=2 bytes=1659
  decl ad23f5f9 declaration L15 members=1 pub=1 realized=0 deps=1 fe=1 bytes=1260
  decl de8f8111 declaration L18 members=1 pub=1 realized=0 deps=2 fe=0 bytes=299
  decl 6a1733a6 declaration L20 members=1 pub=1 realized=0 deps=3 fe=0 bytes=332
prelude: 14/14 groups replayed with identical declaration IDs
  => 7 groups, 3 skipped, 0 diagnostics (0 reject)
capture F:Fixtures/F04Inductive.lean
  effect e8b88255 moduleDoc L1 members=0 pub=0 realized=0 deps=0 fe=0 bytes=75
  decl 31bfb421 declaration L5 members=26 pub=7 realized=0 deps=0 fe=0 bytes=3106
  decl 68a0f167 declaration L8 members=25 pub=4 realized=0 deps=0 fe=0 bytes=7632
  decl da99fa80 declaration L12 members=25 pub=4 realized=0 deps=0 fe=0 bytes=4634
  decl bcc4c4e0 declaration L15 members=1 pub=1 realized=0 deps=1 fe=2 bytes=474
  decl 0636bf50 declaration L17 members=1 pub=1 realized=0 deps=1 fe=2 bytes=1745
prelude: 21/21 groups replayed with identical declaration IDs
  => 6 groups, 3 skipped, 0 diagnostics (0 reject)
capture F:Fixtures/F05Mutual.lean
  effect 1dce29c4 moduleDoc L1 members=0 pub=0 realized=0 deps=0 fe=0 bytes=75
  decl 847c3e5e mutual L4 members=22 pub=7 realized=0 deps=0 fe=0 bytes=4060
  decl 26a7cb28 mutual L12 members=9 pub=2 realized=0 deps=0 fe=0 bytes=969
  decl 500976c0 declaration L21 members=1 pub=1 realized=0 deps=1 fe=0 bytes=403
  decl 12827d5f declaration L23 members=1 pub=1 realized=0 deps=1 fe=0 bytes=363
prelude: 27/27 groups replayed with identical declaration IDs
  => 5 groups, 3 skipped, 0 diagnostics (0 reject)
capture F:Fixtures/F06Structural.lean
  effect c8852375 moduleDoc L1 members=0 pub=0 realized=0 deps=0 fe=0 bytes=75
  decl 97356690 declaration L5 members=5 pub=1 realized=0 deps=0 fe=0 bytes=948
  decl 18e3d6b1 declaration L10 members=5 pub=1 realized=0 deps=0 fe=0 bytes=899
  decl 59f7faef declaration L14 members=1 pub=1 realized=0 deps=1 fe=0 bytes=403
  decl 59a89a43 declaration L16 members=1 pub=1 realized=6 deps=1 fe=0 bytes=1104
  decl 75549643 declaration L21 members=2 pub=1 realized=9 deps=1 fe=0 bytes=4179
prelude: 32/32 groups replayed with identical declaration IDs
  => 6 groups, 3 skipped, 0 diagnostics (0 reject)
capture F:Fixtures/F07WellFounded.lean
  effect 0f09b84f moduleDoc L1 members=0 pub=0 realized=0 deps=0 fe=0 bytes=75
  decl 17db9e4b declaration L5 members=3 pub=1 realized=1 deps=0 fe=0 bytes=4728
  decl e227f8c4 declaration L10 members=11 pub=1 realized=6 deps=0 fe=0 bytes=7739
  decl 5d33a97f declaration L16 members=1 pub=1 realized=1 deps=1 fe=0 bytes=1665
  decl 6c52ab0a declaration L19 members=2 pub=1 realized=4 deps=1 fe=0 bytes=5588
prelude: 38/38 groups replayed with identical declaration IDs
  => 5 groups, 3 skipped, 0 diagnostics (0 reject)
capture F:Fixtures/F08PrivateGenerated.lean
  effect e9f14e3d moduleDoc L1 members=0 pub=0 realized=0 deps=0 fe=0 bytes=75
  decl 27a6dac7 declaration L4 members=1 pub=0 realized=0 deps=0 fe=0 bytes=254
  decl 234850a0 declaration L6 members=1 pub=0 realized=0 deps=1 fe=0 bytes=234
  decl 849e3ed4 declaration L8 members=1 pub=1 realized=0 deps=1 fe=0 bytes=311
  decl c465f8cd declaration L10 members=1 pub=1 realized=1 deps=1 fe=1 bytes=450
  decl 611ea1f2 declaration L12 members=11 pub=4 realized=0 deps=0 fe=0 bytes=1593
  decl 9b9e783b declaration L15 members=1 pub=1 realized=0 deps=1 fe=0 bytes=271
  decl 9fff53c8 declaration L18 members=45 pub=14 realized=0 deps=0 fe=0 bytes=7176
  decl df9390e1 declaration L21 members=1 pub=1 realized=0 deps=2 fe=1 bytes=293
prelude: 43/43 groups replayed with identical declaration IDs
  => 9 groups, 3 skipped, 0 diagnostics (0 reject)
capture F:Fixtures/F09InstanceOnly.lean
  effect 4468539e moduleDoc L1 members=0 pub=0 realized=0 deps=0 fe=0 bytes=75
  decl cc281995 declaration L5 members=16 pub=4 realized=0 deps=0 fe=0 bytes=2476
  decl f3ec68ef declaration L8 members=1 pub=1 realized=0 deps=1 fe=0 bytes=319
  decl 8a4953e4 declaration L11 members=1 pub=1 realized=0 deps=2 fe=0 bytes=235
  effect 4335ceff deriving L14 members=2 pub=2 realized=0 deps=1 fe=0 bytes=732
  decl 1948d7dd declaration L16 members=1 pub=1 realized=0 deps=1 fe=1 bytes=255
  decl 9a97b6b8 declaration L18 members=1 pub=1 realized=0 deps=1 fe=1 bytes=298
  decl 6f4d52c1 declaration L20 members=2 pub=1 realized=0 deps=2 fe=1 bytes=479
  effect 3e424050 attribute L22 members=0 pub=0 realized=0 deps=0 fe=1 bytes=75
  decl f4ec98b8 declaration L24 members=1 pub=1 realized=0 deps=4 fe=2 bytes=466
  decl 0126370f declaration L26 members=1 pub=1 realized=0 deps=1 fe=1 bytes=261
  effect 72fdd44b attribute L28 members=0 pub=0 realized=0 deps=0 fe=2 bytes=75
prelude: 52/52 groups replayed with identical declaration IDs
  => 12 groups, 3 skipped, 0 diagnostics (0 reject)
capture F:Fixtures/F10SimpAttrDecl.lean
  effect 317db52c moduleDoc L2 members=0 pub=0 realized=0 deps=0 fe=0 bytes=75
  effect e4d13538 registerSimpAttr L4 members=6 pub=2 realized=0 deps=0 fe=0 bytes=1485
prelude: 64/64 groups replayed with identical declaration IDs
  => 2 groups, 1 skipped, 2 diagnostics (0 reject)
  [unsupported:module-dependent-literal] Fixtures/F10SimpAttrDecl.lean:4: _private.Fixtures.F10SimpAttrDecl.0.initFn._@.Fixtures.F10SimpAttrDecl.2466019654._hygCtx._hyg.5 embeds a module-private or hygienic name literal; its body depends on the module it is elaborated in
  [unsupported:module-dependent-literal] Fixtures/F10SimpAttrDecl.lean:4: _private.Fixtures.F10SimpAttrDecl.0.initFn._@.Fixtures.F10SimpAttrDecl.2466019654._hygCtx._hyg.22 embeds a module-private or hygienic name literal; its body depends on the module it is elaborated in
capture F:Fixtures/F10SimpAttrUse.lean
  effect c53074f5 moduleDoc L2 members=0 pub=0 realized=0 deps=0 fe=0 bytes=75
  decl 454cd456 declaration L5 members=1 pub=1 realized=0 deps=0 fe=0 bytes=270
  decl 4a8f4796 declaration L7 members=1 pub=1 realized=0 deps=1 fe=1 bytes=352
  decl 0df5375d declaration L9 members=1 pub=1 realized=0 deps=1 fe=0 bytes=255
  decl dd4628c7 declaration L11 members=1 pub=1 realized=0 deps=1 fe=2 bytes=382
  decl 34ed9e84 declaration L13 members=1 pub=1 realized=0 deps=1 fe=1 bytes=290
prelude: 65/65 groups replayed with identical declaration IDs
  => 6 groups, 3 skipped, 1 diagnostics (0 reject)
  [info:materialized] :0: 1 groups with initializer effects built as 1 module(s) in 2095 ms
capture F:Fixtures/F11ScopedDecl.lean
  effect 13bb27b1 moduleDoc L1 members=0 pub=0 realized=0 deps=0 fe=0 bytes=75
  decl cb437d01 declaration L4 members=1 pub=1 realized=0 deps=0 fe=0 bytes=367
  effect 4d9f650b mixfix L6 members=3 pub=1 realized=0 deps=0 fe=1 bytes=2995
  effect 6550398f notation L8 members=2 pub=1 realized=0 deps=0 fe=0 bytes=1841
  skipped Lean.Parser.Command.notation (local-effect)
  decl aecc5308 declaration L12 members=1 pub=1 realized=0 deps=1 fe=1 bytes=453
  decl 2378bb6c declaration L14 members=2 pub=1 realized=0 deps=0 fe=0 bytes=3360
  decl 0e1c623f declaration L16 members=11 pub=4 realized=0 deps=0 fe=0 bytes=1586
  decl db3d6f95 declaration L19 members=1 pub=1 realized=0 deps=1 fe=0 bytes=275
prelude: 68/68 groups replayed with identical declaration IDs
  => 8 groups, 4 skipped, 2 diagnostics (0 reject)
  [info:base-mismatch] :0: group 317db52c5456 needs base import Lean
  [info:base-mismatch] :0: group e4d13538057e needs base import Lean
capture F:Fixtures/F11ScopedUse.lean
  effect e62c0e77 moduleDoc L2 members=0 pub=0 realized=0 deps=0 fe=0 bytes=75
  decl ee89b544 in L4 members=1 pub=1 realized=0 deps=1 fe=1 bytes=280
  skipped Lean.Parser.Command.open (local-effect)
  decl 563ae522 declaration L9 members=1 pub=1 realized=0 deps=0 fe=1 bytes=304
  decl 3c99c0ca declaration L10 members=1 pub=1 realized=0 deps=2 fe=0 bytes=292
prelude: 76/76 groups replayed with identical declaration IDs
  => 4 groups, 4 skipped, 2 diagnostics (0 reject)
  [info:base-mismatch] :0: group 317db52c5456 needs base import Lean
  [info:base-mismatch] :0: group e4d13538057e needs base import Lean
capture F:Fixtures/F12Macro.lean
  effect 5ba90f72 moduleDoc L2 members=0 pub=0 realized=0 deps=0 fe=0 bytes=75
  effect 1d8f9c71 macro L8 members=2 pub=1 realized=0 deps=0 fe=0 bytes=1843
  effect 3e899e66 syntax L10 members=1 pub=1 realized=0 deps=0 fe=0 bytes=375
  effect ed40c2d9 macro_rules L11 members=1 pub=0 realized=0 deps=0 fe=1 bytes=1568
  effect 2d8a8a46 elab L14 members=2 pub=1 realized=0 deps=0 fe=0 bytes=1202
  effect 69afed07 syntax L16 members=1 pub=1 realized=0 deps=0 fe=0 bytes=339
  effect 0dc6e485 macro_rules L17 members=1 pub=0 realized=0 deps=0 fe=1 bytes=1863
  decl 1e1672ed declaration L20 members=1 pub=1 realized=0 deps=0 fe=1 bytes=304
  decl 0c847e1e declaration L21 members=1 pub=1 realized=0 deps=0 fe=2 bytes=305
  decl b60d68f0 declaration L22 members=1 pub=1 realized=0 deps=0 fe=1 bytes=212
  decl 83d3b409 declaration L23 members=1 pub=1 realized=0 deps=0 fe=2 bytes=305
prelude: 83/83 groups replayed with identical declaration IDs
  => 11 groups, 4 skipped, 1 diagnostics (0 reject)
  [info:materialized] :0: 1 groups with initializer effects built as 1 module(s) in 0 ms
capture F:Fixtures/F13InitDecl.lean
  effect c7c98ea3 moduleDoc L2 members=0 pub=0 realized=0 deps=0 fe=0 bytes=75
  effect 78804b4a initialize L6 members=3 pub=1 realized=0 deps=0 fe=0 bytes=617
  effect 91795d26 initialize L8 members=1 pub=0 realized=0 deps=0 fe=0 bytes=486
  effect 0cd104e8 registerOption L10 members=2 pub=1 realized=0 deps=0 fe=0 bytes=467
prelude: 94/94 groups replayed with identical declaration IDs
  => 4 groups, 2 skipped, 2 diagnostics (0 reject)
  [info:materialized] :0: 1 groups with initializer effects built as 1 module(s) in 0 ms
  [unsupported:module-dependent-literal] Fixtures/F13InitDecl.lean:8: _private.Fixtures.F13InitDecl.0.initFn._@.Fixtures.F13InitDecl.386426778._hygCtx._hyg.2 embeds a module-private or hygienic name literal; its body depends on the module it is elaborated in
capture F:Fixtures/F13InitUse.lean
  effect b7529f2f moduleDoc L2 members=0 pub=0 realized=0 deps=0 fe=0 bytes=75
  effect e73360ad elab L5 members=2 pub=1 realized=0 deps=1 fe=0 bytes=2430
  decl 3bebacf5 in L13 members=1 pub=1 realized=0 deps=0 fe=0 bytes=133
  decl ead745b2 in L16 members=1 pub=1 realized=0 deps=0 fe=4 bytes=134
prelude: 95/95 groups replayed with identical declaration IDs
  => 4 groups, 3 skipped, 1 diagnostics (0 reject)
  [info:materialized] :0: 4 groups with initializer effects built as 2 module(s) in 3209 ms
materialized: 4 initializer groups imported as stock-built modules
source replay: 103/103 groups reproduce their declaration ID (13672 ms)
  [info:materialized] Fixtures/F10SimpAttrDecl.lean:4: initializer group imported as a stock-built module
  [info:materialized] Fixtures/F13InitDecl.lean:6: initializer group imported as a stock-built module
  [info:materialized] Fixtures/F13InitDecl.lean:8: initializer group imported as a stock-built module
  [info:materialized] Fixtures/F13InitDecl.lean:10: initializer group imported as a stock-built module
kernel replay: 103/103 groups accepted; 318 declarations added, 15 reserved names re-realized (105 ms)
isolated replay (exact deps only): 103/103
export: 19 modules, 103 groups, 30038 bytes of source
  Fixtures.F01Theorem: 7 groups; imports #[]
  Fixtures.F02Def: 7 groups; imports #[]
  Fixtures.F03Structure: 7 groups; imports #[]
  Fixtures.F04Inductive: 6 groups; imports #[]
  Fixtures.F05Mutual: 5 groups; imports #[]
  Fixtures.F06Structural: 6 groups; imports #[]
  Fixtures.F07WellFounded: 5 groups; imports #[]
  Fixtures.F08PrivateGenerated: 9 groups; imports #[]
  Fixtures.F09InstanceOnly: 12 groups; imports #[]
  Fixtures.F10SimpAttrDecl: 2 groups; imports #[Lean]
  Fixtures.F10SimpAttrUse: 2 groups; imports #[]
  Fixtures.F10SimpAttrUse.Part1: 4 groups; imports #[Fixtures.F10SimpAttrUse, Fixtures.F10SimpAttrDecl]
  Fixtures.F11ScopedDecl: 8 groups; imports #[]
  Fixtures.F11ScopedUse: 1 groups; imports #[]
  Fixtures.F11ScopedUse.Part1: 3 groups; imports #[Fixtures.F11ScopedDecl, Fixtures.F11ScopedUse]
  Fixtures.F12Macro: 11 groups; imports #[Lean]
  Fixtures.F13InitDecl: 4 groups; imports #[Lean]
  Fixtures.F13InitUse: 1 groups; imports #[]
  Fixtures.F13InitUse.Part1: 3 groups; imports #[Fixtures.F13InitDecl, Fixtures.F13InitUse, Fixtures.F10SimpAttrDecl]
stock lake build: OK (2559 ms)
verify: 81/85 declaration groups identical in the stock-built oleans; 18 effect-only groups (build-checked)
  [reject:export-mismatch] Fixtures/F10SimpAttrDecl.lean:4: stock-built group 1faabbd0ba06 ≠ stored 04043f8c5659
  [reject:export-mismatch] Fixtures/F13InitDecl.lean:6: stock-built group 50932db12cbf ≠ stored 19efb04330d0
  [reject:export-mismatch] Fixtures/F13InitDecl.lean:8: stock-built group cac9efd4b59d ≠ stored c59c3183d61f
  [reject:export-mismatch] Fixtures/F13InitDecl.lean:10: stock-built group beba14dc1794 ≠ stored c3d678081c3c
STATS {"aboveP95Bound":[],"capsuleBytes":{"max":390,"median":222,"p95":316,"sum":24218},"commandBytes":{"max":213,"median":59,"sum":7813},"diagnostics":[["info:base-mismatch",4],["info:materialized",4],["unsupported:module-dependent-literal",3]],"encodingBytes":{"max":7739,"median":363,"sum":109232},"groups":103,"ratio":{"p50":3.709091,"p95":6.555556},"rejected":0,"skipped":48}
