export: 19 modules, 103 groups, 30703 bytes of source
  Fixtures.F01Theorem: 7 groups; imports #[]
  Fixtures.F02Def: 7 groups; imports #[]
  Fixtures.F03Structure: 7 groups; imports #[]
  Fixtures.F04Inductive: 6 groups; imports #[]
  Fixtures.F05Mutual: 5 groups; imports #[]
  Fixtures.F06Structural: 6 groups; imports #[]
  Fixtures.F07WellFounded: 5 groups; imports #[]
  Fixtures.F08PrivateGenerated: 9 groups; imports #[]
  Fixtures.F09InstanceOnly: 12 groups; imports #[]
  Fixtures.F10SimpAttrDecl: 2 groups; imports #[Lean]
  Fixtures.F10SimpAttrUse: 2 groups; imports #[]
  Fixtures.F10SimpAttrUse.Part1: 4 groups; imports #[Fixtures.F10SimpAttrUse, Fixtures.F10SimpAttrDecl]
  Fixtures.F11ScopedDecl: 8 groups; imports #[]
  Fixtures.F11ScopedUse: 1 groups; imports #[]
  Fixtures.F11ScopedUse.Part1: 3 groups; imports #[Fixtures.F11ScopedDecl, Fixtures.F11ScopedUse]
  Fixtures.F12Macro: 11 groups; imports #[Lean]
  Fixtures.F13InitDecl: 4 groups; imports #[Lean]
  Fixtures.F13InitUse: 1 groups; imports #[]
  Fixtures.F13InitUse.Part1: 3 groups; imports #[Fixtures.F13InitDecl, Fixtures.F13InitUse, Fixtures.F10SimpAttrDecl]
stock lake build: OK (1745 ms)
verify: 79/85 declaration groups identical in the stock-built oleans; 18 effect-only groups (build-checked)
  [reject:export-missing] Fixtures/F06Structural.lean:21: exported module Fixtures.F06Structural lacks member F06.fib_pos._proof_6
  [reject:export-missing] Fixtures/F11ScopedDecl.lean:14: exported module Fixtures.F11ScopedDecl lacks member F11.twice_eq._proof_1
  [reject:export-mismatch] Fixtures/F10SimpAttrDecl.lean:4: stock-built group 1faabbd0ba06 ≠ stored 04043f8c5659
  [reject:export-mismatch] Fixtures/F13InitDecl.lean:6: stock-built group 50932db12cbf ≠ stored 19efb04330d0
  [reject:export-mismatch] Fixtures/F13InitDecl.lean:8: stock-built group cac9efd4b59d ≠ stored c59c3183d61f
  [reject:export-mismatch] Fixtures/F13InitDecl.lean:10: stock-built group beba14dc1794 ≠ stored c3d678081c3c
