### M17 Mathlib.Tactic.Attr.Register
capture M17:Mathlib/Tactic/Attr/Register.lean
  effect f10125bb moduleDoc L13 members=0 pub=0 realized=0 deps=0 fe=0 bytes=75
  effect 2950b40f registerSimpAttr L25 members=6 pub=2 realized=0 deps=0 fe=0 bytes=1539
  effect 514acca7 registerSimpAttr L35 members=6 pub=2 realized=0 deps=0 fe=0 bytes=1529
  effect f35a5cf2 registerSimpAttr L38 members=6 pub=2 realized=0 deps=0 fe=0 bytes=1550
  effect d4237d8c registerSimpAttr L41 members=6 pub=2 realized=0 deps=0 fe=0 bytes=1554
  effect 0feb50fc registerSimpAttr L44 members=6 pub=2 realized=0 deps=0 fe=0 bytes=1613
  effect a65eb94d registerSimpAttr L48 members=6 pub=2 realized=0 deps=0 fe=0 bytes=1642
  effect 137500a2 registerSimpAttr L52 members=6 pub=2 realized=0 deps=0 fe=0 bytes=1636
  effect 58d25c2f registerSimpAttr L56 members=6 pub=2 realized=0 deps=0 fe=0 bytes=1737
  effect 861ef651 registerSimpAttr L65 members=6 pub=2 realized=0 deps=0 fe=0 bytes=1722
  effect 26894abc registerSimpAttr L74 members=6 pub=2 realized=0 deps=0 fe=0 bytes=2108
  effect 80462f78 registerSimpAttr L88 members=6 pub=2 realized=0 deps=0 fe=0 bytes=1550
  effect 8c8b5ed4 registerSimpAttr L91 members=6 pub=2 realized=0 deps=0 fe=0 bytes=1549
  effect 4b9291bb registerSimpAttr L94 members=6 pub=2 realized=0 deps=0 fe=0 bytes=1548
  effect a6ae9859 registerSimpAttr L97 members=6 pub=2 realized=0 deps=0 fe=0 bytes=1733
  effect 62466b34 registerLabelAttr L102 members=3 pub=1 realized=0 deps=0 fe=0 bytes=613
  effect 7bfca230 registerSimpAttr L105 members=6 pub=2 realized=0 deps=0 fe=0 bytes=1551
  effect e32fc31c registerSimpAttr L108 members=6 pub=2 realized=0 deps=0 fe=0 bytes=1599
  effect 9e1cbb4a registerSimpAttr L111 members=6 pub=2 realized=0 deps=0 fe=0 bytes=1600
  effect ced1d26f registerSimpAttr L114 members=6 pub=2 realized=0 deps=0 fe=0 bytes=1567
  effect 8867d02e registerSimpAttr L117 members=6 pub=2 realized=0 deps=0 fe=0 bytes=3623
  effect 8777c6ce registerSimpAttr L154 members=6 pub=2 realized=0 deps=0 fe=0 bytes=2834
  => 22 groups, 2 skipped, 40 diagnostics (0 reject)
  [unsupported:module-dependent-literal] Mathlib/Tactic/Attr/Register.lean:25: _private.Mathlib.Tactic.Attr.Register.0.initFn._@.Mathlib.Tactic.Attr.Register.2336186397._hygCtx._hyg.5 embeds a module-private or hygienic name literal; its body depends on the module it is elaborated in
  [unsupported:module-dependent-literal] Mathlib/Tactic/Attr/Register.lean:25: _private.Mathlib.Tactic.Attr.Register.0.initFn._@.Mathlib.Tactic.Attr.Register.2336186397._hygCtx._hyg.22 embeds a module-private or hygienic name literal; its body depends on the module it is elaborated in
  [unsupported:module-dependent-literal] Mathlib/Tactic/Attr/Register.lean:35: _private.Mathlib.Tactic.Attr.Register.0.initFn._@.Mathlib.Tactic.Attr.Register.3215534580._hygCtx._hyg.5 embeds a module-private or hygienic name literal; its body depends on the module it is elaborated in
  [unsupported:module-dependent-literal] Mathlib/Tactic/Attr/Register.lean:35: _private.Mathlib.Tactic.Attr.Register.0.initFn._@.Mathlib.Tactic.Attr.Register.3215534580._hygCtx._hyg.22 embeds a module-private or hygienic name literal; its body depends on the module it is elaborated in
  [unsupported:module-dependent-literal] Mathlib/Tactic/Attr/Register.lean:38: _private.Mathlib.Tactic.Attr.Register.0.initFn._@.Mathlib.Tactic.Attr.Register.1568842782._hygCtx._hyg.5 embeds a module-private or hygienic name literal; its body depends on the module it is elaborated in
  [unsupported:module-dependent-literal] Mathlib/Tactic/Attr/Register.lean:38: _private.Mathlib.Tactic.Attr.Register.0.initFn._@.Mathlib.Tactic.Attr.Register.1568842782._hygCtx._hyg.22 embeds a module-private or hygienic name literal; its body depends on the module it is elaborated in
  [unsupported:module-dependent-literal] Mathlib/Tactic/Attr/Register.lean:41: _private.Mathlib.Tactic.Attr.Register.0.initFn._@.Mathlib.Tactic.Attr.Register.2899626838._hygCtx._hyg.5 embeds a module-private or hygienic name literal; its body depends on the module it is elaborated in
  [unsupported:module-dependent-literal] Mathlib/Tactic/Attr/Register.lean:41: _private.Mathlib.Tactic.Attr.Register.0.initFn._@.Mathlib.Tactic.Attr.Register.2899626838._hygCtx._hyg.22 embeds a module-private or hygienic name literal; its body depends on the module it is elaborated in
  [unsupported:module-dependent-literal] Mathlib/Tactic/Attr/Register.lean:44: _private.Mathlib.Tactic.Attr.Register.0.initFn._@.Mathlib.Tactic.Attr.Register.612238087._hygCtx._hyg.5 embeds a module-private or hygienic name literal; its body depends on the module it is elaborated in
  [unsupported:module-dependent-literal] Mathlib/Tactic/Attr/Register.lean:44: _private.Mathlib.Tactic.Attr.Register.0.initFn._@.Mathlib.Tactic.Attr.Register.612238087._hygCtx._hyg.22 embeds a module-private or hygienic name literal; its body depends on the module it is elaborated in
  [unsupported:module-dependent-literal] Mathlib/Tactic/Attr/Register.lean:48: _private.Mathlib.Tactic.Attr.Register.0.initFn._@.Mathlib.Tactic.Attr.Register.1503578496._hygCtx._hyg.5 embeds a module-private or hygienic name literal; its body depends on the module it is elaborated in
  [unsupported:module-dependent-literal] Mathlib/Tactic/Attr/Register.lean:48: _private.Mathlib.Tactic.Attr.Register.0.initFn._@.Mathlib.Tactic.Attr.Register.1503578496._hygCtx._hyg.22 embeds a module-private or hygienic name literal; its body depends on the module it is elaborated in
  [unsupported:module-dependent-literal] Mathlib/Tactic/Attr/Register.lean:52: _private.Mathlib.Tactic.Attr.Register.0.initFn._@.Mathlib.Tactic.Attr.Register.2552594532._hygCtx._hyg.5 embeds a module-private or hygienic name literal; its body depends on the module it is elaborated in
  [unsupported:module-dependent-literal] Mathlib/Tactic/Attr/Register.lean:52: _private.Mathlib.Tactic.Attr.Register.0.initFn._@.Mathlib.Tactic.Attr.Register.2552594532._hygCtx._hyg.22 embeds a module-private or hygienic name literal; its body depends on the module it is elaborated in
  [unsupported:module-dependent-literal] Mathlib/Tactic/Attr/Register.lean:56: _private.Mathlib.Tactic.Attr.Register.0.initFn._@.Mathlib.Tactic.Attr.Register.1133190711._hygCtx._hyg.5 embeds a module-private or hygienic name literal; its body depends on the module it is elaborated in
  [unsupported:module-dependent-literal] Mathlib/Tactic/Attr/Register.lean:56: _private.Mathlib.Tactic.Attr.Register.0.initFn._@.Mathlib.Tactic.Attr.Register.1133190711._hygCtx._hyg.22 embeds a module-private or hygienic name literal; its body depends on the module it is elaborated in
  [unsupported:module-dependent-literal] Mathlib/Tactic/Attr/Register.lean:65: _private.Mathlib.Tactic.Attr.Register.0.initFn._@.Mathlib.Tactic.Attr.Register.1988518680._hygCtx._hyg.5 embeds a module-private or hygienic name literal; its body depends on the module it is elaborated in
  [unsupported:module-dependent-literal] Mathlib/Tactic/Attr/Register.lean:65: _private.Mathlib.Tactic.Attr.Register.0.initFn._@.Mathlib.Tactic.Attr.Register.1988518680._hygCtx._hyg.22 embeds a module-private or hygienic name literal; its body depends on the module it is elaborated in
  [unsupported:module-dependent-literal] Mathlib/Tactic/Attr/Register.lean:74: _private.Mathlib.Tactic.Attr.Register.0.initFn._@.Mathlib.Tactic.Attr.Register.479538640._hygCtx._hyg.5 embeds a module-private or hygienic name literal; its body depends on the module it is elaborated in
  [unsupported:module-dependent-literal] Mathlib/Tactic/Attr/Register.lean:74: _private.Mathlib.Tactic.Attr.Register.0.initFn._@.Mathlib.Tactic.Attr.Register.479538640._hygCtx._hyg.22 embeds a module-private or hygienic name literal; its body depends on the module it is elaborated in
  [unsupported:module-dependent-literal] Mathlib/Tactic/Attr/Register.lean:88: _private.Mathlib.Tactic.Attr.Register.0.initFn._@.Mathlib.Tactic.Attr.Register.3849875863._hygCtx._hyg.5 embeds a module-private or hygienic name literal; its body depends on the module it is elaborated in
  [unsupported:module-dependent-literal] Mathlib/Tactic/Attr/Register.lean:88: _private.Mathlib.Tactic.Attr.Register.0.initFn._@.Mathlib.Tactic.Attr.Register.3849875863._hygCtx._hyg.22 embeds a module-private or hygienic name literal; its body depends on the module it is elaborated in
  [unsupported:module-dependent-literal] Mathlib/Tactic/Attr/Register.lean:91: _private.Mathlib.Tactic.Attr.Register.0.initFn._@.Mathlib.Tactic.Attr.Register.1131139975._hygCtx._hyg.5 embeds a module-private or hygienic name literal; its body depends on the module it is elaborated in
  [unsupported:module-dependent-literal] Mathlib/Tactic/Attr/Register.lean:91: _private.Mathlib.Tactic.Attr.Register.0.initFn._@.Mathlib.Tactic.Attr.Register.1131139975._hygCtx._hyg.22 embeds a module-private or hygienic name literal; its body depends on the module it is elaborated in
  [unsupported:module-dependent-literal] Mathlib/Tactic/Attr/Register.lean:94: _private.Mathlib.Tactic.Attr.Register.0.initFn._@.Mathlib.Tactic.Attr.Register.1086225606._hygCtx._hyg.5 embeds a module-private or hygienic name literal; its body depends on the module it is elaborated in
  [unsupported:module-dependent-literal] Mathlib/Tactic/Attr/Register.lean:94: _private.Mathlib.Tactic.Attr.Register.0.initFn._@.Mathlib.Tactic.Attr.Register.1086225606._hygCtx._hyg.22 embeds a module-private or hygienic name literal; its body depends on the module it is elaborated in
  [unsupported:module-dependent-literal] Mathlib/Tactic/Attr/Register.lean:97: _private.Mathlib.Tactic.Attr.Register.0.initFn._@.Mathlib.Tactic.Attr.Register.2133673922._hygCtx._hyg.5 embeds a module-private or hygienic name literal; its body depends on the module it is elaborated in
  [unsupported:module-dependent-literal] Mathlib/Tactic/Attr/Register.lean:97: _private.Mathlib.Tactic.Attr.Register.0.initFn._@.Mathlib.Tactic.Attr.Register.2133673922._hygCtx._hyg.22 embeds a module-private or hygienic name literal; its body depends on the module it is elaborated in
  [unsupported:module-dependent-literal] Mathlib/Tactic/Attr/Register.lean:105: _private.Mathlib.Tactic.Attr.Register.0.initFn._@.Mathlib.Tactic.Attr.Register.3021440532._hygCtx._hyg.5 embeds a module-private or hygienic name literal; its body depends on the module it is elaborated in
  [unsupported:module-dependent-literal] Mathlib/Tactic/Attr/Register.lean:105: _private.Mathlib.Tactic.Attr.Register.0.initFn._@.Mathlib.Tactic.Attr.Register.3021440532._hygCtx._hyg.22 embeds a module-private or hygienic name literal; its body depends on the module it is elaborated in
  [unsupported:module-dependent-literal] Mathlib/Tactic/Attr/Register.lean:108: _private.Mathlib.Tactic.Attr.Register.0.initFn._@.Mathlib.Tactic.Attr.Register.2016062075._hygCtx._hyg.5 embeds a module-private or hygienic name literal; its body depends on the module it is elaborated in
  [unsupported:module-dependent-literal] Mathlib/Tactic/Attr/Register.lean:108: _private.Mathlib.Tactic.Attr.Register.0.initFn._@.Mathlib.Tactic.Attr.Register.2016062075._hygCtx._hyg.22 embeds a module-private or hygienic name literal; its body depends on the module it is elaborated in
  [unsupported:module-dependent-literal] Mathlib/Tactic/Attr/Register.lean:111: _private.Mathlib.Tactic.Attr.Register.0.initFn._@.Mathlib.Tactic.Attr.Register.668879677._hygCtx._hyg.5 embeds a module-private or hygienic name literal; its body depends on the module it is elaborated in
  [unsupported:module-dependent-literal] Mathlib/Tactic/Attr/Register.lean:111: _private.Mathlib.Tactic.Attr.Register.0.initFn._@.Mathlib.Tactic.Attr.Register.668879677._hygCtx._hyg.22 embeds a module-private or hygienic name literal; its body depends on the module it is elaborated in
  [unsupported:module-dependent-literal] Mathlib/Tactic/Attr/Register.lean:114: _private.Mathlib.Tactic.Attr.Register.0.initFn._@.Mathlib.Tactic.Attr.Register.3369699945._hygCtx._hyg.5 embeds a module-private or hygienic name literal; its body depends on the module it is elaborated in
  [unsupported:module-dependent-literal] Mathlib/Tactic/Attr/Register.lean:114: _private.Mathlib.Tactic.Attr.Register.0.initFn._@.Mathlib.Tactic.Attr.Register.3369699945._hygCtx._hyg.22 embeds a module-private or hygienic name literal; its body depends on the module it is elaborated in
  [unsupported:module-dependent-literal] Mathlib/Tactic/Attr/Register.lean:117: _private.Mathlib.Tactic.Attr.Register.0.initFn._@.Mathlib.Tactic.Attr.Register.3059584346._hygCtx._hyg.5 embeds a module-private or hygienic name literal; its body depends on the module it is elaborated in
  [unsupported:module-dependent-literal] Mathlib/Tactic/Attr/Register.lean:117: _private.Mathlib.Tactic.Attr.Register.0.initFn._@.Mathlib.Tactic.Attr.Register.3059584346._hygCtx._hyg.22 embeds a module-private or hygienic name literal; its body depends on the module it is elaborated in
  [unsupported:module-dependent-literal] Mathlib/Tactic/Attr/Register.lean:154: _private.Mathlib.Tactic.Attr.Register.0.initFn._@.Mathlib.Tactic.Attr.Register.85691930._hygCtx._hyg.5 embeds a module-private or hygienic name literal; its body depends on the module it is elaborated in
  [unsupported:module-dependent-literal] Mathlib/Tactic/Attr/Register.lean:154: _private.Mathlib.Tactic.Attr.Register.0.initFn._@.Mathlib.Tactic.Attr.Register.85691930._hygCtx._hyg.22 embeds a module-private or hygienic name literal; its body depends on the module it is elaborated in
capture-time 1.20 s maxrss 604508 KB
materialized: 21 initializer groups imported as stock-built modules
source replay: 22/22 groups reproduce their declaration ID (4756 ms)
  [info:materialized] Mathlib/Tactic/Attr/Register.lean:25: initializer group imported as a stock-built module
  [info:materialized] Mathlib/Tactic/Attr/Register.lean:35: initializer group imported as a stock-built module
  [info:materialized] Mathlib/Tactic/Attr/Register.lean:38: initializer group imported as a stock-built module
  [info:materialized] Mathlib/Tactic/Attr/Register.lean:41: initializer group imported as a stock-built module
  [info:materialized] Mathlib/Tactic/Attr/Register.lean:44: initializer group imported as a stock-built module
  [info:materialized] Mathlib/Tactic/Attr/Register.lean:48: initializer group imported as a stock-built module
  [info:materialized] Mathlib/Tactic/Attr/Register.lean:52: initializer group imported as a stock-built module
  [info:materialized] Mathlib/Tactic/Attr/Register.lean:56: initializer group imported as a stock-built module
  [info:materialized] Mathlib/Tactic/Attr/Register.lean:65: initializer group imported as a stock-built module
  [info:materialized] Mathlib/Tactic/Attr/Register.lean:74: initializer group imported as a stock-built module
  [info:materialized] Mathlib/Tactic/Attr/Register.lean:88: initializer group imported as a stock-built module
  [info:materialized] Mathlib/Tactic/Attr/Register.lean:91: initializer group imported as a stock-built module
  [info:materialized] Mathlib/Tactic/Attr/Register.lean:94: initializer group imported as a stock-built module
  [info:materialized] Mathlib/Tactic/Attr/Register.lean:97: initializer group imported as a stock-built module
  [info:materialized] Mathlib/Tactic/Attr/Register.lean:102: initializer group imported as a stock-built module
  [info:materialized] Mathlib/Tactic/Attr/Register.lean:105: initializer group imported as a stock-built module
  [info:materialized] Mathlib/Tactic/Attr/Register.lean:108: initializer group imported as a stock-built module
  [info:materialized] Mathlib/Tactic/Attr/Register.lean:111: initializer group imported as a stock-built module
  [info:materialized] Mathlib/Tactic/Attr/Register.lean:114: initializer group imported as a stock-built module
  [info:materialized] Mathlib/Tactic/Attr/Register.lean:117: initializer group imported as a stock-built module
  [info:materialized] Mathlib/Tactic/Attr/Register.lean:154: initializer group imported as a stock-built module
kernel replay: 22/22 groups accepted; 0 declarations added, 0 reserved names re-realized (0 ms)
isolated replay (exact deps only): 22/22
replay-time 81.96 s maxrss 1605784 KB
export: 1 modules, 22 groups, 10620 bytes of source
  Mathlib.ParaleanExport.Tactic.Attr.Register: 22 groups; imports #[Mathlib.Init, Lean.LabelAttribute, Lean.Meta.Tactic.Simp]
stock lake build: OK (3320 ms)
verify: 0/21 declaration groups identical in the stock-built oleans; 1 effect-only groups (build-checked)
  [reject:export-mismatch] Mathlib/Tactic/Attr/Register.lean:25: stock-built group ed8f809fb936 ≠ stored b7506c02a1a1
  [reject:export-mismatch] Mathlib/Tactic/Attr/Register.lean:35: stock-built group 41693aa4491a ≠ stored 7995b665c08e
  [reject:export-mismatch] Mathlib/Tactic/Attr/Register.lean:38: stock-built group 806e10766649 ≠ stored 7ea1f57c20e0
  [reject:export-mismatch] Mathlib/Tactic/Attr/Register.lean:41: stock-built group f1ca51e1c6e6 ≠ stored a19e68ac079f
  [reject:export-mismatch] Mathlib/Tactic/Attr/Register.lean:44: stock-built group 91a86cc6c7c8 ≠ stored 7f053c73f320
  [reject:export-mismatch] Mathlib/Tactic/Attr/Register.lean:48: stock-built group 68744c229801 ≠ stored f913ea90d59e
  [reject:export-mismatch] Mathlib/Tactic/Attr/Register.lean:52: stock-built group d1dbd2679b18 ≠ stored bd8c512a8e61
  [reject:export-mismatch] Mathlib/Tactic/Attr/Register.lean:56: stock-built group 209cab59f3ed ≠ stored 37cf54276c78
  [reject:export-mismatch] Mathlib/Tactic/Attr/Register.lean:65: stock-built group f58e8087026a ≠ stored 9296ac59f0e3
  [reject:export-mismatch] Mathlib/Tactic/Attr/Register.lean:74: stock-built group b269953e35ac ≠ stored 3ee8c5d7fe8b
  [reject:export-mismatch] Mathlib/Tactic/Attr/Register.lean:88: stock-built group 735d94264b8a ≠ stored 613f1158273b
  [reject:export-mismatch] Mathlib/Tactic/Attr/Register.lean:91: stock-built group e24767d91bed ≠ stored 3cc2114c0424
  [reject:export-mismatch] Mathlib/Tactic/Attr/Register.lean:94: stock-built group 1e4b63e50d02 ≠ stored 440217b1e4cc
  [reject:export-mismatch] Mathlib/Tactic/Attr/Register.lean:97: stock-built group 7843513b80c8 ≠ stored f230f8d12392
  [reject:export-mismatch] Mathlib/Tactic/Attr/Register.lean:102: stock-built group 1aca6afb26aa ≠ stored a14cbc2d7751
  [reject:export-mismatch] Mathlib/Tactic/Attr/Register.lean:105: stock-built group 29001596d8f4 ≠ stored 0b18d33cb209
  [reject:export-mismatch] Mathlib/Tactic/Attr/Register.lean:108: stock-built group 1a084840fb0c ≠ stored d11248c805fc
  [reject:export-mismatch] Mathlib/Tactic/Attr/Register.lean:111: stock-built group 2d7eed68cf88 ≠ stored b517c397c956
  [reject:export-mismatch] Mathlib/Tactic/Attr/Register.lean:114: stock-built group 33dbb527654d ≠ stored 290818e822c5
  [reject:export-mismatch] Mathlib/Tactic/Attr/Register.lean:117: stock-built group fcc40f160a80 ≠ stored d9a872087f58
  [reject:export-mismatch] Mathlib/Tactic/Attr/Register.lean:154: stock-built group 5acbc802082f ≠ stored e847b2b79eae
Command exited with non-zero status 1
export-time 6.21 s maxrss 1235268 KB
STATS {"aboveP95Bound":[],"capsuleBytes":{"max":2317,"median":271,"p95":1512,"sum":10167},"commandBytes":{"max":2161,"median":115,"sum":6776},"diagnostics":[["unsupported:module-dependent-literal",40]],"encodingBytes":{"max":3623,"median":1599,"sum":36472},"groups":22,"ratio":{"p50":2.368421,"p95":3.363636},"rejected":0,"skipped":2}
