### M16 Mathlib.Logic.Relation
capture M16:Mathlib/Logic/Relation.lean
  effect cdd26b6f moduleDoc L16 members=0 pub=0 realized=0 deps=0 fe=0 bytes=75
  decl aa808d79 declaration L58 members=1 pub=1 realized=0 deps=0 fe=0 bytes=604
  effect 4c4093dd alias L66 members=1 pub=1 realized=0 deps=0 fe=0 bytes=214
  decl 4ca883f2 declaration L68 members=2 pub=1 realized=0 deps=0 fe=0 bytes=1362
  effect e443c723 alias L73 members=1 pub=1 realized=0 deps=1 fe=0 bytes=312
  decl 4435423b declaration L75 members=1 pub=1 realized=0 deps=1 fe=1 bytes=403
  effect a18d5bbd alias L80 members=1 pub=1 realized=0 deps=1 fe=0 bytes=322
  effect 7ed0611a alias L81 members=1 pub=1 realized=0 deps=1 fe=1 bytes=320
  decl f317eea7 declaration L83 members=2 pub=1 realized=0 deps=0 fe=0 bytes=5097
  effect 0a6d3f32 alias L87 members=1 pub=1 realized=0 deps=1 fe=0 bytes=387
  effect 7ce819f3 alias L88 members=1 pub=1 realized=0 deps=1 fe=1 bytes=392
  decl 3ea4ac27 declaration L90 members=2 pub=1 realized=0 deps=0 fe=0 bytes=5375
  effect b497dfff alias L94 members=1 pub=1 realized=0 deps=1 fe=0 bytes=391
  decl e3964fea declaration L96 members=1 pub=1 realized=0 deps=0 fe=0 bytes=330
  effect e05b1a19 alias L99 members=1 pub=1 realized=0 deps=1 fe=0 bytes=287
  decl 78c0d3df declaration L101 members=1 pub=1 realized=0 deps=1 fe=1 bytes=444
  effect e4aab421 alias L104 members=1 pub=1 realized=0 deps=1 fe=0 bytes=303
  decl 6da526ed declaration L106 members=1 pub=1 realized=0 deps=1 fe=1 bytes=345
  effect 2a8fc78a alias L109 members=1 pub=1 realized=0 deps=1 fe=0 bytes=332
  decl 680c51fb declaration L111 members=1 pub=1 realized=0 deps=1 fe=1 bytes=509
  decl 46281a52 declaration L114 members=1 pub=1 realized=0 deps=1 fe=0 bytes=342
  decl d8014a10 declaration L123 members=1 pub=1 realized=0 deps=0 fe=0 bytes=364
  effect b68bf507 alias L126 members=1 pub=1 realized=0 deps=1 fe=0 bytes=337
  decl 2377b009 declaration L128 members=1 pub=1 realized=0 deps=0 fe=0 bytes=423
  effect a099bfb0 alias L131 members=1 pub=1 realized=0 deps=1 fe=0 bytes=337
  decl b88da953 declaration L133 members=1 pub=1 realized=0 deps=0 fe=0 bytes=397
  decl 61468c6d declaration L136 members=1 pub=1 realized=0 deps=3 fe=2 bytes=638
  decl e424ae1d declaration L138 members=1 pub=1 realized=0 deps=0 fe=0 bytes=486
  decl 4671fce9 declaration L149 members=1 pub=1 realized=0 deps=0 fe=0 bytes=337
  skipped Lean.Parser.Command.mixfix (local-effect)
  decl a2ccdf86 declaration L159 members=1 pub=1 realized=1 deps=1 fe=0 bytes=841
  decl 624145a9 declaration L164 members=1 pub=1 realized=0 deps=2 fe=0 bytes=393
  decl 04ee225d declaration L167 members=1 pub=1 realized=0 deps=1 fe=2 bytes=861
  decl 74e99119 declaration L172 members=1 pub=1 realized=0 deps=2 fe=2 bytes=396
  decl 39b43b48 declaration L175 members=2 pub=1 realized=0 deps=2 fe=3 bytes=1134
  decl 30ff84da declaration L179 members=2 pub=1 realized=0 deps=2 fe=4 bytes=1062
  decl dde5a2aa declaration L183 members=2 pub=1 realized=0 deps=1 fe=6 bytes=7816
  decl 9548707a declaration L186 members=3 pub=1 realized=0 deps=1 fe=6 bytes=2976
  decl ad1b4d0f declaration L199 members=1 pub=1 realized=0 deps=0 fe=6 bytes=362
  decl a67fdd81 declaration L207 members=1 pub=1 realized=0 deps=1 fe=6 bytes=988
  decl e69a00ba declaration L215 members=2 pub=1 realized=0 deps=1 fe=6 bytes=1381
  decl 75b4026a declaration L226 members=1 pub=1 realized=0 deps=0 fe=6 bytes=450
  effect d0ca7cee lemma L234 members=1 pub=1 realized=0 deps=1 fe=6 bytes=554
  effect a19f6a62 lemma L237 members=2 pub=1 realized=0 deps=2 fe=6 bytes=12359
  effect 398e689b lemma L241 members=3 pub=1 realized=0 deps=2 fe=7 bytes=5377
  effect 290536ac lemma L245 members=1 pub=1 realized=1 deps=1 fe=9 bytes=1122
  decl 9962dbb6 declaration L247 members=1 pub=1 realized=0 deps=1 fe=10 bytes=598
  effect e20d66f9 lemma L250 members=1 pub=1 realized=0 deps=1 fe=4 bytes=914
  effect ce34c627 alias L256 members=1 pub=1 realized=0 deps=2 fe=4 bytes=417
  decl 26650057 declaration L258 members=1 pub=1 realized=0 deps=1 fe=5 bytes=1590
  effect e445ff27 alias L264 members=1 pub=1 realized=0 deps=2 fe=5 bytes=363
  effect a49d130d lemma L266 members=2 pub=1 realized=0 deps=2 fe=10 bytes=6978
  effect 027dbbd2 alias L270 members=1 pub=1 realized=0 deps=2 fe=5 bytes=427
  effect 21e71f3e lemma L272 members=1 pub=1 realized=0 deps=4 fe=7 bytes=856
  effect c4db65e2 lemma L278 members=2 pub=1 realized=0 deps=1 fe=13 bytes=2753
  decl 8893adc9 declaration L282 members=2 pub=1 realized=0 deps=2 fe=13 bytes=3537
  decl 00bb70ae declaration L287 members=1 pub=1 realized=0 deps=2 fe=14 bytes=700
  decl 3fd6546b declaration L291 members=1 pub=1 realized=0 deps=1 fe=14 bytes=1714
  decl 67141417 declaration L298 members=1 pub=1 realized=0 deps=2 fe=14 bytes=673
  decl cf69a780 declaration L302 members=1 pub=1 realized=0 deps=3 fe=14 bytes=1129
  decl 02431d88 declaration L306 members=1 pub=1 realized=0 deps=3 fe=14 bytes=872
  decl 3ea72722 declaration L310 members=2 pub=1 realized=1 deps=2 fe=13 bytes=8798
  decl 5a6fd6db declaration L314 members=2 pub=1 realized=0 deps=2 fe=13 bytes=7729
  decl 1cc886ed in L319 members=1 pub=1 realized=0 deps=1 fe=14 bytes=920
  effect 1e7f9607 lemma L323 members=2 pub=1 realized=0 deps=2 fe=13 bytes=2983
  decl e67f1357 in L327 members=2 pub=1 realized=0 deps=2 fe=14 bytes=6192
  effect 349abd9f lemma L332 members=1 pub=1 realized=0 deps=2 fe=15 bytes=498
  decl 470aab44 in L336 members=2 pub=1 realized=0 deps=2 fe=15 bytes=3873
  effect 118162f5 lemma L341 members=2 pub=1 realized=0 deps=2 fe=15 bytes=3336
  decl dd1f30d9 in L345 members=2 pub=1 realized=0 deps=2 fe=16 bytes=6562
  effect dd9fa856 lemma L351 members=1 pub=1 realized=0 deps=2 fe=17 bytes=497
  decl 49ce1c3f in L355 members=2 pub=1 realized=0 deps=2 fe=17 bytes=6711
  effect af7fc329 lemma L360 members=1 pub=1 realized=0 deps=2 fe=18 bytes=447
  decl 8dea506d in L364 members=2 pub=1 realized=0 deps=2 fe=18 bytes=6032
  effect f963ccd4 lemma L369 members=1 pub=1 realized=0 deps=2 fe=19 bytes=451
  decl 994e8bd8 declaration L373 members=2 pub=1 realized=0 deps=2 fe=19 bytes=5050
  effect 9b2bb1fe lemma L377 members=1 pub=1 realized=0 deps=2 fe=20 bytes=484
  decl 5c4f8bb4 declaration L385 members=13 pub=5 realized=0 deps=0 fe=10 bytes=4633
  effect 39500ac7 attribute L391 members=0 pub=0 realized=0 deps=0 fe=10 bytes=75
  decl 212c1556 declaration L393 members=7 pub=5 realized=0 deps=0 fe=11 bytes=1995
  effect 1e08f5fa attribute L399 members=0 pub=0 realized=0 deps=0 fe=10 bytes=75
  effect beee6379 attribute L400 members=0 pub=0 realized=0 deps=0 fe=12 bytes=75
  decl 94eb5e0c declaration L402 members=1 pub=1 realized=0 deps=0 fe=9 bytes=229
  decl 6c44032c in L407 members=17 pub=7 realized=0 deps=0 fe=0 bytes=9186
  effect 15840cb3 attribute L416 members=1 pub=1 realized=0 deps=0 fe=0 bytes=1826
  effect 8ed25d06 attribute L417 members=0 pub=0 realized=0 deps=0 fe=13 bytes=75
  decl cca42c69 declaration L419 members=2 pub=1 realized=0 deps=2 fe=2 bytes=1965
  decl 2b128420 declaration L425 members=1 pub=1 realized=0 deps=3 fe=9 bytes=380
  decl 0862c7ab declaration L428 members=1 pub=1 realized=0 deps=2 fe=1 bytes=751
  decl cf428def declaration L432 members=1 pub=1 realized=0 deps=1 fe=10 bytes=326
  decl c65171fe declaration L435 members=2 pub=1 realized=0 deps=1 fe=1 bytes=1748
  effect b33d0077 alias L440 members=1 pub=1 realized=0 deps=2 fe=0 bytes=303
  decl 337f8f33 declaration L442 members=2 pub=1 realized=0 deps=2 fe=14 bytes=2780
  decl 6352f017 declaration L449 members=1 pub=1 realized=0 deps=1 fe=9 bytes=321
  decl 29c4f515 declaration L452 members=1 pub=1 realized=0 deps=1 fe=9 bytes=326
  decl 09c76d29 declaration L455 members=1 pub=1 realized=0 deps=3 fe=9 bytes=569
  decl 384d1955 declaration L460 members=2 pub=1 realized=0 deps=2 fe=9 bytes=488
  decl 50791b3f declaration L464 members=1 pub=1 realized=0 deps=2 fe=9 bytes=337
  decl 21163280 declaration L466 members=1 pub=1 realized=0 deps=2 fe=0 bytes=355
  decl 29cb58a9 declaration L469 members=1 pub=1 realized=0 deps=1 fe=10 bytes=314
  decl f78e5f42 declaration L473 members=1 pub=1 realized=0 deps=2 fe=0 bytes=352
  decl a4cb749a declaration L476 members=2 pub=1 realized=0 deps=1 fe=10 bytes=582
  decl d8cfc314 declaration L479 members=1 pub=1 realized=0 deps=2 fe=10 bytes=397
  decl 4e021ed9 declaration L480 members=1 pub=1 realized=0 deps=2 fe=10 bytes=397
  effect 82cc2bb5 alias L482 members=1 pub=1 realized=0 deps=2 fe=0 bytes=337
  effect 5f231337 alias L483 members=1 pub=1 realized=0 deps=2 fe=0 bytes=342
  decl ced361f9 declaration L489 members=1 pub=1 realized=0 deps=1 fe=11 bytes=578
  decl ec9fa5de declaration L495 members=1 pub=1 realized=0 deps=1 fe=11 bytes=400
  decl fa68a329 declaration L498 members=1 pub=1 realized=0 deps=2 fe=10 bytes=433
  decl cd692984 declaration L501 members=1 pub=1 realized=0 deps=1 fe=11 bytes=641
  decl a685ce6a declaration L506 members=1 pub=1 realized=0 deps=2 fe=1 bytes=660
  effect fc7b1d52 alias L512 members=1 pub=1 realized=0 deps=2 fe=0 bytes=308
  decl 4d9f1776 declaration L514 members=1 pub=1 realized=0 deps=1 fe=10 bytes=509
  decl 1fd9b720 declaration L517 members=1 pub=1 realized=0 deps=2 fe=11 bytes=1580
  decl 6e7145eb declaration L529 members=1 pub=1 realized=0 deps=3 fe=11 bytes=977
  decl cca78a29 declaration L539 members=3 pub=1 realized=0 deps=2 fe=14 bytes=2581
  decl 0a3e8b40 declaration L542 members=1 pub=1 realized=0 deps=3 fe=11 bytes=970
  decl 5a0e70b7 declaration L548 members=4 pub=1 realized=1 deps=2 fe=15 bytes=14860
  decl 8bfaaaec declaration L554 members=1 pub=1 realized=0 deps=2 fe=11 bytes=708
  decl eb00fde4 declaration L562 members=1 pub=1 realized=0 deps=2 fe=11 bytes=348
  decl b37ca90a declaration L565 members=1 pub=1 realized=0 deps=1 fe=12 bytes=565
  effect 29b20c10 attribute L570 members=0 pub=0 realized=0 deps=0 fe=10 bytes=75
  decl c3c79a4d declaration L572 members=1 pub=1 realized=0 deps=2 fe=11 bytes=431
  decl 99b9e612 declaration L575 members=1 pub=1 realized=0 deps=1 fe=12 bytes=662
  decl 7b50a0d7 declaration L580 members=1 pub=1 realized=0 deps=2 fe=11 bytes=415
  decl 1f3ead86 declaration L583 members=1 pub=1 realized=0 deps=1 fe=11 bytes=1516
  decl 45dcfb0e declaration L595 members=1 pub=1 realized=0 deps=0 fe=12 bytes=800
  decl 5c62ebc8 declaration L605 members=1 pub=1 realized=0 deps=2 fe=11 bytes=609
  decl 5c9c6362 declaration L610 members=2 pub=1 realized=0 deps=3 fe=12 bytes=2222
  decl 8271cb43 declaration L616 members=2 pub=1 realized=0 deps=2 fe=12 bytes=1822
  decl ca698caa declaration L624 members=1 pub=1 realized=0 deps=1 fe=1 bytes=630
  effect 8ddd2064 alias L630 members=1 pub=1 realized=0 deps=1 fe=1 bytes=271
  decl 28735712 declaration L632 members=1 pub=1 realized=0 deps=0 fe=2 bytes=306
  decl ee694f9f declaration L635 members=1 pub=1 realized=0 deps=1 fe=1 bytes=443
  effect b72ddca5 lemma L642 members=3 pub=1 realized=0 deps=1 fe=14 bytes=1084
  effect 12171359 lemma L647 members=1 pub=1 realized=0 deps=2 fe=11 bytes=324
  effect 8d60d444 lemma L650 members=1 pub=1 realized=0 deps=3 fe=11 bytes=672
  decl d2e86865 declaration L657 members=1 pub=1 realized=0 deps=1 fe=10 bytes=485
  decl 42686e07 declaration L660 members=1 pub=1 realized=0 deps=1 fe=10 bytes=376
  decl ce749418 declaration L663 members=1 pub=1 realized=0 deps=1 fe=10 bytes=313
  decl bc2b0d51 declaration L666 members=2 pub=1 realized=0 deps=1 fe=10 bytes=471
  decl 85280df3 declaration L674 members=1 pub=1 realized=0 deps=0 fe=12 bytes=351
  decl de80d6ce declaration L677 members=1 pub=1 realized=0 deps=1 fe=12 bytes=377
  decl 8ec4aacf declaration L680 members=1 pub=1 realized=0 deps=2 fe=12 bytes=434
  decl a57b318e declaration L683 members=1 pub=1 realized=0 deps=2 fe=12 bytes=434
  decl 147cda6b declaration L686 members=1 pub=1 realized=0 deps=0 fe=17 bytes=667
  decl 75ce6d4f declaration L694 members=1 pub=1 realized=0 deps=2 fe=17 bytes=329
  decl fc377829 declaration L698 members=1 pub=1 realized=0 deps=0 fe=12 bytes=910
  decl 91f6b45d declaration L705 members=1 pub=1 realized=0 deps=3 fe=12 bytes=1018
  decl 95f81526 declaration L710 members=1 pub=1 realized=0 deps=1 fe=12 bytes=492
  effect 20c68153 lemma L713 members=1 pub=1 realized=0 deps=1 fe=12 bytes=567
  decl 4249423d declaration L717 members=1 pub=1 realized=0 deps=1 fe=12 bytes=484
  effect f5377d6d lemma L720 members=1 pub=1 realized=0 deps=2 fe=12 bytes=648
  decl cd26603f declaration L723 members=1 pub=1 realized=0 deps=1 fe=12 bytes=822
  decl bef5f102 declaration L729 members=1 pub=1 realized=0 deps=1 fe=12 bytes=401
  decl 7ab1023a declaration L738 members=2 pub=1 realized=0 deps=2 fe=18 bytes=1323
  decl c412f0ec declaration L742 members=1 pub=1 realized=0 deps=3 fe=20 bytes=1657
  decl f1f2f5ce declaration L752 members=1 pub=1 realized=0 deps=4 fe=12 bytes=1114
  decl a1533033 declaration L756 members=1 pub=1 realized=0 deps=2 fe=11 bytes=521
  decl dbd0b964 declaration L759 members=1 pub=1 realized=0 deps=2 fe=21 bytes=786
  decl 02577ed4 declaration L767 members=1 pub=1 realized=0 deps=2 fe=11 bytes=403
  decl d7f72938 declaration L770 members=1 pub=1 realized=0 deps=1 fe=11 bytes=403
  decl 7a759cf5 declaration L773 members=1 pub=1 realized=0 deps=2 fe=1 bytes=445
  decl 03854915 declaration L777 members=1 pub=1 realized=0 deps=2 fe=11 bytes=366
  decl a173d83b declaration L780 members=1 pub=1 realized=0 deps=3 fe=20 bytes=423
  decl 630ec61b declaration L784 members=1 pub=1 realized=0 deps=4 fe=11 bytes=1133
  decl 3f9ad641 declaration L789 members=1 pub=1 realized=0 deps=2 fe=11 bytes=527
  decl 7c138518 declaration L793 members=1 pub=1 realized=0 deps=2 fe=12 bytes=911
  decl 0113ed69 declaration L799 members=1 pub=1 realized=0 deps=2 fe=11 bytes=427
  effect 6ce0223d lemma L802 members=2 pub=1 realized=0 deps=4 fe=21 bytes=994
  effect 4987f6ab lemma L806 members=1 pub=1 realized=0 deps=8 fe=24 bytes=1516
  effect d1c65904 lemma L814 members=2 pub=1 realized=0 deps=5 fe=23 bytes=774
  effect 5122a94c lemma L817 members=2 pub=1 realized=0 deps=5 fe=25 bytes=778
  effect fcf27f61 lemma L820 members=1 pub=1 realized=0 deps=4 fe=25 bytes=725
  effect 5847d0a1 lemma L824 members=1 pub=1 realized=0 deps=4 fe=27 bytes=721
  decl 9f42b093 declaration L834 members=1 pub=1 realized=0 deps=1 fe=15 bytes=482
  decl fea87fb3 declaration L837 members=1 pub=1 realized=0 deps=2 fe=15 bytes=344
  decl adf005b0 declaration L839 members=1 pub=1 realized=0 deps=2 fe=15 bytes=310
  decl 30888d90 declaration L847 members=1 pub=1 realized=0 deps=1 fe=15 bytes=1034
  effect 6dc901a8 lemma L855 members=3 pub=1 realized=0 deps=1 fe=0 bytes=11477
  effect fa9a5348 lemma L861 members=2 pub=1 realized=0 deps=1 fe=1 bytes=8958
  effect 7e6ca6b9 lemma L867 members=1 pub=1 realized=0 deps=3 fe=10 bytes=687
  effect 44a101e1 lemma L871 members=2 pub=1 realized=0 deps=3 fe=3 bytes=1219
  effect d4ccc696 lemma L875 members=1 pub=1 realized=0 deps=3 fe=21 bytes=908
  effect 525b42ca lemma L881 members=1 pub=1 realized=0 deps=4 fe=25 bytes=996
  effect 9719fdf8 lemma L888 members=1 pub=1 realized=0 deps=7 fe=33 bytes=632
  effect 4d2703d1 lemma L893 members=1 pub=1 realized=0 deps=6 fe=33 bytes=587
  effect 066e7663 lemma L898 members=1 pub=1 realized=0 deps=7 fe=34 bytes=612
  effect 169b23bb lemma L903 members=1 pub=1 realized=0 deps=8 fe=34 bytes=637
  effect ece4aa3a lemma L908 members=1 pub=1 realized=0 deps=8 fe=37 bytes=752
  effect eb0c2a72 lemma L913 members=1 pub=1 realized=0 deps=6 fe=26 bytes=731
  decl 6d9243d8 declaration L918 members=1 pub=1 realized=0 deps=0 fe=19 bytes=260
  decl f1a6b7bf declaration L931 members=1 pub=1 realized=0 deps=4 fe=30 bytes=4656
  decl 7701d37d declaration L954 members=1 pub=1 realized=0 deps=1 fe=19 bytes=572
  effect 7ab32ebf alias L957 members=1 pub=1 realized=0 deps=2 fe=0 bytes=418
  decl ccd4dd39 declaration L959 members=2 pub=1 realized=0 deps=1 fe=0 bytes=963
  effect 42115a70 alias L962 members=1 pub=1 realized=0 deps=2 fe=0 bytes=277
  decl f225a9b4 declaration L964 members=1 pub=1 realized=0 deps=1 fe=0 bytes=423
  effect 32584339 alias L967 members=1 pub=1 realized=0 deps=2 fe=0 bytes=298
  decl a0ef4497 declaration L969 members=2 pub=1 realized=1 deps=1 fe=34 bytes=6530
  decl a866491f declaration L973 members=1 pub=1 realized=0 deps=4 fe=21 bytes=767
  decl c3d82b7d declaration L977 members=1 pub=1 realized=0 deps=6 fe=28 bytes=670
  decl 18daf524 declaration L982 members=1 pub=1 realized=0 deps=2 fe=19 bytes=770
  effect c5c20f0e alias L986 members=1 pub=1 realized=0 deps=2 fe=0 bytes=517
  decl b1086029 declaration L988 members=1 pub=1 realized=0 deps=3 fe=24 bytes=716
  effect 12a0d94f alias L992 members=1 pub=1 realized=0 deps=2 fe=10 bytes=563
  decl 940a1b84 declaration L995 members=1 pub=1 realized=0 deps=2 fe=25 bytes=616
  effect a8569c21 alias L999 members=1 pub=1 realized=0 deps=2 fe=10 bytes=521
  decl 4c319249 declaration L1012 members=1 pub=1 realized=0 deps=2 fe=27 bytes=680
  decl df0d6b73 declaration L1016 members=1 pub=1 realized=0 deps=1 fe=27 bytes=675
  decl 71be65ef declaration L1019 members=5 pub=1 realized=0 deps=1 fe=41 bytes=2673
  decl a4765d9f declaration L1022 members=1 pub=1 realized=0 deps=2 fe=27 bytes=472
  => 211 groups, 51 skipped, 0 diagnostics (0 reject)
capture-time 2.68 s maxrss 668728 KB
source replay: 211/211 groups reproduce their declaration ID (9169 ms)
kernel replay: 211/211 groups accepted; 278 declarations added, 4 reserved names re-realized (123 ms)
isolated replay (exact deps only): 211/211
replay-time 184.95 s maxrss 676388 KB
export: 1 modules, 211 groups, 103905 bytes of source
  Mathlib.ParaleanExport.Logic.Relation: 211 groups; imports #[Mathlib.Logic.Relator, Mathlib.Tactic.Use, Mathlib.Tactic.MkIffOfInductiveProp, Mathlib.Tactic.SimpRw, Mathlib.Order.Defs.Prop, Mathlib.Order.Defs.Unbundled, Batteries.Logic]
stock lake build: OK (8716 ms)
verify: 205/205 declaration groups identical in the stock-built oleans; 6 effect-only groups (build-checked)
export-time 11.86 s maxrss 1288372 KB
STATS {"aboveP95Bound":[],"capsuleBytes":{"max":2348,"median":465,"p95":687,"sum":103140},"commandBytes":{"max":2212,"median":138,"sum":35840},"diagnostics":[],"encodingBytes":{"max":14860,"median":582,"sum":293489},"groups":211,"ratio":{"p50":3.296296,"p95":6.961538},"rejected":0,"skipped":51}
