### M05 Mathlib.Data.Nat.BitIndices
capture M05:Mathlib/Data/Nat/BitIndices.lean
  effect d5051230 moduleDoc L14 members=0 pub=0 realized=0 deps=0 fe=0 bytes=75
  decl af126b58 declaration L36 members=1 pub=1 realized=0 deps=0 fe=0 bytes=487
  decl d9348483 declaration L41 members=1 pub=1 realized=1 deps=1 fe=0 bytes=318
  decl accb4f2a declaration L43 members=1 pub=1 realized=0 deps=1 fe=1 bytes=639
  decl 755dfeca declaration L45 members=1 pub=1 realized=0 deps=1 fe=2 bytes=716
  decl 28dacddb declaration L49 members=1 pub=1 realized=0 deps=1 fe=2 bytes=714
  decl e3937de1 declaration L53 members=1 pub=1 realized=0 deps=2 fe=2 bytes=888
  decl 311e0fc1 declaration L57 members=1 pub=1 realized=0 deps=2 fe=3 bytes=828
  decl 491ed895 declaration L61 members=4 pub=1 realized=0 deps=4 fe=1 bytes=6068
  decl e95ba1e7 declaration L69 members=2 pub=1 realized=0 deps=2 fe=4 bytes=534
  decl c45cc258 declaration L71 members=1 pub=1 realized=0 deps=2 fe=5 bytes=3771
  decl c57db03c declaration L79 members=1 pub=1 realized=0 deps=3 fe=5 bytes=1709
  decl 7051edbb declaration L82 members=1 pub=1 realized=0 deps=4 fe=5 bytes=4710
  effect 5b3dc60d alias L93 members=1 pub=1 realized=0 deps=2 fe=0 bytes=577
  decl edc9e7e9 declaration L95 members=2 pub=1 realized=0 deps=4 fe=6 bytes=7361
  decl 3bf22a8e declaration L100 members=4 pub=1 realized=0 deps=4 fe=7 bytes=14979
  effect eb01658b alias L128 members=1 pub=1 realized=0 deps=2 fe=0 bytes=645
  decl 660e8b4c declaration L130 members=1 pub=1 realized=0 deps=2 fe=9 bytes=731
  decl 72461ebd declaration L133 members=1 pub=1 realized=0 deps=2 fe=10 bytes=597
  => 19 groups, 6 skipped, 0 diagnostics (0 reject)
capture-time 1.83 s maxrss 1039736 KB
source replay: 19/19 groups reproduce their declaration ID (1788 ms)
kernel replay: 19/19 groups accepted; 26 declarations added, 0 reserved names re-realized (43 ms)
isolated replay (exact deps only): 19/19
replay-time 8.50 s maxrss 1039596 KB
export: 1 modules, 19 groups, 9532 bytes of source
  Mathlib.ParaleanExport.Data.Nat.BitIndices: 19 groups; imports #[Mathlib.Algebra.BigOperators.Ring.List, Mathlib.Algebra.Order.Group.Nat, Mathlib.Algebra.Order.Sub.Basic, Mathlib.Algebra.Ring.Nat, Mathlib.Data.List.Sort]
stock lake build: OK (3977 ms)
verify: 18/18 declaration groups identical in the stock-built oleans; 1 effect-only groups (build-checked)
export-time 10.86 s maxrss 1841228 KB
STATS {"aboveP95Bound":[],"capsuleBytes":{"max":1753,"median":350,"p95":1753,"sum":9018},"commandBytes":{"max":1540,"median":139,"sum":5071},"diagnostics":[],"encodingBytes":{"max":14979,"median":716,"sum":46347},"groups":19,"ratio":{"p50":2.517986,"p95":3.813333},"rejected":0,"skipped":6}
