### M13 Mathlib.Order.Lattice
capture M13:Mathlib/Order/Lattice.lean
  effect 331fb8c9 moduleDoc L16 members=0 pub=0 realized=0 deps=0 fe=0 bytes=75
  effect 9e80f715 moduleDoc L47 members=0 pub=0 realized=0 deps=0 fe=0 bytes=75
  decl 76e38b16 declaration L52 members=7 pub=1 realized=0 deps=0 fe=0 bytes=3193
  decl f237c2fa declaration L71 members=7 pub=1 realized=0 deps=0 fe=0 bytes=3271
  decl 8f7961d6 declaration L94 members=4 pub=2 realized=0 deps=0 fe=0 bytes=1237
  decl 936df7c0 declaration L98 members=4 pub=2 realized=0 deps=0 fe=1 bytes=1243
  decl d40257e3 declaration L102 members=2 pub=2 realized=0 deps=2 fe=0 bytes=1226
  decl d05699c7 declaration L106 members=2 pub=2 realized=0 deps=0 fe=2 bytes=1562
  decl d3d0f02b declaration L115 members=2 pub=2 realized=0 deps=0 fe=2 bytes=1131
  decl aabd79f1 declaration L119 members=2 pub=2 realized=0 deps=0 fe=2 bytes=1155
  decl adaf6c0a declaration L123 members=2 pub=2 realized=0 deps=1 fe=2 bytes=1632
  decl d047b239 declaration L127 members=2 pub=2 realized=0 deps=1 fe=2 bytes=1664
  decl aff8a11e declaration L131 members=2 pub=2 realized=0 deps=1 fe=2 bytes=1924
  decl 67e2ad5a declaration L136 members=2 pub=2 realized=0 deps=1 fe=2 bytes=2035
  decl 6d9fe0c9 declaration L141 members=2 pub=2 realized=0 deps=2 fe=0 bytes=1213
  decl ee3ffc30 declaration L145 members=2 pub=2 realized=0 deps=0 fe=2 bytes=1218
  decl 0f39fdc3 declaration L149 members=3 pub=2 realized=0 deps=0 fe=2 bytes=2801
  decl 5d3f9f21 declaration L156 members=2 pub=2 realized=0 deps=1 fe=2 bytes=10315
  decl 2601f3bf declaration L166 members=2 pub=2 realized=2 deps=0 fe=0 bytes=734
  decl 0ffa8cf3 declaration L173 members=2 pub=2 realized=0 deps=2 fe=2 bytes=766
  effect 21198107 moduleDoc L180 members=0 pub=0 realized=0 deps=0 fe=0 bytes=75
  decl 6e668d7f declaration L184 members=4 pub=1 realized=0 deps=1 fe=0 bytes=1013
  decl f595212a declaration L186 members=1 pub=1 realized=0 deps=2 fe=2 bytes=2039
  decl cbf26481 declaration L201 members=10 pub=1 realized=0 deps=3 fe=2 bytes=4658
  effect 4a7c2681 lemma L240 members=4 pub=2 realized=0 deps=0 fe=2 bytes=1438
  effect a2eb7725 lemma L243 members=2 pub=1 realized=0 deps=1 fe=2 bytes=1159
  effect bfde5267 lemma L245 members=2 pub=2 realized=0 deps=1 fe=3 bytes=3170
  decl a6fbcd35 declaration L253 members=1 pub=1 realized=0 deps=1 fe=4 bytes=6570
  decl 8c91cc22 declaration L268 members=1 pub=1 realized=0 deps=1 fe=0 bytes=367
  effect e5460dcd moduleDoc L273 members=0 pub=0 realized=0 deps=0 fe=0 bytes=75
  decl 07bf61e9 declaration L278 members=1 pub=1 realized=0 deps=0 fe=0 bytes=594
  decl ddcdbf37 declaration L288 members=2 pub=2 realized=0 deps=1 fe=4 bytes=1763
  decl 4be09f60 declaration L293 members=4 pub=2 realized=0 deps=1 fe=4 bytes=9346
  decl f2f95b2b declaration L297 members=4 pub=2 realized=0 deps=1 fe=4 bytes=9357
  decl 20299c2c declaration L301 members=2 pub=2 realized=0 deps=2 fe=4 bytes=1657
  decl 16631760 declaration L308 members=2 pub=2 realized=0 deps=1 fe=4 bytes=753
  decl 5a6bfb0e declaration L314 members=1 pub=1 realized=0 deps=0 fe=4 bytes=1421
  decl 92dbd489 declaration L321 members=1 pub=1 realized=0 deps=0 fe=4 bytes=1421
  decl d7aea7b0 declaration L328 members=5 pub=1 realized=0 deps=2 fe=0 bytes=2299
  decl e3481343 declaration L341 members=6 pub=1 realized=0 deps=1 fe=0 bytes=2441
  decl 0595d89f declaration L347 members=1 pub=1 realized=0 deps=1 fe=4 bytes=258
  decl 132f711d declaration L348 members=1 pub=1 realized=0 deps=1 fe=4 bytes=285
  effect 7a3291ff moduleDoc L350 members=0 pub=0 realized=0 deps=0 fe=0 bytes=75
  decl 867084bf declaration L355 members=2 pub=2 realized=0 deps=0 fe=4 bytes=653
  decl 80913cc6 declaration L359 members=2 pub=2 realized=0 deps=0 fe=5 bytes=650
  decl 178872da declaration L367 members=2 pub=2 realized=0 deps=1 fe=6 bytes=890
  decl 41bd6b88 declaration L370 members=2 pub=2 realized=0 deps=1 fe=6 bytes=887
  effect 322cc0db moduleDoc L375 members=0 pub=0 realized=0 deps=0 fe=0 bytes=75
  decl f4578659 declaration L382 members=2 pub=2 realized=2 deps=0 fe=6 bytes=491
  decl ee54284e declaration L386 members=2 pub=2 realized=0 deps=1 fe=6 bytes=634
  decl 1e78a220 declaration L390 members=4 pub=2 realized=0 deps=1 fe=7 bytes=819
  decl 3202f88e declaration L394 members=8 pub=2 realized=2 deps=0 fe=0 bytes=2310
  decl 480bf6da declaration L401 members=4 pub=1 realized=0 deps=1 fe=0 bytes=1232
  decl 63a31b8f declaration L403 members=2 pub=1 realized=0 deps=1 fe=0 bytes=895
  decl ccc48ae4 declaration L413 members=2 pub=2 realized=0 deps=1 fe=7 bytes=3693
  effect 877b9346 moduleDoc L420 members=0 pub=0 realized=0 deps=0 fe=0 bytes=75
  decl 390f2460 declaration L427 members=2 pub=2 realized=0 deps=1 fe=7 bytes=3326
  decl cc3636d6 declaration L433 members=2 pub=2 realized=0 deps=2 fe=7 bytes=1187
  decl 81cfa83b declaration L440 members=2 pub=2 realized=0 deps=0 fe=7 bytes=1420
  decl e0fa7bc3 declaration L445 members=2 pub=2 realized=0 deps=0 fe=7 bytes=2087
  decl c490a6bc declaration L452 members=2 pub=2 realized=0 deps=1 fe=7 bytes=1325
  decl c70fe27a declaration L457 members=2 pub=2 realized=0 deps=1 fe=7 bytes=1140
  decl 63ed54e0 declaration L464 members=2 pub=2 realized=0 deps=1 fe=7 bytes=2752
  decl b6081347 declaration L472 members=2 pub=1 realized=0 deps=0 fe=7 bytes=1366
  decl 1741f511 declaration L476 members=3 pub=1 realized=0 deps=0 fe=7 bytes=2133
  decl fc4be288 declaration L485 members=2 pub=2 realized=0 deps=1 fe=7 bytes=4089
  decl c86676f3 declaration L491 members=2 pub=2 realized=0 deps=2 fe=7 bytes=1272
  decl ad29fb61 declaration L497 members=2 pub=2 realized=0 deps=0 fe=7 bytes=2974
  decl 55432436 declaration L504 members=2 pub=2 realized=0 deps=1 fe=7 bytes=3626
  decl 71d9f2a9 declaration L516 members=2 pub=2 realized=0 deps=1 fe=7 bytes=3326
  decl 9ac92cc1 declaration L522 members=2 pub=2 realized=0 deps=2 fe=7 bytes=1187
  decl 11fc0cd9 declaration L529 members=2 pub=2 realized=0 deps=2 fe=7 bytes=1467
  decl 46f644d8 declaration L536 members=2 pub=2 realized=0 deps=3 fe=7 bytes=1620
  decl ba1590e1 declaration L543 members=1 pub=1 realized=0 deps=2 fe=7 bytes=912
  decl 120b9938 declaration L547 members=1 pub=1 realized=0 deps=1 fe=7 bytes=1180
  decl 5c270a14 declaration L555 members=2 pub=2 realized=0 deps=1 fe=7 bytes=4089
  decl bac28d8f declaration L561 members=2 pub=2 realized=0 deps=2 fe=7 bytes=1272
  decl 28a5a9b0 declaration L567 members=2 pub=2 realized=0 deps=0 fe=7 bytes=2995
  decl 5d42501f declaration L574 members=2 pub=2 realized=0 deps=1 fe=7 bytes=3626
  effect 65eb9a6e moduleDoc L584 members=0 pub=0 realized=0 deps=0 fe=0 bytes=75
  decl 59a1fb5d declaration L593 members=2 pub=2 realized=2 deps=0 fe=7 bytes=592
  decl 6de94142 declaration L597 members=2 pub=2 realized=0 deps=1 fe=7 bytes=748
  decl 149d19fb declaration L602 members=2 pub=2 realized=0 deps=1 fe=8 bytes=644
  decl a7547617 declaration L606 members=2 pub=2 realized=0 deps=1 fe=9 bytes=644
  decl 89c9622d declaration L610 members=2 pub=2 realized=0 deps=1 fe=10 bytes=687
  decl 93383e8b declaration L614 members=2 pub=2 realized=0 deps=1 fe=11 bytes=728
  decl 901d5eff declaration L618 members=8 pub=2 realized=2 deps=0 fe=0 bytes=3783
  decl a53248e5 declaration L625 members=4 pub=1 realized=0 deps=1 fe=0 bytes=1449
  decl 53466632 declaration L627 members=5 pub=1 realized=0 deps=1 fe=0 bytes=2177
  effect e530b909 moduleDoc L632 members=0 pub=0 realized=0 deps=0 fe=0 bytes=75
  decl 9d5dde22 declaration L639 members=10 pub=2 realized=2 deps=0 fe=0 bytes=2986
  decl 5f8f968b declaration L652 members=7 pub=1 realized=0 deps=1 fe=0 bytes=2690
  decl 6f0852d4 declaration L659 members=4 pub=2 realized=0 deps=1 fe=11 bytes=1087
  decl fbbd564d declaration L665 members=2 pub=2 realized=0 deps=1 fe=12 bytes=891
  decl a4dd6dc1 declaration L676 members=8 pub=2 realized=2 deps=0 fe=0 bytes=7475
  decl 73d8e012 declaration L700 members=1 pub=1 realized=0 deps=1 fe=0 bytes=1529
  decl a4420641 declaration L712 members=2 pub=1 realized=0 deps=1 fe=0 bytes=4049
  decl 5f872050 declaration L726 members=5 pub=1 realized=0 deps=3 fe=13 bytes=2358
  decl b8d25df5 declaration L738 members=3 pub=1 realized=0 deps=0 fe=13 bytes=1003
  decl a5ab0031 declaration L744 members=3 pub=1 realized=0 deps=1 fe=13 bytes=1097
  decl 21430564 declaration L749 members=6 pub=1 realized=0 deps=2 fe=13 bytes=2785
  decl 8946215b declaration L757 members=4 pub=1 realized=0 deps=2 fe=13 bytes=1602
  decl 572a6609 declaration L763 members=4 pub=1 realized=0 deps=2 fe=13 bytes=1602
  decl 2bc12986 declaration L769 members=5 pub=1 realized=0 deps=3 fe=13 bytes=1972
  decl 6bcbd0c1 declaration L775 members=5 pub=1 realized=0 deps=2 fe=13 bytes=1954
  decl ab43f026 declaration L786 members=8 pub=2 realized=2 deps=1 fe=13 bytes=1869
  decl f54a989d declaration L790 members=4 pub=1 realized=0 deps=1 fe=0 bytes=1124
  decl 62128fb0 declaration L792 members=5 pub=1 realized=0 deps=1 fe=13 bytes=1582
  decl 0e762c70 declaration L795 members=6 pub=1 realized=0 deps=0 fe=13 bytes=2057
  decl 496051bb declaration L801 members=1 pub=1 realized=0 deps=1 fe=13 bytes=368
  decl 761ef4dd declaration L802 members=1 pub=1 realized=0 deps=1 fe=13 bytes=243
  effect 8c05788e lemma L806 members=4 pub=1 realized=1 deps=1 fe=13 bytes=2090
  effect 05e12a99 lemma L809 members=1 pub=1 realized=0 deps=2 fe=13 bytes=1600
  effect dcb64817 aliasLR L812 members=1 pub=1 realized=0 deps=2 fe=0 bytes=652
  effect 1a9f10ca aliasLR L813 members=1 pub=1 realized=0 deps=2 fe=0 bytes=652
  => 115 groups, 54 skipped, 0 diagnostics (0 reject)
capture-time 4.38 s maxrss 787004 KB
source replay: 115/115 groups reproduce their declaration ID (7390 ms)
kernel replay: 115/115 groups accepted; 313 declarations added, 0 reserved names re-realized (166 ms)
isolated replay (exact deps only): 115/115
replay-time 37.79 s maxrss 787040 KB
export: 1 modules, 115 groups, 59622 bytes of source
  Mathlib.ParaleanExport.Order.Lattice: 115 groups; imports #[Mathlib.Data.Bool.Basic, Mathlib.Logic.Pairwise, Mathlib.Order.Defs.Lattice, Mathlib.Order.Monotone.Basic, Mathlib.Order.ULift, Mathlib.Tactic.GRewrite]
stock lake build: OK (7497 ms)
verify: 106/106 declaration groups identical in the stock-built oleans; 9 effect-only groups (build-checked)
export-time 11.71 s maxrss 1483840 KB
STATS {"aboveP95Bound":[],"capsuleBytes":{"max":1931,"median":468,"p95":1008,"sum":58988},"commandBytes":{"max":1716,"median":197,"sum":28865},"diagnostics":[],"encodingBytes":{"max":10315,"median":1366,"sum":213298},"groups":115,"ratio":{"p50":2.391089,"p95":7.052632},"rejected":0,"skipped":54}
