### M18 Mathlib.Logic.Function.Basic
capture M18:Mathlib/Logic/Function/Basic.lean
  effect a94e0f0c moduleDoc L17 members=0 pub=0 realized=0 deps=0 fe=0 bytes=75
  decl 9429185a declaration L33 members=1 pub=1 realized=0 deps=0 fe=0 bytes=218
  decl 086b18f2 declaration L37 members=1 pub=1 realized=0 deps=1 fe=0 bytes=314
  decl d0849d8c declaration L40 members=1 pub=1 realized=0 deps=0 fe=1 bytes=262
  decl 7d499e91 declaration L43 members=2 pub=1 realized=0 deps=0 fe=1 bytes=605
  decl 8b78a0bb declaration L47 members=2 pub=1 realized=0 deps=1 fe=1 bytes=678
  decl 97e1adad declaration L51 members=2 pub=1 realized=0 deps=0 fe=2 bytes=714
  decl b61aea2b declaration L57 members=1 pub=1 realized=0 deps=0 fe=2 bytes=368
  decl 99c2f901 declaration L60 members=1 pub=1 realized=0 deps=0 fe=2 bytes=462
  decl d1e42aeb declaration L63 members=1 pub=1 realized=0 deps=0 fe=2 bytes=461
  decl 63f72dba declaration L68 members=1 pub=1 realized=0 deps=0 fe=0 bytes=384
  decl 845613da declaration L71 members=1 pub=1 realized=0 deps=0 fe=0 bytes=390
  decl a949960d declaration L74 members=1 pub=1 realized=0 deps=0 fe=0 bytes=398
  decl 23879164 in L77 members=1 pub=1 realized=0 deps=0 fe=0 bytes=532
  decl 4a2f4d2f declaration L81 members=1 pub=1 realized=0 deps=0 fe=0 bytes=401
  decl bc67ad36 declaration L84 members=1 pub=1 realized=0 deps=0 fe=0 bytes=413
  decl c45bd621 declaration L87 members=1 pub=1 realized=0 deps=0 fe=0 bytes=401
  decl 0f33e6f9 in L90 members=1 pub=1 realized=0 deps=0 fe=0 bytes=558
  decl 0d33031b declaration L95 members=1 pub=1 realized=0 deps=3 fe=0 bytes=654
  decl 1a680d7f declaration L97 members=1 pub=1 realized=0 deps=2 fe=0 bytes=515
  decl 82074229 in L99 members=1 pub=1 realized=0 deps=2 fe=2 bytes=630
  decl 2cdee1e9 in L104 members=1 pub=1 realized=0 deps=2 fe=2 bytes=629
  decl 6a5461bd declaration L109 members=1 pub=1 realized=0 deps=2 fe=0 bytes=523
  decl 3f080a22 declaration L111 members=1 pub=1 realized=0 deps=1 fe=0 bytes=529
  decl 2d63bfba in L114 members=1 pub=1 realized=0 deps=2 fe=2 bytes=649
  effect 39969c74 lemma L121 members=2 pub=1 realized=0 deps=0 fe=2 bytes=2836
  decl 9f1f725b declaration L129 members=1 pub=1 realized=0 deps=0 fe=2 bytes=503
  effect a32fd815 lemma L132 members=1 pub=1 realized=0 deps=0 fe=2 bytes=905
  decl df133909 declaration L140 members=1 pub=1 realized=0 deps=0 fe=2 bytes=357
  decl d9e78b99 declaration L141 members=1 pub=1 realized=0 deps=0 fe=2 bytes=357
  decl 3153a95d declaration L142 members=1 pub=1 realized=0 deps=0 fe=2 bytes=357
  decl 241bfa80 declaration L143 members=1 pub=1 realized=0 deps=0 fe=2 bytes=357
  decl 87390dc4 declaration L147 members=1 pub=1 realized=0 deps=0 fe=0 bytes=325
  decl 7fcac4a5 declaration L150 members=1 pub=1 realized=0 deps=0 fe=0 bytes=331
  decl af91889d declaration L153 members=1 pub=1 realized=0 deps=0 fe=0 bytes=349
  decl 4317a0d3 declaration L156 members=1 pub=1 realized=0 deps=0 fe=0 bytes=482
  decl 8e493314 declaration L159 members=1 pub=1 realized=0 deps=0 fe=0 bytes=352
  decl f7d900fe declaration L162 members=1 pub=1 realized=0 deps=0 fe=0 bytes=451
  decl 16636374 declaration L165 members=1 pub=1 realized=0 deps=0 fe=0 bytes=352
  decl e7301060 declaration L168 members=1 pub=1 realized=0 deps=0 fe=0 bytes=478
  decl bf184270 declaration L171 members=1 pub=1 realized=0 deps=3 fe=0 bytes=590
  decl 7f0bbfb1 declaration L173 members=1 pub=1 realized=0 deps=2 fe=0 bytes=457
  decl 668ad4c1 declaration L175 members=1 pub=1 realized=0 deps=2 fe=0 bytes=473
  decl b53f401d declaration L177 members=1 pub=1 realized=0 deps=2 fe=0 bytes=472
  decl 159eb3a7 declaration L179 members=1 pub=1 realized=0 deps=2 fe=0 bytes=465
  decl 534e7ac1 declaration L181 members=1 pub=1 realized=0 deps=1 fe=0 bytes=737
  decl d664a974 declaration L184 members=1 pub=1 realized=0 deps=2 fe=0 bytes=488
  decl 0e5263b1 declaration L188 members=1 pub=1 realized=0 deps=0 fe=2 bytes=322
  decl 0aadb8ce declaration L189 members=1 pub=1 realized=0 deps=0 fe=2 bytes=324
  decl bb3ba9da declaration L191 members=3 pub=1 realized=1 deps=0 fe=2 bytes=1224
  effect 41439493 lemma L194 members=2 pub=1 realized=0 deps=1 fe=2 bytes=1152
  decl 8f6e83d9 declaration L200 members=1 pub=1 realized=0 deps=0 fe=3 bytes=429
  decl 327251fa declaration L205 members=1 pub=1 realized=0 deps=0 fe=3 bytes=438
  decl b65da495 declaration L208 members=2 pub=1 realized=0 deps=1 fe=3 bytes=627
  decl d34ac6df declaration L213 members=1 pub=1 realized=0 deps=0 fe=4 bytes=887
  decl b3a791fb declaration L219 members=1 pub=1 realized=0 deps=2 fe=4 bytes=690
  decl 7d125e03 declaration L223 members=2 pub=1 realized=0 deps=2 fe=4 bytes=795
  decl a823998b declaration L228 members=1 pub=1 realized=0 deps=0 fe=5 bytes=549
  decl 3178fb6c declaration L232 members=1 pub=1 realized=0 deps=1 fe=5 bytes=420
  decl 28ffd257 declaration L236 members=1 pub=1 realized=0 deps=1 fe=5 bytes=736
  decl addfbc95 declaration L241 members=2 pub=1 realized=0 deps=0 fe=5 bytes=477
  decl 46718e74 declaration L244 members=2 pub=1 realized=0 deps=1 fe=5 bytes=599
  effect 5e07070f lemma L247 members=7 pub=1 realized=2 deps=0 fe=5 bytes=8848
  decl 7803e2a2 declaration L254 members=2 pub=1 realized=0 deps=0 fe=5 bytes=993
  decl 1e7da81a declaration L258 members=2 pub=1 realized=0 deps=1 fe=5 bytes=643
  decl f68df3d3 declaration L263 members=2 pub=1 realized=0 deps=0 fe=6 bytes=1107
  decl f9467e20 declaration L266 members=1 pub=1 realized=0 deps=2 fe=6 bytes=691
  decl 903eb55a declaration L270 members=2 pub=1 realized=0 deps=2 fe=6 bytes=782
  decl 57e20d9e declaration L275 members=3 pub=1 realized=0 deps=0 fe=0 bytes=901
  decl a41c1f9a declaration L279 members=2 pub=1 realized=0 deps=0 fe=7 bytes=819
  decl 5ba340f8 declaration L285 members=1 pub=1 realized=0 deps=1 fe=7 bytes=541
  decl 34fdc727 declaration L289 members=1 pub=1 realized=0 deps=2 fe=7 bytes=630
  decl e00734d7 declaration L293 members=3 pub=1 realized=0 deps=1 fe=7 bytes=1319
  decl 11ee120f declaration L300 members=1 pub=1 realized=0 deps=1 fe=7 bytes=577
  decl 6d42bd67 declaration L304 members=1 pub=1 realized=0 deps=2 fe=7 bytes=681
  decl c8e11b8b declaration L308 members=1 pub=1 realized=0 deps=1 fe=7 bytes=679
  decl b001b49a declaration L311 members=2 pub=1 realized=0 deps=1 fe=7 bytes=2450
  decl 4e595c3a declaration L320 members=1 pub=1 realized=0 deps=1 fe=7 bytes=559
  decl 0601b859 declaration L324 members=1 pub=1 realized=0 deps=1 fe=7 bytes=552
  decl ee1b6766 declaration L328 members=1 pub=1 realized=0 deps=3 fe=7 bytes=1179
  decl 793e449c declaration L334 members=1 pub=1 realized=0 deps=1 fe=7 bytes=434
  decl 2852c39f declaration L339 members=3 pub=1 realized=0 deps=3 fe=7 bytes=3019
  decl ffd36b88 declaration L349 members=1 pub=1 realized=0 deps=3 fe=5 bytes=658
  decl 74a4b01b declaration L353 members=1 pub=1 realized=0 deps=3 fe=5 bytes=659
  decl c5756d48 declaration L357 members=1 pub=1 realized=0 deps=2 fe=7 bytes=666
  decl 5786c457 declaration L361 members=2 pub=1 realized=0 deps=0 fe=7 bytes=1086
  decl b79df628 declaration L370 members=2 pub=1 realized=0 deps=0 fe=7 bytes=1274
  decl 0f8f7d4a declaration L376 members=1 pub=1 realized=0 deps=1 fe=0 bytes=865
  decl 10fce83a declaration L382 members=1 pub=1 realized=0 deps=1 fe=7 bytes=2400
  decl 4244c0f0 declaration L397 members=1 pub=1 realized=0 deps=0 fe=7 bytes=346
  decl 640eab10 declaration L403 members=1 pub=1 realized=0 deps=1 fe=7 bytes=443
  decl af1e7c9e declaration L406 members=1 pub=1 realized=0 deps=1 fe=7 bytes=566
  decl ea3d9f2a declaration L410 members=1 pub=1 realized=0 deps=2 fe=7 bytes=861
  effect c0869eac alias L414 members=1 pub=1 realized=0 deps=2 fe=0 bytes=386
  decl 9f4e6aac declaration L416 members=1 pub=1 realized=0 deps=1 fe=7 bytes=623
  effect e4609f42 alias L420 members=1 pub=1 realized=0 deps=2 fe=0 bytes=362
  decl ec9823c6 declaration L422 members=1 pub=1 realized=0 deps=1 fe=7 bytes=697
  decl 47f6f87e declaration L426 members=2 pub=1 realized=0 deps=1 fe=7 bytes=1871
  effect 60056afe lemma L432 members=1 pub=1 realized=0 deps=0 fe=7 bytes=304
  effect 79bb0151 lemma L434 members=1 pub=1 realized=0 deps=0 fe=7 bytes=301
  decl 059409d7 declaration L436 members=1 pub=1 realized=0 deps=0 fe=7 bytes=375
  decl f9db13ae declaration L439 members=1 pub=1 realized=0 deps=1 fe=7 bytes=463
  decl 27f83200 declaration L442 members=1 pub=1 realized=0 deps=0 fe=7 bytes=379
  decl 2afe107a declaration L445 members=1 pub=1 realized=0 deps=1 fe=7 bytes=468
  decl 0db5925f declaration L448 members=1 pub=1 realized=0 deps=0 fe=7 bytes=703
  decl d67cd284 declaration L452 members=1 pub=1 realized=0 deps=1 fe=7 bytes=506
  decl 6bad0cf9 declaration L456 members=1 pub=1 realized=0 deps=0 fe=7 bytes=301
  decl 758d6fd2 declaration L459 members=1 pub=1 realized=0 deps=0 fe=7 bytes=300
  decl 3826641c declaration L462 members=1 pub=1 realized=0 deps=1 fe=7 bytes=400
  decl a33106cb declaration L465 members=1 pub=1 realized=0 deps=1 fe=7 bytes=397
  decl 071e7e7a declaration L468 members=1 pub=1 realized=0 deps=0 fe=7 bytes=389
  decl 47f49cc5 declaration L472 members=2 pub=1 realized=0 deps=0 fe=7 bytes=960
  decl 47b7e647 declaration L476 members=1 pub=1 realized=0 deps=1 fe=7 bytes=395
  decl 09b8f744 declaration L480 members=1 pub=1 realized=0 deps=1 fe=7 bytes=393
  decl fa155837 declaration L484 members=1 pub=1 realized=0 deps=2 fe=7 bytes=1369
  decl f22ad93c declaration L490 members=1 pub=1 realized=0 deps=0 fe=7 bytes=459
  decl 8027f468 declaration L496 members=2 pub=1 realized=0 deps=2 fe=0 bytes=2306
  effect 4ed1797d alias L511 members=1 pub=1 realized=0 deps=3 fe=0 bytes=374
  decl 818ceb97 declaration L513 members=1 pub=1 realized=0 deps=3 fe=9 bytes=486
  decl b497c392 declaration L522 members=1 pub=1 realized=0 deps=0 fe=7 bytes=462
  decl 67e0b59e declaration L529 members=1 pub=1 realized=2 deps=1 fe=7 bytes=1228
  decl d62dc404 declaration L532 members=1 pub=1 realized=0 deps=2 fe=7 bytes=462
  decl ab52bf1c declaration L536 members=1 pub=1 realized=0 deps=1 fe=7 bytes=613
  decl 5cbdb977 declaration L539 members=1 pub=1 realized=0 deps=2 fe=7 bytes=809
  decl c88060ea declaration L547 members=1 pub=1 realized=0 deps=2 fe=7 bytes=449
  decl a88c28e2 declaration L550 members=1 pub=1 realized=0 deps=2 fe=7 bytes=555
  decl f73f74c9 declaration L553 members=1 pub=1 realized=0 deps=3 fe=7 bytes=478
  decl f48bce12 declaration L556 members=1 pub=1 realized=0 deps=2 fe=7 bytes=500
  decl 387a8429 declaration L559 members=1 pub=1 realized=0 deps=2 fe=7 bytes=516
  decl ce77979a declaration L562 members=1 pub=1 realized=0 deps=1 fe=7 bytes=436
  decl 73e33d12 declaration L571 members=1 pub=1 realized=0 deps=0 fe=7 bytes=323
  decl c0371166 declaration L576 members=1 pub=1 realized=0 deps=1 fe=7 bytes=396
  effect eda1a95e lemma L579 members=1 pub=1 realized=0 deps=2 fe=7 bytes=452
  decl fd304d96 declaration L583 members=1 pub=1 realized=0 deps=2 fe=8 bytes=384
  decl ad609aa1 declaration L586 members=1 pub=1 realized=0 deps=2 fe=8 bytes=557
  decl 70246f19 declaration L589 members=1 pub=1 realized=0 deps=2 fe=8 bytes=473
  decl 2f537d09 declaration L592 members=1 pub=1 realized=0 deps=1 fe=8 bytes=393
  decl f99a4dcd declaration L595 members=2 pub=1 realized=0 deps=3 fe=8 bytes=1794
  decl 5f98aa39 declaration L599 members=1 pub=1 realized=0 deps=3 fe=8 bytes=430
  decl f5d841df declaration L602 members=1 pub=1 realized=0 deps=1 fe=8 bytes=500
  decl c61c5e12 declaration L606 members=2 pub=1 realized=0 deps=2 fe=8 bytes=679
  decl 7e1faca3 declaration L610 members=1 pub=1 realized=0 deps=2 fe=8 bytes=639
  decl df888983 declaration L614 members=1 pub=1 realized=0 deps=1 fe=8 bytes=415
  decl a3a7bff1 declaration L619 members=2 pub=1 realized=0 deps=1 fe=8 bytes=1552
  decl 816bbc77 declaration L625 members=1 pub=1 realized=0 deps=2 fe=8 bytes=646
  decl ca503465 declaration L629 members=1 pub=1 realized=0 deps=4 fe=8 bytes=639
  decl 2983342d declaration L642 members=1 pub=1 realized=2 deps=0 fe=8 bytes=436
  decl a866aa0f declaration L647 members=1 pub=1 realized=0 deps=1 fe=8 bytes=523
  decl f6a0da72 declaration L651 members=1 pub=1 realized=0 deps=1 fe=9 bytes=562
  effect d3472d64 lemma L655 members=1 pub=1 realized=0 deps=1 fe=10 bytes=842
  decl bfa37dc5 declaration L667 members=1 pub=1 realized=0 deps=3 fe=9 bytes=1510
  decl a9d4353b declaration L672 members=1 pub=1 realized=0 deps=2 fe=10 bytes=695
  decl af281608 declaration L677 members=1 pub=1 realized=0 deps=3 fe=9 bytes=600
  decl 56154c35 declaration L682 members=1 pub=1 realized=0 deps=2 fe=10 bytes=814
  effect 8e076100 lemma L686 members=1 pub=1 realized=0 deps=3 fe=9 bytes=1671
  decl 8f58840f declaration L691 members=2 pub=1 realized=0 deps=2 fe=11 bytes=1780
  decl b57380e1 declaration L696 members=1 pub=1 realized=0 deps=2 fe=11 bytes=693
  decl 1a387865 declaration L700 members=1 pub=1 realized=0 deps=2 fe=11 bytes=690
  effect 630438c5 lemma L704 members=3 pub=1 realized=0 deps=2 fe=12 bytes=1514
  effect cb95ea16 lemma L706 members=2 pub=1 realized=0 deps=2 fe=12 bytes=860
  effect ee4ffb10 lemma L708 members=1 pub=1 realized=0 deps=2 fe=13 bytes=518
  effect cba65057 lemma L710 members=1 pub=1 realized=0 deps=2 fe=14 bytes=518
  decl 226bb6d2 declaration L712 members=1 pub=1 realized=0 deps=2 fe=16 bytes=584
  decl 85a739c5 declaration L716 members=1 pub=1 realized=0 deps=2 fe=16 bytes=611
  decl 12a35e8e declaration L722 members=1 pub=1 realized=0 deps=2 fe=17 bytes=584
  decl eb86adc0 declaration L727 members=1 pub=1 realized=0 deps=4 fe=15 bytes=1049
  decl fa384bdc declaration L731 members=1 pub=1 realized=0 deps=2 fe=17 bytes=707
  decl 76ae0747 declaration L737 members=1 pub=1 realized=0 deps=2 fe=17 bytes=633
  effect b04f93b7 lemma L743 members=4 pub=1 realized=0 deps=1 fe=17 bytes=7972
  effect f5a7ce01 lemma L761 members=2 pub=1 realized=0 deps=2 fe=17 bytes=1864
  decl a622c27d declaration L769 members=2 pub=1 realized=0 deps=2 fe=18 bytes=4011
  decl 57b13ed5 declaration L774 members=2 pub=1 realized=0 deps=2 fe=18 bytes=5734
  decl ba8c22d4 declaration L779 members=2 pub=1 realized=0 deps=2 fe=18 bytes=10069
  decl 57cb467c declaration L783 members=1 pub=1 realized=0 deps=2 fe=19 bytes=592
  decl 49df502e declaration L787 members=2 pub=1 realized=0 deps=2 fe=18 bytes=5621
  decl dac122cf declaration L791 members=2 pub=1 realized=0 deps=2 fe=18 bytes=3121
  decl 650a7520 declaration L796 members=1 pub=1 realized=0 deps=3 fe=18 bytes=1856
  decl ea2f9a4b declaration L804 members=2 pub=1 realized=0 deps=4 fe=19 bytes=2015
  decl d6e56f8a declaration L822 members=1 pub=1 realized=0 deps=0 fe=17 bytes=479
  decl f1d9859e declaration L838 members=1 pub=1 realized=0 deps=0 fe=17 bytes=322
  decl d8476f87 declaration L842 members=1 pub=1 realized=0 deps=1 fe=17 bytes=1358
  effect 0d64c9b8 lemma L847 members=1 pub=1 realized=0 deps=1 fe=17 bytes=452
  effect 1a3bf390 lemma L850 members=2 pub=1 realized=0 deps=3 fe=18 bytes=1591
  decl e0eca2da declaration L856 members=1 pub=1 realized=0 deps=3 fe=17 bytes=541
  decl 2f099402 declaration L861 members=1 pub=1 realized=0 deps=2 fe=19 bytes=964
  decl 82ef1e5e declaration L867 members=1 pub=1 realized=0 deps=2 fe=19 bytes=443
  decl ab12c3ab declaration L872 members=1 pub=1 realized=0 deps=3 fe=19 bytes=3917
  effect 9855c53d lemma L888 members=1 pub=1 realized=0 deps=3 fe=21 bytes=1884
  effect 3962dbac lemma L893 members=1 pub=1 realized=0 deps=1 fe=22 bytes=698
  decl 5a6d1b60 declaration L897 members=1 pub=1 realized=0 deps=2 fe=22 bytes=1028
  effect 1c792fdb lemma L904 members=1 pub=1 realized=0 deps=3 fe=23 bytes=590
  effect 1545c444 lemma L908 members=1 pub=1 realized=0 deps=1 fe=24 bytes=498
  decl 45319dc3 declaration L912 members=1 pub=1 realized=0 deps=2 fe=24 bytes=545
  decl afdb9972 declaration L916 members=2 pub=1 realized=0 deps=6 fe=28 bytes=4841
  decl c769d235 declaration L925 members=1 pub=1 realized=0 deps=2 fe=25 bytes=624
  decl e2f24342 declaration L929 members=1 pub=1 realized=0 deps=1 fe=22 bytes=509
  decl 72ff46e6 declaration L933 members=3 pub=1 realized=0 deps=2 fe=22 bytes=5233
  decl b292e0fd declaration L946 members=1 pub=1 realized=1 deps=5 fe=22 bytes=1391
  decl e305c288 declaration L955 members=1 pub=1 realized=0 deps=1 fe=26 bytes=317
  decl c854a267 declaration L957 members=1 pub=1 realized=0 deps=1 fe=26 bytes=547
  decl 3b59378d declaration L961 members=1 pub=1 realized=0 deps=1 fe=26 bytes=553
  decl bb2a1656 declaration L969 members=1 pub=1 realized=0 deps=0 fe=22 bytes=400
  decl ae588aa0 declaration L972 members=1 pub=1 realized=0 deps=0 fe=22 bytes=427
  decl 357188d2 declaration L975 members=1 pub=1 realized=0 deps=0 fe=22 bytes=425
  decl 689c14e4 declaration L978 members=1 pub=1 realized=0 deps=0 fe=22 bytes=442
  decl 46d88a4f declaration L981 members=1 pub=1 realized=0 deps=0 fe=22 bytes=450
  decl edd0d93a declaration L984 members=2 pub=1 realized=0 deps=3 fe=25 bytes=5329
  decl 0990edf5 declaration L992 members=1 pub=1 realized=0 deps=3 fe=27 bytes=992
  decl 9567954f declaration L1005 members=11 pub=4 realized=0 deps=0 fe=22 bytes=2995
  effect a25c6e0f mixfix L1014 members=3 pub=1 realized=0 deps=0 fe=23 bytes=2922
  decl 37002cef declaration L1016 members=1 pub=1 realized=0 deps=1 fe=22 bytes=310
  decl b310cf7b declaration L1019 members=1 pub=1 realized=0 deps=1 fe=23 bytes=558
  decl c1cd03ce declaration L1024 members=1 pub=1 realized=0 deps=0 fe=22 bytes=208
  decl 5b059efd declaration L1028 members=1 pub=1 realized=0 deps=1 fe=22 bytes=189
  decl d95d53e1 declaration L1037 members=1 pub=1 realized=0 deps=1 fe=22 bytes=349
  decl 02f650e8 declaration L1041 members=1 pub=1 realized=0 deps=1 fe=23 bytes=271
  decl eb5f09ad declaration L1043 members=1 pub=1 realized=0 deps=2 fe=23 bytes=964
  decl 7d64fd46 declaration L1047 members=1 pub=1 realized=0 deps=1 fe=23 bytes=273
  decl fbd48a1a declaration L1049 members=1 pub=1 realized=0 deps=2 fe=23 bytes=360
  decl 0a6f234a declaration L1051 members=1 pub=1 realized=0 deps=1 fe=23 bytes=350
  decl c9a63d50 declaration L1053 members=1 pub=1 realized=0 deps=3 fe=23 bytes=449
  decl 23f74428 declaration L1055 members=1 pub=1 realized=0 deps=1 fe=23 bytes=807
  decl 768e962e declaration L1059 members=1 pub=1 realized=0 deps=2 fe=23 bytes=421
  effect 6605d6b2 lemma L1065 members=1 pub=1 realized=0 deps=1 fe=23 bytes=246
  effect 48e665b6 lemma L1066 members=1 pub=1 realized=0 deps=2 fe=23 bytes=243
  effect 63198404 lemma L1067 members=1 pub=1 realized=0 deps=2 fe=24 bytes=245
  effect c68512ef lemma L1068 members=1 pub=1 realized=0 deps=2 fe=25 bytes=243
  effect 08a7e22a lemma L1070 members=3 pub=1 realized=1 deps=1 fe=24 bytes=866
  effect f6432dc7 alias L1074 members=1 pub=1 realized=0 deps=2 fe=1 bytes=341
  decl b7ddfd71 declaration L1076 members=1 pub=1 realized=0 deps=0 fe=24 bytes=374
  decl aa9c33ad declaration L1086 members=1 pub=1 realized=0 deps=1 fe=24 bytes=499
  decl 0bf14dfc declaration L1090 members=1 pub=1 realized=0 deps=1 fe=24 bytes=478
  decl 08b8531f declaration L1094 members=3 pub=1 realized=0 deps=1 fe=24 bytes=2179
  decl 7a1a6900 declaration L1098 members=1 pub=1 realized=0 deps=3 fe=24 bytes=647
  decl 758641c7 declaration L1103 members=1 pub=1 realized=0 deps=3 fe=24 bytes=699
  decl 4d8b787e declaration L1109 members=2 pub=1 realized=0 deps=1 fe=24 bytes=1099
  decl 6f52f507 declaration L1116 members=1 pub=1 realized=0 deps=0 fe=24 bytes=372
  decl 788b94b8 declaration L1123 members=1 pub=1 realized=0 deps=1 fe=24 bytes=483
  decl 59c88338 declaration L1126 members=1 pub=1 realized=0 deps=2 fe=24 bytes=514
  effect 9e50917c lemma L1136 members=1 pub=1 realized=0 deps=0 fe=24 bytes=1835
  effect 18aeb114 lemma L1147 members=2 pub=1 realized=0 deps=2 fe=24 bytes=1184
  effect 6201d883 lemma L1154 members=2 pub=1 realized=0 deps=3 fe=25 bytes=2239
  effect 9c3ab7e0 alias L1163 members=1 pub=1 realized=0 deps=2 fe=2 bytes=499
  effect b6275978 lemma L1166 members=2 pub=1 realized=0 deps=3 fe=26 bytes=1317
  effect 5520527f alias L1173 members=1 pub=1 realized=0 deps=2 fe=3 bytes=471
  decl f24845bb declaration L1176 members=1 pub=1 realized=0 deps=0 fe=24 bytes=438
  effect a5f5663c moduleDoc L1182 members=0 pub=0 realized=0 deps=0 fe=0 bytes=75
  decl e3268445 declaration L1184 members=2 pub=1 realized=0 deps=0 fe=0 bytes=1429
  decl ed59e3f6 declaration L1188 members=1 pub=1 realized=0 deps=0 fe=24 bytes=958
  decl 15b8f9cb declaration L1194 members=1 pub=1 realized=0 deps=0 fe=24 bytes=968
  decl 84633ff3 declaration L1198 members=1 pub=1 realized=0 deps=0 fe=24 bytes=959
  effect 49781d4d moduleDoc L1202 members=0 pub=0 realized=0 deps=0 fe=0 bytes=75
  decl fc9befdd declaration L1205 members=2 pub=1 realized=0 deps=2 fe=24 bytes=701
  decl 6adb53b1 declaration L1210 members=2 pub=1 realized=0 deps=2 fe=25 bytes=562
  decl b2703728 declaration L1214 members=1 pub=1 realized=0 deps=0 fe=26 bytes=839
  decl 311bf6e8 declaration L1220 members=1 pub=1 realized=0 deps=1 fe=26 bytes=556
  decl 2e5ffd4f declaration L1226 members=3 pub=1 realized=0 deps=0 fe=27 bytes=1911
  decl 3eee3de5 declaration L1231 members=1 pub=1 realized=0 deps=0 fe=26 bytes=419
  decl 8b144321 declaration L1236 members=1 pub=1 realized=0 deps=1 fe=26 bytes=1069
  decl 5b8cb827 declaration L1242 members=1 pub=1 realized=0 deps=0 fe=26 bytes=470
  decl c6384847 declaration L1246 members=1 pub=1 realized=0 deps=0 fe=26 bytes=402
  decl 4a819442 declaration L1250 members=1 pub=1 realized=0 deps=0 fe=26 bytes=381
  decl 8346cf72 declaration L1258 members=1 pub=1 realized=0 deps=0 fe=26 bytes=291
  decl f22fcd85 declaration L1260 members=1 pub=1 realized=0 deps=0 fe=27 bytes=285
  decl c74217c1 declaration L1262 members=1 pub=1 realized=0 deps=0 fe=28 bytes=527
  => 265 groups, 48 skipped, 0 diagnostics (0 reject)
capture-time 4.48 s maxrss 664340 KB
source replay: 265/265 groups reproduce their declaration ID (15012 ms)
kernel replay: 265/265 groups accepted; 343 declarations added, 2 reserved names re-realized (151 ms)
isolated replay (exact deps only): 265/265
replay-time 185.72 s maxrss 676216 KB
export: 1 modules, 265 groups, 132059 bytes of source
  Mathlib.ParaleanExport.Logic.Function.Basic: 265 groups; imports #[Mathlib.Basic.ExistsUnique, Mathlib.Basic.Logic.Basic, Mathlib.Basic.Nonempty, Mathlib.Basic.Nontrivial.Defs, Mathlib.Logic.Function.Defs, Batteries.Tactic.Init, Mathlib.Order.Defs.Unbundled]
stock lake build: OK (8275 ms)
verify: 262/262 declaration groups identical in the stock-built oleans; 3 effect-only groups (build-checked)
export-time 11.37 s maxrss 1286432 KB
STATS {"aboveP95Bound":[],"capsuleBytes":{"max":1300,"median":462,"p95":753,"sum":131216},"commandBytes":{"max":974,"median":172,"sum":52801},"diagnostics":[],"encodingBytes":{"max":10069,"median":549,"sum":244734},"groups":265,"ratio":{"p50":2.752,"p95":4.779412},"rejected":0,"skipped":48}
