### M01 Mathlib.Order.Basic
capture M01:Mathlib/Order/Basic.lean
  effect 4132c78c moduleDoc L19 members=0 pub=0 realized=0 deps=0 fe=0 bytes=75
  effect 980f6bf5 moduleDoc L65 members=0 pub=0 realized=0 deps=0 fe=0 bytes=75
  effect dcabd0e0 attribute L67 members=3 pub=2 realized=0 deps=0 fe=0 bytes=1748
  effect b1ab3fab lemma L73 members=1 pub=1 realized=0 deps=0 fe=0 bytes=257
  effect 7b3aacae lemma L74 members=1 pub=1 realized=0 deps=0 fe=0 bytes=257
  effect 409cea23 alias L76 members=2 pub=2 realized=0 deps=0 fe=0 bytes=391
  effect 46fc4df4 alias L77 members=2 pub=2 realized=0 deps=0 fe=0 bytes=390
  effect 3621f4ed lemma L85 members=1 pub=1 realized=0 deps=0 fe=0 bytes=257
  effect d8829374 lemma L86 members=1 pub=1 realized=0 deps=0 fe=0 bytes=257
  effect fe3ec2ea alias L88 members=2 pub=2 realized=0 deps=0 fe=0 bytes=391
  effect 65448363 alias L89 members=2 pub=2 realized=0 deps=0 fe=0 bytes=390
  decl 8cd1d072 declaration L93 members=1 pub=1 realized=1 deps=0 fe=0 bytes=268
  effect 220ad707 mixfix L99 members=3 pub=1 realized=0 deps=0 fe=1 bytes=3009
  decl 358b35ad declaration L101 members=1 pub=1 realized=0 deps=1 fe=1 bytes=381
  effect 636ddadb moduleDoc L105 members=0 pub=0 realized=0 deps=0 fe=0 bytes=75
  decl af81ff90 declaration L111 members=1 pub=1 realized=0 deps=0 fe=1 bytes=845
  effect d8c82c87 lemma L116 members=3 pub=1 realized=0 deps=1 fe=1 bytes=989
  effect 0b57beb4 lemma L120 members=2 pub=1 realized=0 deps=0 fe=1 bytes=441
  effect cfa57c36 alias L123 members=2 pub=2 realized=0 deps=0 fe=0 bytes=404
  effect b1a2557a alias L124 members=2 pub=2 realized=0 deps=0 fe=0 bytes=404
  effect ab08281d alias L125 members=2 pub=2 realized=0 deps=0 fe=0 bytes=397
  effect 2488ed14 alias L126 members=2 pub=2 realized=0 deps=0 fe=0 bytes=397
  effect 4e0c6b8a alias L127 members=2 pub=2 realized=0 deps=0 fe=0 bytes=458
  effect 5cc14d59 alias L128 members=2 pub=2 realized=0 deps=0 fe=0 bytes=458
  effect 8f423902 alias L130 members=1 pub=1 realized=0 deps=0 fe=0 bytes=364
  effect 74d0d55d alias L131 members=1 pub=1 realized=0 deps=0 fe=0 bytes=300
  effect 8337f9af alias L132 members=1 pub=1 realized=0 deps=0 fe=0 bytes=286
  effect cd206a0b alias L133 members=1 pub=1 realized=0 deps=0 fe=0 bytes=287
  effect 7fe607c4 alias L135 members=2 pub=2 realized=0 deps=0 fe=0 bytes=336
  effect fbae7803 alias L136 members=2 pub=2 realized=0 deps=0 fe=0 bytes=337
  effect 92ce8a98 lemma L138 members=1 pub=1 realized=0 deps=0 fe=2 bytes=273
  effect ee746b87 lemma L140 members=2 pub=2 realized=0 deps=1 fe=2 bytes=511
  decl efd3bf23 declaration L142 members=2 pub=2 realized=0 deps=0 fe=2 bytes=499
  effect a482cec1 lemma L145 members=2 pub=1 realized=0 deps=1 fe=2 bytes=512
  effect 103a0e61 lemma L149 members=2 pub=1 realized=0 deps=1 fe=3 bytes=533
  decl 387bf558 declaration L152 members=2 pub=2 realized=0 deps=0 fe=3 bytes=448
  decl c7ee12cf declaration L155 members=2 pub=2 realized=0 deps=1 fe=3 bytes=709
  decl 00c0d264 declaration L159 members=1 pub=1 realized=0 deps=1 fe=3 bytes=481
  decl d16c327c declaration L164 members=1 pub=1 realized=0 deps=2 fe=3 bytes=558
  decl c2fa9dab declaration L169 members=1 pub=1 realized=0 deps=1 fe=3 bytes=497
  decl ebf8ba73 declaration L174 members=1 pub=1 realized=0 deps=2 fe=3 bytes=558
  effect 55bd75e6 attribute L179 members=0 pub=0 realized=0 deps=0 fe=0 bytes=75
  decl d372cab6 declaration L181 members=2 pub=2 realized=0 deps=0 fe=4 bytes=576
  decl 1045aafe declaration L187 members=2 pub=1 realized=0 deps=0 fe=3 bytes=1408
  effect 607224d5 moduleDoc L199 members=0 pub=0 realized=0 deps=0 fe=0 bytes=75
  decl 93f09279 declaration L205 members=2 pub=2 realized=0 deps=0 fe=3 bytes=629
  effect b1f41c8a alias L211 members=2 pub=2 realized=0 deps=0 fe=0 bytes=435
  effect 940f3c14 alias L212 members=2 pub=2 realized=0 deps=0 fe=0 bytes=471
  decl aaee34a1 declaration L214 members=2 pub=2 realized=0 deps=1 fe=3 bytes=693
  decl ed77729e declaration L217 members=2 pub=2 realized=0 deps=1 fe=3 bytes=657
  decl 1ba1ba7f declaration L220 members=2 pub=2 realized=0 deps=2 fe=3 bytes=709
  effect cd9e0342 lemma L226 members=2 pub=2 realized=0 deps=2 fe=1 bytes=807
  decl e1d58e46 declaration L232 members=2 pub=2 realized=0 deps=0 fe=3 bytes=722
  decl d60da341 declaration L236 members=2 pub=2 realized=0 deps=0 fe=3 bytes=643
  decl a7890718 declaration L239 members=4 pub=2 realized=0 deps=1 fe=3 bytes=1848
  decl 26599406 declaration L244 members=4 pub=2 realized=0 deps=3 fe=4 bytes=2496
  decl 55a8ea6b declaration L249 members=2 pub=2 realized=0 deps=1 fe=3 bytes=691
  decl f27d5abd declaration L254 members=2 pub=2 realized=0 deps=0 fe=3 bytes=682
  decl 59349b8d declaration L258 members=2 pub=2 realized=0 deps=0 fe=3 bytes=603
  effect 9c887c89 alias L261 members=2 pub=2 realized=0 deps=0 fe=0 bytes=557
  effect 667509b3 alias L262 members=2 pub=2 realized=0 deps=1 fe=0 bytes=571
  effect 539b6ca9 alias L263 members=2 pub=2 realized=0 deps=0 fe=0 bytes=480
  effect 32eee189 alias L264 members=2 pub=2 realized=0 deps=1 fe=0 bytes=512
  decl ee5266d7 declaration L266 members=2 pub=2 realized=0 deps=1 fe=3 bytes=720
  effect a6c6d47b alias L269 members=2 pub=2 realized=0 deps=1 fe=0 bytes=541
  decl 2c0c859a declaration L271 members=2 pub=2 realized=0 deps=1 fe=3 bytes=700
  decl 25d3ce78 declaration L274 members=2 pub=2 realized=0 deps=0 fe=3 bytes=701
  decl 7d499d0e declaration L278 members=2 pub=2 realized=0 deps=0 fe=3 bytes=1131
  decl 2b3ce37b declaration L282 members=4 pub=2 realized=0 deps=1 fe=3 bytes=848
  effect 9bf52308 lemma L286 members=1 pub=1 realized=0 deps=1 fe=5 bytes=492
  effect 62ebfc91 lemma L291 members=1 pub=1 realized=0 deps=0 fe=0 bytes=1074
  effect a2e0e14f lemma L307 members=2 pub=2 realized=0 deps=1 fe=4 bytes=795
  effect 631f0f8d lemma L310 members=2 pub=2 realized=0 deps=1 fe=4 bytes=795
  effect 62952440 lemma L313 members=2 pub=2 realized=0 deps=1 fe=4 bytes=795
  effect aa01e05b lemma L320 members=2 pub=2 realized=0 deps=1 fe=4 bytes=795
  decl 5a4fe53e declaration L325 members=2 pub=2 realized=0 deps=0 fe=4 bytes=546
  decl e5a83dc3 declaration L329 members=3 pub=2 realized=0 deps=0 fe=4 bytes=695
  decl b76ee9fd declaration L334 members=2 pub=2 realized=0 deps=1 fe=5 bytes=905
  decl a8057808 declaration L338 members=4 pub=2 realized=0 deps=0 fe=5 bytes=1837
  effect 3f794997 lemma L344 members=6 pub=2 realized=0 deps=2 fe=1 bytes=4910
  decl 82a18e26 declaration L351 members=2 pub=2 realized=0 deps=0 fe=5 bytes=662
  decl b2ba573c declaration L355 members=2 pub=2 realized=0 deps=1 fe=6 bytes=870
  decl 0008cc95 declaration L359 members=2 pub=2 realized=0 deps=0 fe=5 bytes=652
  decl cca54dd9 declaration L363 members=2 pub=2 realized=0 deps=0 fe=5 bytes=652
  decl 25419b87 declaration L367 members=2 pub=2 realized=0 deps=3 fe=7 bytes=1043
  decl a58984cc declaration L371 members=2 pub=2 realized=0 deps=3 fe=7 bytes=1043
  decl 5e176f53 declaration L375 members=2 pub=2 realized=0 deps=2 fe=7 bytes=889
  effect dce561cc lemma L379 members=2 pub=1 realized=0 deps=0 fe=5 bytes=3059
  effect 4a60a397 moduleDoc L384 members=0 pub=0 realized=0 deps=0 fe=0 bytes=75
  effect cfb284c2 lemma L389 members=2 pub=2 realized=0 deps=0 fe=5 bytes=1476
  effect 6b51b24f lemma L393 members=2 pub=2 realized=0 deps=1 fe=5 bytes=748
  effect 8a031bba lemma L397 members=3 pub=2 realized=0 deps=0 fe=5 bytes=2402
  effect c03fe60d lemma L401 members=2 pub=2 realized=0 deps=1 fe=5 bytes=2212
  effect fe83eaea moduleDoc L408 members=0 pub=0 realized=0 deps=0 fe=0 bytes=75
  effect 8acc1b75 lemma L410 members=1 pub=1 realized=0 deps=0 fe=5 bytes=678
  effect a03c17a1 lemma L415 members=1 pub=1 realized=0 deps=1 fe=5 bytes=751
  effect 6f23cdb7 lemma L420 members=1 pub=1 realized=0 deps=0 fe=5 bytes=835
  effect 6acbc33d lemma L425 members=1 pub=1 realized=0 deps=0 fe=5 bytes=808
  effect a217da79 lemma L429 members=1 pub=1 realized=0 deps=1 fe=5 bytes=963
  effect f7ceccdc lemma L434 members=1 pub=1 realized=0 deps=0 fe=5 bytes=600
  effect cfbb3f67 moduleDoc L439 members=0 pub=0 realized=0 deps=0 fe=0 bytes=75
  effect bdf6df2d lemma L441 members=3 pub=2 realized=0 deps=0 fe=5 bytes=7064
  effect 125f2283 lemma L453 members=2 pub=2 realized=0 deps=0 fe=5 bytes=2211
  effect 7deb4f98 lemma L457 members=3 pub=2 realized=0 deps=0 fe=5 bytes=38693
  effect e1bca89e lemma L485 members=1 pub=1 realized=0 deps=2 fe=5 bytes=591
  effect d3149249 lemma L489 members=1 pub=1 realized=0 deps=3 fe=5 bytes=704
  effect 2ce2d95a lemma L493 members=1 pub=1 realized=0 deps=3 fe=5 bytes=1312
  effect f45085d8 lemma L497 members=1 pub=1 realized=0 deps=4 fe=5 bytes=820
  effect e3168077 lemma L501 members=1 pub=1 realized=0 deps=2 fe=5 bytes=521
  effect 40ed2b49 moduleDoc L505 members=0 pub=0 realized=0 deps=0 fe=0 bytes=75
  decl e12c175c declaration L508 members=1 pub=1 realized=0 deps=0 fe=5 bytes=156
  decl f43c4e3f declaration L511 members=2 pub=2 realized=2 deps=0 fe=5 bytes=437
  decl 03bb0eca declaration L515 members=4 pub=2 realized=0 deps=1 fe=5 bytes=754
  decl fb34cfd2 declaration L520 members=2 pub=2 realized=0 deps=1 fe=5 bytes=595
  decl 0e152a4d declaration L525 members=1 pub=1 realized=0 deps=2 fe=6 bytes=438
  decl cd37c3f3 declaration L528 members=1 pub=1 realized=0 deps=2 fe=6 bytes=477
  decl d645a05f declaration L531 members=1 pub=1 realized=0 deps=2 fe=6 bytes=1125
  decl 9c896c21 declaration L532 members=1 pub=1 realized=0 deps=2 fe=6 bytes=1125
  decl b4ee7aa2 declaration L533 members=1 pub=1 realized=0 deps=2 fe=6 bytes=1180
  decl 775e5354 declaration L534 members=1 pub=1 realized=0 deps=2 fe=6 bytes=1180
  decl 224d6e7d declaration L536 members=1 pub=1 realized=0 deps=2 fe=6 bytes=2655
  effect 4b20e3cd moduleDoc L540 members=0 pub=0 realized=0 deps=0 fe=0 bytes=75
  decl 40075801 declaration L542 members=4 pub=1 realized=0 deps=0 fe=0 bytes=1271
  decl 011c1e38 declaration L547 members=3 pub=1 realized=0 deps=1 fe=6 bytes=2309
  decl 5159dfc2 declaration L552 members=2 pub=1 realized=0 deps=2 fe=2 bytes=813
  effect 5898f5dc lemma L560 members=2 pub=1 realized=0 deps=0 fe=6 bytes=897
  effect d8ae49c3 lemma L565 members=1 pub=1 realized=0 deps=1 fe=6 bytes=1112
  effect 4c5f39fe lemma L569 members=1 pub=1 realized=0 deps=1 fe=7 bytes=1112
  decl 31db191d declaration L577 members=1 pub=1 realized=0 deps=0 fe=7 bytes=297
  skipped Lean.Parser.Command.mixfix (local-effect)
  decl cbcce644 declaration L587 members=1 pub=1 realized=0 deps=2 fe=7 bytes=526
  decl 0f649066 declaration L590 members=1 pub=1 realized=0 deps=4 fe=7 bytes=942
  decl ec8201c7 declaration L595 members=2 pub=2 realized=0 deps=2 fe=8 bytes=875
  effect 4a95cc5e alias L599 members=1 pub=1 realized=0 deps=2 fe=0 bytes=472
  effect eb44da72 alias L601 members=1 pub=1 realized=0 deps=3 fe=0 bytes=509
  effect 9fe34c24 alias L603 members=2 pub=2 realized=0 deps=2 fe=0 bytes=786
  decl 04e794d0 declaration L612 members=2 pub=2 realized=0 deps=0 fe=7 bytes=844
  decl defb25b9 declaration L616 members=2 pub=1 realized=0 deps=1 fe=7 bytes=1984
  decl e2b1935f declaration L621 members=3 pub=1 realized=0 deps=1 fe=7 bytes=1947
  decl 372d12a7 declaration L625 members=2 pub=1 realized=0 deps=3 fe=7 bytes=857
  decl b7034a61 declaration L629 members=5 pub=2 realized=0 deps=1 fe=9 bytes=2487
  decl 1e1cb312 declaration L632 members=4 pub=2 realized=0 deps=3 fe=9 bytes=2125
  decl 4122b66b declaration L637 members=2 pub=2 realized=2 deps=0 fe=11 bytes=468
  decl f2e974fa declaration L641 members=4 pub=2 realized=0 deps=1 fe=11 bytes=827
  decl f70cb856 declaration L646 members=2 pub=2 realized=0 deps=1 fe=11 bytes=642
  decl 3ccaef3d declaration L655 members=2 pub=1 realized=0 deps=1 fe=12 bytes=966
  decl 70c7f6f0 declaration L658 members=3 pub=1 realized=0 deps=3 fe=12 bytes=1945
  effect 4b9d4dc6 moduleDoc L663 members=0 pub=0 realized=0 deps=0 fe=0 bytes=75
  decl 53f6689e declaration L665 members=4 pub=1 realized=0 deps=0 fe=0 bytes=2441
  decl b19bb632 declaration L677 members=2 pub=1 realized=0 deps=1 fe=0 bytes=1652
  decl 46e6e205 declaration L688 members=8 pub=1 realized=0 deps=1 fe=14 bytes=8054
  effect 6263df6f moduleDoc L708 members=0 pub=0 realized=0 deps=0 fe=0 bytes=75
  decl 5e32e7e3 declaration L715 members=3 pub=1 realized=0 deps=1 fe=14 bytes=751
  decl 9acdd12c declaration L725 members=3 pub=1 realized=0 deps=1 fe=14 bytes=875
  decl a7b3ecba declaration L736 members=8 pub=1 realized=0 deps=3 fe=14 bytes=7565
  decl 5c5afb7c declaration L748 members=4 pub=1 realized=0 deps=1 fe=14 bytes=1974
  decl 38850319 declaration L769 members=3 pub=1 realized=0 deps=1 fe=14 bytes=1348
  decl 7ff549b7 declaration L780 members=2 pub=1 realized=0 deps=2 fe=14 bytes=1923
  decl 25236d6c declaration L798 members=1 pub=1 realized=0 deps=2 fe=14 bytes=934
  effect d27f62a8 moduleDoc L812 members=0 pub=0 realized=0 deps=0 fe=0 bytes=75
  decl d89e758a declaration L817 members=3 pub=1 realized=0 deps=0 fe=14 bytes=718
  decl d2bd0691 declaration L822 members=3 pub=1 realized=0 deps=0 fe=15 bytes=718
  decl bab28345 declaration L827 members=3 pub=1 realized=0 deps=0 fe=16 bytes=617
  decl cb7f0b0c declaration L831 members=3 pub=1 realized=0 deps=0 fe=17 bytes=617
  decl dfa44485 declaration L835 members=4 pub=1 realized=0 deps=2 fe=18 bytes=1590
  decl f183e869 declaration L838 members=2 pub=1 realized=0 deps=3 fe=18 bytes=992
  decl 32ade6fa declaration L841 members=1 pub=1 realized=0 deps=0 fe=18 bytes=379
  decl 1d278ab1 declaration L844 members=1 pub=1 realized=0 deps=0 fe=18 bytes=379
  decl 58bc3238 declaration L847 members=8 pub=1 realized=0 deps=4 fe=18 bytes=4673
  effect 07c19d09 moduleDoc L858 members=0 pub=0 realized=0 deps=0 fe=0 bytes=75
  decl 7ad0069c declaration L870 members=1 pub=1 realized=0 deps=0 fe=0 bytes=409
  decl 24582c9d declaration L872 members=2 pub=1 realized=0 deps=1 fe=18 bytes=1057
  effect d3aab696 lemma L876 members=1 pub=1 realized=0 deps=1 fe=18 bytes=485
  effect d5f8c578 lemma L878 members=2 pub=1 realized=0 deps=1 fe=18 bytes=670
  effect 43ccd10b lemma L880 members=1 pub=1 realized=0 deps=1 fe=19 bytes=604
  effect 2517ee78 lemma L883 members=2 pub=1 realized=0 deps=1 fe=19 bytes=691
  effect da0ec3a2 lemma L885 members=4 pub=2 realized=0 deps=1 fe=20 bytes=1057
  decl ac4f3925 declaration L894 members=9 pub=1 realized=0 deps=1 fe=0 bytes=6074
  decl d3bc9574 declaration L899 members=2 pub=1 realized=0 deps=3 fe=20 bytes=1014
  effect 25610cc3 lemma L903 members=4 pub=2 realized=0 deps=2 fe=21 bytes=2205
  decl 73030969 declaration L906 members=2 pub=1 realized=0 deps=1 fe=23 bytes=813
  decl 391c0866 declaration L910 members=2 pub=1 realized=0 deps=1 fe=23 bytes=807
  decl f3f0d87b declaration L914 members=2 pub=1 realized=0 deps=3 fe=23 bytes=816
  decl cc8b4287 declaration L918 members=2 pub=1 realized=0 deps=3 fe=23 bytes=806
  decl 691f5a65 declaration L922 members=1 pub=1 realized=0 deps=4 fe=23 bytes=2542
  decl d633a07a declaration L932 members=2 pub=1 realized=0 deps=2 fe=23 bytes=870
  effect 1c3ed30f lemma L936 members=2 pub=1 realized=0 deps=2 fe=24 bytes=1476
  effect 276a7bbb lemma L939 members=1 pub=1 realized=0 deps=2 fe=25 bytes=1105
  effect 69337404 lemma L942 members=1 pub=1 realized=0 deps=2 fe=26 bytes=1244
  effect 8dad9972 lemma L946 members=1 pub=1 realized=0 deps=2 fe=27 bytes=1203
  decl 3d8ffc18 declaration L952 members=4 pub=1 realized=0 deps=2 fe=2 bytes=2677
  effect 61231163 moduleDoc L962 members=0 pub=0 realized=0 deps=0 fe=0 bytes=75
  decl 935ef4bb declaration L964 members=7 pub=4 realized=0 deps=0 fe=24 bytes=853
  decl 9d850bcb declaration L969 members=2 pub=1 realized=0 deps=1 fe=24 bytes=923
  effect 55f1751e lemma L974 members=1 pub=1 realized=0 deps=2 fe=24 bytes=871
  decl 253e93bb declaration L981 members=2 pub=2 realized=0 deps=2 fe=25 bytes=586
  effect 05c96fcb lemma L986 members=1 pub=1 realized=0 deps=2 fe=25 bytes=563
  decl 7a2a7df6 declaration L992 members=1 pub=1 realized=0 deps=4 fe=30 bytes=4832
  decl 376ac808 declaration L1001 members=1 pub=1 realized=0 deps=6 fe=26 bytes=4321
  decl dcb1966c declaration L1016 members=4 pub=2 realized=0 deps=2 fe=27 bytes=2766
  effect ffa64d83 lemma L1022 members=2 pub=2 realized=0 deps=4 fe=28 bytes=1139
  effect 5db798c0 lemma L1027 members=2 pub=2 realized=0 deps=2 fe=27 bytes=950
  decl 2450b2e5 declaration L1033 members=2 pub=2 realized=0 deps=0 fe=24 bytes=1480
  effect 623c135a lemma L1040 members=3 pub=1 realized=1 deps=1 fe=24 bytes=2342
  decl 06e389e9 declaration L1051 members=5 pub=1 realized=0 deps=0 fe=0 bytes=2010
  decl 0afb8fe9 declaration L1062 members=1 pub=1 realized=0 deps=1 fe=24 bytes=232
  decl f1a52202 declaration L1063 members=1 pub=1 realized=0 deps=1 fe=24 bytes=247
  decl af2c7df1 declaration L1069 members=1 pub=1 realized=0 deps=1 fe=24 bytes=230
  decl 6881151d declaration L1071 members=2 pub=2 realized=0 deps=1 fe=24 bytes=407
  decl 254a3810 declaration L1075 members=1 pub=1 realized=0 deps=1 fe=24 bytes=344
  decl fd96d54d declaration L1079 members=1 pub=1 realized=0 deps=1 fe=24 bytes=365
  decl e4d073ef declaration L1083 members=1 pub=1 realized=0 deps=2 fe=28 bytes=516
  decl c08f9a9b declaration L1090 members=1 pub=1 realized=0 deps=0 fe=24 bytes=384
  decl a442f034 declaration L1093 members=3 pub=1 realized=0 deps=0 fe=0 bytes=686
  => 213 groups, 62 skipped, 0 diagnostics (0 reject)
capture-time 3.83 s maxrss 734716 KB
source replay: 213/213 groups reproduce their declaration ID (11869 ms)
kernel replay: 213/213 groups accepted; 419 declarations added, 1 reserved names re-realized (125 ms)
isolated replay (exact deps only): 213/213
replay-time 101.03 s maxrss 744556 KB
export: 1 modules, 213 groups, 98718 bytes of source
  Mathlib.ParaleanExport.Order.Basic: 213 groups; imports #[Mathlib.Data.Subtype, Mathlib.Order.Defs.LinearOrder, Mathlib.Order.Defs.Prop, Mathlib.Order.Notation, Mathlib.Tactic.Spread, Mathlib.Tactic.Convert, Mathlib.Tactic.Inhabit, Mathlib.Tactic.SimpRw, Mathlib.Tactic.GCongr, Mathlib.Tactic.FastInstance]
stock lake build: OK (7873 ms)
verify: 198/198 declaration groups identical in the stock-built oleans; 15 effect-only groups (build-checked)
export-time 11.59 s maxrss 1361944 KB
STATS {"aboveP95Bound":[],"capsuleBytes":{"max":1557,"median":411,"p95":771,"sum":97831},"commandBytes":{"max":1424,"median":139,"sum":40448},"diagnostics":[],"encodingBytes":{"max":38693,"median":704,"sum":259139},"groups":213,"ratio":{"p50":3.039326,"p95":7.647059},"rejected":0,"skipped":62}
