capture F:Fixtures/F01Theorem.lean
  effect acc8842a moduleDoc L1 members=0 pub=0 realized=0 deps=0 fe=0 bytes=75
  decl 741378c0 declaration L4 members=1 pub=1 realized=0 deps=0 fe=0 bytes=303
  decl ea9ba358 declaration L6 members=1 pub=1 realized=0 deps=0 fe=0 bytes=337
  decl de3b0c7e declaration L8 members=1 pub=1 realized=0 deps=0 fe=0 bytes=579
  decl 0d3554d9 declaration L11 members=2 pub=1 realized=0 deps=0 fe=0 bytes=474
  decl b2595939 declaration L14 members=1 pub=1 realized=0 deps=1 fe=0 bytes=352
  decl 177a75a7 declaration L16 members=1 pub=1 realized=0 deps=1 fe=0 bytes=343
  => 7 groups, 3 skipped, 0 diagnostics (0 reject)
capture F:Fixtures/F02Def.lean
  effect 477d4063 moduleDoc L1 members=0 pub=0 realized=0 deps=0 fe=0 bytes=75
  decl 093545af declaration L5 members=1 pub=1 realized=0 deps=0 fe=0 bytes=213
  decl 46c8eb0d declaration L7 members=1 pub=1 realized=0 deps=0 fe=0 bytes=128
  decl 14668ceb declaration L9 members=2 pub=1 realized=0 deps=0 fe=0 bytes=671
  decl 448ca8ed declaration L14 members=1 pub=1 realized=7 deps=1 fe=0 bytes=404
  decl dc491dce declaration L17 members=1 pub=1 realized=1 deps=1 fe=0 bytes=433
  decl c8744fe2 declaration L19 members=1 pub=1 realized=0 deps=1 fe=0 bytes=850
prelude: 7/7 groups replayed with identical declaration IDs
  => 7 groups, 3 skipped, 0 diagnostics (0 reject)
capture F:Fixtures/F03Structure.lean
  effect 04ad6726 moduleDoc L1 members=0 pub=0 realized=0 deps=0 fe=0 bytes=75
  decl 84e5bab3 declaration L4 members=20 pub=7 realized=0 deps=0 fe=0 bytes=2782
  decl 21c0b621 declaration L9 members=18 pub=4 realized=0 deps=1 fe=0 bytes=2360
  decl f79f50d9 declaration L12 members=11 pub=4 realized=0 deps=0 fe=2 bytes=1659
  decl ec59fe35 declaration L15 members=1 pub=1 realized=0 deps=1 fe=1 bytes=1260
  decl 7946036e declaration L18 members=1 pub=1 realized=0 deps=2 fe=0 bytes=299
  decl 42dfdf4f declaration L20 members=1 pub=1 realized=0 deps=3 fe=0 bytes=332
prelude: 14/14 groups replayed with identical declaration IDs
  => 7 groups, 3 skipped, 0 diagnostics (0 reject)
capture F:Fixtures/F04Inductive.lean
  effect 887065cd moduleDoc L1 members=0 pub=0 realized=0 deps=0 fe=0 bytes=75
  decl e941be0c declaration L5 members=26 pub=7 realized=0 deps=0 fe=0 bytes=3115
  decl 25689f25 declaration L8 members=25 pub=4 realized=0 deps=0 fe=0 bytes=7632
  decl 57b13efd declaration L12 members=25 pub=4 realized=0 deps=0 fe=0 bytes=4634
  decl ac9b5fd1 declaration L15 members=1 pub=1 realized=0 deps=1 fe=2 bytes=474
  decl 5f995b4e declaration L17 members=1 pub=1 realized=0 deps=1 fe=2 bytes=1745
prelude: 21/21 groups replayed with identical declaration IDs
  => 6 groups, 3 skipped, 0 diagnostics (0 reject)
capture F:Fixtures/F05Mutual.lean
  effect 04cecd89 moduleDoc L1 members=0 pub=0 realized=0 deps=0 fe=0 bytes=75
  decl 24580268 mutual L4 members=22 pub=7 realized=0 deps=0 fe=0 bytes=4060
  decl df180f8f mutual L12 members=9 pub=2 realized=0 deps=0 fe=0 bytes=969
  decl 4c1bb53d declaration L21 members=1 pub=1 realized=0 deps=1 fe=0 bytes=403
  decl 17111ed8 declaration L23 members=1 pub=1 realized=0 deps=1 fe=0 bytes=363
prelude: 27/27 groups replayed with identical declaration IDs
  => 5 groups, 3 skipped, 0 diagnostics (0 reject)
capture F:Fixtures/F06Structural.lean
  effect b12caa11 moduleDoc L1 members=0 pub=0 realized=0 deps=0 fe=0 bytes=75
  decl e3bcccd1 declaration L5 members=5 pub=1 realized=0 deps=0 fe=0 bytes=948
  decl c968bc7e declaration L10 members=5 pub=1 realized=0 deps=0 fe=0 bytes=899
  decl ff5dadab declaration L14 members=1 pub=1 realized=0 deps=1 fe=0 bytes=403
  decl 882e51f0 declaration L16 members=1 pub=1 realized=6 deps=1 fe=0 bytes=1104
  decl e0b51c57 declaration L21 members=2 pub=1 realized=9 deps=1 fe=0 bytes=4179
prelude: 32/32 groups replayed with identical declaration IDs
  => 6 groups, 3 skipped, 0 diagnostics (0 reject)
capture F:Fixtures/F07WellFounded.lean
  effect 36c51fb0 moduleDoc L1 members=0 pub=0 realized=0 deps=0 fe=0 bytes=75
  decl 2c66f09f declaration L5 members=3 pub=1 realized=1 deps=0 fe=0 bytes=4728
  decl 48caddb3 declaration L10 members=11 pub=1 realized=6 deps=0 fe=0 bytes=7739
  decl 68b1d8c9 declaration L16 members=1 pub=1 realized=1 deps=1 fe=0 bytes=1665
  decl 7412b7d1 declaration L19 members=2 pub=1 realized=4 deps=1 fe=0 bytes=5588
prelude: 38/38 groups replayed with identical declaration IDs
  => 5 groups, 3 skipped, 3 diagnostics (0 reject)
  [note:provenance] Fixtures/F07WellFounded.lean:10: _private.Fixtures.F07WellFounded.0.PSigma.casesOn._arg_pusher was created by realizeConst but is not spelled as a reserved name
  [note:provenance] Fixtures/F07WellFounded.lean:10: _private.Fixtures.F07WellFounded.0.F07.ack.match_1._arg_pusher was created by realizeConst but is not spelled as a reserved name
  [note:provenance] Fixtures/F07WellFounded.lean:19: F07.ack._unary.induct was created by realizeConst but is not spelled as a reserved name
capture F:Fixtures/F08PrivateGenerated.lean
  effect 098f786c moduleDoc L1 members=0 pub=0 realized=0 deps=0 fe=0 bytes=75
  decl 5023956c declaration L4 members=1 pub=0 realized=0 deps=0 fe=0 bytes=254
  decl 2df3b7ac declaration L6 members=1 pub=0 realized=0 deps=1 fe=0 bytes=234
  decl af940f41 declaration L8 members=1 pub=1 realized=0 deps=1 fe=0 bytes=311
  decl 8ae91b41 declaration L10 members=1 pub=1 realized=1 deps=1 fe=1 bytes=450
  decl 219c7c84 declaration L12 members=11 pub=4 realized=0 deps=0 fe=0 bytes=1593
  decl b7abb523 declaration L15 members=1 pub=1 realized=0 deps=1 fe=0 bytes=271
  decl 055afba8 declaration L18 members=45 pub=14 realized=0 deps=0 fe=0 bytes=7221
  decl abe37046 declaration L21 members=1 pub=1 realized=0 deps=2 fe=1 bytes=293
prelude: 43/43 groups replayed with identical declaration IDs
  => 9 groups, 3 skipped, 0 diagnostics (0 reject)
capture F:Fixtures/F09InstanceOnly.lean
  effect b577ffe0 moduleDoc L1 members=0 pub=0 realized=0 deps=0 fe=0 bytes=75
  decl e3e28495 declaration L5 members=16 pub=4 realized=0 deps=0 fe=0 bytes=2476
  decl 8e802f85 declaration L8 members=1 pub=1 realized=0 deps=1 fe=0 bytes=319
  decl 88512d42 declaration L11 members=1 pub=1 realized=0 deps=2 fe=0 bytes=235
  effect d70c3476 deriving L14 members=2 pub=2 realized=0 deps=1 fe=0 bytes=741
  decl 0f975ecd declaration L16 members=1 pub=1 realized=0 deps=1 fe=1 bytes=255
  decl 50609db0 declaration L18 members=1 pub=1 realized=0 deps=1 fe=1 bytes=298
  decl 4b7bdb9e declaration L20 members=2 pub=1 realized=0 deps=2 fe=1 bytes=479
  effect a1f70e62 attribute L22 members=0 pub=0 realized=0 deps=0 fe=1 bytes=75
  decl 4f37ea43 declaration L24 members=1 pub=1 realized=0 deps=4 fe=2 bytes=466
  decl e9ec24ff declaration L26 members=1 pub=1 realized=0 deps=1 fe=1 bytes=261
  effect 2eb66b65 attribute L28 members=0 pub=0 realized=0 deps=0 fe=2 bytes=75
prelude: 52/52 groups replayed with identical declaration IDs
  => 12 groups, 3 skipped, 0 diagnostics (0 reject)
capture F:Fixtures/F10SimpAttrDecl.lean
  effect 5a06e4c1 moduleDoc L2 members=0 pub=0 realized=0 deps=0 fe=0 bytes=75
  effect 15b1e0cf registerSimpAttr L4 members=6 pub=2 realized=0 deps=0 fe=0 bytes=1485
prelude: 64/64 groups replayed with identical declaration IDs
  => 2 groups, 1 skipped, 2 diagnostics (0 reject)
  [unsupported:module-dependent-literal] Fixtures/F10SimpAttrDecl.lean:4: _private.Fixtures.F10SimpAttrDecl.0.initFn._@.Fixtures.F10SimpAttrDecl.2466019654._hygCtx._hyg.5 embeds a module-private or hygienic name literal; its body depends on the module it is elaborated in
  [unsupported:module-dependent-literal] Fixtures/F10SimpAttrDecl.lean:4: _private.Fixtures.F10SimpAttrDecl.0.initFn._@.Fixtures.F10SimpAttrDecl.2466019654._hygCtx._hyg.28 embeds a module-private or hygienic name literal; its body depends on the module it is elaborated in
capture F:Fixtures/F10SimpAttrUse.lean
  effect e173c1f1 moduleDoc L2 members=0 pub=0 realized=0 deps=0 fe=0 bytes=75
  decl 26fe67de declaration L5 members=1 pub=1 realized=0 deps=0 fe=0 bytes=270
  decl 37c39294 declaration L7 members=1 pub=1 realized=0 deps=1 fe=1 bytes=352
  decl ad7cf987 declaration L9 members=1 pub=1 realized=0 deps=1 fe=0 bytes=255
  decl 2a6809a6 declaration L11 members=1 pub=1 realized=0 deps=1 fe=2 bytes=382
  decl 618f6c86 declaration L13 members=1 pub=1 realized=0 deps=1 fe=1 bytes=290
prelude: 65/65 groups replayed with identical declaration IDs
  => 6 groups, 3 skipped, 1 diagnostics (0 reject)
  [info:materialized] :0: 1 groups with initializer effects built as 1 module(s) in 2144 ms
capture F:Fixtures/F11ScopedDecl.lean
  effect 7a421b55 moduleDoc L1 members=0 pub=0 realized=0 deps=0 fe=0 bytes=75
  decl b5ee119f declaration L4 members=1 pub=1 realized=0 deps=0 fe=0 bytes=367
  effect 8ecab58e mixfix L6 members=3 pub=1 realized=0 deps=0 fe=1 bytes=2995
  effect ae56e64b notation L8 members=2 pub=1 realized=0 deps=0 fe=0 bytes=1841
  skipped Lean.Parser.Command.notation (local-effect)
  decl 01947e3b declaration L12 members=1 pub=1 realized=0 deps=1 fe=1 bytes=453
  decl 27e9a682 declaration L14 members=2 pub=1 realized=0 deps=0 fe=0 bytes=3360
  decl b3077f82 declaration L16 members=11 pub=4 realized=0 deps=0 fe=0 bytes=1586
  decl 093c2d94 declaration L19 members=1 pub=1 realized=0 deps=1 fe=0 bytes=275
prelude: 68/68 groups replayed with identical declaration IDs
  => 8 groups, 4 skipped, 2 diagnostics (0 reject)
  [info:base-mismatch] :0: group 5a06e4c1d095 needs base import Lean
  [info:base-mismatch] :0: group 15b1e0cf726f needs base import Lean
capture F:Fixtures/F11ScopedUse.lean
  effect c53b618e moduleDoc L2 members=0 pub=0 realized=0 deps=0 fe=0 bytes=75
  decl 6ebd2f97 in L4 members=1 pub=1 realized=0 deps=1 fe=1 bytes=280
  skipped Lean.Parser.Command.open (local-effect)
  decl 7cce84f4 declaration L9 members=1 pub=1 realized=0 deps=0 fe=1 bytes=304
  decl 6d990edd declaration L10 members=1 pub=1 realized=0 deps=2 fe=0 bytes=292
prelude: 76/76 groups replayed with identical declaration IDs
  => 4 groups, 4 skipped, 2 diagnostics (0 reject)
  [info:base-mismatch] :0: group 5a06e4c1d095 needs base import Lean
  [info:base-mismatch] :0: group 15b1e0cf726f needs base import Lean
capture F:Fixtures/F12Macro.lean
  effect cbfaf2a5 moduleDoc L2 members=0 pub=0 realized=0 deps=0 fe=0 bytes=75
  effect a7490afb macro L8 members=2 pub=1 realized=0 deps=0 fe=0 bytes=1843
  effect 76ddabb0 syntax L10 members=1 pub=1 realized=0 deps=0 fe=0 bytes=375
  effect 3acf03b9 macro_rules L11 members=1 pub=0 realized=0 deps=0 fe=1 bytes=1568
  effect a3380af6 elab L14 members=2 pub=1 realized=0 deps=0 fe=0 bytes=1202
  effect 8043c6c7 syntax L16 members=1 pub=1 realized=0 deps=0 fe=0 bytes=339
  effect 204ad87f macro_rules L17 members=1 pub=0 realized=0 deps=0 fe=1 bytes=1863
  decl 43d45412 declaration L20 members=1 pub=1 realized=0 deps=0 fe=1 bytes=304
  decl e698388a declaration L21 members=1 pub=1 realized=0 deps=0 fe=2 bytes=305
  decl a1ff484b declaration L22 members=1 pub=1 realized=0 deps=0 fe=1 bytes=212
  decl baff28b9 declaration L23 members=1 pub=1 realized=0 deps=0 fe=2 bytes=305
prelude: 83/83 groups replayed with identical declaration IDs
  => 11 groups, 4 skipped, 1 diagnostics (0 reject)
  [info:materialized] :0: 1 groups with initializer effects built as 1 module(s) in 0 ms
capture F:Fixtures/F13InitDecl.lean
  effect a033bf10 moduleDoc L2 members=0 pub=0 realized=0 deps=0 fe=0 bytes=75
  effect 3275f4a5 initialize L6 members=3 pub=1 realized=0 deps=0 fe=0 bytes=617
  effect 3516c241 initialize L8 members=1 pub=0 realized=0 deps=0 fe=0 bytes=486
  effect 4efc19b9 registerOption L10 members=2 pub=1 realized=0 deps=0 fe=0 bytes=467
prelude: 94/94 groups replayed with identical declaration IDs
  => 4 groups, 2 skipped, 2 diagnostics (0 reject)
  [info:materialized] :0: 1 groups with initializer effects built as 1 module(s) in 0 ms
  [unsupported:module-dependent-literal] Fixtures/F13InitDecl.lean:8: _private.Fixtures.F13InitDecl.0.initFn._@.Fixtures.F13InitDecl.386426778._hygCtx._hyg.2 embeds a module-private or hygienic name literal; its body depends on the module it is elaborated in
capture F:Fixtures/F13InitUse.lean
  effect e02671fd moduleDoc L2 members=0 pub=0 realized=0 deps=0 fe=0 bytes=75
  effect 1ecebb7c elab L5 members=2 pub=1 realized=0 deps=1 fe=0 bytes=2430
  decl 45c8d8b9 in L13 members=1 pub=1 realized=0 deps=0 fe=0 bytes=133
  decl e2f6ec84 in L16 members=1 pub=1 realized=0 deps=0 fe=4 bytes=134
prelude: 95/95 groups replayed with identical declaration IDs
  => 4 groups, 3 skipped, 1 diagnostics (0 reject)
  [info:materialized] :0: 4 groups with initializer effects built as 2 module(s) in 2204 ms
materialized: 4 initializer groups imported as stock-built modules
source replay: 103/103 groups reproduce their declaration ID (9311 ms)
  [info:materialized] Fixtures/F10SimpAttrDecl.lean:4: initializer group imported as a stock-built module
  [info:materialized] Fixtures/F13InitDecl.lean:6: initializer group imported as a stock-built module
  [info:materialized] Fixtures/F13InitDecl.lean:8: initializer group imported as a stock-built module
  [info:materialized] Fixtures/F13InitDecl.lean:10: initializer group imported as a stock-built module
kernel replay: 103/103 groups accepted; 318 declarations added, 15 reserved names re-realized (81 ms)
isolated replay (exact deps only): 103/103
export: 19 modules, 103 groups, 30038 bytes of source
  Fixtures.F01Theorem: 7 groups; imports #[]
  Fixtures.F02Def: 7 groups; imports #[]
  Fixtures.F03Structure: 7 groups; imports #[]
  Fixtures.F04Inductive: 6 groups; imports #[]
  Fixtures.F05Mutual: 5 groups; imports #[]
  Fixtures.F06Structural: 6 groups; imports #[]
  Fixtures.F07WellFounded: 5 groups; imports #[]
  Fixtures.F08PrivateGenerated: 9 groups; imports #[]
  Fixtures.F09InstanceOnly: 12 groups; imports #[]
  Fixtures.F10SimpAttrDecl: 2 groups; imports #[Lean]
  Fixtures.F10SimpAttrUse: 2 groups; imports #[]
  Fixtures.F10SimpAttrUse.Part1: 4 groups; imports #[Fixtures.F10SimpAttrUse, Fixtures.F10SimpAttrDecl]
  Fixtures.F11ScopedDecl: 8 groups; imports #[]
  Fixtures.F11ScopedUse: 1 groups; imports #[]
  Fixtures.F11ScopedUse.Part1: 3 groups; imports #[Fixtures.F11ScopedDecl, Fixtures.F11ScopedUse]
  Fixtures.F12Macro: 11 groups; imports #[Lean]
  Fixtures.F13InitDecl: 4 groups; imports #[Lean]
  Fixtures.F13InitUse: 1 groups; imports #[]
  Fixtures.F13InitUse.Part1: 3 groups; imports #[Fixtures.F13InitDecl, Fixtures.F13InitUse, Fixtures.F10SimpAttrDecl]
stock lake build: OK (2959 ms)
verify: 81/85 declaration groups identical in the stock-built oleans; 18 effect-only groups (build-checked)
  [reject:export-mismatch] Fixtures/F10SimpAttrDecl.lean:4: stock-built group 1520c26827f6 ≠ stored 2cb453be7de5
  [reject:export-mismatch] Fixtures/F13InitDecl.lean:6: stock-built group ceab74274d8b ≠ stored 9416a4c616b5
  [reject:export-mismatch] Fixtures/F13InitDecl.lean:8: stock-built group f743b319265d ≠ stored 39c06086b391
  [reject:export-mismatch] Fixtures/F13InitDecl.lean:10: stock-built group 1dc1224dc415 ≠ stored 2a61123b4b8f
STATS {"aboveP95Bound":[],"capsuleBytes":{"max":390,"median":222,"p95":316,"sum":24218},"commandBytes":{"max":213,"median":59,"sum":7813},"diagnostics":[["info:base-mismatch",4],["info:materialized",4],["unsupported:module-dependent-literal",3],["note:provenance",3]],"encodingBytes":{"max":7739,"median":363,"sum":109304},"groups":103,"ratio":{"p50":3.709091,"p95":6.555556},"rejected":0,"skipped":48}
