### M03 Mathlib.Data.Nat.Factorial.Basic
capture M03:Mathlib/Data/Nat/Factorial/Basic.lean
  effect c0bd1113 moduleDoc L14 members=0 pub=0 realized=0 deps=0 fe=0 bytes=74
  decl 48341719 declaration L35 members=5 pub=1 realized=0 deps=0 fe=0 bytes=813
  effect a74d19b1 notation L41 members=3 pub=1 realized=0 deps=0 fe=1 bytes=2854
  decl 842e4c5f declaration L53 members=1 pub=1 realized=0 deps=1 fe=1 bytes=296
  decl 85331fa0 declaration L56 members=1 pub=1 realized=0 deps=1 fe=2 bytes=467
  decl 43f48443 declaration L60 members=1 pub=1 realized=0 deps=1 fe=2 bytes=283
  decl 7c592260 declaration L63 members=1 pub=1 realized=0 deps=1 fe=3 bytes=283
  decl 31457d20 declaration L66 members=1 pub=1 realized=0 deps=1 fe=4 bytes=825
  decl 3613c828 declaration L69 members=3 pub=1 realized=0 deps=1 fe=1 bytes=735
  decl e6953d00 declaration L73 members=1 pub=1 realized=0 deps=2 fe=4 bytes=411
  decl a72fc0a0 declaration L76 members=1 pub=1 realized=0 deps=1 fe=4 bytes=537
  decl 14ba18ea declaration L82 members=2 pub=1 realized=0 deps=2 fe=1 bytes=1565
  decl 3790c8d0 declaration L85 members=1 pub=1 realized=0 deps=3 fe=4 bytes=469
  decl 3f7c1d96 declaration L89 members=3 pub=1 realized=0 deps=2 fe=1 bytes=2437
  decl c1d78815 declaration L95 members=1 pub=1 realized=0 deps=4 fe=4 bytes=1952
  effect 5331534c lemma L105 members=1 pub=1 realized=0 deps=2 fe=4 bytes=489
  effect 6860f29a lemma L108 members=2 pub=1 realized=0 deps=2 fe=5 bytes=496
  decl f219bb5b declaration L110 members=2 pub=1 realized=0 deps=2 fe=5 bytes=2373
  decl 40c6b579 declaration L118 members=1 pub=1 realized=0 deps=3 fe=6 bytes=2275
  decl 9200dac4 declaration L128 members=1 pub=1 realized=0 deps=2 fe=7 bytes=903
  decl 129c4a32 declaration L133 members=1 pub=1 realized=0 deps=2 fe=3 bytes=684
  decl 5564a6d2 declaration L137 members=2 pub=1 realized=0 deps=3 fe=7 bytes=2910
  decl 029eaa9a declaration L144 members=5 pub=1 realized=0 deps=4 fe=7 bytes=5292
  decl d90facc4 declaration L151 members=1 pub=1 realized=0 deps=4 fe=6 bytes=1576
  decl 63e3578c declaration L158 members=2 pub=1 realized=0 deps=4 fe=7 bytes=5306
  decl 6504e212 declaration L173 members=1 pub=1 realized=0 deps=3 fe=7 bytes=1204
  decl 2020168a declaration L178 members=1 pub=1 realized=0 deps=2 fe=7 bytes=1159
  effect 05e245a8 lemma L183 members=2 pub=1 realized=0 deps=2 fe=3 bytes=1473
  effect 5521a2ab moduleDoc L193 members=0 pub=0 realized=0 deps=0 fe=0 bytes=74
  decl 230f212a declaration L198 members=4 pub=1 realized=0 deps=1 fe=0 bytes=831
  decl 1a997227 declaration L204 members=1 pub=1 realized=0 deps=1 fe=5 bytes=318
  decl 5b460d99 declaration L208 members=1 pub=1 realized=0 deps=1 fe=6 bytes=447
  decl 0b05256f declaration L211 members=2 pub=1 realized=0 deps=4 fe=0 bytes=1566
  decl 5507be55 declaration L217 members=2 pub=1 realized=0 deps=6 fe=8 bytes=1479
  decl 5597f922 declaration L223 members=2 pub=1 realized=6 deps=3 fe=0 bytes=2248
  decl 47a8a178 declaration L229 members=2 pub=1 realized=0 deps=6 fe=4 bytes=2551
  decl 5e0e8869 declaration L237 members=1 pub=1 realized=0 deps=3 fe=10 bytes=1592
  decl e582198b declaration L246 members=2 pub=1 realized=0 deps=5 fe=10 bytes=3225
  decl 53f3f4cf declaration L258 members=1 pub=1 realized=0 deps=4 fe=10 bytes=741
  decl cdf6ca0b declaration L262 members=1 pub=1 realized=0 deps=4 fe=10 bytes=902
  decl 08cadf3f declaration L267 members=1 pub=1 realized=0 deps=3 fe=7 bytes=975
  decl 64b013c0 declaration L271 members=2 pub=1 realized=0 deps=1 fe=7 bytes=2258
  decl 19f3557a declaration L278 members=2 pub=1 realized=0 deps=5 fe=0 bytes=2107
  decl 7967b8b1 declaration L285 members=1 pub=1 realized=0 deps=2 fe=7 bytes=1276
  decl 873449e8 declaration L290 members=2 pub=1 realized=0 deps=2 fe=0 bytes=1728
  decl 3d09e3d4 declaration L295 members=2 pub=1 realized=0 deps=4 fe=0 bytes=2378
  decl 55c6c091 declaration L302 members=2 pub=1 realized=0 deps=6 fe=10 bytes=3560
  decl 5d143669 declaration L314 members=1 pub=1 realized=0 deps=4 fe=0 bytes=2672
  decl dd4130f8 declaration L322 members=1 pub=1 realized=0 deps=2 fe=7 bytes=706
  decl e9b3b870 declaration L329 members=4 pub=1 realized=0 deps=1 fe=0 bytes=832
  decl d02e63c3 declaration L336 members=1 pub=1 realized=0 deps=1 fe=7 bytes=319
  decl 440fbfb5 declaration L340 members=1 pub=1 realized=0 deps=1 fe=8 bytes=571
  decl 266ad303 declaration L344 members=1 pub=1 realized=0 deps=2 fe=8 bytes=910
  decl 0e5e0290 declaration L347 members=1 pub=1 realized=0 deps=1 fe=9 bytes=488
  decl 15161b83 declaration L349 members=2 pub=1 realized=0 deps=5 fe=0 bytes=2208
  decl 956de203 declaration L356 members=2 pub=1 realized=3 deps=4 fe=0 bytes=2244
  decl 85101e1c declaration L362 members=2 pub=1 realized=0 deps=7 fe=4 bytes=1609
  decl dcdca73a declaration L366 members=5 pub=1 realized=0 deps=3 fe=8 bytes=2838
  effect 13720d78 lemma L374 members=3 pub=1 realized=0 deps=2 fe=9 bytes=1096
  effect 2ed350aa aliasLR L377 members=1 pub=1 realized=0 deps=2 fe=1 bytes=478
  decl 9b378caf declaration L379 members=1 pub=1 realized=0 deps=3 fe=10 bytes=2060
  decl 80f5794a declaration L385 members=2 pub=1 realized=0 deps=7 fe=1 bytes=2134
  decl cd8f4738 declaration L392 members=2 pub=1 realized=0 deps=8 fe=1 bytes=2706
  decl 65c0b95f declaration L400 members=3 pub=1 realized=0 deps=5 fe=5 bytes=3098
  decl 0527c16d declaration L411 members=5 pub=1 realized=0 deps=5 fe=14 bytes=17176
  decl 84404d37 declaration L423 members=1 pub=1 realized=0 deps=5 fe=14 bytes=1121
  decl 7de7f5ce declaration L429 members=1 pub=1 realized=0 deps=2 fe=10 bytes=1172
  decl 869018f4 declaration L438 members=2 pub=1 realized=0 deps=4 fe=1 bytes=2340
  decl 00375c6d declaration L446 members=4 pub=1 realized=0 deps=3 fe=1 bytes=7154
  decl 1c763b90 declaration L458 members=1 pub=1 realized=0 deps=3 fe=1 bytes=2023
  decl 8e31a5d1 declaration L466 members=2 pub=1 realized=0 deps=4 fe=1 bytes=1916
  decl c99ac496 declaration L472 members=3 pub=1 realized=0 deps=4 fe=1 bytes=9125
  effect 5da2a19b lemma L481 members=1 pub=1 realized=0 deps=4 fe=14 bytes=1262
  effect d4fc67d0 lemma L485 members=1 pub=1 realized=0 deps=2 fe=15 bytes=1668
  effect 06842773 moduleDoc L495 members=0 pub=0 realized=0 deps=0 fe=0 bytes=74
  effect acee9905 moduleDoc L503 members=0 pub=0 realized=0 deps=0 fe=0 bytes=74
  decl 4e29132a declaration L518 members=8 pub=1 realized=6 deps=0 fe=11 bytes=11849
  effect 3eba15eb lemma L528 members=3 pub=1 realized=4 deps=3 fe=11 bytes=12125
  decl 20fb459b declaration L536 members=1 pub=1 realized=0 deps=1 fe=12 bytes=276
  decl 6088ceeb declaration L543 members=2 pub=1 realized=1 deps=6 fe=15 bytes=995
  decl c5efbd40 declaration L548 members=1 pub=1 realized=0 deps=1 fe=12 bytes=556
  decl d5fb1d56 declaration L553 members=2 pub=1 realized=1 deps=7 fe=11 bytes=6625
  effect b9cc2d9a moduleDoc L562 members=0 pub=0 realized=0 deps=0 fe=0 bytes=74
  => 83 groups, 11 skipped, 3 diagnostics (0 reject)
  [note:provenance] Mathlib/Data/Nat/Factorial/Basic.lean:518: _private.Mathlib.Data.Nat.Factorial.Basic.0.PSigma.casesOn._arg_pusher was created by realizeConst but is not spelled as a reserved name
  [note:provenance] Mathlib/Data/Nat/Factorial/Basic.lean:518: _private.Mathlib.Data.Nat.Factorial.Basic.0.Nat.ascFactorialBinary.match_1._arg_pusher was created by realizeConst but is not spelled as a reserved name
  [note:provenance] Mathlib/Data/Nat/Factorial/Basic.lean:528: Nat.ascFactorialBinary._unary.induct_unfolding was created by realizeConst but is not spelled as a reserved name
capture-time 2.13 s maxrss 919904 KB
source replay: 83/83 groups reproduce their declaration ID (2842 ms)
kernel replay: 83/83 groups accepted; 158 declarations added, 9 reserved names re-realized (175 ms)
isolated replay (exact deps only): 83/83
replay-time 28.17 s maxrss 925996 KB
export: 1 modules, 83 groups, 38475 bytes of source
  Mathlib.ParaleanExport.Data.Nat.Factorial.Basic: 83 groups; imports #[Mathlib.Data.Nat.Basic, Mathlib.Tactic.Common, Mathlib.Tactic.CrossRefAttribute, Mathlib.Tactic.Monotonicity.Attr, Mathlib.Tactic.Attr.Core]
stock lake build: OK (3955 ms)
verify: 78/78 declaration groups identical in the stock-built oleans; 5 effect-only groups (build-checked)
export-time 7.16 s maxrss 1704496 KB
STATS {"aboveP95Bound":[],"capsuleBytes":{"max":890,"median":452,"p95":737,"sum":37891},"commandBytes":{"max":703,"median":259,"sum":21913},"diagnostics":[["note:provenance",3]],"encodingBytes":{"max":17176,"median":1276,"sum":174971},"groups":83,"ratio":{"p50":1.732394,"p95":4.029412},"rejected":0,"skipped":11}
