### M01 Mathlib.Order.Basic
capture M01:Mathlib/Order/Basic.lean
  effect 539a6235 moduleDoc L19 members=0 pub=0 realized=0 deps=0 fe=0 bytes=75
  effect 81bd9ce5 moduleDoc L65 members=0 pub=0 realized=0 deps=0 fe=0 bytes=75
  effect ad30386f attribute L67 members=3 pub=2 realized=0 deps=0 fe=0 bytes=1748
  effect bb1f9e11 lemma L73 members=1 pub=1 realized=0 deps=0 fe=0 bytes=257
  effect 67d13f0a lemma L74 members=1 pub=1 realized=0 deps=0 fe=0 bytes=257
  effect bf3dff97 alias L76 members=2 pub=2 realized=0 deps=0 fe=0 bytes=391
  effect 23712b39 alias L77 members=2 pub=2 realized=0 deps=0 fe=0 bytes=390
  effect c18875d9 lemma L85 members=1 pub=1 realized=0 deps=0 fe=0 bytes=257
  effect 3f254a1c lemma L86 members=1 pub=1 realized=0 deps=0 fe=0 bytes=257
  effect 74aae56f alias L88 members=2 pub=2 realized=0 deps=0 fe=0 bytes=391
  effect 3763e015 alias L89 members=2 pub=2 realized=0 deps=0 fe=0 bytes=390
  decl de8c2f43 declaration L93 members=1 pub=1 realized=1 deps=0 fe=0 bytes=268
  effect b0064a5c mixfix L99 members=3 pub=1 realized=0 deps=0 fe=1 bytes=3009
  decl c7b0b9a5 declaration L101 members=1 pub=1 realized=0 deps=1 fe=1 bytes=381
  effect df79fa82 moduleDoc L105 members=0 pub=0 realized=0 deps=0 fe=0 bytes=75
  decl 7749e1ec declaration L111 members=1 pub=1 realized=0 deps=0 fe=1 bytes=845
  effect 058941cd lemma L116 members=3 pub=1 realized=0 deps=1 fe=1 bytes=989
  effect c9d365cd lemma L120 members=2 pub=1 realized=0 deps=0 fe=1 bytes=441
  effect 6ea52b28 alias L123 members=2 pub=2 realized=0 deps=0 fe=0 bytes=404
  effect ba6df16f alias L124 members=2 pub=2 realized=0 deps=0 fe=0 bytes=404
  effect af59873b alias L125 members=2 pub=2 realized=0 deps=0 fe=0 bytes=397
  effect 997f9419 alias L126 members=2 pub=2 realized=0 deps=0 fe=0 bytes=397
  effect ea8c5183 alias L127 members=2 pub=2 realized=0 deps=0 fe=0 bytes=458
  effect da1e103b alias L128 members=2 pub=2 realized=0 deps=0 fe=0 bytes=458
  effect e1a8aa4f alias L130 members=1 pub=1 realized=0 deps=0 fe=0 bytes=364
  effect 0b876cd7 alias L131 members=1 pub=1 realized=0 deps=0 fe=0 bytes=300
  effect 70117f10 alias L132 members=1 pub=1 realized=0 deps=0 fe=0 bytes=286
  effect 28067183 alias L133 members=1 pub=1 realized=0 deps=0 fe=0 bytes=287
  effect 74d2f80f alias L135 members=2 pub=2 realized=0 deps=0 fe=0 bytes=336
  effect 7731b014 alias L136 members=2 pub=2 realized=0 deps=0 fe=0 bytes=337
  effect d5702cac lemma L138 members=1 pub=1 realized=0 deps=0 fe=2 bytes=273
  effect 60423fcc lemma L140 members=2 pub=2 realized=0 deps=1 fe=2 bytes=511
  decl 63506211 declaration L142 members=2 pub=2 realized=0 deps=0 fe=2 bytes=499
  effect c10991b7 lemma L145 members=2 pub=1 realized=0 deps=1 fe=2 bytes=512
  effect fa573cbe lemma L149 members=2 pub=1 realized=0 deps=1 fe=3 bytes=533
  decl d9a2d8fc declaration L152 members=2 pub=2 realized=0 deps=0 fe=3 bytes=448
  decl 5a4385fb declaration L155 members=2 pub=2 realized=0 deps=1 fe=3 bytes=709
  decl 5ba2fae9 declaration L159 members=1 pub=1 realized=0 deps=1 fe=3 bytes=481
  decl cbe26fcd declaration L164 members=1 pub=1 realized=0 deps=2 fe=3 bytes=558
  decl 3d13ecfc declaration L169 members=1 pub=1 realized=0 deps=1 fe=3 bytes=497
  decl 7374ab4c declaration L174 members=1 pub=1 realized=0 deps=2 fe=3 bytes=558
  effect 58164a62 attribute L179 members=0 pub=0 realized=0 deps=0 fe=0 bytes=75
  decl efce3f93 declaration L181 members=2 pub=2 realized=0 deps=0 fe=4 bytes=576
  decl 61b35e9e declaration L187 members=2 pub=1 realized=0 deps=0 fe=3 bytes=1408
  effect c61f12f2 moduleDoc L199 members=0 pub=0 realized=0 deps=0 fe=0 bytes=75
  decl cd2f08ac declaration L205 members=2 pub=2 realized=0 deps=0 fe=3 bytes=629
  effect 31bd2468 alias L211 members=2 pub=2 realized=0 deps=0 fe=0 bytes=435
  effect cad58897 alias L212 members=2 pub=2 realized=0 deps=0 fe=0 bytes=471
  decl 5137ae82 declaration L214 members=2 pub=2 realized=0 deps=1 fe=3 bytes=693
  decl 8a386fe1 declaration L217 members=2 pub=2 realized=0 deps=1 fe=3 bytes=657
  decl 34e98fe0 declaration L220 members=2 pub=2 realized=0 deps=2 fe=3 bytes=709
  effect 9931f155 lemma L226 members=2 pub=2 realized=0 deps=2 fe=1 bytes=807
  decl 18c4c0ed declaration L232 members=2 pub=2 realized=0 deps=0 fe=3 bytes=722
  decl 9f8b85e4 declaration L236 members=2 pub=2 realized=0 deps=0 fe=3 bytes=643
  decl f27463ff declaration L239 members=4 pub=2 realized=0 deps=1 fe=3 bytes=1848
  decl e1195020 declaration L244 members=4 pub=2 realized=0 deps=3 fe=4 bytes=2496
  decl 4e8ebf42 declaration L249 members=2 pub=2 realized=0 deps=1 fe=3 bytes=691
  decl 34b7e3ec declaration L254 members=2 pub=2 realized=0 deps=0 fe=3 bytes=682
  decl 111062c3 declaration L258 members=2 pub=2 realized=0 deps=0 fe=3 bytes=603
  effect 37a31bdc alias L261 members=2 pub=2 realized=0 deps=0 fe=0 bytes=557
  effect 76c5edb0 alias L262 members=2 pub=2 realized=0 deps=1 fe=0 bytes=571
  effect df891993 alias L263 members=2 pub=2 realized=0 deps=0 fe=0 bytes=480
  effect 09cff9c2 alias L264 members=2 pub=2 realized=0 deps=1 fe=0 bytes=512
  decl 99b31572 declaration L266 members=2 pub=2 realized=0 deps=1 fe=3 bytes=720
  effect 33e57461 alias L269 members=2 pub=2 realized=0 deps=1 fe=0 bytes=541
  decl b4358624 declaration L271 members=2 pub=2 realized=0 deps=1 fe=3 bytes=700
  decl 68892362 declaration L274 members=2 pub=2 realized=0 deps=0 fe=3 bytes=701
  decl 88de3a04 declaration L278 members=2 pub=2 realized=0 deps=0 fe=3 bytes=1131
  decl eacc8355 declaration L282 members=4 pub=2 realized=0 deps=1 fe=3 bytes=848
  effect 3fa747a0 lemma L286 members=1 pub=1 realized=0 deps=1 fe=5 bytes=492
  effect 957ac218 lemma L291 members=1 pub=1 realized=0 deps=0 fe=0 bytes=1074
  effect 4f94a71b lemma L307 members=2 pub=2 realized=0 deps=1 fe=4 bytes=795
  effect fae7842e lemma L310 members=2 pub=2 realized=0 deps=1 fe=4 bytes=795
  effect e80b6449 lemma L313 members=2 pub=2 realized=0 deps=1 fe=4 bytes=795
  effect 2d366cfa lemma L320 members=2 pub=2 realized=0 deps=1 fe=4 bytes=795
  decl 95188e4e declaration L325 members=2 pub=2 realized=0 deps=0 fe=4 bytes=546
  decl e1eca941 declaration L329 members=3 pub=2 realized=0 deps=0 fe=4 bytes=695
  decl a341ce77 declaration L334 members=2 pub=2 realized=0 deps=1 fe=5 bytes=905
  decl e6387780 declaration L338 members=4 pub=2 realized=0 deps=0 fe=5 bytes=1837
  effect dc45218b lemma L344 members=6 pub=2 realized=0 deps=2 fe=1 bytes=4910
  decl 1b0a8851 declaration L351 members=2 pub=2 realized=0 deps=0 fe=5 bytes=662
  decl 674b089f declaration L355 members=2 pub=2 realized=0 deps=1 fe=6 bytes=870
  decl a86b3bd5 declaration L359 members=2 pub=2 realized=0 deps=0 fe=5 bytes=652
  decl ba0df0ec declaration L363 members=2 pub=2 realized=0 deps=0 fe=5 bytes=652
  decl ab2cd43f declaration L367 members=2 pub=2 realized=0 deps=3 fe=7 bytes=1043
  decl 8fd095a0 declaration L371 members=2 pub=2 realized=0 deps=3 fe=7 bytes=1043
  decl fa20124d declaration L375 members=2 pub=2 realized=0 deps=2 fe=7 bytes=889
  effect a2468803 lemma L379 members=2 pub=1 realized=0 deps=0 fe=5 bytes=3059
  effect 436b8c45 moduleDoc L384 members=0 pub=0 realized=0 deps=0 fe=0 bytes=75
  effect 228bcd55 lemma L389 members=2 pub=2 realized=0 deps=0 fe=5 bytes=1476
  effect ebdb23dd lemma L393 members=2 pub=2 realized=0 deps=1 fe=5 bytes=748
  effect 31120f2c lemma L397 members=3 pub=2 realized=0 deps=0 fe=5 bytes=2402
  effect 546cebec lemma L401 members=2 pub=2 realized=0 deps=1 fe=5 bytes=2212
  effect 0233d6d2 moduleDoc L408 members=0 pub=0 realized=0 deps=0 fe=0 bytes=75
  effect 3c8226dc lemma L410 members=1 pub=1 realized=0 deps=0 fe=5 bytes=678
  effect 120dd094 lemma L415 members=1 pub=1 realized=0 deps=1 fe=5 bytes=751
  effect 08a8ce4f lemma L420 members=1 pub=1 realized=0 deps=0 fe=5 bytes=835
  effect cc1e352e lemma L425 members=1 pub=1 realized=0 deps=0 fe=5 bytes=808
  effect 0527ecdb lemma L429 members=1 pub=1 realized=0 deps=1 fe=5 bytes=963
  effect bce4d9d5 lemma L434 members=1 pub=1 realized=0 deps=0 fe=5 bytes=600
  effect 46731d4a moduleDoc L439 members=0 pub=0 realized=0 deps=0 fe=0 bytes=75
  effect 41ec4a5f lemma L441 members=3 pub=2 realized=0 deps=0 fe=5 bytes=7064
  effect 52868e92 lemma L453 members=2 pub=2 realized=0 deps=0 fe=5 bytes=2211
  effect ed985b0b lemma L457 members=3 pub=2 realized=0 deps=0 fe=5 bytes=38693
  effect ec887098 lemma L485 members=1 pub=1 realized=0 deps=2 fe=5 bytes=591
  effect b14a9014 lemma L489 members=1 pub=1 realized=0 deps=3 fe=5 bytes=704
  effect 310719a8 lemma L493 members=1 pub=1 realized=0 deps=3 fe=5 bytes=1312
  effect b270c6e3 lemma L497 members=1 pub=1 realized=0 deps=4 fe=5 bytes=820
  effect 61394d7f lemma L501 members=1 pub=1 realized=0 deps=2 fe=5 bytes=521
  effect eb0efb6a moduleDoc L505 members=0 pub=0 realized=0 deps=0 fe=0 bytes=75
  decl 73e14e22 declaration L508 members=1 pub=1 realized=0 deps=0 fe=5 bytes=156
  decl 892d66f8 declaration L511 members=2 pub=2 realized=2 deps=0 fe=5 bytes=437
  decl f8a43d85 declaration L515 members=4 pub=2 realized=0 deps=1 fe=5 bytes=754
  decl 9a75747e declaration L520 members=2 pub=2 realized=0 deps=1 fe=5 bytes=595
  decl 2a2729c1 declaration L525 members=1 pub=1 realized=0 deps=2 fe=6 bytes=438
  decl 4afb5873 declaration L528 members=1 pub=1 realized=0 deps=2 fe=6 bytes=477
  decl a958b58d declaration L531 members=1 pub=1 realized=0 deps=2 fe=6 bytes=1125
  decl 9f3f2155 declaration L532 members=1 pub=1 realized=0 deps=2 fe=6 bytes=1125
  decl 1f80616e declaration L533 members=1 pub=1 realized=0 deps=2 fe=6 bytes=1180
  decl 2637a6e4 declaration L534 members=1 pub=1 realized=0 deps=2 fe=6 bytes=1180
  decl 34468cd0 declaration L536 members=1 pub=1 realized=0 deps=2 fe=6 bytes=2655
  effect e0c56438 moduleDoc L540 members=0 pub=0 realized=0 deps=0 fe=0 bytes=75
  decl 9170e24e declaration L542 members=4 pub=1 realized=0 deps=0 fe=0 bytes=1271
  decl 6ce20ba8 declaration L547 members=3 pub=1 realized=0 deps=1 fe=6 bytes=2309
  decl 968b5718 declaration L552 members=2 pub=1 realized=0 deps=2 fe=2 bytes=813
  effect 42c46440 lemma L560 members=2 pub=1 realized=0 deps=0 fe=6 bytes=897
  effect 4cd21b32 lemma L565 members=1 pub=1 realized=0 deps=1 fe=6 bytes=1112
  effect d7c38c54 lemma L569 members=1 pub=1 realized=0 deps=1 fe=7 bytes=1112
  decl 5b93d6bf declaration L577 members=1 pub=1 realized=0 deps=0 fe=7 bytes=297
  skipped Lean.Parser.Command.mixfix (local-effect)
  decl 8b58c9c3 declaration L587 members=1 pub=1 realized=0 deps=2 fe=7 bytes=526
  decl 6591e594 declaration L590 members=1 pub=1 realized=0 deps=4 fe=7 bytes=942
  decl 87193ea4 declaration L595 members=2 pub=2 realized=0 deps=2 fe=8 bytes=875
  effect 0960c6ee alias L599 members=1 pub=1 realized=0 deps=2 fe=0 bytes=472
  effect 3a35f0b4 alias L601 members=1 pub=1 realized=0 deps=3 fe=0 bytes=509
  effect a71c27e4 alias L603 members=2 pub=2 realized=0 deps=2 fe=0 bytes=786
  decl 44c08db0 declaration L612 members=2 pub=2 realized=0 deps=0 fe=7 bytes=844
  decl cd2c9ad2 declaration L616 members=2 pub=1 realized=0 deps=1 fe=7 bytes=1984
  decl 02a79db9 declaration L621 members=3 pub=1 realized=0 deps=1 fe=7 bytes=1947
  decl 748295ee declaration L625 members=2 pub=1 realized=0 deps=3 fe=7 bytes=857
  decl 03ff0f7c declaration L629 members=5 pub=2 realized=0 deps=1 fe=9 bytes=2487
  decl 7a1bf865 declaration L632 members=4 pub=2 realized=0 deps=3 fe=9 bytes=2125
  decl d07b9428 declaration L637 members=2 pub=2 realized=2 deps=0 fe=11 bytes=468
  decl 339f7869 declaration L641 members=4 pub=2 realized=0 deps=1 fe=11 bytes=827
  decl 9991ebc2 declaration L646 members=2 pub=2 realized=0 deps=1 fe=11 bytes=642
  decl d9d96a92 declaration L655 members=2 pub=1 realized=0 deps=1 fe=12 bytes=966
  decl 17cb1ab4 declaration L658 members=3 pub=1 realized=0 deps=3 fe=12 bytes=1945
  effect e93be565 moduleDoc L663 members=0 pub=0 realized=0 deps=0 fe=0 bytes=75
  decl 1a4873e4 declaration L665 members=4 pub=1 realized=0 deps=0 fe=0 bytes=2441
  decl 00a8391a declaration L677 members=2 pub=1 realized=0 deps=1 fe=0 bytes=1652
  decl 83383f95 declaration L688 members=8 pub=1 realized=0 deps=1 fe=14 bytes=8054
  effect 07589a04 moduleDoc L708 members=0 pub=0 realized=0 deps=0 fe=0 bytes=75
  decl 79aba6e4 declaration L715 members=3 pub=1 realized=0 deps=1 fe=14 bytes=751
  decl ce505a8b declaration L725 members=3 pub=1 realized=0 deps=1 fe=14 bytes=875
  decl d96e06d3 declaration L736 members=8 pub=1 realized=0 deps=3 fe=14 bytes=7565
  decl 0e5694e6 declaration L748 members=4 pub=1 realized=0 deps=1 fe=14 bytes=1974
  decl 0b5fe60c declaration L769 members=3 pub=1 realized=0 deps=1 fe=14 bytes=1348
  decl aa13836a declaration L780 members=2 pub=1 realized=0 deps=2 fe=14 bytes=1923
  decl 2b4fc2f6 declaration L798 members=1 pub=1 realized=0 deps=2 fe=14 bytes=934
  effect 844438bc moduleDoc L812 members=0 pub=0 realized=0 deps=0 fe=0 bytes=75
  decl e8dc7ca5 declaration L817 members=3 pub=1 realized=0 deps=0 fe=14 bytes=718
  decl d796dcf3 declaration L822 members=3 pub=1 realized=0 deps=0 fe=15 bytes=718
  decl 00c9a281 declaration L827 members=3 pub=1 realized=0 deps=0 fe=16 bytes=617
  decl 86ff38b8 declaration L831 members=3 pub=1 realized=0 deps=0 fe=17 bytes=617
  decl 1e4c92ae declaration L835 members=4 pub=1 realized=0 deps=2 fe=18 bytes=1590
  decl 0aa8d9f0 declaration L838 members=2 pub=1 realized=0 deps=3 fe=18 bytes=992
  decl ff20b8e9 declaration L841 members=1 pub=1 realized=0 deps=0 fe=18 bytes=379
  decl 3afdd731 declaration L844 members=1 pub=1 realized=0 deps=0 fe=18 bytes=379
  decl 294a9ab7 declaration L847 members=8 pub=1 realized=0 deps=4 fe=18 bytes=4673
  effect 7c062b32 moduleDoc L858 members=0 pub=0 realized=0 deps=0 fe=0 bytes=75
  decl fe29dbf6 declaration L870 members=1 pub=1 realized=0 deps=0 fe=0 bytes=409
  decl 3e53b1d9 declaration L872 members=2 pub=1 realized=0 deps=1 fe=18 bytes=1057
  effect 5ff1316e lemma L876 members=1 pub=1 realized=0 deps=1 fe=18 bytes=485
  effect 9f6844ea lemma L878 members=2 pub=1 realized=0 deps=1 fe=18 bytes=670
  effect 42106e35 lemma L880 members=1 pub=1 realized=0 deps=1 fe=19 bytes=604
  effect 225789d9 lemma L883 members=2 pub=1 realized=0 deps=1 fe=19 bytes=691
  effect 79707aff lemma L885 members=4 pub=2 realized=0 deps=1 fe=20 bytes=1057
  decl 843f930a declaration L894 members=9 pub=1 realized=0 deps=1 fe=0 bytes=6074
  decl 596ce72d declaration L899 members=2 pub=1 realized=0 deps=3 fe=20 bytes=1014
  effect 9b41e98f lemma L903 members=4 pub=2 realized=0 deps=2 fe=21 bytes=2205
  decl 380b9233 declaration L906 members=2 pub=1 realized=0 deps=1 fe=23 bytes=813
  decl 672163c5 declaration L910 members=2 pub=1 realized=0 deps=1 fe=23 bytes=807
  decl 6440c7ea declaration L914 members=2 pub=1 realized=0 deps=3 fe=23 bytes=816
  decl 5f6cc3f7 declaration L918 members=2 pub=1 realized=0 deps=3 fe=23 bytes=806
  decl 5500da26 declaration L922 members=1 pub=1 realized=0 deps=4 fe=23 bytes=2542
  decl 035c597e declaration L932 members=2 pub=1 realized=0 deps=2 fe=23 bytes=870
  effect 4956e493 lemma L936 members=2 pub=1 realized=0 deps=2 fe=24 bytes=1476
  effect 170fe5a3 lemma L939 members=1 pub=1 realized=0 deps=2 fe=25 bytes=1105
  effect 0d1582e9 lemma L942 members=1 pub=1 realized=0 deps=2 fe=26 bytes=1244
  effect ddf07868 lemma L946 members=1 pub=1 realized=0 deps=2 fe=27 bytes=1203
  decl b927c9a6 declaration L952 members=4 pub=1 realized=0 deps=2 fe=2 bytes=2677
  effect 484152de moduleDoc L962 members=0 pub=0 realized=0 deps=0 fe=0 bytes=75
  decl d1c53ede declaration L964 members=7 pub=4 realized=0 deps=0 fe=24 bytes=853
  decl 80f7dc29 declaration L969 members=2 pub=1 realized=0 deps=1 fe=24 bytes=923
  effect bc4ac518 lemma L974 members=1 pub=1 realized=0 deps=2 fe=24 bytes=871
  decl 2934f416 declaration L981 members=2 pub=2 realized=0 deps=2 fe=25 bytes=586
  effect ae611e62 lemma L986 members=1 pub=1 realized=0 deps=2 fe=25 bytes=563
  decl 240c7e92 declaration L992 members=1 pub=1 realized=0 deps=4 fe=30 bytes=4832
  decl 69308877 declaration L1001 members=1 pub=1 realized=0 deps=6 fe=26 bytes=4321
  decl 440ed9d7 declaration L1016 members=4 pub=2 realized=0 deps=2 fe=27 bytes=2766
  effect 297bb0ae lemma L1022 members=2 pub=2 realized=0 deps=4 fe=28 bytes=1139
  effect 49d6be3f lemma L1027 members=2 pub=2 realized=0 deps=2 fe=27 bytes=950
  decl d21859a3 declaration L1033 members=2 pub=2 realized=0 deps=0 fe=24 bytes=1480
  effect 7b6d704e lemma L1040 members=3 pub=1 realized=1 deps=1 fe=24 bytes=2342
  decl 604f7a6a declaration L1051 members=5 pub=1 realized=0 deps=0 fe=0 bytes=2010
  decl eb272fe5 declaration L1062 members=1 pub=1 realized=0 deps=1 fe=24 bytes=232
  decl 99ae565b declaration L1063 members=1 pub=1 realized=0 deps=1 fe=24 bytes=247
  decl 4669a8d6 declaration L1069 members=1 pub=1 realized=0 deps=1 fe=24 bytes=230
  decl c6244099 declaration L1071 members=2 pub=2 realized=0 deps=1 fe=24 bytes=407
  decl 82247200 declaration L1075 members=1 pub=1 realized=0 deps=1 fe=24 bytes=344
  decl d03f5651 declaration L1079 members=1 pub=1 realized=0 deps=1 fe=24 bytes=365
  decl cac8df77 declaration L1083 members=1 pub=1 realized=0 deps=2 fe=28 bytes=516
  decl 83668095 declaration L1090 members=1 pub=1 realized=0 deps=0 fe=24 bytes=384
  decl 726e7202 declaration L1093 members=3 pub=1 realized=0 deps=0 fe=0 bytes=686
  => 213 groups, 62 skipped, 0 diagnostics (0 reject)
capture-time 5.01 s maxrss 722864 KB
source replay: 213/213 groups reproduce their declaration ID (9207 ms)
kernel replay: 213/213 groups accepted; 419 declarations added, 1 reserved names re-realized (182 ms)
isolated replay (exact deps only): 213/213
replay-time 95.21 s maxrss 732056 KB
export: 1 modules, 213 groups, 98718 bytes of source
  Mathlib.ParaleanExport.Order.Basic: 213 groups; imports #[Mathlib.Data.Subtype, Mathlib.Order.Defs.LinearOrder, Mathlib.Order.Defs.Prop, Mathlib.Order.Notation, Mathlib.Tactic.Spread, Mathlib.Tactic.Convert, Mathlib.Tactic.Inhabit, Mathlib.Tactic.SimpRw, Mathlib.Tactic.GCongr, Mathlib.Tactic.FastInstance]
stock lake build: OK (6846 ms)
verify: 198/198 declaration groups identical in the stock-built oleans; 15 effect-only groups (build-checked)
export-time 9.16 s maxrss 1357996 KB
STATS {"aboveP95Bound":[],"capsuleBytes":{"max":1557,"median":411,"p95":771,"sum":97831},"commandBytes":{"max":1424,"median":139,"sum":40448},"diagnostics":[],"encodingBytes":{"max":38693,"median":704,"sum":259139},"groups":213,"ratio":{"p50":3.039326,"p95":7.647059},"rejected":0,"skipped":62}
