### M02 Mathlib.Algebra.Group.Defs
capture M02:Mathlib/Algebra/Group/Defs.lean
  effect 5b897183 moduleDoc L10 members=0 pub=0 realized=0 deps=0 fe=0 bytes=75
  effect 2a75815c assertNotExists L19 members=0 pub=0 realized=0 deps=0 fe=0 bytes=75
  decl 3ad72a1b declaration L25 members=15 pub=4 realized=0 deps=0 fe=0 bytes=5738
  decl ab2c0d6b declaration L36 members=13 pub=4 realized=0 deps=0 fe=0 bytes=5383
  effect 11fffe35 attribute L47 members=0 pub=0 realized=0 deps=0 fe=2 bytes=75
  decl a228e94c declaration L53 members=2 pub=2 realized=0 deps=2 fe=1 bytes=1180
  decl d4dc33fc declaration L57 members=2 pub=0 realized=0 deps=3 fe=1 bytes=1370
  decl 2758c975 declaration L61 members=2 pub=2 realized=0 deps=4 fe=1 bytes=1966
  decl 5a063d64 declaration L65 members=2 pub=2 realized=0 deps=3 fe=2 bytes=1930
  decl db375bab declaration L68 members=2 pub=2 realized=0 deps=3 fe=3 bytes=2294
  decl 1ebbd613 declaration L72 members=2 pub=2 realized=0 deps=3 fe=4 bytes=2296
  decl d350a3cf declaration L76 members=2 pub=2 realized=0 deps=3 fe=5 bytes=2246
  decl 7b241394 declaration L80 members=2 pub=2 realized=0 deps=3 fe=6 bytes=1695
  decl f0b5bec7 declaration L84 members=2 pub=2 realized=0 deps=3 fe=7 bytes=2246
  decl ce5e6f8a declaration L88 members=2 pub=2 realized=0 deps=3 fe=8 bytes=1879
  decl bd11381f declaration L92 members=8 pub=2 realized=2 deps=6 fe=1 bytes=3811
  decl 611c4145 declaration L101 members=10 pub=2 realized=2 deps=4 fe=1 bytes=3990
  decl 1aed0bbc declaration L110 members=14 pub=5 realized=0 deps=1 fe=1 bytes=5627
  decl b4f92c8a declaration L113 members=16 pub=5 realized=0 deps=1 fe=2 bytes=5963
  decl b35b7e3a declaration L123 members=4 pub=2 realized=2 deps=5 fe=9 bytes=1499
  decl 0b762d34 declaration L128 members=2 pub=2 realized=2 deps=5 fe=9 bytes=1113
  effect ccd5bb67 lemma L132 members=2 pub=2 realized=0 deps=5 fe=8 bytes=2017
  effect 296bde14 lemma L135 members=2 pub=2 realized=0 deps=5 fe=9 bytes=2021
  effect 53732e42 lemma L138 members=2 pub=2 realized=0 deps=5 fe=10 bytes=2033
  effect 2f1bc30e lemma L141 members=2 pub=2 realized=0 deps=5 fe=11 bytes=2029
  effect e58cad78 moduleDoc L147 members=0 pub=0 realized=0 deps=0 fe=0 bytes=75
  effect 40eeef7a initialize_simps_projections L152 members=0 pub=0 realized=0 deps=0 fe=15 bytes=75
  effect 8b4cc4c5 initialize_simps_projections L153 members=0 pub=0 realized=0 deps=0 fe=15 bytes=75
  effect a0f654ef initialize_simps_projections L154 members=0 pub=0 realized=0 deps=0 fe=14 bytes=75
  effect dcb81656 initialize_simps_projections L155 members=0 pub=0 realized=0 deps=0 fe=14 bytes=75
  => 30 groups, 10 skipped, 0 diagnostics (0 reject)
capture-time 1.02 s maxrss 659000 KB
source replay: 30/30 groups reproduce their declaration ID (906 ms)
kernel replay: 30/30 groups accepted; 102 declarations added, 0 reserved names re-realized (38 ms)
isolated replay (exact deps only): 30/30
replay-time 6.81 s maxrss 659332 KB
export: 1 modules, 30 groups, 11740 bytes of source
  Mathlib.ParaleanExport.Algebra.Group.Defs: 30 groups; imports #[Mathlib.Algebra.Group.DivInvMonoid]
stock lake build: OK (3186 ms)
verify: 22/22 declaration groups identical in the stock-built oleans; 8 effect-only groups (build-checked)
export-time 5.46 s maxrss 1284912 KB
STATS {"aboveP95Bound":[],"capsuleBytes":{"max":647,"median":372,"p95":647,"sum":11366},"commandBytes":{"max":455,"median":138,"sum":4837},"diagnostics":[],"encodingBytes":{"max":5963,"median":1966,"sum":60926},"groups":30,"ratio":{"p50":2.742424,"p95":6.243243},"rejected":0,"skipped":10}
