### M01 Mathlib.Order.Basic
  => 213 groups, 62 skipped, 0 diagnostics (0 reject)
capture-time 5.01 s maxrss 722864 KB
source replay: 213/213 groups reproduce their declaration ID (9207 ms)
kernel replay: 213/213 groups accepted; 419 declarations added, 1 reserved names re-realized (182 ms)
isolated replay (exact deps only): 213/213
replay-time 95.21 s maxrss 732056 KB
stock lake build: OK (6846 ms)
verify: 198/198 declaration groups identical in the stock-built oleans; 15 effect-only groups (build-checked)
export-time 9.16 s maxrss 1357996 KB
STATS {"aboveP95Bound":[],"capsuleBytes":{"max":1557,"median":411,"p95":771,"sum":97831},"commandBytes":{"max":1424,"median":139,"sum":40448},"diagnostics":[],"encodingBytes":{"max":38693,"median":704,"sum":259139},"groups":213,"ratio":{"p50":3.039326,"p95":7.647059},"rejected":0,"skipped":62}
### M02 Mathlib.Algebra.Group.Defs
  => 30 groups, 10 skipped, 0 diagnostics (0 reject)
capture-time 1.02 s maxrss 659000 KB
source replay: 30/30 groups reproduce their declaration ID (906 ms)
kernel replay: 30/30 groups accepted; 102 declarations added, 0 reserved names re-realized (38 ms)
isolated replay (exact deps only): 30/30
replay-time 6.81 s maxrss 659332 KB
stock lake build: OK (3186 ms)
verify: 22/22 declaration groups identical in the stock-built oleans; 8 effect-only groups (build-checked)
export-time 5.46 s maxrss 1284912 KB
STATS {"aboveP95Bound":[],"capsuleBytes":{"max":647,"median":372,"p95":647,"sum":11366},"commandBytes":{"max":455,"median":138,"sum":4837},"diagnostics":[],"encodingBytes":{"max":5963,"median":1966,"sum":60926},"groups":30,"ratio":{"p50":2.742424,"p95":6.243243},"rejected":0,"skipped":10}
### M03 Mathlib.Data.Nat.Factorial.Basic
  => 83 groups, 11 skipped, 3 diagnostics (0 reject)
capture-time 2.39 s maxrss 904020 KB
source replay: 83/83 groups reproduce their declaration ID (2919 ms)
kernel replay: 83/83 groups accepted; 158 declarations added, 9 reserved names re-realized (205 ms)
isolated replay (exact deps only): 83/83
replay-time 28.90 s maxrss 905172 KB
stock lake build: OK (4436 ms)
verify: 78/78 declaration groups identical in the stock-built oleans; 5 effect-only groups (build-checked)
export-time 7.69 s maxrss 1694848 KB
STATS {"aboveP95Bound":[],"capsuleBytes":{"max":890,"median":452,"p95":737,"sum":37891},"commandBytes":{"max":703,"median":259,"sum":21913},"diagnostics":[["note:provenance",3]],"encodingBytes":{"max":17055,"median":1214,"sum":167933},"groups":83,"ratio":{"p50":1.732394,"p95":4.029412},"rejected":0,"skipped":11}
### M04 Mathlib.Data.Nat.MaxPowDiv
  => 13 groups, 4 skipped, 2 diagnostics (0 reject)
capture-time 0.58 s maxrss 623224 KB
source replay: 13/13 groups reproduce their declaration ID (527 ms)
kernel replay: 13/13 groups accepted; 32 declarations added, 4 reserved names re-realized (24 ms)
isolated replay (exact deps only): 13/13
replay-time 2.11 s maxrss 623672 KB
stock lake build: OK (2044 ms)
verify: 12/12 declaration groups identical in the stock-built oleans; 1 effect-only groups (build-checked)
export-time 3.85 s maxrss 1247380 KB
STATS {"aboveP95Bound":[],"capsuleBytes":{"max":1130,"median":306,"p95":1130,"sum":5970},"commandBytes":{"max":951,"median":127,"sum":3681},"diagnostics":[["note:provenance",2]],"encodingBytes":{"max":9775,"median":619,"sum":27278},"groups":13,"ratio":{"p50":2.409449,"p95":3.034091},"rejected":0,"skipped":4}
### M05 Mathlib.Data.Nat.BitIndices
  => 19 groups, 6 skipped, 0 diagnostics (0 reject)
capture-time 1.88 s maxrss 945812 KB
source replay: 19/19 groups reproduce their declaration ID (1157 ms)
kernel replay: 19/19 groups accepted; 26 declarations added, 0 reserved names re-realized (27 ms)
isolated replay (exact deps only): 19/19
replay-time 5.31 s maxrss 946188 KB
stock lake build: OK (3001 ms)
verify: 18/18 declaration groups identical in the stock-built oleans; 1 effect-only groups (build-checked)
export-time 8.30 s maxrss 1807160 KB
STATS {"aboveP95Bound":[],"capsuleBytes":{"max":1753,"median":350,"p95":1753,"sum":9018},"commandBytes":{"max":1540,"median":139,"sum":5071},"diagnostics":[],"encodingBytes":{"max":14979,"median":716,"sum":46347},"groups":19,"ratio":{"p50":2.517986,"p95":3.813333},"rejected":0,"skipped":6}
### M06 Mathlib.Data.Set.Notation
  => 4 groups, 4 skipped, 0 diagnostics (0 reject)
capture-time 0.73 s maxrss 669812 KB
source replay: 4/4 groups reproduce their declaration ID (561 ms)
kernel replay: 4/4 groups accepted; 8 declarations added, 0 reserved names re-realized (4 ms)
isolated replay (exact deps only): 4/4
replay-time 0.83 s maxrss 670452 KB
stock lake build: OK (2335 ms)
verify: 3/3 declaration groups identical in the stock-built oleans; 1 effect-only groups (build-checked)
export-time 4.79 s maxrss 1409612 KB
STATS {"aboveP95Bound":[],"capsuleBytes":{"max":853,"median":638,"p95":853,"sum":2452},"commandBytes":{"max":714,"median":452,"sum":1755},"diagnostics":[],"encodingBytes":{"max":4690,"median":4361,"sum":9547},"groups":4,"ratio":{"p50":1.452555,"p95":2.044944},"rejected":0,"skipped":4}
### M07 Mathlib.Tactic.FieldSimp.Attr
  => 2 groups, 3 skipped, 0 diagnostics (0 reject)
capture-time 0.42 s maxrss 605820 KB
source replay: 2/2 groups reproduce their declaration ID (2808 ms)
kernel replay: 2/2 groups accepted; 0 declarations added, 0 reserved names re-realized (0 ms)
isolated replay (exact deps only): 2/2
replay-time 5.70 s maxrss 1612040 KB
stock lake build: OK (1912 ms)
verify: 1/1 declaration groups identical in the stock-built oleans; 1 effect-only groups (build-checked)
export-time 4.07 s maxrss 1245464 KB
STATS {"aboveP95Bound":[],"capsuleBytes":{"max":447,"median":447,"p95":447,"sum":643},"commandBytes":{"max":267,"median":267,"sum":320},"diagnostics":[],"encodingBytes":{"max":556,"median":556,"sum":631},"groups":2,"ratio":{"p50":3.698113,"p95":3.698113},"rejected":0,"skipped":3}
### M08 Mathlib.Tactic.ByCases
  => 3 groups, 6 skipped, 1 diagnostics (0 reject)
capture-time 0.72 s maxrss 636592 KB
source replay: 2/3 groups reproduce their declaration ID (656 ms)
kernel replay: 3/3 groups accepted; 2 declarations added, 0 reserved names re-realized (3 ms)
isolated replay (exact deps only): 2/3
replay-time 1.09 s maxrss 638996 KB
stock lake build: OK (3157 ms)
verify: 1/2 declaration groups identical in the stock-built oleans; 1 effect-only groups (build-checked)
export-time 6.27 s maxrss 1284668 KB
STATS {"aboveP95Bound":[],"capsuleBytes":{"max":648,"median":628,"p95":648,"sum":1580},"commandBytes":{"max":416,"median":217,"sum":801},"diagnostics":[["unsupported:module-dependent-literal",1]],"encodingBytes":{"max":3059,"median":616,"sum":3750},"groups":3,"ratio":{"p50":1.809524,"p95":2.894009},"rejected":0,"skipped":6}
### M09 Mathlib.Data.PNat.Equiv
  => 2 groups, 2 skipped, 0 diagnostics (0 reject)
capture-time 0.73 s maxrss 686620 KB
source replay: 2/2 groups reproduce their declaration ID (612 ms)
kernel replay: 2/2 groups accepted; 3 declarations added, 0 reserved names re-realized (1 ms)
isolated replay (exact deps only): 2/2
replay-time 0.79 s maxrss 687496 KB
stock lake build: OK (2938 ms)
verify: 1/1 declaration groups identical in the stock-built oleans; 1 effect-only groups (build-checked)
export-time 5.94 s maxrss 1371380 KB
STATS {"aboveP95Bound":[],"capsuleBytes":{"max":439,"median":439,"p95":439,"sum":625},"commandBytes":{"max":285,"median":285,"sum":334},"diagnostics":[],"encodingBytes":{"max":593,"median":593,"sum":668},"groups":2,"ratio":{"p50":3.795918,"p95":3.795918},"rejected":0,"skipped":2}
### M10 Mathlib.Algebra.PEmptyInstances
  => 2 groups, 3 skipped, 0 diagnostics (0 reject)
capture-time 0.61 s maxrss 641752 KB
source replay: 2/2 groups reproduce their declaration ID (405 ms)
kernel replay: 2/2 groups accepted; 4 declarations added, 0 reserved names re-realized (1 ms)
isolated replay (exact deps only): 2/2
replay-time 0.54 s maxrss 643128 KB
stock lake build: OK (2675 ms)
verify: 1/1 declaration groups identical in the stock-built oleans; 1 effect-only groups (build-checked)
export-time 5.58 s maxrss 1286760 KB
STATS {"aboveP95Bound":[],"capsuleBytes":{"max":297,"median":297,"p95":297,"sum":588},"commandBytes":{"max":152,"median":152,"sum":280},"diagnostics":[],"encodingBytes":{"max":947,"median":947,"sum":1022},"groups":2,"ratio":{"p50":2.273438,"p95":2.273438},"rejected":0,"skipped":3}
### M11 Mathlib.Data.Ineq
  => 11 groups, 9 skipped, 0 diagnostics (0 reject)
capture-time 0.49 s maxrss 389736 KB
source replay: 11/11 groups reproduce their declaration ID (360 ms)
kernel replay: 11/11 groups accepted; 44 declarations added, 0 reserved names re-realized (9 ms)
isolated replay (exact deps only): 11/11
replay-time 1.12 s maxrss 390864 KB
stock lake build: OK (2025 ms)
verify: 8/8 declaration groups identical in the stock-built oleans; 3 effect-only groups (build-checked)
export-time 4.39 s maxrss 913796 KB
STATS {"aboveP95Bound":[],"capsuleBytes":{"max":883,"median":376,"p95":883,"sum":4771},"commandBytes":{"max":663,"median":178,"sum":2555},"diagnostics":[],"encodingBytes":{"max":4092,"median":614,"sum":14204},"groups":11,"ratio":{"p50":2.140449,"p95":9.826087},"rejected":0,"skipped":9}
### M12 Mathlib.Algebra.Field.ZMod
  => 4 groups, 5 skipped, 0 diagnostics (0 reject)
capture-time 3.28 s maxrss 1072624 KB
source replay: 4/4 groups reproduce their declaration ID (784 ms)
kernel replay: 4/4 groups accepted; 13 declarations added, 0 reserved names re-realized (8 ms)
isolated replay (exact deps only): 4/4
replay-time 1.12 s maxrss 1078468 KB
stock lake build: OK (3346 ms)
verify: 3/3 declaration groups identical in the stock-built oleans; 1 effect-only groups (build-checked)
export-time 12.19 s maxrss 2089216 KB
STATS {"aboveP95Bound":[],"capsuleBytes":{"max":507,"median":490,"p95":507,"sum":1520},"commandBytes":{"max":288,"median":271,"sum":723},"diagnostics":[],"encodingBytes":{"max":3958,"median":2764,"sum":7309},"groups":4,"ratio":{"p50":2.610294,"p95":6},"rejected":0,"skipped":5}
### M13 Mathlib.Order.Lattice
  => 115 groups, 54 skipped, 0 diagnostics (0 reject)
capture-time 3.83 s maxrss 763592 KB
source replay: 115/115 groups reproduce their declaration ID (5348 ms)
kernel replay: 115/115 groups accepted; 313 declarations added, 0 reserved names re-realized (160 ms)
isolated replay (exact deps only): 115/115
replay-time 38.45 s maxrss 763892 KB
stock lake build: OK (7311 ms)
verify: 106/106 declaration groups identical in the stock-built oleans; 9 effect-only groups (build-checked)
export-time 11.01 s maxrss 1482072 KB
STATS {"aboveP95Bound":[],"capsuleBytes":{"max":1931,"median":468,"p95":1008,"sum":58988},"commandBytes":{"max":1716,"median":197,"sum":28865},"diagnostics":[],"encodingBytes":{"max":10315,"median":1366,"sum":213298},"groups":115,"ratio":{"p50":2.391089,"p95":7.052632},"rejected":0,"skipped":54}
### M14 Mathlib.Data.List.Defs
  => 50 groups, 25 skipped, 3 diagnostics (0 reject)
capture-time 1.35 s maxrss 666672 KB
source replay: 50/50 groups reproduce their declaration ID (1616 ms)
kernel replay: 50/50 groups accepted; 155 declarations added, 1 reserved names re-realized (50 ms)
isolated replay (exact deps only): 50/50
replay-time 9.00 s maxrss 670588 KB
stock lake build: OK (3129 ms)
verify: 48/48 declaration groups identical in the stock-built oleans; 2 effect-only groups (build-checked)
export-time 5.36 s maxrss 1292576 KB
STATS {"aboveP95Bound":[],"capsuleBytes":{"max":1043,"median":514,"p95":953,"sum":28836},"commandBytes":{"max":744,"median":272,"sum":16403},"diagnostics":[["note:provenance",3]],"encodingBytes":{"max":14422,"median":820,"sum":75237},"groups":50,"ratio":{"p50":1.916667,"p95":3.242991},"rejected":0,"skipped":25}
### M15 Mathlib.SetTheory.Lists
  => 56 groups, 17 skipped, 5 diagnostics (0 reject)
capture-time 2.76 s maxrss 830436 KB
source replay: 56/56 groups reproduce their declaration ID (5110 ms)
kernel replay: 56/56 groups accepted; 183 declarations added, 5 reserved names re-realized (152 ms)
isolated replay (exact deps only): 56/56
replay-time 65.45 s maxrss 836360 KB
stock lake build: OK (6010 ms)
verify: 53/53 declaration groups identical in the stock-built oleans; 3 effect-only groups (build-checked)
export-time 8.62 s maxrss 1520068 KB
STATS {"aboveP95Bound":[],"capsuleBytes":{"max":2868,"median":394,"p95":1551,"sum":28990},"commandBytes":{"max":2601,"median":157,"sum":16058},"diagnostics":[["note:provenance",5]],"encodingBytes":{"max":45011,"median":834,"sum":175489},"groups":56,"ratio":{"p50":2.472727,"p95":4.985075},"rejected":0,"skipped":17}
### M16 Mathlib.Logic.Relation
  => 211 groups, 51 skipped, 0 diagnostics (0 reject)
capture-time 2.41 s maxrss 684140 KB
source replay: 211/211 groups reproduce their declaration ID (6558 ms)
kernel replay: 211/211 groups accepted; 278 declarations added, 4 reserved names re-realized (174 ms)
isolated replay (exact deps only): 211/211
replay-time 230.84 s maxrss 690252 KB
stock lake build: OK (6436 ms)
verify: 205/205 declaration groups identical in the stock-built oleans; 6 effect-only groups (build-checked)
export-time 8.44 s maxrss 1297236 KB
STATS {"aboveP95Bound":[],"capsuleBytes":{"max":2348,"median":465,"p95":687,"sum":103140},"commandBytes":{"max":2212,"median":138,"sum":35840},"diagnostics":[],"encodingBytes":{"max":14860,"median":582,"sum":293489},"groups":211,"ratio":{"p50":3.296296,"p95":6.961538},"rejected":0,"skipped":51}
### M17 Mathlib.Tactic.Attr.Register
  => 22 groups, 2 skipped, 40 diagnostics (0 reject)
capture-time 0.81 s maxrss 620632 KB
source replay: 22/22 groups reproduce their declaration ID (3232 ms)
kernel replay: 22/22 groups accepted; 0 declarations added, 0 reserved names re-realized (0 ms)
isolated replay (exact deps only): 22/22
replay-time 60.45 s maxrss 1620064 KB
stock lake build: OK (2277 ms)
verify: 0/21 declaration groups identical in the stock-built oleans; 1 effect-only groups (build-checked)
export-time 4.07 s maxrss 1249324 KB
STATS {"aboveP95Bound":[],"capsuleBytes":{"max":2317,"median":271,"p95":1512,"sum":10167},"commandBytes":{"max":2161,"median":115,"sum":6776},"diagnostics":[["unsupported:module-dependent-literal",40]],"encodingBytes":{"max":3623,"median":1599,"sum":36472},"groups":22,"ratio":{"p50":2.368421,"p95":3.363636},"rejected":0,"skipped":2}
### M18 Mathlib.Logic.Function.Basic
  => 265 groups, 48 skipped, 0 diagnostics (0 reject)
capture-time 2.29 s maxrss 678244 KB
source replay: 265/265 groups reproduce their declaration ID (5209 ms)
kernel replay: 265/265 groups accepted; 343 declarations added, 2 reserved names re-realized (105 ms)
isolated replay (exact deps only): 265/265
replay-time 127.84 s maxrss 685624 KB
stock lake build: OK (9072 ms)
verify: 262/262 declaration groups identical in the stock-built oleans; 3 effect-only groups (build-checked)
export-time 12.11 s maxrss 1296688 KB
STATS {"aboveP95Bound":[],"capsuleBytes":{"max":1300,"median":462,"p95":753,"sum":131216},"commandBytes":{"max":974,"median":172,"sum":52801},"diagnostics":[],"encodingBytes":{"max":10069,"median":549,"sum":244734},"groups":265,"ratio":{"p50":2.752,"p95":4.779412},"rejected":0,"skipped":48}
