### M13 Mathlib.Order.Lattice
capture M13:Mathlib/Order/Lattice.lean
  effect 61f9a847 moduleDoc L16 members=0 pub=0 realized=0 deps=0 fe=0 bytes=74
  effect 9aed2678 moduleDoc L47 members=0 pub=0 realized=0 deps=0 fe=0 bytes=74
  decl 656209e6 declaration L52 members=7 pub=1 realized=0 deps=0 fe=0 bytes=3183
  decl d5cd4016 declaration L71 members=7 pub=1 realized=0 deps=0 fe=0 bytes=3261
  decl 6bbd36c2 declaration L94 members=4 pub=2 realized=0 deps=0 fe=0 bytes=1233
  decl 4f3da131 declaration L98 members=4 pub=2 realized=0 deps=0 fe=1 bytes=1239
  decl dea5efba declaration L102 members=2 pub=2 realized=0 deps=2 fe=0 bytes=1349
  decl 850a151b declaration L106 members=2 pub=2 realized=0 deps=0 fe=2 bytes=1554
  decl 8533308d declaration L115 members=2 pub=2 realized=0 deps=0 fe=2 bytes=1124
  decl bee7d1f5 declaration L119 members=2 pub=2 realized=0 deps=0 fe=2 bytes=1148
  decl 0dfed3d8 declaration L123 members=2 pub=2 realized=0 deps=1 fe=2 bytes=1689
  decl 4f8a8e05 declaration L127 members=2 pub=2 realized=0 deps=1 fe=2 bytes=1721
  decl 1844f3c6 declaration L131 members=2 pub=2 realized=0 deps=1 fe=2 bytes=1980
  decl e47c2ebc declaration L136 members=2 pub=2 realized=0 deps=1 fe=2 bytes=2091
  decl fc6d8341 declaration L141 members=2 pub=2 realized=0 deps=2 fe=0 bytes=1336
  decl ecc2a6c0 declaration L145 members=2 pub=2 realized=0 deps=0 fe=2 bytes=1211
  decl ffa6dda5 declaration L149 members=3 pub=2 realized=0 deps=0 fe=2 bytes=2793
  decl f2ea2de3 declaration L156 members=2 pub=2 realized=0 deps=1 fe=2 bytes=10351
  decl 84fadb55 declaration L166 members=2 pub=2 realized=2 deps=0 fe=0 bytes=729
  decl 73400a32 declaration L173 members=2 pub=2 realized=0 deps=2 fe=2 bytes=890
  effect 5b1bcdd3 moduleDoc L180 members=0 pub=0 realized=0 deps=0 fe=0 bytes=74
  decl 15641721 declaration L184 members=4 pub=1 realized=0 deps=1 fe=0 bytes=1071
  decl b45a9633 declaration L186 members=1 pub=1 realized=0 deps=2 fe=2 bytes=2089
  decl fd3a809a declaration L201 members=10 pub=1 realized=0 deps=3 fe=2 bytes=4737
  effect 130b4675 lemma L240 members=4 pub=2 realized=0 deps=0 fe=2 bytes=1433
  effect d3f1898b lemma L243 members=2 pub=1 realized=0 deps=1 fe=2 bytes=1186
  effect e3cf5336 lemma L245 members=2 pub=2 realized=0 deps=1 fe=3 bytes=3224
  decl 238cf292 declaration L253 members=1 pub=1 realized=0 deps=1 fe=4 bytes=6599
  decl 364256d7 declaration L268 members=1 pub=1 realized=0 deps=1 fe=0 bytes=394
  effect e64d8b46 moduleDoc L273 members=0 pub=0 realized=0 deps=0 fe=0 bytes=74
  decl 5bc78088 declaration L278 members=1 pub=1 realized=0 deps=0 fe=0 bytes=589
  decl 977958da declaration L288 members=2 pub=2 realized=0 deps=1 fe=4 bytes=1786
  decl 56491801 declaration L293 members=4 pub=2 realized=0 deps=1 fe=4 bytes=9366
  decl d7b32534 declaration L297 members=4 pub=2 realized=0 deps=1 fe=4 bytes=9377
  decl 0887b4d7 declaration L301 members=2 pub=2 realized=0 deps=2 fe=4 bytes=1746
  decl 9ae6de82 declaration L308 members=2 pub=2 realized=0 deps=1 fe=4 bytes=779
  decl b6fcc4d3 declaration L314 members=1 pub=1 realized=0 deps=0 fe=4 bytes=1412
  decl 3ab253e5 declaration L321 members=1 pub=1 realized=0 deps=0 fe=4 bytes=1412
  decl 1392c7d8 declaration L328 members=5 pub=1 realized=0 deps=2 fe=0 bytes=2355
  decl 2133fd2d declaration L341 members=6 pub=1 realized=0 deps=1 fe=0 bytes=2466
  decl 82eb1c9d declaration L347 members=1 pub=1 realized=0 deps=1 fe=4 bytes=289
  decl af0e7c3b declaration L348 members=1 pub=1 realized=0 deps=1 fe=4 bytes=316
  effect e0f2444e moduleDoc L350 members=0 pub=0 realized=0 deps=0 fe=0 bytes=74
  decl 029cf1b4 declaration L355 members=2 pub=2 realized=0 deps=0 fe=4 bytes=648
  decl b1908c63 declaration L359 members=2 pub=2 realized=0 deps=0 fe=5 bytes=645
  decl 2d2828e4 declaration L367 members=2 pub=2 realized=0 deps=1 fe=6 bytes=917
  decl 0bb0ac72 declaration L370 members=2 pub=2 realized=0 deps=1 fe=6 bytes=914
  effect d1a9713a moduleDoc L375 members=0 pub=0 realized=0 deps=0 fe=0 bytes=74
  decl 73581a92 declaration L382 members=2 pub=2 realized=2 deps=0 fe=6 bytes=486
  decl 4f1028d4 declaration L386 members=2 pub=2 realized=0 deps=1 fe=6 bytes=693
  decl 7abb0250 declaration L390 members=4 pub=2 realized=0 deps=1 fe=7 bytes=879
  decl b4952806 declaration L394 members=8 pub=2 realized=2 deps=0 fe=0 bytes=2302
  decl ca5c8d41 declaration L401 members=4 pub=1 realized=0 deps=1 fe=0 bytes=1289
  decl a8b4a8e2 declaration L403 members=2 pub=1 realized=0 deps=1 fe=0 bytes=921
  decl 99e4947b declaration L413 members=2 pub=2 realized=0 deps=1 fe=7 bytes=3744
  effect 9fac25f1 moduleDoc L420 members=0 pub=0 realized=0 deps=0 fe=0 bytes=74
  decl b6a2260d declaration L427 members=2 pub=2 realized=0 deps=1 fe=7 bytes=3378
  decl 2872773f declaration L433 members=2 pub=2 realized=0 deps=2 fe=7 bytes=1275
  decl a61d3e1a declaration L440 members=2 pub=2 realized=0 deps=0 fe=7 bytes=1410
  decl bb13062b declaration L445 members=2 pub=2 realized=0 deps=0 fe=7 bytes=2078
  decl 74bd677c declaration L452 members=2 pub=2 realized=0 deps=1 fe=7 bytes=1382
  decl 66e86b83 declaration L457 members=2 pub=2 realized=0 deps=1 fe=7 bytes=1197
  decl fa9739f1 declaration L464 members=2 pub=2 realized=0 deps=1 fe=7 bytes=2774
  decl 771d0c83 declaration L472 members=2 pub=1 realized=0 deps=0 fe=7 bytes=1357
  decl 5c4449ab declaration L476 members=3 pub=1 realized=0 deps=0 fe=7 bytes=2122
  decl 9abe3238 declaration L485 members=2 pub=2 realized=0 deps=1 fe=7 bytes=4136
  decl 395f2de3 declaration L491 members=2 pub=2 realized=0 deps=2 fe=7 bytes=1359
  decl d7f7e0f4 declaration L497 members=2 pub=2 realized=0 deps=0 fe=7 bytes=2962
  decl f7c9e88e declaration L504 members=2 pub=2 realized=0 deps=1 fe=7 bytes=3642
  decl 2eb0ef7e declaration L516 members=2 pub=2 realized=0 deps=1 fe=7 bytes=3378
  decl 4cd57d23 declaration L522 members=2 pub=2 realized=0 deps=2 fe=7 bytes=1275
  decl 3f0a8115 declaration L529 members=2 pub=2 realized=0 deps=2 fe=7 bytes=1587
  decl 49565ed6 declaration L536 members=2 pub=2 realized=0 deps=3 fe=7 bytes=1772
  decl dffcc835 declaration L543 members=1 pub=1 realized=0 deps=2 fe=7 bytes=971
  decl e9a97e49 declaration L547 members=1 pub=1 realized=0 deps=1 fe=7 bytes=1234
  decl 409428d5 declaration L555 members=2 pub=2 realized=0 deps=1 fe=7 bytes=4136
  decl 9d58a07f declaration L561 members=2 pub=2 realized=0 deps=2 fe=7 bytes=1359
  decl 6ace9a4d declaration L567 members=2 pub=2 realized=0 deps=0 fe=7 bytes=2983
  decl 55739afa declaration L574 members=2 pub=2 realized=0 deps=1 fe=7 bytes=3642
  effect 6bfeea9e moduleDoc L584 members=0 pub=0 realized=0 deps=0 fe=0 bytes=74
  decl a4a6ab38 declaration L593 members=2 pub=2 realized=2 deps=0 fe=7 bytes=586
  decl 98b69081 declaration L597 members=2 pub=2 realized=0 deps=1 fe=7 bytes=805
  decl 44f19d02 declaration L602 members=2 pub=2 realized=0 deps=1 fe=8 bytes=703
  decl 4f9f0a4a declaration L606 members=2 pub=2 realized=0 deps=1 fe=9 bytes=703
  decl 66e533b1 declaration L610 members=2 pub=2 realized=0 deps=1 fe=10 bytes=746
  decl b5c710fe declaration L614 members=2 pub=2 realized=0 deps=1 fe=11 bytes=787
  decl 9cf9962b declaration L618 members=8 pub=2 realized=2 deps=0 fe=0 bytes=3774
  decl 685fbd5e declaration L625 members=4 pub=1 realized=0 deps=1 fe=0 bytes=1505
  decl 161264ee declaration L627 members=5 pub=1 realized=0 deps=1 fe=0 bytes=2200
  effect fe787d10 moduleDoc L632 members=0 pub=0 realized=0 deps=0 fe=0 bytes=74
  decl 25a4f601 declaration L639 members=10 pub=2 realized=2 deps=0 fe=0 bytes=2978
  decl b08529b3 declaration L652 members=7 pub=1 realized=0 deps=1 fe=0 bytes=2744
  decl b4fcdcd5 declaration L659 members=4 pub=2 realized=0 deps=1 fe=11 bytes=1145
  decl 298c3ff0 declaration L665 members=2 pub=2 realized=0 deps=1 fe=12 bytes=948
  decl aa818a87 declaration L676 members=8 pub=2 realized=2 deps=0 fe=0 bytes=7458
  decl dea0d1f4 declaration L700 members=1 pub=1 realized=0 deps=1 fe=0 bytes=1578
  decl bb0c6235 declaration L712 members=2 pub=1 realized=0 deps=1 fe=0 bytes=4064
  decl c5af0606 declaration L726 members=5 pub=1 realized=0 deps=3 fe=13 bytes=2510
  decl 6f0be056 declaration L738 members=3 pub=1 realized=0 deps=0 fe=13 bytes=997
  decl ed0859f1 declaration L744 members=3 pub=1 realized=0 deps=1 fe=13 bytes=1123
  decl f6bcc8a9 declaration L749 members=6 pub=1 realized=0 deps=2 fe=13 bytes=2838
  decl 5383e4b1 declaration L757 members=4 pub=1 realized=0 deps=2 fe=13 bytes=1660
  decl 1525c0c3 declaration L763 members=4 pub=1 realized=0 deps=2 fe=13 bytes=1660
  decl 1324f820 declaration L769 members=5 pub=1 realized=0 deps=3 fe=13 bytes=2061
  decl a9f3714c declaration L775 members=5 pub=1 realized=0 deps=2 fe=13 bytes=2011
  decl edd2a634 declaration L786 members=8 pub=2 realized=2 deps=1 fe=13 bytes=1929
  decl 6d8cfb76 declaration L790 members=4 pub=1 realized=0 deps=1 fe=0 bytes=1182
  decl 6271b199 declaration L792 members=5 pub=1 realized=0 deps=1 fe=13 bytes=1611
  decl 98f0ffcb declaration L795 members=6 pub=1 realized=0 deps=0 fe=13 bytes=2051
  decl 4cb3aca8 declaration L801 members=1 pub=1 realized=0 deps=1 fe=13 bytes=399
  decl 6420e874 declaration L802 members=1 pub=1 realized=0 deps=1 fe=13 bytes=274
  effect 8ac83e5b lemma L806 members=4 pub=1 realized=1 deps=1 fe=13 bytes=2115
  effect d802b35b lemma L809 members=1 pub=1 realized=0 deps=2 fe=13 bytes=1720
  effect fd1359a9 aliasLR L812 members=1 pub=1 realized=0 deps=2 fe=0 bytes=711
  effect 22c166b5 aliasLR L813 members=1 pub=1 realized=0 deps=2 fe=0 bytes=711
  => 115 groups, 54 skipped, 0 diagnostics (0 reject)
capture-time 2.85 s maxrss 774960 KB
source replay: 115/115 groups reproduce their declaration ID (3731 ms)
kernel replay: 115/115 groups accepted; 313 declarations added, 0 reserved names re-realized (114 ms)
isolated replay (exact deps only): 115/115
replay-time 25.66 s maxrss 773752 KB
export: 1 modules, 115 groups, 59622 bytes of source
  Mathlib.ParaleanExport.Order.Lattice: 115 groups; imports #[Mathlib.Data.Bool.Basic, Mathlib.Logic.Pairwise, Mathlib.Order.Defs.Lattice, Mathlib.Order.Monotone.Basic, Mathlib.Order.ULift, Mathlib.Tactic.GRewrite]
stock lake build: OK (4987 ms)
verify: 106/106 declaration groups identical in the stock-built oleans; 9 effect-only groups (build-checked)
export-time 7.73 s maxrss 1491292 KB
STATS {"aboveP95Bound":[],"capsuleBytes":{"max":1931,"median":468,"p95":1008,"sum":58988},"commandBytes":{"max":1716,"median":197,"sum":28865},"diagnostics":[],"encodingBytes":{"max":10351,"median":1382,"sum":217308},"groups":115,"ratio":{"p50":2.391089,"p95":7.052632},"rejected":0,"skipped":54}
