### M16 Mathlib.Logic.Relation
capture M16:Mathlib/Logic/Relation.lean
  effect 6b4d0f4b moduleDoc L16 members=0 pub=0 realized=0 deps=0 fe=0 bytes=74
  decl e2b54cc4 declaration L58 members=1 pub=1 realized=0 deps=0 fe=0 bytes=598
  effect 3f308c5b alias L66 members=1 pub=1 realized=0 deps=0 fe=0 bytes=211
  decl edc7ce95 declaration L68 members=2 pub=1 realized=0 deps=0 fe=0 bytes=1350
  effect bcff2ad3 alias L73 members=1 pub=1 realized=0 deps=1 fe=0 bytes=339
  decl 840bd58b declaration L75 members=1 pub=1 realized=0 deps=1 fe=1 bytes=429
  effect 6528fb57 alias L80 members=1 pub=1 realized=0 deps=1 fe=0 bytes=349
  effect 24979b1a alias L81 members=1 pub=1 realized=0 deps=1 fe=1 bytes=347
  decl 170140e7 declaration L83 members=2 pub=1 realized=0 deps=0 fe=0 bytes=5074
  effect dcf8b43d alias L87 members=1 pub=1 realized=0 deps=1 fe=0 bytes=416
  effect 5ccf5be7 alias L88 members=1 pub=1 realized=0 deps=1 fe=1 bytes=421
  decl 33e9e7ba declaration L90 members=2 pub=1 realized=0 deps=0 fe=0 bytes=5352
  effect 838a8094 alias L94 members=1 pub=1 realized=0 deps=1 fe=0 bytes=420
  decl 81e3642b declaration L96 members=1 pub=1 realized=0 deps=0 fe=0 bytes=325
  effect 38457e27 alias L99 members=1 pub=1 realized=0 deps=1 fe=0 bytes=315
  decl fee2196c declaration L101 members=1 pub=1 realized=0 deps=1 fe=1 bytes=471
  effect 5065c3d6 alias L104 members=1 pub=1 realized=0 deps=1 fe=0 bytes=331
  decl 08a48051 declaration L106 members=1 pub=1 realized=0 deps=1 fe=1 bytes=372
  effect cd25511b alias L109 members=1 pub=1 realized=0 deps=1 fe=0 bytes=360
  decl 680947ec declaration L111 members=1 pub=1 realized=0 deps=1 fe=1 bytes=535
  decl 5cbb30c6 declaration L114 members=1 pub=1 realized=0 deps=1 fe=0 bytes=371
  decl 92a61bfc declaration L123 members=1 pub=1 realized=0 deps=0 fe=0 bytes=359
  effect 0c23c9cb alias L126 members=1 pub=1 realized=0 deps=1 fe=0 bytes=364
  decl b48e65a9 declaration L128 members=1 pub=1 realized=0 deps=0 fe=0 bytes=416
  effect 24a52c3d alias L131 members=1 pub=1 realized=0 deps=1 fe=0 bytes=364
  decl 188ecf4b declaration L133 members=1 pub=1 realized=0 deps=0 fe=0 bytes=390
  decl 8d18fb4b declaration L136 members=1 pub=1 realized=0 deps=3 fe=2 bytes=730
  decl 185b3277 declaration L138 members=1 pub=1 realized=0 deps=0 fe=0 bytes=479
  decl ee416f08 declaration L149 members=1 pub=1 realized=0 deps=0 fe=0 bytes=331
  skipped Lean.Parser.Command.mixfix (local-effect)
  decl 3d069eec declaration L159 members=1 pub=1 realized=1 deps=1 fe=0 bytes=865
  decl 4f4c9f5e declaration L164 members=1 pub=1 realized=0 deps=2 fe=0 bytes=454
  decl c6c81b34 declaration L167 members=1 pub=1 realized=0 deps=1 fe=2 bytes=884
  decl 426e64fc declaration L172 members=1 pub=1 realized=0 deps=2 fe=2 bytes=456
  decl 16292a59 declaration L175 members=2 pub=1 realized=0 deps=2 fe=3 bytes=1195
  decl a8cff727 declaration L179 members=2 pub=1 realized=0 deps=2 fe=4 bytes=1124
  decl 513ea116 declaration L183 members=2 pub=1 realized=0 deps=1 fe=6 bytes=7823
  decl e2d919a8 declaration L186 members=3 pub=1 realized=0 deps=1 fe=6 bytes=2994
  decl 9d3bb249 declaration L199 members=1 pub=1 realized=0 deps=0 fe=6 bytes=355
  decl a9c5add2 declaration L207 members=1 pub=1 realized=0 deps=1 fe=6 bytes=1003
  decl 7c607d3a declaration L215 members=2 pub=1 realized=0 deps=1 fe=6 bytes=1400
  decl 32aa259a declaration L226 members=1 pub=1 realized=0 deps=0 fe=6 bytes=441
  effect 39266113 lemma L234 members=1 pub=1 realized=0 deps=1 fe=6 bytes=577
  effect 084c71dd lemma L237 members=2 pub=1 realized=0 deps=2 fe=6 bytes=12384
  effect f6531059 lemma L241 members=3 pub=1 realized=0 deps=2 fe=7 bytes=5415
  effect 0a388437 lemma L245 members=1 pub=1 realized=1 deps=1 fe=9 bytes=1147
  decl ed0ef7ca declaration L247 members=1 pub=1 realized=0 deps=1 fe=10 bytes=620
  effect a036877f lemma L250 members=1 pub=1 realized=0 deps=1 fe=4 bytes=936
  effect 82197516 alias L256 members=1 pub=1 realized=0 deps=2 fe=4 bytes=476
  decl ab18d07f declaration L258 members=1 pub=1 realized=0 deps=1 fe=5 bytes=1605
  effect 99518749 alias L264 members=1 pub=1 realized=0 deps=2 fe=5 bytes=423
  effect 647b6a16 lemma L266 members=2 pub=1 realized=0 deps=2 fe=10 bytes=7003
  effect 7fe3575d alias L270 members=1 pub=1 realized=0 deps=2 fe=5 bytes=486
  effect abb0ceff lemma L272 members=1 pub=1 realized=0 deps=4 fe=7 bytes=977
  effect 47ef110d lemma L278 members=2 pub=1 realized=0 deps=1 fe=13 bytes=2766
  decl 9b8cfe48 declaration L282 members=2 pub=1 realized=0 deps=2 fe=13 bytes=3575
  decl e471d5cb declaration L287 members=1 pub=1 realized=0 deps=2 fe=14 bytes=757
  decl 567caf3c declaration L291 members=1 pub=1 realized=0 deps=1 fe=14 bytes=1725
  decl bff9f456 declaration L298 members=1 pub=1 realized=0 deps=2 fe=14 bytes=731
  decl b1eda4e1 declaration L302 members=1 pub=1 realized=0 deps=3 fe=14 bytes=1215
  decl 2493f48a declaration L306 members=1 pub=1 realized=0 deps=3 fe=14 bytes=961
  decl b0285ae0 declaration L310 members=2 pub=1 realized=1 deps=2 fe=13 bytes=8837
  decl fb19e34b declaration L314 members=2 pub=1 realized=0 deps=2 fe=13 bytes=7769
  decl 141ded35 in L319 members=1 pub=1 realized=0 deps=1 fe=14 bytes=942
  effect 1ffb3651 lemma L323 members=2 pub=1 realized=0 deps=2 fe=13 bytes=3037
  decl 3abc60ce in L327 members=2 pub=1 realized=0 deps=2 fe=14 bytes=6228
  effect 2161d238 lemma L332 members=1 pub=1 realized=0 deps=2 fe=15 bytes=557
  decl ee618376 in L336 members=2 pub=1 realized=0 deps=2 fe=15 bytes=3918
  effect 948c9861 lemma L341 members=2 pub=1 realized=0 deps=2 fe=15 bytes=3382
  decl 87bafdd1 in L345 members=2 pub=1 realized=0 deps=2 fe=16 bytes=6598
  effect f9e882cc lemma L351 members=1 pub=1 realized=0 deps=2 fe=17 bytes=557
  decl 7116e44b in L355 members=2 pub=1 realized=0 deps=2 fe=17 bytes=6748
  effect 6347390f lemma L360 members=1 pub=1 realized=0 deps=2 fe=18 bytes=508
  decl e55145b2 in L364 members=2 pub=1 realized=0 deps=2 fe=18 bytes=6072
  effect 2ebb5ed8 lemma L369 members=1 pub=1 realized=0 deps=2 fe=19 bytes=511
  decl 86520ee9 declaration L373 members=2 pub=1 realized=0 deps=2 fe=19 bytes=5092
  effect a05d1a86 lemma L377 members=1 pub=1 realized=0 deps=2 fe=20 bytes=543
  decl a1c374d6 declaration L385 members=13 pub=5 realized=0 deps=0 fe=10 bytes=4596
  effect 122c466f attribute L391 members=0 pub=0 realized=0 deps=0 fe=10 bytes=74
  decl 3c146738 declaration L393 members=7 pub=5 realized=0 deps=0 fe=11 bytes=1973
  effect c594d85b attribute L399 members=0 pub=0 realized=0 deps=0 fe=10 bytes=74
  effect 7a3ed2d8 attribute L400 members=0 pub=0 realized=0 deps=0 fe=12 bytes=74
  decl 0787aa40 declaration L402 members=1 pub=1 realized=0 deps=0 fe=9 bytes=226
  decl a637e331 in L407 members=17 pub=7 realized=0 deps=0 fe=0 bytes=9124
  effect 39b062a0 attribute L416 members=1 pub=1 realized=0 deps=0 fe=0 bytes=1812
  effect 192e4f0e attribute L417 members=0 pub=0 realized=0 deps=0 fe=13 bytes=74
  decl bd4985bf declaration L419 members=2 pub=1 realized=0 deps=2 fe=2 bytes=2176
  decl 0bca86ee declaration L425 members=1 pub=1 realized=0 deps=3 fe=9 bytes=472
  decl ea25831e declaration L428 members=1 pub=1 realized=0 deps=2 fe=1 bytes=869
  decl 7b092f7d declaration L432 members=1 pub=1 realized=0 deps=1 fe=10 bytes=389
  decl 102edec9 declaration L435 members=2 pub=1 realized=0 deps=1 fe=1 bytes=1863
  effect 987839de alias L440 members=1 pub=1 realized=0 deps=2 fe=0 bytes=365
  decl 4074462d declaration L442 members=2 pub=1 realized=0 deps=2 fe=14 bytes=2954
  decl 4b00f343 declaration L449 members=1 pub=1 realized=0 deps=1 fe=9 bytes=348
  decl bd3d36d0 declaration L452 members=1 pub=1 realized=0 deps=1 fe=9 bytes=353
  decl cdcab92e declaration L455 members=1 pub=1 realized=0 deps=3 fe=9 bytes=659
  decl c39b0598 declaration L460 members=2 pub=1 realized=0 deps=2 fe=9 bytes=549
  decl 78bfec95 declaration L464 members=1 pub=1 realized=0 deps=2 fe=9 bytes=398
  decl e5127afe declaration L466 members=1 pub=1 realized=0 deps=2 fe=0 bytes=417
  decl c2887244 declaration L469 members=1 pub=1 realized=0 deps=1 fe=10 bytes=341
  decl 3fb8108e declaration L473 members=1 pub=1 realized=0 deps=2 fe=0 bytes=413
  decl b9db7ffb declaration L476 members=2 pub=1 realized=0 deps=1 fe=10 bytes=609
  decl 725002df declaration L479 members=1 pub=1 realized=0 deps=2 fe=10 bytes=455
  decl 2a6a4278 declaration L480 members=1 pub=1 realized=0 deps=2 fe=10 bytes=455
  effect ce311702 alias L482 members=1 pub=1 realized=0 deps=2 fe=0 bytes=395
  effect a6dfacb6 alias L483 members=1 pub=1 realized=0 deps=2 fe=0 bytes=400
  decl 8ce9da23 declaration L489 members=1 pub=1 realized=0 deps=1 fe=11 bytes=663
  decl 66622da1 declaration L495 members=1 pub=1 realized=0 deps=1 fe=11 bytes=492
  decl 1f2c3cc8 declaration L498 members=1 pub=1 realized=0 deps=2 fe=10 bytes=494
  decl 6ee77c78 declaration L501 members=1 pub=1 realized=0 deps=1 fe=11 bytes=757
  decl f338d171 declaration L506 members=1 pub=1 realized=0 deps=2 fe=1 bytes=777
  effect 8edbf52f alias L512 members=1 pub=1 realized=0 deps=2 fe=0 bytes=370
  decl e6ad5138 declaration L514 members=1 pub=1 realized=0 deps=1 fe=10 bytes=568
  decl a1fd6f54 declaration L517 members=1 pub=1 realized=0 deps=2 fe=11 bytes=1720
  decl 9debde54 declaration L529 members=1 pub=1 realized=0 deps=3 fe=11 bytes=1122
  decl b126f627 declaration L539 members=3 pub=1 realized=0 deps=2 fe=14 bytes=2634
  decl 5e59ccff declaration L542 members=1 pub=1 realized=0 deps=3 fe=11 bytes=1088
  decl 632340b8 declaration L548 members=4 pub=1 realized=1 deps=2 fe=15 bytes=14998
  decl ba1a2888 declaration L554 members=1 pub=1 realized=0 deps=2 fe=11 bytes=795
  decl e0f0e3dc declaration L562 members=1 pub=1 realized=0 deps=2 fe=11 bytes=408
  decl 8bafd93f declaration L565 members=1 pub=1 realized=0 deps=1 fe=12 bytes=618
  effect cdac61af attribute L570 members=0 pub=0 realized=0 deps=0 fe=10 bytes=74
  decl c4803614 declaration L572 members=1 pub=1 realized=0 deps=2 fe=11 bytes=489
  decl 30ff8915 declaration L575 members=1 pub=1 realized=0 deps=1 fe=12 bytes=713
  decl 8c68d983 declaration L580 members=1 pub=1 realized=0 deps=2 fe=11 bytes=473
  decl 5c850860 declaration L583 members=1 pub=1 realized=0 deps=1 fe=11 bytes=1528
  decl 29ee23de declaration L595 members=1 pub=1 realized=0 deps=0 fe=12 bytes=786
  decl 52a4c8a3 declaration L605 members=1 pub=1 realized=0 deps=2 fe=11 bytes=662
  decl e967b3e2 declaration L610 members=2 pub=1 realized=0 deps=3 fe=12 bytes=2336
  decl a8c006f2 declaration L616 members=2 pub=1 realized=0 deps=2 fe=12 bytes=1935
  decl 19dbc762 declaration L624 members=1 pub=1 realized=0 deps=1 fe=1 bytes=651
  effect 9ac8512b alias L630 members=1 pub=1 realized=0 deps=1 fe=1 bytes=300
  decl 88aa82f8 declaration L632 members=1 pub=1 realized=0 deps=0 fe=2 bytes=301
  decl 9e0aede2 declaration L635 members=1 pub=1 realized=0 deps=1 fe=1 bytes=471
  effect 141ae1f0 lemma L642 members=3 pub=1 realized=0 deps=1 fe=14 bytes=1142
  effect c3708f79 lemma L647 members=1 pub=1 realized=0 deps=2 fe=11 bytes=387
  effect 185e46cd lemma L650 members=1 pub=1 realized=0 deps=3 fe=11 bytes=763
  decl ac8f8ca1 declaration L657 members=1 pub=1 realized=0 deps=1 fe=10 bytes=512
  decl 7c39031f declaration L660 members=1 pub=1 realized=0 deps=1 fe=10 bytes=403
  decl ea6b7b9a declaration L663 members=1 pub=1 realized=0 deps=1 fe=10 bytes=341
  decl 6da402e5 declaration L666 members=2 pub=1 realized=0 deps=1 fe=10 bytes=498
  decl 46ef8e90 declaration L674 members=1 pub=1 realized=0 deps=0 fe=12 bytes=346
  decl ed1dc826 declaration L677 members=1 pub=1 realized=0 deps=1 fe=12 bytes=404
  decl 8578d44a declaration L680 members=1 pub=1 realized=0 deps=2 fe=12 bytes=494
  decl e760b5b9 declaration L683 members=1 pub=1 realized=0 deps=2 fe=12 bytes=494
  decl 93d55356 declaration L686 members=1 pub=1 realized=0 deps=0 fe=17 bytes=656
  decl 32ce6d96 declaration L694 members=1 pub=1 realized=0 deps=2 fe=17 bytes=391
  decl 2c909b3b declaration L698 members=1 pub=1 realized=0 deps=0 fe=12 bytes=897
  decl 6482fefb declaration L705 members=1 pub=1 realized=0 deps=3 fe=12 bytes=1104
  decl 2a3b40a7 declaration L710 members=1 pub=1 realized=0 deps=1 fe=12 bytes=519
  effect 08487c60 lemma L713 members=1 pub=1 realized=0 deps=1 fe=12 bytes=589
  decl a8c681c0 declaration L717 members=1 pub=1 realized=0 deps=1 fe=12 bytes=511
  effect ec75fbc9 lemma L720 members=1 pub=1 realized=0 deps=2 fe=12 bytes=707
  decl 3dd99bc4 declaration L723 members=1 pub=1 realized=0 deps=1 fe=12 bytes=843
  decl 3576e257 declaration L729 members=1 pub=1 realized=0 deps=1 fe=12 bytes=428
  decl 02da1eab declaration L738 members=2 pub=1 realized=0 deps=2 fe=18 bytes=1382
  decl 9f617d09 declaration L742 members=1 pub=1 realized=0 deps=3 fe=20 bytes=1836
  decl e385ce26 declaration L752 members=1 pub=1 realized=0 deps=4 fe=12 bytes=1261
  decl e6c518f4 declaration L756 members=1 pub=1 realized=0 deps=2 fe=11 bytes=581
  decl bd2d224d declaration L759 members=1 pub=1 realized=0 deps=2 fe=21 bytes=871
  decl cca3e509 declaration L767 members=1 pub=1 realized=0 deps=2 fe=11 bytes=463
  decl 11e05e20 declaration L770 members=1 pub=1 realized=0 deps=1 fe=11 bytes=463
  decl 9d3974d7 declaration L773 members=1 pub=1 realized=0 deps=2 fe=1 bytes=540
  decl 71a252f8 declaration L777 members=1 pub=1 realized=0 deps=2 fe=11 bytes=429
  decl b8aab0c3 declaration L780 members=1 pub=1 realized=0 deps=3 fe=20 bytes=517
  decl f085a859 declaration L784 members=1 pub=1 realized=0 deps=4 fe=11 bytes=1250
  decl 5902c22f declaration L789 members=1 pub=1 realized=0 deps=2 fe=11 bytes=587
  decl 9b4b381c declaration L793 members=1 pub=1 realized=0 deps=2 fe=12 bytes=1028
  decl 53df558a declaration L799 members=1 pub=1 realized=0 deps=2 fe=11 bytes=487
  effect b8f9e297 lemma L802 members=2 pub=1 realized=0 deps=4 fe=21 bytes=1118
  effect 466ab805 lemma L806 members=1 pub=1 realized=0 deps=8 fe=24 bytes=1828
  effect 7b09784c lemma L814 members=2 pub=1 realized=0 deps=5 fe=23 bytes=931
  effect 265cce7f lemma L817 members=2 pub=1 realized=0 deps=5 fe=25 bytes=935
  effect 7303d0ac lemma L820 members=1 pub=1 realized=0 deps=4 fe=25 bytes=848
  effect 241001eb lemma L824 members=1 pub=1 realized=0 deps=4 fe=27 bytes=844
  decl b726c8ce declaration L834 members=1 pub=1 realized=0 deps=1 fe=15 bytes=605
  decl 7996a9b3 declaration L837 members=1 pub=1 realized=0 deps=2 fe=15 bytes=407
  decl 03069a73 declaration L839 members=1 pub=1 realized=0 deps=2 fe=15 bytes=373
  decl bcc874fb declaration L847 members=1 pub=1 realized=0 deps=1 fe=15 bytes=1212
  effect 06750fdd lemma L855 members=3 pub=1 realized=0 deps=1 fe=0 bytes=11858
  effect d8ee1496 lemma L861 members=2 pub=1 realized=0 deps=1 fe=1 bytes=9307
  effect f41e8497 lemma L867 members=1 pub=1 realized=0 deps=3 fe=10 bytes=839
  effect 809e9bd5 lemma L871 members=2 pub=1 realized=0 deps=3 fe=3 bytes=1338
  effect 7710c7e6 lemma L875 members=1 pub=1 realized=0 deps=3 fe=21 bytes=1024
  effect be78e773 lemma L881 members=1 pub=1 realized=0 deps=4 fe=25 bytes=1176
  effect 43252df8 lemma L888 members=1 pub=1 realized=0 deps=7 fe=33 bytes=884
  effect 680b9e6f lemma L893 members=1 pub=1 realized=0 deps=6 fe=33 bytes=775
  effect d24ef2ba lemma L898 members=1 pub=1 realized=0 deps=7 fe=34 bytes=833
  effect 175d62a4 lemma L903 members=1 pub=1 realized=0 deps=8 fe=34 bytes=889
  effect 6de44283 lemma L908 members=1 pub=1 realized=0 deps=8 fe=37 bytes=1002
  effect fd90304d lemma L913 members=1 pub=1 realized=0 deps=6 fe=26 bytes=919
  decl 45dcff7d declaration L918 members=1 pub=1 realized=0 deps=0 fe=19 bytes=256
  decl 924f4083 declaration L931 members=1 pub=1 realized=0 deps=4 fe=30 bytes=4940
  decl 50ef24bf declaration L954 members=1 pub=1 realized=0 deps=1 fe=19 bytes=598
  effect e353aa27 alias L957 members=1 pub=1 realized=0 deps=2 fe=0 bytes=479
  decl 4a2787ef declaration L959 members=2 pub=1 realized=0 deps=1 fe=0 bytes=985
  effect 9875f06e alias L962 members=1 pub=1 realized=0 deps=2 fe=0 bytes=340
  decl 3589fa75 declaration L964 members=1 pub=1 realized=0 deps=1 fe=0 bytes=451
  effect 24bbdb6c alias L967 members=1 pub=1 realized=0 deps=2 fe=0 bytes=360
  decl 1fd80a49 declaration L969 members=2 pub=1 realized=1 deps=1 fe=34 bytes=6521
  decl 6ea740dd declaration L973 members=1 pub=1 realized=0 deps=4 fe=21 bytes=887
  decl 4b6a96ef declaration L977 members=1 pub=1 realized=0 deps=6 fe=28 bytes=854
  decl 451f59be declaration L982 members=1 pub=1 realized=0 deps=2 fe=19 bytes=825
  effect bf19336b alias L986 members=1 pub=1 realized=0 deps=2 fe=0 bytes=576
  decl 44939299 declaration L988 members=1 pub=1 realized=0 deps=3 fe=24 bytes=806
  effect 30d6229b alias L992 members=1 pub=1 realized=0 deps=2 fe=10 bytes=621
  decl 2f13cdb1 declaration L995 members=1 pub=1 realized=0 deps=2 fe=25 bytes=675
  effect 8523e2d4 alias L999 members=1 pub=1 realized=0 deps=2 fe=10 bytes=580
  decl 4462676b declaration L1012 members=1 pub=1 realized=0 deps=2 fe=27 bytes=769
  decl c9b945ef declaration L1016 members=1 pub=1 realized=0 deps=1 fe=27 bytes=730
  decl 92cd71ab declaration L1019 members=5 pub=1 realized=0 deps=1 fe=41 bytes=2754
  decl b514898c declaration L1022 members=1 pub=1 realized=0 deps=2 fe=27 bytes=532
  => 211 groups, 51 skipped, 0 diagnostics (0 reject)
capture-time 3.98 s maxrss 692032 KB
source replay: 211/211 groups reproduce their declaration ID (7996 ms)
kernel replay: 211/211 groups accepted; 278 declarations added, 4 reserved names re-realized (172 ms)
isolated replay (exact deps only): 211/211
replay-time 212.59 s maxrss 699240 KB
export: 1 modules, 211 groups, 103905 bytes of source
  Mathlib.ParaleanExport.Logic.Relation: 211 groups; imports #[Mathlib.Logic.Relator, Mathlib.Tactic.Use, Mathlib.Tactic.MkIffOfInductiveProp, Mathlib.Tactic.SimpRw, Mathlib.Order.Defs.Prop, Mathlib.Order.Defs.Unbundled, Batteries.Logic]
stock lake build: OK (6154 ms)
verify: 205/205 declaration groups identical in the stock-built oleans; 6 effect-only groups (build-checked)
export-time 8.21 s maxrss 1303008 KB
STATS {"aboveP95Bound":[],"capsuleBytes":{"max":2348,"median":465,"p95":687,"sum":103140},"commandBytes":{"max":2212,"median":138,"sum":35840},"diagnostics":[],"encodingBytes":{"max":14998,"median":621,"sum":306703},"groups":211,"ratio":{"p50":3.296296,"p95":6.961538},"rejected":0,"skipped":51}
