### M18 Mathlib.Logic.Function.Basic
capture M18:Mathlib/Logic/Function/Basic.lean
  effect afa5a1b6 moduleDoc L17 members=0 pub=0 realized=0 deps=0 fe=0 bytes=74
  decl 4d7baa47 declaration L33 members=1 pub=1 realized=0 deps=0 fe=0 bytes=215
  decl 99de3ce7 declaration L37 members=1 pub=1 realized=0 deps=1 fe=0 bytes=342
  decl d23cf213 declaration L40 members=1 pub=1 realized=0 deps=0 fe=1 bytes=259
  decl a48cb49c declaration L43 members=2 pub=1 realized=0 deps=0 fe=1 bytes=598
  decl 5bcb6a33 declaration L47 members=2 pub=1 realized=0 deps=1 fe=1 bytes=702
  decl 58ac51a0 declaration L51 members=2 pub=1 realized=0 deps=0 fe=2 bytes=710
  decl 1d83ad08 declaration L57 members=1 pub=1 realized=0 deps=0 fe=2 bytes=361
  decl 536c3fbb declaration L60 members=1 pub=1 realized=0 deps=0 fe=2 bytes=455
  decl 9eb0619a declaration L63 members=1 pub=1 realized=0 deps=0 fe=2 bytes=454
  decl 0212a4ba declaration L68 members=1 pub=1 realized=0 deps=0 fe=0 bytes=379
  decl 9b1509e1 declaration L71 members=1 pub=1 realized=0 deps=0 fe=0 bytes=385
  decl 9f7afcbb declaration L74 members=1 pub=1 realized=0 deps=0 fe=0 bytes=392
  decl 15f189e7 in L77 members=1 pub=1 realized=0 deps=0 fe=0 bytes=523
  decl 0bb35e02 declaration L81 members=1 pub=1 realized=0 deps=0 fe=0 bytes=395
  decl bbf020d1 declaration L84 members=1 pub=1 realized=0 deps=0 fe=0 bytes=406
  decl b1c5b7cc declaration L87 members=1 pub=1 realized=0 deps=0 fe=0 bytes=395
  decl b7a3d27e in L90 members=1 pub=1 realized=0 deps=0 fe=0 bytes=549
  decl fec4e53f declaration L95 members=1 pub=1 realized=0 deps=3 fe=0 bytes=746
  decl 121a949d declaration L97 members=1 pub=1 realized=0 deps=2 fe=0 bytes=575
  decl 413106a7 in L99 members=1 pub=1 realized=0 deps=2 fe=2 bytes=688
  decl cb434d4f in L104 members=1 pub=1 realized=0 deps=2 fe=2 bytes=687
  decl eeea4381 declaration L109 members=1 pub=1 realized=0 deps=2 fe=0 bytes=583
  decl b0d5fb7a declaration L111 members=1 pub=1 realized=0 deps=1 fe=0 bytes=554
  decl da30920e in L114 members=1 pub=1 realized=0 deps=2 fe=2 bytes=707
  effect 013d11ae lemma L121 members=2 pub=1 realized=0 deps=0 fe=2 bytes=2819
  decl fad5464c declaration L129 members=1 pub=1 realized=0 deps=0 fe=2 bytes=499
  effect c88d7d41 lemma L132 members=1 pub=1 realized=0 deps=0 fe=2 bytes=896
  decl e41bd8a7 declaration L140 members=1 pub=1 realized=0 deps=0 fe=2 bytes=353
  decl c0b3b1ed declaration L141 members=1 pub=1 realized=0 deps=0 fe=2 bytes=353
  decl d7236c5e declaration L142 members=1 pub=1 realized=0 deps=0 fe=2 bytes=353
  decl 29dd52ba declaration L143 members=1 pub=1 realized=0 deps=0 fe=2 bytes=353
  decl 2fed8407 declaration L147 members=1 pub=1 realized=0 deps=0 fe=0 bytes=321
  decl 7823a735 declaration L150 members=1 pub=1 realized=0 deps=0 fe=0 bytes=327
  decl cfd16401 declaration L153 members=1 pub=1 realized=0 deps=0 fe=0 bytes=344
  decl 9e8d793b declaration L156 members=1 pub=1 realized=0 deps=0 fe=0 bytes=475
  decl 842457ab declaration L159 members=1 pub=1 realized=0 deps=0 fe=0 bytes=347
  decl d536f5a9 declaration L162 members=1 pub=1 realized=0 deps=0 fe=0 bytes=443
  decl a32c2f08 declaration L165 members=1 pub=1 realized=0 deps=0 fe=0 bytes=347
  decl 483f6317 declaration L168 members=1 pub=1 realized=0 deps=0 fe=0 bytes=471
  decl 88e83614 declaration L171 members=1 pub=1 realized=0 deps=3 fe=0 bytes=683
  decl f620c3ea declaration L173 members=1 pub=1 realized=0 deps=2 fe=0 bytes=518
  decl d18ca24e declaration L175 members=1 pub=1 realized=0 deps=2 fe=0 bytes=534
  decl 68b2d82c declaration L177 members=1 pub=1 realized=0 deps=2 fe=0 bytes=533
  decl 2adbf31a declaration L179 members=1 pub=1 realized=0 deps=2 fe=0 bytes=526
  decl 1b4e2eb0 declaration L181 members=1 pub=1 realized=0 deps=1 fe=0 bytes=760
  decl 94b10ca5 declaration L184 members=1 pub=1 realized=0 deps=2 fe=0 bytes=549
  decl 86f0c8ba declaration L188 members=1 pub=1 realized=0 deps=0 fe=2 bytes=318
  decl 1e6386c3 declaration L189 members=1 pub=1 realized=0 deps=0 fe=2 bytes=320
  decl 7e98c9f3 declaration L191 members=3 pub=1 realized=1 deps=0 fe=2 bytes=1218
  effect 214cd74a lemma L194 members=2 pub=1 realized=0 deps=1 fe=2 bytes=1174
  decl a316d3c7 declaration L200 members=1 pub=1 realized=0 deps=0 fe=3 bytes=422
  decl a44b073e declaration L205 members=1 pub=1 realized=0 deps=0 fe=3 bytes=430
  decl 22db1ede declaration L208 members=2 pub=1 realized=0 deps=1 fe=3 bytes=653
  decl 68dde59b declaration L213 members=1 pub=1 realized=0 deps=0 fe=4 bytes=870
  decl d27b2c11 declaration L219 members=1 pub=1 realized=0 deps=2 fe=4 bytes=747
  decl 7baedd4e declaration L223 members=2 pub=1 realized=0 deps=2 fe=4 bytes=853
  decl eb548de3 declaration L228 members=1 pub=1 realized=0 deps=0 fe=5 bytes=540
  decl c15a48ac declaration L232 members=1 pub=1 realized=0 deps=1 fe=5 bytes=446
  decl 316aa645 declaration L236 members=1 pub=1 realized=0 deps=1 fe=5 bytes=759
  decl 1e2e2c2f declaration L241 members=2 pub=1 realized=0 deps=0 fe=5 bytes=471
  decl 11963980 declaration L244 members=2 pub=1 realized=0 deps=1 fe=5 bytes=626
  effect bda96c47 lemma L247 members=7 pub=1 realized=2 deps=0 fe=5 bytes=8830
  decl c63a9f4b declaration L254 members=2 pub=1 realized=0 deps=0 fe=5 bytes=982
  decl 40c7e876 declaration L258 members=2 pub=1 realized=0 deps=1 fe=5 bytes=668
  decl c4ca4ac2 declaration L263 members=2 pub=1 realized=0 deps=0 fe=6 bytes=1096
  decl a2e71bd8 declaration L266 members=1 pub=1 realized=0 deps=2 fe=6 bytes=748
  decl 23a079a3 declaration L270 members=2 pub=1 realized=0 deps=2 fe=6 bytes=840
  decl e8054667 declaration L275 members=3 pub=1 realized=0 deps=0 fe=0 bytes=893
  decl 90ba852a declaration L279 members=2 pub=1 realized=0 deps=0 fe=7 bytes=810
  decl a8e32433 declaration L285 members=1 pub=1 realized=0 deps=1 fe=7 bytes=567
  decl d6552e2e declaration L289 members=1 pub=1 realized=0 deps=2 fe=7 bytes=688
  decl 0818278d declaration L293 members=3 pub=1 realized=0 deps=1 fe=7 bytes=1341
  decl 51c54f3a declaration L300 members=1 pub=1 realized=0 deps=1 fe=7 bytes=603
  decl 8dd70a07 declaration L304 members=1 pub=1 realized=0 deps=2 fe=7 bytes=739
  decl d0817cb0 declaration L308 members=1 pub=1 realized=0 deps=1 fe=7 bytes=703
  decl f8ec6667 declaration L311 members=2 pub=1 realized=0 deps=1 fe=7 bytes=2464
  decl 1661b5f6 declaration L320 members=1 pub=1 realized=0 deps=1 fe=7 bytes=583
  decl f2eb96d5 declaration L324 members=1 pub=1 realized=0 deps=1 fe=7 bytes=579
  decl d1d5987f declaration L328 members=1 pub=1 realized=0 deps=3 fe=7 bytes=1265
  decl 52d93610 declaration L334 members=1 pub=1 realized=0 deps=1 fe=7 bytes=460
  decl e05fb2fa declaration L339 members=3 pub=1 realized=0 deps=3 fe=7 bytes=3101
  decl 3de3dbf8 declaration L349 members=1 pub=1 realized=0 deps=3 fe=5 bytes=749
  decl 9c1533e6 declaration L353 members=1 pub=1 realized=0 deps=3 fe=5 bytes=750
  decl 1535d704 declaration L357 members=1 pub=1 realized=0 deps=2 fe=7 bytes=724
  decl 8402768d declaration L361 members=2 pub=1 realized=0 deps=0 fe=7 bytes=1077
  decl 67f38f59 declaration L370 members=2 pub=1 realized=0 deps=0 fe=7 bytes=1266
  decl c233c3a9 declaration L376 members=1 pub=1 realized=0 deps=1 fe=0 bytes=886
  decl 227bfc6c declaration L382 members=1 pub=1 realized=0 deps=1 fe=7 bytes=2420
  decl 2524d4bd declaration L397 members=1 pub=1 realized=0 deps=0 fe=7 bytes=340
  decl 3e62ead0 declaration L403 members=1 pub=1 realized=0 deps=1 fe=7 bytes=469
  decl 735feab2 declaration L406 members=1 pub=1 realized=0 deps=1 fe=7 bytes=591
  decl 135ebf35 declaration L410 members=1 pub=1 realized=0 deps=2 fe=7 bytes=917
  effect f9fad7a1 alias L414 members=1 pub=1 realized=0 deps=2 fe=0 bytes=445
  decl a43d4a2f declaration L416 members=1 pub=1 realized=0 deps=1 fe=7 bytes=647
  effect ac5fddd8 alias L420 members=1 pub=1 realized=0 deps=2 fe=0 bytes=422
  decl e59af7bc declaration L422 members=1 pub=1 realized=0 deps=1 fe=7 bytes=719
  decl 0b174838 declaration L426 members=2 pub=1 realized=0 deps=1 fe=7 bytes=1889
  effect ae392771 lemma L432 members=1 pub=1 realized=0 deps=0 fe=7 bytes=297
  effect 324e4db3 lemma L434 members=1 pub=1 realized=0 deps=0 fe=7 bytes=296
  decl 6d54eb74 declaration L436 members=1 pub=1 realized=0 deps=0 fe=7 bytes=370
  decl a80a7791 declaration L439 members=1 pub=1 realized=0 deps=1 fe=7 bytes=491
  decl 80bd25c6 declaration L442 members=1 pub=1 realized=0 deps=0 fe=7 bytes=373
  decl 42169fc2 declaration L445 members=1 pub=1 realized=0 deps=1 fe=7 bytes=495
  decl fdc34075 declaration L448 members=1 pub=1 realized=0 deps=0 fe=7 bytes=694
  decl d209e076 declaration L452 members=1 pub=1 realized=0 deps=1 fe=7 bytes=529
  decl 5ee62974 declaration L456 members=1 pub=1 realized=0 deps=0 fe=7 bytes=296
  decl 21a4674d declaration L459 members=1 pub=1 realized=0 deps=0 fe=7 bytes=295
  decl b7d17c0e declaration L462 members=1 pub=1 realized=0 deps=1 fe=7 bytes=427
  decl 31e5682f declaration L465 members=1 pub=1 realized=0 deps=1 fe=7 bytes=424
  decl 1ea8b0b1 declaration L468 members=1 pub=1 realized=0 deps=0 fe=7 bytes=383
  decl 8086309b declaration L472 members=2 pub=1 realized=0 deps=0 fe=7 bytes=949
  decl 5c8a1cff declaration L476 members=1 pub=1 realized=0 deps=1 fe=7 bytes=421
  decl 04ebe37d declaration L480 members=1 pub=1 realized=0 deps=1 fe=7 bytes=419
  decl 7e55f218 declaration L484 members=1 pub=1 realized=0 deps=2 fe=7 bytes=1425
  decl 2edf1582 declaration L490 members=1 pub=1 realized=0 deps=0 fe=7 bytes=454
  decl 403cb059 declaration L496 members=2 pub=1 realized=0 deps=2 fe=0 bytes=2358
  effect e0ab6de9 alias L511 members=1 pub=1 realized=0 deps=3 fe=0 bytes=467
  decl 8f3751ae declaration L513 members=1 pub=1 realized=0 deps=3 fe=9 bytes=578
  decl a64be72d declaration L522 members=1 pub=1 realized=0 deps=0 fe=7 bytes=456
  decl 45ed576d declaration L529 members=1 pub=1 realized=2 deps=1 fe=7 bytes=1246
  decl a3b2ced1 declaration L532 members=1 pub=1 realized=0 deps=2 fe=7 bytes=523
  decl 18a1fb64 declaration L536 members=1 pub=1 realized=0 deps=1 fe=7 bytes=638
  decl 02a25795 declaration L539 members=1 pub=1 realized=0 deps=2 fe=7 bytes=865
  decl 6495b5fc declaration L547 members=1 pub=1 realized=0 deps=2 fe=7 bytes=508
  decl cf6957e7 declaration L550 members=1 pub=1 realized=0 deps=2 fe=7 bytes=614
  decl 98e8a9dc declaration L553 members=1 pub=1 realized=0 deps=3 fe=7 bytes=570
  decl 72298a51 declaration L556 members=1 pub=1 realized=0 deps=2 fe=7 bytes=559
  decl 197e7413 declaration L559 members=1 pub=1 realized=0 deps=2 fe=7 bytes=575
  decl 909ca3b9 declaration L562 members=1 pub=1 realized=0 deps=1 fe=7 bytes=464
  decl bae27db8 declaration L571 members=1 pub=1 realized=0 deps=0 fe=7 bytes=318
  decl 27b6ff5d declaration L576 members=1 pub=1 realized=0 deps=1 fe=7 bytes=423
  effect 50a62b58 lemma L579 members=1 pub=1 realized=0 deps=2 fe=7 bytes=513
  decl 5b11a308 declaration L583 members=1 pub=1 realized=0 deps=2 fe=8 bytes=445
  decl 723f8422 declaration L586 members=1 pub=1 realized=0 deps=2 fe=8 bytes=618
  decl 7e668792 declaration L589 members=1 pub=1 realized=0 deps=2 fe=8 bytes=533
  decl e256f326 declaration L592 members=1 pub=1 realized=0 deps=1 fe=8 bytes=422
  decl 370e83b4 declaration L595 members=2 pub=1 realized=0 deps=3 fe=8 bytes=1880
  decl 1c059f58 declaration L599 members=1 pub=1 realized=0 deps=3 fe=8 bytes=523
  decl 7486babe declaration L602 members=1 pub=1 realized=0 deps=1 fe=8 bytes=525
  decl f64ce8bd declaration L606 members=2 pub=1 realized=0 deps=2 fe=8 bytes=738
  decl 6b7c263a declaration L610 members=1 pub=1 realized=0 deps=2 fe=8 bytes=697
  decl 2601bdf5 declaration L614 members=1 pub=1 realized=0 deps=1 fe=8 bytes=441
  decl 8e0ea9e5 declaration L619 members=2 pub=1 realized=0 deps=1 fe=8 bytes=1573
  decl 6cff9e4d declaration L625 members=1 pub=1 realized=0 deps=2 fe=8 bytes=706
  decl a7e6df65 declaration L629 members=1 pub=1 realized=0 deps=4 fe=8 bytes=761
  decl 3a10abf5 declaration L642 members=1 pub=1 realized=2 deps=0 fe=8 bytes=428
  decl 17507fa8 declaration L647 members=1 pub=1 realized=0 deps=1 fe=8 bytes=548
  decl 023c00d8 declaration L651 members=1 pub=1 realized=0 deps=1 fe=9 bytes=585
  effect c85a0ed5 lemma L655 members=1 pub=1 realized=0 deps=1 fe=10 bytes=858
  decl 50295e9d declaration L667 members=1 pub=1 realized=0 deps=3 fe=9 bytes=1597
  decl 5466b06a declaration L672 members=1 pub=1 realized=0 deps=2 fe=10 bytes=750
  decl 9f4f0b5a declaration L677 members=1 pub=1 realized=0 deps=3 fe=9 bytes=691
  decl 335b12b1 declaration L682 members=1 pub=1 realized=0 deps=2 fe=10 bytes=869
  effect a75b7aec lemma L686 members=1 pub=1 realized=0 deps=3 fe=9 bytes=1757
  decl 4cfe51fe declaration L691 members=2 pub=1 realized=0 deps=2 fe=11 bytes=1836
  decl 1d50b454 declaration L696 members=1 pub=1 realized=0 deps=2 fe=11 bytes=750
  decl a7ff1fdf declaration L700 members=1 pub=1 realized=0 deps=2 fe=11 bytes=747
  effect 50099838 lemma L704 members=3 pub=1 realized=0 deps=2 fe=12 bytes=1571
  effect fc76cb22 lemma L706 members=2 pub=1 realized=0 deps=2 fe=12 bytes=919
  effect 970a1fc9 lemma L708 members=1 pub=1 realized=0 deps=2 fe=13 bytes=577
  effect e91323e9 lemma L710 members=1 pub=1 realized=0 deps=2 fe=14 bytes=577
  decl 31c40f99 declaration L712 members=1 pub=1 realized=0 deps=2 fe=16 bytes=643
  decl fc1c2e63 declaration L716 members=1 pub=1 realized=0 deps=2 fe=16 bytes=667
  decl a8546d9c declaration L722 members=1 pub=1 realized=0 deps=2 fe=17 bytes=640
  decl 40ce082a declaration L727 members=1 pub=1 realized=0 deps=4 fe=15 bytes=1165
  decl 507ff06a declaration L731 members=1 pub=1 realized=0 deps=2 fe=17 bytes=760
  decl 90cbf715 declaration L737 members=1 pub=1 realized=0 deps=2 fe=17 bytes=688
  effect 55aaaeb0 lemma L743 members=4 pub=1 realized=0 deps=1 fe=17 bytes=7980
  effect 54cd1c4d lemma L761 members=2 pub=1 realized=0 deps=2 fe=17 bytes=1914
  decl 25794400 declaration L769 members=2 pub=1 realized=0 deps=2 fe=18 bytes=4060
  decl 0cc37550 declaration L774 members=2 pub=1 realized=0 deps=2 fe=18 bytes=5778
  decl c927d781 declaration L779 members=2 pub=1 realized=0 deps=2 fe=18 bytes=10111
  decl 6de850da declaration L783 members=1 pub=1 realized=0 deps=2 fe=19 bytes=649
  decl adc75329 declaration L787 members=2 pub=1 realized=0 deps=2 fe=18 bytes=5669
  decl bd6a7cfd declaration L791 members=2 pub=1 realized=0 deps=2 fe=18 bytes=3172
  decl b6744f74 declaration L796 members=1 pub=1 realized=0 deps=3 fe=18 bytes=1940
  decl ed8ab445 declaration L804 members=2 pub=1 realized=0 deps=4 fe=19 bytes=2129
  decl b7f7d6fb declaration L822 members=1 pub=1 realized=0 deps=0 fe=17 bytes=471
  decl ec76cd45 declaration L838 members=1 pub=1 realized=0 deps=0 fe=17 bytes=316
  decl 55e04d58 declaration L842 members=1 pub=1 realized=0 deps=1 fe=17 bytes=1378
  effect 9fb60307 lemma L847 members=1 pub=1 realized=0 deps=1 fe=17 bytes=476
  effect d61389f1 lemma L850 members=2 pub=1 realized=0 deps=3 fe=18 bytes=1678
  decl ab834025 declaration L856 members=1 pub=1 realized=0 deps=3 fe=17 bytes=630
  decl 3919b358 declaration L861 members=1 pub=1 realized=0 deps=2 fe=19 bytes=1020
  decl ac952971 declaration L867 members=1 pub=1 realized=0 deps=2 fe=19 bytes=504
  decl ca12ec9e declaration L872 members=1 pub=1 realized=0 deps=3 fe=19 bytes=3995
  effect 1b0b4842 lemma L888 members=1 pub=1 realized=0 deps=3 fe=21 bytes=1968
  effect b0249289 lemma L893 members=1 pub=1 realized=0 deps=1 fe=22 bytes=720
  decl 18dd8167 declaration L897 members=1 pub=1 realized=0 deps=2 fe=22 bytes=1077
  effect e675a6ab lemma L904 members=1 pub=1 realized=0 deps=3 fe=23 bytes=679
  effect 3a76d40c lemma L908 members=1 pub=1 realized=0 deps=1 fe=24 bytes=524
  decl 1bd772a8 declaration L912 members=1 pub=1 realized=0 deps=2 fe=24 bytes=602
  decl 8e232d34 declaration L916 members=2 pub=1 realized=0 deps=6 fe=28 bytes=5014
  decl cac33b62 declaration L925 members=1 pub=1 realized=0 deps=2 fe=25 bytes=680
  decl 314c4c8d declaration L929 members=1 pub=1 realized=0 deps=1 fe=22 bytes=534
  decl 34c88238 declaration L933 members=3 pub=1 realized=0 deps=2 fe=22 bytes=5277
  decl c25aa2d4 declaration L946 members=1 pub=1 realized=1 deps=5 fe=22 bytes=1543
  decl ad0c4f97 declaration L955 members=1 pub=1 realized=0 deps=1 fe=26 bytes=345
  decl fcae3909 declaration L957 members=1 pub=1 realized=0 deps=1 fe=26 bytes=570
  decl 72ebd9ff declaration L961 members=1 pub=1 realized=0 deps=1 fe=26 bytes=575
  decl e3ac13d1 declaration L969 members=1 pub=1 realized=0 deps=0 fe=22 bytes=395
  decl 52cf0e73 declaration L972 members=1 pub=1 realized=0 deps=0 fe=22 bytes=424
  decl 547498f1 declaration L975 members=1 pub=1 realized=0 deps=0 fe=22 bytes=422
  decl 6b792649 declaration L978 members=1 pub=1 realized=0 deps=0 fe=22 bytes=438
  decl d0dd8173 declaration L981 members=1 pub=1 realized=0 deps=0 fe=22 bytes=445
  decl d15d6d79 declaration L984 members=2 pub=1 realized=0 deps=3 fe=25 bytes=5408
  decl 3d98d390 declaration L992 members=1 pub=1 realized=0 deps=3 fe=27 bytes=1077
  decl 65f4fd87 declaration L1005 members=11 pub=4 realized=0 deps=0 fe=22 bytes=2968
  effect fa2d613b mixfix L1014 members=3 pub=1 realized=0 deps=0 fe=23 bytes=2920
  decl 72e6051f declaration L1016 members=1 pub=1 realized=0 deps=1 fe=22 bytes=373
  decl dd7ce469 declaration L1019 members=1 pub=1 realized=0 deps=1 fe=23 bytes=648
  decl 2675da87 declaration L1024 members=1 pub=1 realized=0 deps=0 fe=22 bytes=205
  decl 511d0ecc declaration L1028 members=1 pub=1 realized=0 deps=1 fe=22 bytes=220
  decl ec8fe9d6 declaration L1037 members=1 pub=1 realized=0 deps=1 fe=22 bytes=376
  decl 4d5662b5 declaration L1041 members=1 pub=1 realized=0 deps=1 fe=23 bytes=300
  decl ab0d2ea9 declaration L1043 members=1 pub=1 realized=0 deps=2 fe=23 bytes=1022
  decl e47b406f declaration L1047 members=1 pub=1 realized=0 deps=1 fe=23 bytes=302
  decl f38adfe3 declaration L1049 members=1 pub=1 realized=0 deps=2 fe=23 bytes=422
  decl a62a4542 declaration L1051 members=1 pub=1 realized=0 deps=1 fe=23 bytes=377
  decl 07dca47f declaration L1053 members=1 pub=1 realized=0 deps=3 fe=23 bytes=543
  decl 5c510166 declaration L1055 members=1 pub=1 realized=0 deps=1 fe=23 bytes=832
  decl 143cbfe1 declaration L1059 members=1 pub=1 realized=0 deps=2 fe=23 bytes=481
  effect d95653d3 lemma L1065 members=1 pub=1 realized=0 deps=1 fe=23 bytes=277
  effect 8062180d lemma L1066 members=1 pub=1 realized=0 deps=2 fe=23 bytes=307
  effect bdbf334e lemma L1067 members=1 pub=1 realized=0 deps=2 fe=24 bytes=309
  effect 0e5c2ff5 lemma L1068 members=1 pub=1 realized=0 deps=2 fe=25 bytes=307
  effect 516ddde4 lemma L1070 members=3 pub=1 realized=1 deps=1 fe=24 bytes=893
  effect 3daf8c2e alias L1074 members=1 pub=1 realized=0 deps=2 fe=1 bytes=402
  decl 038d52ca declaration L1076 members=1 pub=1 realized=0 deps=0 fe=24 bytes=366
  decl 6cf07560 declaration L1086 members=1 pub=1 realized=0 deps=1 fe=24 bytes=522
  decl 72b82835 declaration L1090 members=1 pub=1 realized=0 deps=1 fe=24 bytes=502
  decl 22dadb01 declaration L1094 members=3 pub=1 realized=0 deps=1 fe=24 bytes=2197
  decl 26f458e1 declaration L1098 members=1 pub=1 realized=0 deps=3 fe=24 bytes=734
  decl 99b70715 declaration L1103 members=1 pub=1 realized=0 deps=3 fe=24 bytes=785
  decl 61ebd2de declaration L1109 members=2 pub=1 realized=0 deps=1 fe=24 bytes=1119
  decl dc902368 declaration L1116 members=1 pub=1 realized=0 deps=0 fe=24 bytes=367
  decl 4a3306a9 declaration L1123 members=1 pub=1 realized=0 deps=1 fe=24 bytes=509
  decl 3d48663e declaration L1126 members=1 pub=1 realized=0 deps=2 fe=24 bytes=572
  effect 0e21d696 lemma L1136 members=1 pub=1 realized=0 deps=0 fe=24 bytes=1824
  effect 2a68d4c3 lemma L1147 members=2 pub=1 realized=0 deps=2 fe=24 bytes=1244
  effect 9d35b0f7 lemma L1154 members=2 pub=1 realized=0 deps=3 fe=25 bytes=2323
  effect 88bd2ac3 alias L1163 members=1 pub=1 realized=0 deps=2 fe=2 bytes=558
  effect 1eb9f622 lemma L1166 members=2 pub=1 realized=0 deps=3 fe=26 bytes=1407
  effect d958057d alias L1173 members=1 pub=1 realized=0 deps=2 fe=3 bytes=530
  decl a62e1a34 declaration L1176 members=1 pub=1 realized=0 deps=0 fe=24 bytes=431
  effect 462e600d moduleDoc L1182 members=0 pub=0 realized=0 deps=0 fe=0 bytes=74
  decl 191dca1e declaration L1184 members=2 pub=1 realized=0 deps=0 fe=0 bytes=1420
  decl b827bcd8 declaration L1188 members=1 pub=1 realized=0 deps=0 fe=24 bytes=950
  decl 396a66ee declaration L1194 members=1 pub=1 realized=0 deps=0 fe=24 bytes=960
  decl f5672929 declaration L1198 members=1 pub=1 realized=0 deps=0 fe=24 bytes=951
  effect 6183eb45 moduleDoc L1202 members=0 pub=0 realized=0 deps=0 fe=0 bytes=74
  decl 68b34ecd declaration L1205 members=2 pub=1 realized=0 deps=2 fe=24 bytes=758
  decl 732d9dfc declaration L1210 members=2 pub=1 realized=0 deps=2 fe=25 bytes=622
  decl d644f4d4 declaration L1214 members=1 pub=1 realized=0 deps=0 fe=26 bytes=831
  decl 05a42acd declaration L1220 members=1 pub=1 realized=0 deps=1 fe=26 bytes=580
  decl 1b38b2f2 declaration L1226 members=3 pub=1 realized=0 deps=0 fe=27 bytes=1899
  decl b13970fd declaration L1231 members=1 pub=1 realized=0 deps=0 fe=26 bytes=412
  decl e470114e declaration L1236 members=1 pub=1 realized=0 deps=1 fe=26 bytes=1087
  decl 3a605af1 declaration L1242 members=1 pub=1 realized=0 deps=0 fe=26 bytes=463
  decl fec4b9d4 declaration L1246 members=1 pub=1 realized=0 deps=0 fe=26 bytes=397
  decl ae28b6fb declaration L1250 members=1 pub=1 realized=0 deps=0 fe=26 bytes=375
  decl ee774257 declaration L1258 members=1 pub=1 realized=0 deps=0 fe=26 bytes=288
  decl 91479b32 declaration L1260 members=1 pub=1 realized=0 deps=0 fe=27 bytes=282
  decl 7072962b declaration L1262 members=1 pub=1 realized=0 deps=0 fe=28 bytes=520
  => 265 groups, 48 skipped, 0 diagnostics (0 reject)
capture-time 2.24 s maxrss 687668 KB
source replay: 265/265 groups reproduce their declaration ID (5245 ms)
kernel replay: 265/265 groups accepted; 343 declarations added, 2 reserved names re-realized (102 ms)
isolated replay (exact deps only): 265/265
replay-time 120.34 s maxrss 695272 KB
export: 1 modules, 265 groups, 132059 bytes of source
  Mathlib.ParaleanExport.Logic.Function.Basic: 265 groups; imports #[Mathlib.Basic.ExistsUnique, Mathlib.Basic.Logic.Basic, Mathlib.Basic.Nonempty, Mathlib.Basic.Nontrivial.Defs, Mathlib.Logic.Function.Defs, Batteries.Tactic.Init, Mathlib.Order.Defs.Unbundled]
stock lake build: OK (8929 ms)
verify: 262/262 declaration groups identical in the stock-built oleans; 3 effect-only groups (build-checked)
export-time 12.45 s maxrss 1302840 KB
STATS {"aboveP95Bound":[],"capsuleBytes":{"max":1300,"median":462,"p95":753,"sum":131216},"commandBytes":{"max":974,"median":172,"sum":52801},"diagnostics":[],"encodingBytes":{"max":10111,"median":579,"sum":253258},"groups":265,"ratio":{"p50":2.752,"p95":4.779412},"rejected":0,"skipped":48}
