1791330388 1 91
1791330389 1 82
1791330390 1 65
1791330392 1 81
1791330393 1 69
1791330394 1 71
1791330395 1 106
1791330396 1 88
1791330397 1 74
1791330398 1 75
1791330399 1 99
1791330400 1 75
1791330401 1 86
1791330402 1 81
1791330408 1 4348
1791330409 1 95
1791330410 1 72
1791330411 1 70
1791330412 1 109
1791330413 1 89
1791330419 0 5049
1791330425 0 5040
1791330429 0 2938
1791330430 1 80
1791330437 0 5046
1791330443 0 5049
1791330445 1 987
1791330451 0 5058
1791330457 0 5036
1791330463 0 5036
1791330469 0 5044
1791330475 0 5033
1791330481 0 5046
1791330487 0 5041
1791330489 1 1010
1791330495 0 5037
1791330496 1 53
1791330500 1 3006
1791330501 1 54
1791330504 1 1997
1791330510 0 5037
1791330516 0 5045
1791330522 0 5050
1791330528 0 5062
1791330534 0 5041
1791330540 0 5049
1791330542 1 72
1791330543 1 75
1791330544 1 74
1791330545 1 71
1791330546 1 52
1791330547 1 69
1791330548 1 60
1791330549 1 91
1791330550 1 48
1791330551 1 62
1791330552 1 56
1791330553 1 62
1791330554 1 68
1791330555 1 64
1791330557 1 87
1791330558 1 70
1791330559 1 73
1791330560 1 59
1791330561 1 59
1791330562 1 64
1791330563 1 55
1791330564 1 89
1791330565 1 66
1791330566 1 75
1791330567 1 61
1791330568 1 75
1791330569 1 71
1791330571 1 81
1791330572 1 73
1791330573 1 76
1791330574 1 56
1791330575 1 80
1791330576 1 54
1791330577 1 63
1791330578 1 61
1791330579 1 62
1791330580 1 67
1791330581 1 63
1791330582 1 61
1791330583 1 68
1791330584 1 60
1791330586 1 95
1791330587 1 50
1791330588 1 62
1791330589 1 73
1791330590 1 75
1791330591 1 57
1791330592 1 54
1791330593 1 87
1791330594 1 52
1791330595 1 57
1791330596 1 65
1791330597 1 59
1791330598 1 74
1791330599 1 67
1791330601 1 69
1791330602 1 61
1791330603 1 68
1791330604 1 60
1791330605 1 69
1791330606 1 66
1791330607 1 62
1791330608 1 91
1791330609 1 55
1791330610 1 43
1791330611 1 67
1791330612 1 73
1791330613 1 61
1791330614 1 62
1791330616 1 119
1791330617 1 73
1791330618 1 59
1791330619 1 63
1791330620 1 63
1791330621 1 82
1791330622 1 80
1791330623 1 59
1791330624 1 66
1791330625 1 71
1791330626 1 88
1791330627 1 60
1791330629 1 57
1791330630 1 68
1791330631 1 61
1791330632 1 72
1791330633 1 64
1791330634 1 69
1791330635 1 51
1791330636 1 61
1791330638 1 602
1791330639 1 46
1791330640 1 60
1791330641 1 82
1791330642 1 62
1791330643 1 73
1791330644 1 48
1791330645 1 65
1791330646 1 65
1791330647 1 75
1791330648 1 54
1791330649 1 62
1791330650 1 75
1791330652 1 63
1791330653 1 82
1791330654 1 71
1791330655 1 61
1791330656 1 83
1791330657 1 58
1791330658 1 66
1791330659 1 74
1791330660 1 88
1791330661 1 77
1791330662 1 57
1791330663 1 68
1791330664 1 75
1791330666 1 61
1791330667 1 67
1791330668 1 66
1791330669 1 64
1791330671 1 810
1791330672 1 75
1791330673 1 64
1791330674 1 66
1791330675 1 67
1791330676 1 80
1791330677 1 64
1791330678 1 90
1791330679 1 68
1791330680 1 84
1791330681 1 71
1791330682 1 57
1791330684 1 83
1791330685 1 85
1791330686 1 60
1791330687 1 61
1791330688 1 81
1791330689 1 65
1791330690 1 63
1791330691 1 70
1791330692 1 66
1791330693 1 60
1791330694 1 56
1791330695 1 67
1791330696 1 75
1791330697 1 82
1791330699 1 80
1791330700 1 58
1791330701 1 69
1791330702 1 58
1791330703 1 56
1791330704 1 73
1791330705 1 61
1791330706 1 88
1791330707 1 75
1791330708 1 61
1791330709 1 65
1791330710 1 63
1791330711 1 76
1791330712 1 52
1791330714 1 101
1791330715 1 63
1791330716 1 60
1791330717 1 67
1791330718 1 64
1791330719 1 71
1791330720 1 92
1791330721 1 78
1791330722 1 69
1791330723 1 70
1791330724 1 74
1791330725 1 67
1791330727 1 78
1791330728 1 64
1791330729 1 65
1791330730 1 70
1791330731 1 71
1791330732 1 67
1791330733 1 65
1791330734 1 90
1791330735 1 49
1791330736 1 60
1791330737 1 69
1791330738 1 71
1791330739 1 69
1791330740 1 55
1791330742 1 79
1791330743 1 54
1791330744 1 77
1791330745 1 64
1791330746 1 64
1791330747 1 67
1791330748 1 68
1791330749 1 88
1791330750 1 62
1791330751 1 71
1791330752 1 59
1791330753 1 80
1791330754 1 60
1791330756 1 75
1791330757 1 79
1791330758 1 53
1791330759 1 58
1791330760 1 56
1791330761 1 54
1791330762 1 54
1791330763 1 86
1791330764 1 73
1791330765 1 55
1791330766 1 56
1791330767 1 65
1791330768 1 70
1791330769 1 56
1791330771 1 61
1791330772 1 55
1791330773 1 47
1791330774 1 53
1791330775 1 59
1791330776 1 62
1791330777 1 58
1791330778 1 51
1791330779 1 64
1791330780 1 62
1791330781 1 57
1791330782 1 47
1791330783 1 50
1791330784 1 65
1791330785 1 61
1791330786 1 62
1791330788 1 54
1791330789 1 71
1791330790 1 57
1791330791 1 50
1791330792 1 56
1791330793 1 48
1791330794 1 66
1791330795 1 64
1791330796 1 62
1791330797 1 72
1791330798 1 71
1791330799 1 99
1791330800 1 61
1791330801 1 61
1791330803 1 63
1791330804 1 72
1791330805 1 72
1791330806 1 68
1791330807 1 67
1791330808 1 78
1791330809 1 72
1791330810 1 105
1791330811 1 60
1791330812 1 70
1791330813 1 78
1791330814 1 57
1791330815 1 68
1791330817 1 63
1791330818 1 83
1791330819 1 62
1791330820 1 56
1791330821 1 66
1791330822 1 57
1791330823 1 67
1791330824 1 60
1791330825 1 64
1791330826 1 105
1791330827 1 54
1791330828 1 60
1791330829 1 44
1791330830 1 61
1791330832 1 67
1791330833 1 63
1791330834 1 65
1791330835 1 60
1791330836 1 64
1791330837 1 57
1791330838 1 65
1791330839 1 51
1791330840 1 47
1791330841 1 55
1791330842 1 60
1791330843 1 47
1791330844 1 59
1791330845 1 61
1791330846 1 47
1791330847 1 61
1791330849 1 54
1791330850 1 51
1791330851 1 57
1791330852 1 67
1791330853 1 54
1791330854 1 61
1791330855 1 60
1791330856 1 61
1791330857 1 48
1791330858 1 61
1791330859 1 66
1791330860 1 55
1791330861 1 56
1791330862 1 63
1791330863 1 65
1791330865 1 74
1791330866 1 54
1791330867 1 54
1791330868 1 64
1791330869 1 64
1791330870 1 64
1791330871 1 47
1791330872 1 59
1791330873 1 46
1791330874 1 66
1791330875 1 54
1791330876 1 59
1791330877 1 56
1791330878 1 62
1791330879 1 64
1791330880 1 56
1791330882 1 46
1791330883 1 44
1791330884 1 45
1791330885 1 57
1791330886 1 48
1791330887 1 51
1791330888 1 63
1791330889 1 57
1791330890 1 54
1791330891 1 56
1791330892 1 61
1791330893 1 58
1791330894 1 49
1791330895 1 56
1791330896 1 57
1791330897 1 57
1791330899 1 55
1791330900 1 52
1791330901 1 68
1791330902 1 47
1791330903 1 56
1791330904 1 59
1791330905 1 59
1791330906 1 56
1791330907 1 57
1791330908 1 63
1791330909 1 65
1791330910 1 72
1791330911 1 61
1791330912 1 61
1791330913 1 52
1791330914 1 51
1791330916 1 53
1791330917 1 51
1791330918 1 48
1791330919 1 65
1791330920 1 61
1791330921 1 51
1791330922 1 51
1791330923 1 72
1791330924 1 57
1791330925 1 56
1791330926 1 51
1791330927 1 58
1791330928 1 60
1791330929 1 65
1791330930 1 50
1791330931 1 54
1791330933 1 50
1791330934 1 53
1791330935 1 50
1791330936 1 59
1791330937 1 44
1791330938 1 71
1791330939 1 46
1791330940 1 53
1791330941 1 52
1791330942 1 54
1791330943 1 52
1791330944 1 73
1791330945 1 55
1791330946 1 60
1791330947 1 48
1791330948 1 49
1791330950 1 64
1791330951 1 47
1791330952 1 59
1791330953 1 55
1791330954 1 55
1791330955 1 54
1791330956 1 53
1791330957 1 50
1791330958 1 58
1791330959 1 60
1791330960 1 50
1791330961 1 51
1791330962 1 59
1791330963 1 59
1791330964 1 57
1791330965 1 61
1791330967 1 58
1791330968 1 54
1791330969 1 45
1791330970 1 67
1791330971 1 55
1791330972 1 52
1791330973 1 47
1791330974 1 55
1791330975 1 45
1791330976 1 63
1791330977 1 62
1791330978 1 54
1791330979 1 49
1791330980 1 43
1791330981 1 51
1791330982 1 64
1791330983 1 51
1791330985 1 81
1791330986 1 49
1791330987 1 65
1791330988 1 59
1791330989 1 49
1791330990 1 56
1791330991 1 65
1791330992 1 64
1791330993 1 70
1791330994 1 61
1791330995 1 65
1791330996 1 86
1791330997 1 63
1791330998 1 64
1791331000 1 65
1791331001 1 60
1791331002 1 55
1791331003 1 57
1791331004 1 81
1791331005 1 62
1791331006 1 68
1791331007 1 75
1791331008 1 62
1791331009 1 73
1791331010 1 69
1791331011 1 61
1791331012 1 68
1791331014 1 65
1791331015 1 68
1791331016 1 68
1791331017 1 72
1791331018 1 72
1791331019 1 76
1791331020 1 48
1791331021 1 54
1791331022 1 53
1791331023 1 72
1791331024 1 61
1791331025 1 67
1791331026 1 55
1791331027 1 54
1791331029 1 50
1791331030 1 82
1791331031 1 63
1791331032 1 53
1791331033 1 54
1791331034 1 67
1791331035 1 55
1791331036 1 63
1791331037 1 95
1791331038 1 64
1791331039 1 60
1791331040 1 84
1791331041 1 48
1791331043 1 56
1791331044 1 61
1791331045 1 58
1791331046 1 55
1791331047 1 46
1791331048 1 57
1791331049 1 45
1791331050 1 61
1791331051 1 69
1791331052 1 70
1791331053 1 59
1791331054 1 53
1791331055 1 54
1791331056 1 43
1791331057 1 54
1791331058 1 50
1791331059 1 49
1791331061 1 49
1791331062 1 46
1791331063 1 60
1791331064 1 48
1791331065 1 67
1791331066 1 52
1791331067 1 40
1791331068 1 44
1791331069 1 50
1791331070 1 57
1791331071 1 49
1791331072 1 61
1791331073 1 46
1791331074 1 58
1791331075 1 60
1791331076 1 46
1791331077 1 62
1791331079 1 58
1791331080 1 51
1791331081 1 66
1791331082 1 62
1791331083 1 48
1791331084 1 42
1791331085 1 52
1791331086 1 48
1791331087 1 51
1791331088 1 49
1791331089 1 55
1791331090 1 41
1791331091 1 52
1791331092 1 43
1791331093 1 58
1791331094 1 43
1791331095 1 46
1791331097 1 56
1791331098 1 61
1791331099 1 50
1791331100 1 61
1791331101 1 40
1791331102 1 45
1791331103 1 52
1791331104 1 56
1791331105 1 54
1791331106 1 41
1791331107 1 59
1791331108 1 53
1791331109 1 53
1791331110 1 42
1791331111 1 60
1791331112 1 46
1791331113 1 54
1791331115 1 56
