1791328089 1 54
1791328090 1 61
1791328091 1 50
1791328092 1 69
1791328093 1 61
1791328094 1 68
1791328095 1 45
1791328096 1 59
1791328097 1 58
1791328098 1 63
1791328099 1 95
1791328100 1 69
1791328101 1 70
1791328102 1 65
1791328104 1 61
1791328105 1 60
1791328106 1 64
1791328107 1 59
1791328108 1 72
1791328109 1 106
1791328115 0 5026
1791328121 0 5047
1791328125 1 2916
1791328131 0 5043
1791328137 0 5036
1791328143 0 5043
1791328146 1 1985
1791328147 1 71
1791328153 0 5049
1791328159 0 5038
1791328162 0 2080
1791328168 0 5042
1791328174 0 5039
1791328180 0 5050
1791328187 0 5050
1791328193 0 5046
1791328199 0 5053
1791328205 0 5035
1791328207 1 1028
1791328213 0 5060
1791328219 0 5039
1791328222 1 2570
1791328229 0 5067
1791328235 0 5035
1791328241 0 5048
1791328247 0 5050
1791328253 0 5052
1791328257 1 3003
1791328258 1 46
1791328259 1 65
1791328260 1 62
1791328261 1 53
1791328262 1 55
1791328263 1 50
1791328264 1 62
1791328265 1 54
1791328266 1 59
1791328267 1 59
1791328268 1 54
1791328269 1 58
1791328271 1 62
1791328272 1 62
1791328273 1 58
1791328274 1 93
1791328275 1 63
1791328276 1 64
1791328277 1 44
1791328278 1 52
1791328279 1 64
1791328280 1 74
1791328281 1 59
1791328282 1 62
1791328283 1 66
1791328284 1 67
1791328286 1 67
1791328287 1 61
1791328288 1 71
1791328289 1 79
1791328290 1 71
1791328291 1 68
1791328292 1 44
1791328293 1 62
1791328294 1 49
1791328295 1 64
1791328296 1 75
1791328297 1 63
1791328298 1 63
1791328299 1 50
1791328301 1 57
1791328302 1 55
1791328303 1 55
1791328304 1 77
1791328305 1 58
1791328306 1 67
1791328307 1 59
1791328308 1 65
1791328309 1 62
1791328310 1 65
1791328311 1 68
1791328312 1 74
1791328313 1 62
1791328314 1 65
1791328315 1 67
1791328317 1 70
1791328318 1 56
1791328319 1 91
1791328320 1 67
1791328321 1 70
1791328322 1 74
1791328323 1 63
1791328324 1 61
1791328325 1 57
1791328326 1 92
1791328327 1 54
1791328328 1 60
1791328329 1 62
1791328331 1 57
1791328332 1 61
1791328333 1 77
1791328334 1 70
1791328335 1 63
1791328336 1 49
1791328337 1 63
1791328338 1 56
1791328339 1 55
1791328340 1 64
1791328341 1 74
1791328342 1 64
1791328343 1 73
1791328344 1 54
1791328345 1 71
1791328347 1 72
1791328348 1 81
1791328349 1 94
1791328350 1 55
1791328351 1 67
1791328352 1 61
1791328353 1 59
1791328354 1 53
1791328355 1 54
1791328356 1 53
1791328357 1 59
1791328358 1 65
1791328359 1 56
1791328360 1 76
1791328362 1 80
1791328363 1 65
1791328364 1 74
1791328365 1 58
1791328366 1 69
1791328367 1 71
1791328368 1 61
1791328369 1 68
1791328370 1 63
1791328371 1 96
1791328372 1 68
1791328373 1 78
1791328374 1 66
1791328376 1 61
1791328377 1 63
1791328378 1 66
1791328379 1 75
1791328380 1 62
1791328381 1 68
1791328382 1 71
1791328383 1 53
1791328386 1 1521
1791328387 1 81
1791328388 1 83
1791328389 1 58
1791328390 1 81
1791328391 1 60
1791328392 1 71
1791328393 1 79
1791328394 1 66
1791328395 1 77
1791328396 1 55
1791328397 1 61
1791328398 1 54
1791328400 1 65
1791328401 1 86
1791328402 1 61
1791328403 1 85
1791328404 1 68
1791328405 1 60
1791328406 1 59
1791328407 1 94
1791328408 1 58
1791328409 1 64
1791328410 1 62
1791328411 1 58
1791328412 1 64
1791328414 1 69
1791328415 1 68
1791328416 1 70
1791328417 1 65
1791328418 1 75
1791328419 1 69
1791328420 1 63
1791328421 1 66
1791328422 1 109
1791328423 1 66
1791328424 1 62
1791328425 1 66
1791328426 1 55
1791328428 1 73
1791328429 1 82
1791328430 1 72
1791328431 1 68
1791328432 1 57
1791328433 1 54
1791328434 1 62
1791328435 1 71
1791328436 1 99
1791328437 1 63
1791328438 1 60
1791328439 1 53
1791328440 1 61
1791328441 1 63
1791328443 1 66
1791328444 1 96
1791328445 1 58
1791328446 1 66
1791328447 1 62
1791328448 1 65
1791328449 1 56
1791328450 1 59
1791328451 1 114
1791328452 1 66
1791328453 1 68
1791328454 1 59
1791328455 1 67
1791328456 1 66
1791328458 1 58
1791328459 1 74
1791328460 1 59
1791328461 1 69
1791328462 1 61
1791328463 1 57
1791328464 1 55
1791328465 1 73
1791328466 1 94
1791328467 1 81
1791328468 1 60
1791328469 1 59
1791328470 1 48
1791328471 1 61
1791328473 1 68
1791328474 1 126
1791328475 1 61
1791328476 1 66
1791328477 1 52
1791328478 1 48
1791328479 1 55
1791328480 1 60
1791328481 1 54
1791328482 1 51
1791328483 1 62
1791328484 1 59
1791328485 1 64
1791328486 1 53
1791328488 1 62
1791328489 1 58
1791328490 1 62
1791328491 1 51
1791328492 1 49
1791328493 1 85
1791328494 1 59
1791328495 1 53
1791328496 1 54
1791328497 1 55
1791328498 1 81
1791328499 1 51
1791328500 1 58
1791328501 1 68
1791328502 1 60
1791328504 1 69
1791328505 1 64
1791328506 1 103
1791328507 1 62
1791328508 1 60
1791328509 1 60
1791328510 1 67
1791328511 1 64
1791328512 1 71
1791328513 1 63
1791328514 1 67
1791328515 1 71
1791328516 1 73
1791328518 1 57
1791328519 1 61
1791328520 1 58
1791328521 1 63
1791328522 1 47
1791328523 1 54
1791328524 1 73
1791328525 1 53
1791328526 1 59
1791328527 1 62
1791328528 1 84
1791328529 1 56
1791328530 1 53
1791328531 1 64
1791328532 1 55
1791328534 1 61
1791328535 1 48
1791328536 1 52
1791328537 1 67
1791328538 1 56
1791328539 1 63
1791328540 1 55
1791328541 1 56
1791328542 1 52
1791328543 1 48
1791328544 1 53
1791328545 1 54
1791328546 1 52
1791328547 1 70
1791328548 1 53
1791328549 1 49
1791328550 1 57
1791328552 1 49
1791328553 1 47
1791328554 1 70
1791328555 1 53
1791328556 1 68
1791328557 1 66
1791328558 1 79
1791328559 1 62
1791328560 1 61
1791328561 1 60
1791328562 1 64
1791328563 1 76
1791328564 1 82
1791328566 1 78
1791328567 1 63
1791328568 1 64
1791328569 1 76
1791328570 1 68
1791328571 1 63
1791328572 1 80
1791328573 1 57
1791328574 1 71
1791328575 1 76
1791328576 1 84
1791328577 1 51
1791328578 1 67
1791328580 1 75
1791328581 1 76
1791328582 1 73
1791328583 1 88
1791328584 1 57
1791328585 1 75
1791328586 1 65
1791328587 1 67
1791328588 1 72
1791328589 1 66
1791328590 1 74
1791328591 1 69
1791328593 1 60
1791328594 1 66
1791328595 1 61
1791328596 1 78
1791328597 1 67
1791328598 1 83
1791328599 1 60
1791328600 1 66
1791328601 1 64
1791328602 1 76
1791328603 1 68
1791328604 1 65
1791328606 1 103
1791328607 1 69
1791328608 1 67
1791328609 1 71
1791328610 1 71
1791328611 1 49
1791328612 1 69
1791328613 1 64
1791328614 1 80
1791328615 1 61
1791328616 1 66
1791328617 1 79
1791328618 1 67
1791328620 1 60
1791328621 1 62
1791328622 1 68
1791328623 1 73
1791328624 1 71
1791328625 1 66
1791328626 1 75
1791328627 1 64
1791328628 1 78
1791328629 1 68
1791328630 1 79
1791328631 1 85
1791328633 1 66
1791328634 1 60
1791328635 1 79
1791328636 1 66
1791328637 1 70
1791328638 1 80
1791328639 1 68
1791328640 1 67
1791328641 1 66
1791328642 1 67
1791328643 1 66
1791328644 1 74
1791328645 1 83
1791328647 1 80
1791328648 1 66
1791328649 1 86
1791328650 1 68
1791328651 1 78
1791328652 1 81
1791328653 1 54
1791328654 1 70
1791328655 1 55
1791328656 1 53
1791328657 1 66
1791328658 1 56
1791328659 1 48
1791328661 1 55
1791328662 1 102
1791328663 1 51
1791328664 1 42
1791328665 1 50
1791328666 1 60
1791328667 1 50
1791328668 1 70
1791328669 1 43
1791328670 1 46
1791328671 1 51
1791328672 1 52
1791328673 1 75
1791328674 1 59
1791328675 1 50
1791328676 1 57
1791328678 1 70
1791328679 1 51
1791328680 1 61
1791328681 1 74
1791328682 1 77
1791328683 1 60
1791328684 1 70
1791328685 1 85
1791328686 1 64
1791328687 1 70
1791328688 1 59
1791328689 1 48
1791328690 1 49
1791328691 1 49
1791328693 1 48
1791328694 1 47
1791328695 1 50
1791328696 1 48
1791328697 1 57
1791328698 1 41
1791328699 1 72
1791328700 1 53
1791328701 1 51
1791328702 1 46
1791328703 1 54
1791328704 1 66
1791328705 1 55
1791328706 1 65
1791328707 1 51
1791328708 1 45
1791328709 1 47
1791328711 1 44
1791328712 1 57
1791328713 1 57
1791328714 1 53
1791328715 1 61
1791328716 1 47
1791328717 1 56
1791328718 1 47
1791328719 1 43
1791328720 1 52
1791328721 1 48
1791328722 1 58
1791328723 1 57
1791328724 1 46
1791328725 1 45
1791328726 1 83
1791328728 1 48
1791328729 1 57
1791328730 1 51
1791328731 1 60
1791328732 1 41
1791328733 1 53
1791328734 1 47
1791328735 1 46
1791328736 1 50
1791328737 1 43
1791328738 1 57
1791328739 1 43
1791328740 1 44
1791328741 1 62
1791328742 1 46
1791328743 1 39
1791328744 1 56
1791328745 1 53
1791328746 1 42
1791328748 1 49
1791328749 1 49
1791328750 1 56
1791328751 1 51
1791328752 1 44
1791328753 1 58
1791328754 1 43
1791328755 1 52
1791328756 1 61
1791328757 1 51
1791328758 1 63
1791328759 1 51
1791328760 1 56
1791328761 1 52
1791328762 1 46
1791328763 1 68
1791328765 1 45
1791328766 1 53
1791328767 1 59
1791328768 1 55
1791328769 1 43
1791328770 1 51
1791328771 1 48
1791328772 1 55
1791328773 1 62
1791328774 1 60
1791328775 1 59
1791328776 1 61
1791328777 1 52
1791328778 1 58
1791328779 1 62
1791328780 1 52
1791328782 1 70
1791328783 1 71
1791328784 1 55
1791328785 1 64
1791328786 1 67
1791328787 1 67
1791328788 1 74
1791328789 1 61
1791328790 1 63
1791328791 1 69
1791328792 1 86
1791328793 1 76
1791328794 1 79
1791328796 1 71
1791328797 1 90
1791328798 1 60
1791328799 1 76
1791328800 1 53
1791328801 1 75
1791328802 1 65
1791328803 1 70
1791328804 1 58
1791328805 1 58
1791328806 1 58
1791328807 1 74
1791328808 1 82
1791328810 1 64
1791328811 1 61
1791328812 1 72
1791328813 1 58
1791328814 1 67
1791328815 1 69
1791328816 1 67
1791328817 1 73
1791328818 1 69
1791328819 1 84
1791328820 1 63
1791328821 1 73
1791328823 1 79
1791328824 1 74
1791328825 1 57
1791328826 1 54
1791328827 1 75
1791328828 1 68
1791328829 1 62
1791328830 1 56
1791328831 1 70
1791328832 1 63
1791328833 1 71
1791328834 1 68
1791328835 1 59
1791328836 1 62
1791328838 1 75
1791328839 1 81
1791328840 1 70
1791328841 1 59
1791328842 1 59
1791328843 1 64
1791328844 1 54
1791328845 1 79
1791328846 1 61
1791328847 1 82
1791328848 1 91
1791328849 1 57
1791328851 1 62
1791328852 1 67
1791328853 1 88
1791328854 1 71
1791328855 1 63
1791328856 1 62
1791328857 1 72
1791328858 1 57
1791328859 1 81
1791328860 1 66
1791328861 1 56
1791328862 1 67
1791328863 1 63
1791328865 1 66
1791328866 1 77
1791328867 1 78
1791328868 1 66
1791328869 1 58
1791328870 1 70
1791328871 1 60
1791328872 1 58
1791328873 1 64
1791328874 1 66
1791328875 1 91
1791328876 1 69
1791328878 1 76
1791328879 1 70
1791328880 1 72
1791328881 1 66
1791328882 1 75
1791328883 1 75
1791328884 1 76
1791328885 1 80
1791328886 1 59
1791328887 1 68
1791328888 1 57
1791328889 1 56
1791328890 1 64
1791328892 1 78
1791328893 1 66
1791328894 1 63
1791328895 1 61
1791328896 1 60
1791328897 1 58
1791328898 1 47
1791328899 1 63
1791328900 1 72
1791328901 1 59
1791328902 1 59
1791328903 1 84
1791328904 1 52
1791328905 1 57
1791328907 1 54
1791328908 1 66
1791328909 1 60
1791328910 1 54
1791328911 1 55
1791328912 1 71
1791328913 1 73
1791328914 1 70
1791328915 1 74
1791328916 1 72
1791328917 1 58
1791328918 1 74
1791328919 1 60
1791328921 1 81
1791328922 1 93
1791328923 1 68
1791328924 1 57
1791328925 1 73
1791328926 1 81
1791328927 1 63
1791328928 1 59
1791328929 1 57
1791328930 1 63
1791328931 1 63
1791328932 1 79
1791328934 1 57
1791328935 1 74
1791328936 1 61
