1791331748 1 61
1791331749 1 60
1791331750 1 59
1791331752 1 64
1791331753 1 64
1791331755 1 1253
1791331756 1 61
1791331757 1 61
1791331758 1 71
1791331759 1 101
1791331760 1 58
1791331761 1 49
1791331762 1 58
1791331763 1 42
1791331769 0 5038
1791331772 1 1378
1791331778 0 5053
1791331780 1 1136
1791331786 0 5044
1791331792 0 5042
1791331798 0 5041
1791331804 0 5039
1791331810 0 5035
1791331816 0 5044
1791331821 1 3819
1791331825 1 2849
1791331826 1 51
1791331827 1 57
1791331828 1 67
1791331829 1 50
1791331831 1 930
1791331832 1 53
1791331833 1 58
1791331834 1 44
1791331835 1 57
1791331836 1 53
1791331838 1 60
1791331839 1 52
1791331840 1 50
1791331841 1 53
1791331842 1 56
1791331843 1 57
1791331844 1 52
1791331845 1 57
1791331846 1 55
1791331847 1 374
1791331848 1 50
1791331850 1 56
1791331851 1 45
1791331852 1 67
1791331853 1 53
1791331854 1 43
1791331855 1 49
1791331861 0 5045
1791331867 0 5031
1791331869 1 1571
1791331876 0 5043
1791331878 0 1145
1791331879 1 62
1791331885 0 5040
1791331887 0 1275
1791331888 1 53
1791331894 0 5053
1791331896 1 1120
1791331897 1 55
1791331898 1 56
1791331900 1 51
1791331901 1 61
1791331902 1 62
1791331903 1 48
1791331904 1 59
1791331905 1 52
1791331906 1 51
1791331907 1 57
1791331908 1 62
1791331909 1 74
1791331910 1 59
1791331911 1 65
1791331912 1 64
1791331913 1 65
1791331918 1 3519
1791331919 1 50
1791331920 1 49
1791331921 1 47
1791331922 1 63
1791331923 1 61
1791331924 1 43
1791331925 1 48
1791331926 1 63
1791331927 1 56
1791331929 1 63
1791331930 1 64
1791331934 1 3128
1791331935 1 59
1791331938 1 2033
1791331939 1 70
1791331940 1 71
1791331941 1 54
1791331947 0 5045
1791331953 0 5046
1791331959 0 5045
1791331965 0 5042
1791331969 1 2640
1791331970 1 52
1791331971 1 53
1791331972 1 44
1791331973 1 49
1791331974 1 47
1791331975 1 43
1791331976 1 66
1791331977 0 113
1791331978 1 49
1791331980 1 51
1791331981 1 54
1791331982 1 84
1791331983 1 80
1791331984 1 52
1791331985 1 47
1791331986 1 46
1791331987 1 49
1791331988 1 48
1791331994 0 5045
1791331997 0 1635
1791331998 1 104
1791332004 0 5039
1791332010 0 5045
1791332016 0 5054
1791332022 0 5044
1791332025 1 2119
1791332030 1 3940
1791332034 1 2350
1791332040 0 5058
1791332042 0 1378
1791332048 0 5044
1791332054 0 5045
1791332060 0 5042
1791332062 1 813
1791332063 1 70
1791332064 1 85
1791332065 1 54
1791332066 1 72
1791332067 1 61
1791332068 1 68
1791332070 1 73
1791332071 1 69
1791332072 1 71
1791332073 1 63
1791332074 1 69
1791332080 0 5040
1791332082 1 1343
1791332088 0 5050
1791332091 0 1280
1791332092 1 74
1791332098 0 5043
1791332100 0 1206
1791332101 1 67
1791332105 1 3052
1791332111 0 5046
1791332117 0 5042
1791332123 0 5051
1791332129 0 5046
1791332130 1 65
1791332131 1 53
1791332133 1 56
1791332134 1 75
1791332135 1 71
1791332136 1 65
1791332137 1 67
1791332138 1 499
1791332139 1 68
1791332141 1 67
1791332142 1 105
1791332143 1 82
1791332144 1 107
1791332145 1 73
1791332146 1 70
1791332147 1 62
1791332148 1 81
1791332149 1 60
1791332155 0 5047
1791332157 1 1121
1791332163 0 5041
1791332166 0 1221
1791332167 1 70
1791332173 0 5054
1791332179 0 5052
1791332185 0 5046
1791332191 0 5050
1791332197 0 5057
1791332203 0 5054
1791332209 0 5054
1791332212 0 1461
1791332213 1 99
1791332214 1 48
1791332215 1 49
1791332216 1 57
1791332217 1 52
1791332218 1 46
1791332219 1 70
1791332220 1 50
1791332223 1 1527
1791332224 1 66
1791332225 1 54
1791332226 1 55
1791332227 1 114
1791332228 1 48
1791332229 1 52
1791332230 1 56
1791332231 1 49
1791332235 1 2981
1791332236 1 59
1791332238 1 1104
1791332244 0 5038
1791332251 0 5037
1791332257 0 5041
1791332258 1 164
1791332259 1 68
1791332263 1 3022
1791332267 1 3098
1791332268 1 45
1791332274 0 5041
1791332276 0 1314
1791332282 0 5029
1791332288 0 5039
1791332294 0 5040
1791332296 1 136
1791332297 1 71
1791332298 1 51
1791332299 1 58
1791332300 1 53
1791332301 1 54
1791332302 1 54
1791332303 1 49
1791332304 1 56
1791332310 0 5041
1791332313 0 1585
1791332314 1 39
1791332320 0 5040
1791332322 0 1104
1791332323 1 56
1791332329 0 5029
1791332335 0 5033
1791332341 0 5035
1791332347 0 5036
1791332353 0 5039
1791332359 0 5057
1791332365 0 5053
1791332368 1 1332
1791332369 1 62
1791332370 1 56
1791332371 1 51
1791332372 1 52
1791332373 1 66
1791332374 1 64
1791332375 1 54
1791332376 1 342
1791332378 1 65
1791332379 1 58
1791332380 1 55
1791332381 1 76
1791332382 1 66
1791332383 1 59
1791332384 1 59
1791332385 1 53
1791332391 0 5037
1791332397 0 5047
1791332403 0 5050
1791332409 0 5045
1791332412 1 2127
1791332417 0 3613
1791332418 1 74
1791332419 1 57
1791332421 1 387
1791332427 0 5039
1791332429 1 1286
1791332435 0 5036
1791332437 0 1196
1791332438 1 59
1791332439 1 64
1791332440 1 59
1791332441 1 56
1791332442 1 47
1791332443 1 47
1791332445 1 48
1791332446 1 61
