TLC2 Version 2.19 of 08 August 2024 (rev: 5a47802)
Warning: Please run the Java VM which executes TLC with a throughput optimized garbage collector by passing the "-XX:+UseParallelGC" property.
(Use the -nowarning option to disable this warning.)
Running breadth-first search Model-Checking with fp 83 and seed -2458057244264689723 with 8 workers on 32 cores with 12288MB heap and 64MB offheap memory [pid: 3786471] (Linux 7.0.0-1012-aws amd64, Ubuntu 25.0.4.1 x86_64, MSBDiskFPSet, DiskStateQueue).
Parsing file /tmp/paralean-protocol.oNAGuR/verification/tla/Collision.tla
Parsing file /tmp/paralean-protocol.oNAGuR/verification/tla/Registry.tla
Parsing file /tmp/FiniteSets.tla
Parsing file /tmp/TLC.tla
Parsing file /tmp/Naturals.tla
Parsing file /tmp/Sequences.tla
Semantic processing of module Naturals
Semantic processing of module Sequences
Semantic processing of module FiniteSets
Semantic processing of module TLC
Semantic processing of module Registry
Semantic processing of module Collision
Starting... (2026-10-04 01:02:34)
Implied-temporal checking--satisfiability problem has 6 branches.
Computing initial states...
Finished computing initial states: 1 distinct state generated at 2026-10-04 01:02:34.
Progress(19) at 2026-10-04 01:02:35: 186,121 states generated, 15,928 distinct states found, 0 states left on queue.
Checking 6 branches of temporal properties for the complete state space with 95568 total distinct states at (2026-10-04 01:02:35)
Finished checking temporal properties in 00s at 2026-10-04 01:02:36
Model checking completed. No error has been found.
  Estimates of the probability that TLC did not check all reachable states
  because two distinct states had the same fingerprint:
  calculated (optimistic):  val = 1.5E-10
  based on the actual fingerprints:  val = 6.0E-12
186121 states generated, 15928 distinct states found, 0 states left on queue.
The depth of the complete state graph search is 19.
The average outdegree of the complete state graph is 1 (minimum is 0, the maximum 10 and the 95th percentile is 4).
Finished in 01s at (2026-10-04 01:02:36)
