'ParaleanCatalogCertificates.inv_step' depends on axioms: [propext, Classical.choice, Quot.sound]
'ParaleanCatalogCertificates.record_cert_fenced' depends on axioms: [propext, Classical.choice, Quot.sound]
'ParaleanCatalogCertificates.committed_fenced' depends on axioms: [propext, Classical.choice, Quot.sound]
'ParaleanCatalogCertificates.selected_fenced' depends on axioms: [propext, Classical.choice, Quot.sound]
'ParaleanCatalogCertificates.stale_record_cert_rejected' does not depend on any axioms
'ParaleanCatalogCertificates.stale_stays_uncertified' depends on axioms: [propext, Classical.choice, Quot.sound]
'ParaleanCatalogCertificates.orphan_record_cert_rejected' does not depend on any axioms
'ParaleanCatalogCertificates.record_cert_parents_ready' depends on axioms: [propext, Classical.choice, Quot.sound]
'ParaleanCatalogCertificates.record_cert_ancestors_ready' depends on axioms: [propext, Classical.choice, Quot.sound]
'ParaleanCatalogCertificates.orphan_not_adopted' depends on axioms: [propext, Classical.choice, Quot.sound]
'ParaleanCatalogCertificates.uncertified_not_committed' depends on axioms: [propext, Classical.choice, Quot.sound]
'ParaleanCatalogCertificates.catReady_storageReady' depends on axioms: [propext, Classical.choice, Quot.sound]
'ParaleanCatalogCertificates.committed_catReady' depends on axioms: [propext, Classical.choice, Quot.sound]
'ParaleanCatalogCertificates.catReady_scanReady' does not depend on any axioms
'ParaleanCatalogCertificates.scanReady_catReady' depends on axioms: [propext, Classical.choice, Quot.sound]
'ParaleanCatalogCertificates.scanReady_iff_catReady' depends on axioms: [propext, Classical.choice, Quot.sound]
'ParaleanCatalogCertificates.certScanValue_covers' depends on axioms: [propext, Classical.choice, Quot.sound]
'ParaleanCatalogCertificates.certScanValue_sound' depends on axioms: [propext, Classical.choice, Quot.sound]
'ParaleanCatalogCertificates.scan_enumerate_step' depends on axioms: [propext, Classical.choice, Quot.sound]
'ParaleanCatalogCertificates.certified_recovery' depends on axioms: [propext, Classical.choice, Quot.sound]
