'ParaleanLeanNames.canon_injective_public' depends on axioms: [propext, Quot.sound]
'ParaleanLeanNames.aux_same_group' depends on axioms: [propext]
'ParaleanLeanNames.scoped_render_distinct' depends on axioms: [propext]
'ParaleanLeanNames.render_clash_iff' depends on axioms: [propext, Quot.sound]
'ParaleanLeanNames.render_clash_conflict' depends on axioms: [propext, Quot.sound]
'ParaleanLeanNames.derived_collision_iff' depends on axioms: [propext, Quot.sound]
'ParaleanLeanNames.derived_name_determines_base' depends on axioms: [propext]
'ParaleanLeanNames.instance_anchor' depends on axioms: [propext]
'ParaleanLeanNames.instance_collision' depends on axioms: [propext]
'ParaleanLeanNames.relocation_invariant' depends on axioms: [propext]
'ParaleanLeanNames.public_collision_iff' depends on axioms: [propext, Quot.sound]
'ParaleanLeanNames.realization_member_eq' depends on axioms: [propext, Quot.sound]
'ParaleanLeanNames.naming_assumptions' depends on axioms: [propext, Classical.choice, Quot.sound]
'ParaleanLeanNames.conflict_not_buildable' depends on axioms: [propext, Classical.choice, Quot.sound]
'ParaleanLeanNames.realization_theory_eq' depends on axioms: [propext, Classical.choice, Quot.sound]
'ParaleanLeanNames.reserved_consumer_deterministic' depends on axioms: [propext, Classical.choice, Quot.sound]
'ParaleanLeanNames.inst_member_iff' depends on axioms: [propext, Classical.choice, Quot.sound]
'ParaleanLeanNames.inst_conflicts_exact' depends on axioms: [propext, Classical.choice, Quot.sound]
'ParaleanLeanNames.inst_classes' depends on axioms: [propext, Classical.choice, Quot.sound]
'ParaleanLeanNames.inst_theory_eq' depends on axioms: [propext, Classical.choice, Quot.sound]
'ParaleanLeanNames.inst_assumptions' depends on axioms: [propext, Classical.choice, Quot.sound]
'ParaleanLeanNames.inst_reachable' depends on axioms: [propext, Classical.choice, Quot.sound]
'ParaleanLeanNames.inst_nonvacuous' depends on axioms: [propext, Classical.choice, Quot.sound]
'ParaleanLeanNames.naive_false_collision' depends on axioms: [propext, Classical.choice, Quot.sound]
'ParaleanLeanNames.addDecl_capture_splits' depends on axioms: [propext]
