'ParaleanRegistry.known_published' depends on axioms: [propext, Classical.choice, Quot.sound]
'ParaleanRegistry.published_valid' depends on axioms: [propext, Classical.choice, Quot.sound]
'ParaleanRegistry.published_closed' depends on axioms: [propext, Classical.choice, Quot.sound]
'ParaleanRegistry.snapshot_safe' depends on axioms: [propext, Classical.choice, Quot.sound]
'ParaleanRegistry.reachable_acyclic' depends on axioms: [propext, Classical.choice, Quot.sound]
'ParaleanRegistry.collision_blocks_current' depends on axioms: [propext, Classical.choice, Quot.sound]
'ParaleanRegistry.next_safe' depends on axioms: [propext, Classical.choice, Quot.sound]
'ParaleanRegistry.initial_safe' depends on axioms: [propext, Classical.choice, Quot.sound]
'ParaleanRegistry.reachable_safe' depends on axioms: [propext, Classical.choice, Quot.sound]
'ParaleanRegistry.dependency_acyclic' depends on axioms: [propext, Classical.choice, Quot.sound]
'ParaleanRegistry.prepare_safe' depends on axioms: [propext, Classical.choice, Quot.sound]
'ParaleanRegistry.publish_safe' depends on axioms: [propext, Classical.choice, Quot.sound]
'ParaleanRegistry.receive_safe' depends on axioms: [propext, Classical.choice, Quot.sound]
'ParaleanRegistry.commit_safe' depends on axioms: [propext, Classical.choice, Quot.sound]
'ParaleanRegistry.crash_safe' depends on axioms: [propext, Classical.choice, Quot.sound]
'ParaleanRegistry.recover_safe' depends on axioms: [propext, Classical.choice, Quot.sound]
'ParaleanRegistry.partition_safe' depends on axioms: [propext, Classical.choice, Quot.sound]
'ParaleanRegistry.reconnect_safe' depends on axioms: [propext, Classical.choice, Quot.sound]
'ParaleanRegistry.heal_safe' depends on axioms: [propext, Classical.choice, Quot.sound]
'ParaleanRegistry.initializer_safe' depends on axioms: [propext, Classical.choice, Quot.sound]
