'ParaleanWorkspaces.Layout.prec_strict_total_order' depends on axioms: [propext, Classical.choice, Quot.sound]
'ParaleanWorkspaces.posLt_strict_total_order' depends on axioms: [propext, Classical.choice, Quot.sound]
'ParaleanWorkspaces.revision_root' depends on axioms: [propext, Classical.choice, Quot.sound]
'ParaleanWorkspaces.revision_in_place' depends on axioms: [propext, Classical.choice, Quot.sound]
'ParaleanWorkspaces.render_function' depends on axioms: [propext, Classical.choice, Quot.sound]
'ParaleanWorkspaces.render_pairwise' depends on axioms: [propext, Classical.choice, Quot.sound]
'ParaleanWorkspaces.render_nodup' depends on axioms: [propext, Classical.choice, Quot.sound]
'ParaleanWorkspaces.render_mem' depends on axioms: [propext, Classical.choice, Quot.sound]
'ParaleanWorkspaces.render_unique' depends on axioms: [propext, Classical.choice, Quot.sound]
'ParaleanWorkspaces.render_order_stable' depends on axioms: [propext, Classical.choice, Quot.sound]
'ParaleanWorkspaces.render_sublist_live' depends on axioms: [propext, Classical.choice, Quot.sound]
'ParaleanWorkspaces.render_disappears' depends on axioms: [propext, Classical.choice, Quot.sound]
'ParaleanWorkspaces.tombstone_not_rendered' depends on axioms: [propext, Classical.choice, Quot.sound]
'ParaleanWorkspaces.superseded_not_rendered' depends on axioms: [propext, Classical.choice, Quot.sound]
'ParaleanWorkspaces.reachable_inv' depends on axioms: [propext, Classical.choice, Quot.sound]
'ParaleanWorkspaces.anchor_closed' depends on axioms: [propext, Classical.choice, Quot.sound]
'ParaleanWorkspaces.ancestors_closed' depends on axioms: [propext, Classical.choice, Quot.sound]
'ParaleanWorkspaces.known_anchor_published' depends on axioms: [propext, Classical.choice, Quot.sound]
'ParaleanWorkspaces.path_published' depends on axioms: [propext, Classical.choice, Quot.sound]
'ParaleanWorkspaces.reachable_wf_known' depends on axioms: [propext, Classical.choice, Quot.sound]
'ParaleanWorkspaces.staged_local' depends on axioms: [propext, Classical.choice, Quot.sound]
'ParaleanWorkspaces.guard_stutter' depends on axioms: [propext, Classical.choice, Quot.sound]
'ParaleanWorkspaces.reachable_groups' depends on axioms: [propext, Classical.choice, Quot.sound]
'ParaleanWorkspaces.staged_pos_iff' depends on axioms: [propext, Classical.choice, Quot.sound]
'ParaleanWorkspaces.insert_after_anchor' depends on axioms: [propext, Classical.choice, Quot.sound]
'ParaleanWorkspaces.intention_preserved' depends on axioms: [propext, Classical.choice, Quot.sound]
'ParaleanWorkspaces.deps_precede' depends on axioms: [propext, Classical.choice, Quot.sound]
'ParaleanWorkspaces.winner_eq_some' depends on axioms: [propext, Classical.choice, Quot.sound]
'ParaleanWorkspaces.winner_exists' depends on axioms: [propext, Classical.choice, Quot.sound]
'ParaleanWorkspaces.names_agree' depends on axioms: [propext, Classical.choice, Quot.sound]
'ParaleanWorkspaces.names_unique' depends on axioms: [propext, Classical.choice, Quot.sound]
'ParaleanWorkspaces.renamed_env' depends on axioms: [propext, Classical.choice, Quot.sound]
'ParaleanWorkspaces.revise_winner_keeps_name' depends on axioms: [propext, Classical.choice, Quot.sound]
'ParaleanWorkspaces.winner_change_explained' depends on axioms: [propext, Classical.choice, Quot.sound]
'ParaleanWorkspaces.rename_preserves_deps' depends on axioms: [propext, Classical.choice, Quot.sound]
'ParaleanWorkspaces.receive_guard' depends on axioms: [propext, Classical.choice, Quot.sound]
'ParaleanWorkspaces.eventually_identical' depends on axioms: [propext, Classical.choice, Quot.sound]
'ParaleanWorkspaces.posLt_iff_paths' depends on axioms: [propext, Classical.choice, Quot.sound]
'ParaleanWorkspaces.linLt_iff_keys' depends on axioms: [propext, Classical.choice, Quot.sound]
'ParaleanWorkspaces.live_carried' depends on axioms: [propext, Classical.choice, Quot.sound]
'ParaleanWorkspaces.render_carried' depends on axioms: [propext, Classical.choice, Quot.sound]
'ParaleanWorkspaces.renamed_carried' depends on axioms: [propext, Classical.choice, Quot.sound]
'ParaleanWorkspaces.view_carried' depends on axioms: [propext, Classical.choice, Quot.sound]
'ParaleanWorkspaces.Example.ex_reachable' depends on axioms: [propext, Classical.choice, Quot.sound]
'ParaleanWorkspaces.Example.final_render' depends on axioms: [propext, Classical.choice, Quot.sound]
'ParaleanWorkspaces.Example.final_identical' depends on axioms: [propext, Classical.choice, Quot.sound]
'ParaleanWorkspaces.Example.arrival_orders' depends on axioms: [propext]
'ParaleanWorkspaces.Example.arrival_render_diverges' depends on axioms: [propext]
'ParaleanWorkspaces.Example.collision_resolved' depends on axioms: [propext, Classical.choice, Quot.sound]
'ParaleanWorkspaces.Example.revised_winner_keeps_name' depends on axioms: [propext, Classical.choice, Quot.sound]
'ParaleanWorkspaces.Example.stage_follows_anchor' depends on axioms: [propext, Classical.choice, Quot.sound]
'ParaleanWorkspaces.Example.final_dep_precedes' depends on axioms: [propext, Classical.choice, Quot.sound]
'ParaleanWorkspaces.Example.dep_guard_needed' depends on axioms: [propext, Classical.choice, Quot.sound]
'ParaleanWorkspaces.Example.delete_frees_name' depends on axioms: [propext, Classical.choice, Quot.sound]
'ParaleanWorkspaces.Example.partial_revision_frees_name' depends on axioms: [propext, Classical.choice, Quot.sound]
'ParaleanWorkspaces.Example.own_pending_anchor' depends on axioms: [propext, Classical.choice, Quot.sound]
'ParaleanWorkspaces.Example.publish_guard_needed' depends on axioms: [propext, Classical.choice, Quot.sound]
'ParaleanWorkspaces.Example.ex_names_checked' depends on axioms: [propext, Quot.sound]
'ParaleanWorkspaces.Example.reserved_check_needed' depends on axioms: [propext, Classical.choice, Quot.sound]
'ParaleanWorkspaces.fresh_not_declared' does not depend on any axioms
'ParaleanWorkspaces.Example.render_reads_unknown_anchor' depends on axioms: [propext, Classical.choice, Quot.sound]
