capture F:Fixtures/F01Theorem.lean
  effect ce77ef5b moduleDoc L1 members=0 pub=0 realized=0 deps=0 fe=0 bytes=74
  decl 29de5089 declaration L4 members=1 pub=1 realized=0 deps=0 fe=0 bytes=302
  decl af1a23e8 declaration L6 members=1 pub=1 realized=0 deps=0 fe=0 bytes=336
  decl 5bd28082 declaration L8 members=1 pub=1 realized=0 deps=0 fe=0 bytes=580
  decl 6cf42cc5 declaration L11 members=2 pub=1 realized=0 deps=0 fe=0 bytes=474
  decl e959cba1 declaration L14 members=1 pub=1 realized=0 deps=1 fe=0 bytes=384
  decl ca79f377 declaration L16 members=1 pub=1 realized=0 deps=1 fe=0 bytes=376
  => 7 groups, 3 skipped, 0 diagnostics (0 reject)
capture F:Fixtures/F02Def.lean
  effect 47c04efe moduleDoc L1 members=0 pub=0 realized=0 deps=0 fe=0 bytes=74
  decl 1e2a80a3 declaration L5 members=1 pub=1 realized=0 deps=0 fe=0 bytes=212
  decl e50c6df4 declaration L7 members=1 pub=1 realized=0 deps=0 fe=0 bytes=127
  decl 5ca70aa5 declaration L9 members=2 pub=1 realized=0 deps=0 fe=0 bytes=666
  decl 9d12d3af declaration L14 members=1 pub=1 realized=7 deps=1 fe=0 bytes=436
  decl 57e85522 declaration L17 members=1 pub=1 realized=1 deps=1 fe=0 bytes=463
  decl 834afd36 declaration L19 members=1 pub=1 realized=0 deps=1 fe=0 bytes=915
prelude: 7/7 groups replayed with identical declaration IDs
  => 7 groups, 3 skipped, 0 diagnostics (0 reject)
capture F:Fixtures/F03Structure.lean
  effect 9a99bab2 moduleDoc L1 members=0 pub=0 realized=0 deps=0 fe=0 bytes=74
  decl f8ab9384 declaration L4 members=20 pub=7 realized=0 deps=0 fe=0 bytes=2760
  decl 85304ae7 declaration L9 members=18 pub=4 realized=0 deps=1 fe=0 bytes=2443
  decl 78c19882 declaration L12 members=11 pub=4 realized=0 deps=0 fe=2 bytes=1642
  decl ff9a8541 declaration L15 members=1 pub=1 realized=0 deps=1 fe=1 bytes=1409
  decl ad48ca8d declaration L18 members=1 pub=1 realized=0 deps=2 fe=0 bytes=396
  decl 4b572ced declaration L20 members=1 pub=1 realized=0 deps=3 fe=0 bytes=429
prelude: 14/14 groups replayed with identical declaration IDs
  => 7 groups, 3 skipped, 0 diagnostics (0 reject)
capture F:Fixtures/F04Inductive.lean
  effect 06a5054f moduleDoc L1 members=0 pub=0 realized=0 deps=0 fe=0 bytes=74
  decl f1892fca declaration L5 members=26 pub=7 realized=0 deps=0 fe=0 bytes=3096
  decl 6ef03f7c declaration L8 members=25 pub=4 realized=0 deps=0 fe=0 bytes=7597
  decl 32892bf3 declaration L12 members=25 pub=4 realized=0 deps=0 fe=0 bytes=4614
  decl 56714c8c declaration L15 members=1 pub=1 realized=0 deps=1 fe=2 bytes=601
  decl 24f01ce5 declaration L17 members=1 pub=1 realized=0 deps=1 fe=2 bytes=1826
prelude: 21/21 groups replayed with identical declaration IDs
  => 6 groups, 3 skipped, 0 diagnostics (0 reject)
capture F:Fixtures/F05Mutual.lean
  effect d6912b93 moduleDoc L1 members=0 pub=0 realized=0 deps=0 fe=0 bytes=74
  decl bc6295e2 mutual L4 members=22 pub=7 realized=0 deps=0 fe=0 bytes=4017
  decl 16e296fb mutual L12 members=9 pub=2 realized=0 deps=0 fe=0 bytes=963
  decl 396f95a0 declaration L21 members=1 pub=1 realized=0 deps=1 fe=0 bytes=434
  decl 0acfa4f1 declaration L23 members=1 pub=1 realized=0 deps=1 fe=0 bytes=491
prelude: 27/27 groups replayed with identical declaration IDs
  => 5 groups, 3 skipped, 0 diagnostics (0 reject)
capture F:Fixtures/F06Structural.lean
  effect 08b252d5 moduleDoc L1 members=0 pub=0 realized=0 deps=0 fe=0 bytes=74
  decl 783d1bb5 declaration L5 members=5 pub=1 realized=0 deps=0 fe=0 bytes=941
  decl ba5a5c5e declaration L10 members=5 pub=1 realized=0 deps=0 fe=0 bytes=895
  decl 86c50aeb declaration L14 members=1 pub=1 realized=0 deps=1 fe=0 bytes=434
  decl 33153b86 declaration L16 members=1 pub=1 realized=6 deps=1 fe=0 bytes=1132
  decl 56ce8031 declaration L21 members=2 pub=1 realized=9 deps=1 fe=0 bytes=4207
prelude: 32/32 groups replayed with identical declaration IDs
  => 6 groups, 3 skipped, 0 diagnostics (0 reject)
capture F:Fixtures/F07WellFounded.lean
  effect 719d5a8e moduleDoc L1 members=0 pub=0 realized=0 deps=0 fe=0 bytes=74
  decl cec4e2e0 declaration L5 members=3 pub=1 realized=1 deps=0 fe=0 bytes=4726
  decl 76013ddc declaration L10 members=11 pub=1 realized=6 deps=0 fe=0 bytes=7721
  decl 4be707f5 declaration L16 members=1 pub=1 realized=1 deps=1 fe=0 bytes=1698
  decl 6fe856c1 declaration L19 members=2 pub=1 realized=4 deps=1 fe=0 bytes=5761
prelude: 38/38 groups replayed with identical declaration IDs
  => 5 groups, 3 skipped, 0 diagnostics (0 reject)
capture F:Fixtures/F08PrivateGenerated.lean
  effect 95196ce4 moduleDoc L1 members=0 pub=0 realized=0 deps=0 fe=0 bytes=74
  decl 36cf9089 declaration L4 members=1 pub=0 realized=0 deps=0 fe=0 bytes=253
  decl 930743ff declaration L6 members=1 pub=0 realized=0 deps=1 fe=0 bytes=266
  decl 7bb073d5 declaration L8 members=1 pub=1 realized=0 deps=1 fe=0 bytes=342
  decl cb1a5ee7 declaration L10 members=1 pub=1 realized=1 deps=1 fe=1 bytes=482
  decl b18093c9 declaration L12 members=11 pub=4 realized=0 deps=0 fe=0 bytes=1576
  decl 7abdd0b6 declaration L15 members=1 pub=1 realized=0 deps=1 fe=0 bytes=335
  decl e08b1ef8 declaration L18 members=45 pub=14 realized=0 deps=0 fe=0 bytes=7163
  decl ade1c5da declaration L21 members=1 pub=1 realized=0 deps=2 fe=1 bytes=357
prelude: 43/43 groups replayed with identical declaration IDs
  => 9 groups, 3 skipped, 0 diagnostics (0 reject)
capture F:Fixtures/F09InstanceOnly.lean
  effect 17313285 moduleDoc L1 members=0 pub=0 realized=0 deps=0 fe=0 bytes=74
  decl 319de5da declaration L5 members=16 pub=4 realized=0 deps=0 fe=0 bytes=2459
  decl d29c4e03 declaration L8 members=1 pub=1 realized=0 deps=1 fe=0 bytes=384
  decl 28c50939 declaration L11 members=1 pub=1 realized=0 deps=2 fe=0 bytes=299
  effect a0f8cb62 deriving L14 members=2 pub=2 realized=0 deps=1 fe=0 bytes=793
  decl 64143a5e declaration L16 members=1 pub=1 realized=0 deps=1 fe=1 bytes=319
  decl 9ee10fb1 declaration L18 members=1 pub=1 realized=0 deps=1 fe=1 bytes=363
  decl e600299a declaration L20 members=2 pub=1 realized=0 deps=2 fe=1 bytes=576
  effect afe0dc95 attribute L22 members=0 pub=0 realized=0 deps=0 fe=1 bytes=74
  decl 55286c7a declaration L24 members=1 pub=1 realized=0 deps=4 fe=2 bytes=593
  decl e63a36ba declaration L26 members=1 pub=1 realized=0 deps=1 fe=1 bytes=325
  effect 669ca18c attribute L28 members=0 pub=0 realized=0 deps=0 fe=2 bytes=74
prelude: 52/52 groups replayed with identical declaration IDs
  => 12 groups, 3 skipped, 0 diagnostics (0 reject)
capture F:Fixtures/F10SimpAttrDecl.lean
  effect f65f32ed moduleDoc L2 members=0 pub=0 realized=0 deps=0 fe=0 bytes=74
  effect 6ffa6aee registerSimpAttr L4 members=6 pub=2 realized=0 deps=0 fe=0 bytes=1493
prelude: 64/64 groups replayed with identical declaration IDs
  => 2 groups, 1 skipped, 2 diagnostics (0 reject)
  [unsupported:module-dependent-literal] Fixtures/F10SimpAttrDecl.lean:4: _private.Fixtures.F10SimpAttrDecl.0.initFn._@.Fixtures.F10SimpAttrDecl.2466019654._hygCtx._hyg.5 embeds a module-private or hygienic name literal; its body depends on the module it is elaborated in
  [unsupported:module-dependent-literal] Fixtures/F10SimpAttrDecl.lean:4: _private.Fixtures.F10SimpAttrDecl.0.initFn._@.Fixtures.F10SimpAttrDecl.2466019654._hygCtx._hyg.22 embeds a module-private or hygienic name literal; its body depends on the module it is elaborated in
capture F:Fixtures/F10SimpAttrUse.lean
  effect f1189e8a moduleDoc L2 members=0 pub=0 realized=0 deps=0 fe=0 bytes=74
  decl f80acb55 declaration L5 members=1 pub=1 realized=0 deps=0 fe=0 bytes=269
  decl 0752c17d declaration L7 members=1 pub=1 realized=0 deps=1 fe=1 bytes=383
  decl 30dfc2a7 declaration L9 members=1 pub=1 realized=0 deps=1 fe=0 bytes=287
  decl 75bb0b35 declaration L11 members=1 pub=1 realized=0 deps=1 fe=2 bytes=413
  decl 784932ef declaration L13 members=1 pub=1 realized=0 deps=1 fe=1 bytes=322
prelude: 65/65 groups replayed with identical declaration IDs
  => 6 groups, 3 skipped, 1 diagnostics (0 reject)
  [info:materialized] :0: 1 groups with initializer effects built as 1 module(s) in 13007 ms
capture F:Fixtures/F11ScopedDecl.lean
  effect 0dc32201 moduleDoc L1 members=0 pub=0 realized=0 deps=0 fe=0 bytes=74
  decl a9219803 declaration L4 members=1 pub=1 realized=0 deps=0 fe=0 bytes=365
  effect 14bad658 mixfix L6 members=3 pub=1 realized=0 deps=0 fe=1 bytes=2992
  effect 38f0224d notation L8 members=2 pub=1 realized=0 deps=0 fe=0 bytes=1840
  skipped Lean.Parser.Command.notation (local-effect)
  decl 8227cf8d declaration L12 members=1 pub=1 realized=0 deps=1 fe=1 bytes=483
  decl 62e89068 declaration L14 members=2 pub=1 realized=0 deps=0 fe=0 bytes=3358
  decl 3b05a107 declaration L16 members=11 pub=4 realized=0 deps=0 fe=0 bytes=1569
  decl c57e7086 declaration L19 members=1 pub=1 realized=0 deps=1 fe=0 bytes=340
prelude: 68/68 groups replayed with identical declaration IDs
  => 8 groups, 4 skipped, 2 diagnostics (0 reject)
  [info:base-mismatch] :0: group f65f32edb0de needs base import Lean
  [info:base-mismatch] :0: group 6ffa6aee1bb8 needs base import Lean
capture F:Fixtures/F11ScopedUse.lean
  effect cfb0af5f moduleDoc L2 members=0 pub=0 realized=0 deps=0 fe=0 bytes=74
  decl feedb8fb in L4 members=1 pub=1 realized=0 deps=1 fe=1 bytes=311
  skipped Lean.Parser.Command.open (local-effect)
  decl c5d2f30e declaration L9 members=1 pub=1 realized=0 deps=0 fe=1 bytes=304
  decl 853ab210 declaration L10 members=1 pub=1 realized=0 deps=2 fe=0 bytes=357
prelude: 76/76 groups replayed with identical declaration IDs
  => 4 groups, 4 skipped, 2 diagnostics (0 reject)
  [info:base-mismatch] :0: group f65f32edb0de needs base import Lean
  [info:base-mismatch] :0: group 6ffa6aee1bb8 needs base import Lean
capture F:Fixtures/F12Macro.lean
  effect 74037d48 moduleDoc L2 members=0 pub=0 realized=0 deps=0 fe=0 bytes=74
  effect d104ab0f macro L8 members=2 pub=1 realized=0 deps=0 fe=0 bytes=1842
  effect d99ee4a8 syntax L10 members=1 pub=1 realized=0 deps=0 fe=0 bytes=377
  effect c50704e9 macro_rules L11 members=1 pub=0 realized=0 deps=0 fe=1 bytes=1565
  effect 07191d54 elab L14 members=2 pub=1 realized=0 deps=0 fe=0 bytes=1202
  effect 743188d1 syntax L16 members=1 pub=1 realized=0 deps=0 fe=0 bytes=340
  effect 04250c03 macro_rules L17 members=1 pub=0 realized=0 deps=0 fe=1 bytes=1861
  decl 5048d3fd declaration L20 members=1 pub=1 realized=0 deps=0 fe=1 bytes=303
  decl ed5f3b9e declaration L21 members=1 pub=1 realized=0 deps=0 fe=2 bytes=304
  decl 53a1249a declaration L22 members=1 pub=1 realized=0 deps=0 fe=1 bytes=211
  decl 8d7cab2c declaration L23 members=1 pub=1 realized=0 deps=0 fe=2 bytes=304
prelude: 83/83 groups replayed with identical declaration IDs
  => 11 groups, 4 skipped, 1 diagnostics (0 reject)
  [info:materialized] :0: 1 groups with initializer effects built as 1 module(s) in 0 ms
capture F:Fixtures/F13InitDecl.lean
  effect de46a562 moduleDoc L2 members=0 pub=0 realized=0 deps=0 fe=0 bytes=74
  effect 79ba11cf initialize L6 members=3 pub=1 realized=0 deps=0 fe=0 bytes=617
  effect 6cbb241c initialize L8 members=1 pub=0 realized=0 deps=0 fe=0 bytes=491
  effect 2508459d registerOption L10 members=2 pub=1 realized=0 deps=0 fe=0 bytes=466
prelude: 94/94 groups replayed with identical declaration IDs
  => 4 groups, 2 skipped, 2 diagnostics (0 reject)
  [info:materialized] :0: 1 groups with initializer effects built as 1 module(s) in 0 ms
  [unsupported:module-dependent-literal] Fixtures/F13InitDecl.lean:8: _private.Fixtures.F13InitDecl.0.initFn._@.Fixtures.F13InitDecl.386426778._hygCtx._hyg.2 embeds a module-private or hygienic name literal; its body depends on the module it is elaborated in
capture F:Fixtures/F13InitUse.lean
  effect 927aefc8 moduleDoc L2 members=0 pub=0 realized=0 deps=0 fe=0 bytes=74
  effect 2116eabf elab L5 members=2 pub=1 realized=0 deps=1 fe=0 bytes=2464
  decl 24cbd9a8 in L13 members=1 pub=1 realized=0 deps=0 fe=0 bytes=132
  decl eb72bb76 in L16 members=1 pub=1 realized=0 deps=0 fe=4 bytes=133
prelude: 95/95 groups replayed with identical declaration IDs
  => 4 groups, 3 skipped, 1 diagnostics (0 reject)
  [info:materialized] :0: 4 groups with initializer effects built as 2 module(s) in 23646 ms
materialized: 4 initializer groups imported as stock-built modules
source replay: 103/103 groups reproduce their declaration ID (117682 ms)
  [info:materialized] Fixtures/F10SimpAttrDecl.lean:4: initializer group imported as a stock-built module
  [info:materialized] Fixtures/F13InitDecl.lean:6: initializer group imported as a stock-built module
  [info:materialized] Fixtures/F13InitDecl.lean:8: initializer group imported as a stock-built module
  [info:materialized] Fixtures/F13InitDecl.lean:10: initializer group imported as a stock-built module
kernel replay: 103/103 groups accepted; 318 declarations added, 15 reserved names re-realized (585 ms)
isolated replay (exact deps only): 103/103
export: 19 modules, 103 groups, 30038 bytes of source
  Fixtures.F01Theorem: 7 groups; imports #[]
  Fixtures.F02Def: 7 groups; imports #[]
  Fixtures.F03Structure: 7 groups; imports #[]
  Fixtures.F04Inductive: 6 groups; imports #[]
  Fixtures.F05Mutual: 5 groups; imports #[]
  Fixtures.F06Structural: 6 groups; imports #[]
  Fixtures.F07WellFounded: 5 groups; imports #[]
  Fixtures.F08PrivateGenerated: 9 groups; imports #[]
  Fixtures.F09InstanceOnly: 12 groups; imports #[]
  Fixtures.F10SimpAttrDecl: 2 groups; imports #[Lean]
  Fixtures.F10SimpAttrUse: 2 groups; imports #[]
  Fixtures.F10SimpAttrUse.Part1: 4 groups; imports #[Fixtures.F10SimpAttrUse, Fixtures.F10SimpAttrDecl]
  Fixtures.F11ScopedDecl: 8 groups; imports #[]
  Fixtures.F11ScopedUse: 1 groups; imports #[]
  Fixtures.F11ScopedUse.Part1: 3 groups; imports #[Fixtures.F11ScopedDecl, Fixtures.F11ScopedUse]
  Fixtures.F12Macro: 11 groups; imports #[Lean]
  Fixtures.F13InitDecl: 4 groups; imports #[Lean]
  Fixtures.F13InitUse: 1 groups; imports #[]
  Fixtures.F13InitUse.Part1: 3 groups; imports #[Fixtures.F13InitDecl, Fixtures.F13InitUse, Fixtures.F10SimpAttrDecl]
stock lake build: OK (20802 ms)
verify: 81/85 declaration groups identical in the stock-built oleans; 18 effect-only groups (build-checked)
  [reject:export-mismatch] Fixtures/F10SimpAttrDecl.lean:4: stock-built group 62e4cbc38f37 ≠ stored b310b07b2d6c
  [reject:export-mismatch] Fixtures/F13InitDecl.lean:6: stock-built group 8ef7e60348e7 ≠ stored 0ba03e41031c
  [reject:export-mismatch] Fixtures/F13InitDecl.lean:8: stock-built group b0d929fb867f ≠ stored b61c9d4610e5
  [reject:export-mismatch] Fixtures/F13InitDecl.lean:10: stock-built group 654c09b4e9d9 ≠ stored db92468e6f9c
STATS {"aboveP95Bound":[],"capsuleBytes":{"max":390,"median":222,"p95":316,"sum":24218},"commandBytes":{"max":213,"median":59,"sum":7813},"diagnostics":[["info:base-mismatch",4],["info:materialized",4],["unsupported:module-dependent-literal",3]],"encodingBytes":{"max":7721,"median":396,"sum":111419},"groups":103,"ratio":{"p50":3.709091,"p95":6.555556},"rejected":0,"skipped":48}
