### M04 Mathlib.Data.Nat.MaxPowDiv
capture M04:Mathlib/Data/Nat/MaxPowDiv.lean
  effect b2a35b71 moduleDoc L11 members=0 pub=0 realized=0 deps=0 fe=0 bytes=74
  decl 3d0cf5fe declaration L27 members=11 pub=2 realized=4 deps=0 fe=0 bytes=8246
  decl b685dc95 declaration L54 members=1 pub=1 realized=0 deps=1 fe=0 bytes=249
  decl 50bda058 declaration L57 members=5 pub=1 realized=3 deps=1 fe=0 bytes=9950
  decl 14023f45 declaration L73 members=1 pub=1 realized=1 deps=1 fe=0 bytes=1169
  decl dac66387 declaration L76 members=1 pub=1 realized=0 deps=2 fe=0 bytes=447
  decl 0cd4e039 declaration L80 members=1 pub=1 realized=1 deps=3 fe=0 bytes=704
  decl e1eba4cd declaration L83 members=1 pub=1 realized=0 deps=2 fe=2 bytes=446
  decl 53cf248f declaration L87 members=1 pub=1 realized=0 deps=3 fe=2 bytes=715
  decl 9f50b0e3 declaration L90 members=1 pub=1 realized=0 deps=1 fe=4 bytes=1045
  decl af556b64 declaration L93 members=1 pub=1 realized=0 deps=3 fe=4 bytes=703
  decl 5adecacf declaration L96 members=3 pub=1 realized=0 deps=3 fe=6 bytes=1878
  decl 015b4344 declaration L99 members=1 pub=0 realized=0 deps=0 fe=6 bytes=2492
  => 13 groups, 4 skipped, 0 diagnostics (0 reject)
capture-time 1.36 s maxrss 470688 KB
source replay: 13/13 groups reproduce their declaration ID (1022 ms)
kernel replay: 13/13 groups accepted; 32 declarations added, 4 reserved names re-realized (33 ms)
isolated replay (exact deps only): 13/13
replay-time 4.35 s maxrss 472320 KB
export: 1 modules, 13 groups, 6311 bytes of source
  Mathlib.ParaleanExport.Data.Nat.MaxPowDiv: 13 groups; imports #[Mathlib.Data.Nat.Notation]
stock lake build: OK (4876 ms)
verify: 12/12 declaration groups identical in the stock-built oleans; 1 effect-only groups (build-checked)
export-time 10.14 s maxrss 991952 KB
STATS {"aboveP95Bound":[],"capsuleBytes":{"max":1130,"median":306,"p95":1130,"sum":5970},"commandBytes":{"max":951,"median":127,"sum":3681},"diagnostics":[],"encodingBytes":{"max":9950,"median":715,"sum":28118},"groups":13,"ratio":{"p50":2.409449,"p95":3.034091},"rejected":0,"skipped":4}
