### M18 Mathlib.Logic.Function.Basic
capture M18:Mathlib/Logic/Function/Basic.lean
  effect 4ce3947e moduleDoc L17 members=0 pub=0 realized=0 deps=0 fe=0 bytes=74
  decl 396c9f50 declaration L33 members=1 pub=1 realized=0 deps=0 fe=0 bytes=215
  decl 302a9b6c declaration L37 members=1 pub=1 realized=0 deps=1 fe=0 bytes=342
  decl 7f3e158c declaration L40 members=1 pub=1 realized=0 deps=0 fe=1 bytes=259
  decl 06f481af declaration L43 members=2 pub=1 realized=0 deps=0 fe=1 bytes=598
  decl 9e13baae declaration L47 members=2 pub=1 realized=0 deps=1 fe=1 bytes=702
  decl 77624e63 declaration L51 members=2 pub=1 realized=0 deps=0 fe=2 bytes=710
  decl 6953077b declaration L57 members=1 pub=1 realized=0 deps=0 fe=2 bytes=361
  decl 04d7f3a8 declaration L60 members=1 pub=1 realized=0 deps=0 fe=2 bytes=455
  decl 70de8940 declaration L63 members=1 pub=1 realized=0 deps=0 fe=2 bytes=454
  decl dd0221dc declaration L68 members=1 pub=1 realized=0 deps=0 fe=0 bytes=379
  decl 9efdcab7 declaration L71 members=1 pub=1 realized=0 deps=0 fe=0 bytes=385
  decl 072f560b declaration L74 members=1 pub=1 realized=0 deps=0 fe=0 bytes=392
  decl 49688de0 in L77 members=1 pub=1 realized=0 deps=0 fe=0 bytes=523
  decl cc08793d declaration L81 members=1 pub=1 realized=0 deps=0 fe=0 bytes=395
  decl ac2f4a30 declaration L84 members=1 pub=1 realized=0 deps=0 fe=0 bytes=406
  decl 8ff6ae90 declaration L87 members=1 pub=1 realized=0 deps=0 fe=0 bytes=395
  decl 7d4931a6 in L90 members=1 pub=1 realized=0 deps=0 fe=0 bytes=549
  decl 832675a4 declaration L95 members=1 pub=1 realized=0 deps=3 fe=0 bytes=746
  decl fdbc6ded declaration L97 members=1 pub=1 realized=0 deps=2 fe=0 bytes=575
  decl 44fe3c55 in L99 members=1 pub=1 realized=0 deps=2 fe=2 bytes=688
  decl 7ddc7e32 in L104 members=1 pub=1 realized=0 deps=2 fe=2 bytes=687
  decl 4d1efd47 declaration L109 members=1 pub=1 realized=0 deps=2 fe=0 bytes=583
  decl e2433a31 declaration L111 members=1 pub=1 realized=0 deps=1 fe=0 bytes=554
  decl 8661afa3 in L114 members=1 pub=1 realized=0 deps=2 fe=2 bytes=707
  effect a9c9c50c lemma L121 members=2 pub=1 realized=0 deps=0 fe=2 bytes=2819
  decl 693247dc declaration L129 members=1 pub=1 realized=0 deps=0 fe=2 bytes=499
  effect 6d807bcb lemma L132 members=1 pub=1 realized=0 deps=0 fe=2 bytes=896
  decl 77e4ff58 declaration L140 members=1 pub=1 realized=0 deps=0 fe=2 bytes=353
  decl 11180ab9 declaration L141 members=1 pub=1 realized=0 deps=0 fe=2 bytes=353
  decl 9f874635 declaration L142 members=1 pub=1 realized=0 deps=0 fe=2 bytes=353
  decl 6bf9d9bf declaration L143 members=1 pub=1 realized=0 deps=0 fe=2 bytes=353
  decl 50271366 declaration L147 members=1 pub=1 realized=0 deps=0 fe=0 bytes=321
  decl d9ae3fbb declaration L150 members=1 pub=1 realized=0 deps=0 fe=0 bytes=327
  decl 0249b035 declaration L153 members=1 pub=1 realized=0 deps=0 fe=0 bytes=344
  decl a8b4596a declaration L156 members=1 pub=1 realized=0 deps=0 fe=0 bytes=475
  decl f90bbd5a declaration L159 members=1 pub=1 realized=0 deps=0 fe=0 bytes=347
  decl 188d6856 declaration L162 members=1 pub=1 realized=0 deps=0 fe=0 bytes=443
  decl 87e9d35c declaration L165 members=1 pub=1 realized=0 deps=0 fe=0 bytes=347
  decl 72cb4cd5 declaration L168 members=1 pub=1 realized=0 deps=0 fe=0 bytes=471
  decl f01767fb declaration L171 members=1 pub=1 realized=0 deps=3 fe=0 bytes=683
  decl efb985fe declaration L173 members=1 pub=1 realized=0 deps=2 fe=0 bytes=518
  decl 0c69ce1b declaration L175 members=1 pub=1 realized=0 deps=2 fe=0 bytes=534
  decl 4ee61097 declaration L177 members=1 pub=1 realized=0 deps=2 fe=0 bytes=533
  decl b9e85028 declaration L179 members=1 pub=1 realized=0 deps=2 fe=0 bytes=526
  decl 6248a202 declaration L181 members=1 pub=1 realized=0 deps=1 fe=0 bytes=760
  decl 99867433 declaration L184 members=1 pub=1 realized=0 deps=2 fe=0 bytes=549
  decl 637c3755 declaration L188 members=1 pub=1 realized=0 deps=0 fe=2 bytes=318
  decl 9ca7bd17 declaration L189 members=1 pub=1 realized=0 deps=0 fe=2 bytes=320
  decl 2fd335b9 declaration L191 members=3 pub=1 realized=1 deps=0 fe=2 bytes=1218
  effect 64ff4b42 lemma L194 members=2 pub=1 realized=0 deps=1 fe=2 bytes=1174
  decl 83a0f70d declaration L200 members=1 pub=1 realized=0 deps=0 fe=3 bytes=422
  decl 49a27284 declaration L205 members=1 pub=1 realized=0 deps=0 fe=3 bytes=430
  decl 2c5139de declaration L208 members=2 pub=1 realized=0 deps=1 fe=3 bytes=653
  decl 496ec636 declaration L213 members=1 pub=1 realized=0 deps=0 fe=4 bytes=870
  decl 292696ef declaration L219 members=1 pub=1 realized=0 deps=2 fe=4 bytes=747
  decl f49a3a13 declaration L223 members=2 pub=1 realized=0 deps=2 fe=4 bytes=853
  decl 512a33fe declaration L228 members=1 pub=1 realized=0 deps=0 fe=5 bytes=540
  decl 8ae19ccf declaration L232 members=1 pub=1 realized=0 deps=1 fe=5 bytes=446
  decl c15f233b declaration L236 members=1 pub=1 realized=0 deps=1 fe=5 bytes=759
  decl 92e46cf1 declaration L241 members=2 pub=1 realized=0 deps=0 fe=5 bytes=471
  decl db16432f declaration L244 members=2 pub=1 realized=0 deps=1 fe=5 bytes=626
  effect 2cf04736 lemma L247 members=7 pub=1 realized=2 deps=0 fe=5 bytes=8830
  decl 3e71f4b2 declaration L254 members=2 pub=1 realized=0 deps=0 fe=5 bytes=982
  decl 74a24dbf declaration L258 members=2 pub=1 realized=0 deps=1 fe=5 bytes=668
  decl e6091e7a declaration L263 members=2 pub=1 realized=0 deps=0 fe=6 bytes=1096
  decl 58ecff0a declaration L266 members=1 pub=1 realized=0 deps=2 fe=6 bytes=748
  decl e3e4e7f8 declaration L270 members=2 pub=1 realized=0 deps=2 fe=6 bytes=840
  decl f73ba6af declaration L275 members=3 pub=1 realized=0 deps=0 fe=0 bytes=893
  decl 7ece3735 declaration L279 members=2 pub=1 realized=0 deps=0 fe=7 bytes=810
  decl 4db499f0 declaration L285 members=1 pub=1 realized=0 deps=1 fe=7 bytes=567
  decl f1ac5b9d declaration L289 members=1 pub=1 realized=0 deps=2 fe=7 bytes=688
  decl 4a5a8ac4 declaration L293 members=3 pub=1 realized=0 deps=1 fe=7 bytes=1341
  decl ca45b281 declaration L300 members=1 pub=1 realized=0 deps=1 fe=7 bytes=603
  decl cc9ab754 declaration L304 members=1 pub=1 realized=0 deps=2 fe=7 bytes=739
  decl 0fdcdc69 declaration L308 members=1 pub=1 realized=0 deps=1 fe=7 bytes=703
  decl 3af8cdb4 declaration L311 members=2 pub=1 realized=0 deps=1 fe=7 bytes=2464
  decl 69624ccc declaration L320 members=1 pub=1 realized=0 deps=1 fe=7 bytes=583
  decl b2ceb7ea declaration L324 members=1 pub=1 realized=0 deps=1 fe=7 bytes=579
  decl f69fe9f6 declaration L328 members=1 pub=1 realized=0 deps=3 fe=7 bytes=1265
  decl df5102c2 declaration L334 members=1 pub=1 realized=0 deps=1 fe=7 bytes=460
  decl 6bd539e8 declaration L339 members=3 pub=1 realized=0 deps=3 fe=7 bytes=3101
  decl a5755d08 declaration L349 members=1 pub=1 realized=0 deps=3 fe=5 bytes=749
  decl f41a2661 declaration L353 members=1 pub=1 realized=0 deps=3 fe=5 bytes=750
  decl ce0bc1ac declaration L357 members=1 pub=1 realized=0 deps=2 fe=7 bytes=724
  decl 32531e68 declaration L361 members=2 pub=1 realized=0 deps=0 fe=7 bytes=1077
  decl f96a1968 declaration L370 members=2 pub=1 realized=0 deps=0 fe=7 bytes=1266
  decl 55635ced declaration L376 members=1 pub=1 realized=0 deps=1 fe=0 bytes=886
  decl e61ae279 declaration L382 members=1 pub=1 realized=0 deps=1 fe=7 bytes=2420
  decl c52af862 declaration L397 members=1 pub=1 realized=0 deps=0 fe=7 bytes=340
  decl 6bf8fa6c declaration L403 members=1 pub=1 realized=0 deps=1 fe=7 bytes=469
  decl 076e3a53 declaration L406 members=1 pub=1 realized=0 deps=1 fe=7 bytes=591
  decl 26c84d87 declaration L410 members=1 pub=1 realized=0 deps=2 fe=7 bytes=917
  effect 8fa6153f alias L414 members=1 pub=1 realized=0 deps=2 fe=0 bytes=445
  decl 3f6802a1 declaration L416 members=1 pub=1 realized=0 deps=1 fe=7 bytes=647
  effect 30c8a18b alias L420 members=1 pub=1 realized=0 deps=2 fe=0 bytes=422
  decl f85a1c99 declaration L422 members=1 pub=1 realized=0 deps=1 fe=7 bytes=719
  decl e83a1478 declaration L426 members=2 pub=1 realized=0 deps=1 fe=7 bytes=1889
  effect 026c112e lemma L432 members=1 pub=1 realized=0 deps=0 fe=7 bytes=297
  effect 396bed5b lemma L434 members=1 pub=1 realized=0 deps=0 fe=7 bytes=296
  decl 9856729c declaration L436 members=1 pub=1 realized=0 deps=0 fe=7 bytes=370
  decl 62725c49 declaration L439 members=1 pub=1 realized=0 deps=1 fe=7 bytes=491
  decl 2c6cb982 declaration L442 members=1 pub=1 realized=0 deps=0 fe=7 bytes=373
  decl 7f7e6908 declaration L445 members=1 pub=1 realized=0 deps=1 fe=7 bytes=495
  decl 8f9fea4c declaration L448 members=1 pub=1 realized=0 deps=0 fe=7 bytes=694
  decl a16d138a declaration L452 members=1 pub=1 realized=0 deps=1 fe=7 bytes=529
  decl 63851a71 declaration L456 members=1 pub=1 realized=0 deps=0 fe=7 bytes=296
  decl 43da1cd6 declaration L459 members=1 pub=1 realized=0 deps=0 fe=7 bytes=295
  decl cce2675b declaration L462 members=1 pub=1 realized=0 deps=1 fe=7 bytes=427
  decl 486c48d6 declaration L465 members=1 pub=1 realized=0 deps=1 fe=7 bytes=424
  decl 87eb2fb4 declaration L468 members=1 pub=1 realized=0 deps=0 fe=7 bytes=383
  decl 0190c8d0 declaration L472 members=2 pub=1 realized=0 deps=0 fe=7 bytes=949
  decl c9b851e3 declaration L476 members=1 pub=1 realized=0 deps=1 fe=7 bytes=421
  decl 676d9fc1 declaration L480 members=1 pub=1 realized=0 deps=1 fe=7 bytes=419
  decl 57c702cf declaration L484 members=1 pub=1 realized=0 deps=2 fe=7 bytes=1425
  decl 65675673 declaration L490 members=1 pub=1 realized=0 deps=0 fe=7 bytes=454
  decl 40aafb67 declaration L496 members=2 pub=1 realized=0 deps=2 fe=0 bytes=2358
  effect 51e326ae alias L511 members=1 pub=1 realized=0 deps=3 fe=0 bytes=467
  decl ee059804 declaration L513 members=1 pub=1 realized=0 deps=3 fe=9 bytes=578
  decl 1d03b3aa declaration L522 members=1 pub=1 realized=0 deps=0 fe=7 bytes=456
  decl f0523091 declaration L529 members=1 pub=1 realized=2 deps=1 fe=7 bytes=1246
  decl 1776dbb3 declaration L532 members=1 pub=1 realized=0 deps=2 fe=7 bytes=523
  decl 2f18c83e declaration L536 members=1 pub=1 realized=0 deps=1 fe=7 bytes=638
  decl 4443ef29 declaration L539 members=1 pub=1 realized=0 deps=2 fe=7 bytes=865
  decl ea7c99e9 declaration L547 members=1 pub=1 realized=0 deps=2 fe=7 bytes=508
  decl 949af01c declaration L550 members=1 pub=1 realized=0 deps=2 fe=7 bytes=614
  decl e71452b3 declaration L553 members=1 pub=1 realized=0 deps=3 fe=7 bytes=570
  decl b8ae64ea declaration L556 members=1 pub=1 realized=0 deps=2 fe=7 bytes=559
  decl 015d02fa declaration L559 members=1 pub=1 realized=0 deps=2 fe=7 bytes=575
  decl 688c413f declaration L562 members=1 pub=1 realized=0 deps=1 fe=7 bytes=464
  decl ce8e2518 declaration L571 members=1 pub=1 realized=0 deps=0 fe=7 bytes=318
  decl f963120a declaration L576 members=1 pub=1 realized=0 deps=1 fe=7 bytes=423
  effect c8189841 lemma L579 members=1 pub=1 realized=0 deps=2 fe=7 bytes=513
  decl eb273447 declaration L583 members=1 pub=1 realized=0 deps=2 fe=8 bytes=445
  decl 20c5d203 declaration L586 members=1 pub=1 realized=0 deps=2 fe=8 bytes=618
  decl 661c5121 declaration L589 members=1 pub=1 realized=0 deps=2 fe=8 bytes=533
  decl 82b08481 declaration L592 members=1 pub=1 realized=0 deps=1 fe=8 bytes=422
  decl c4bbbeef declaration L595 members=2 pub=1 realized=0 deps=3 fe=8 bytes=1880
  decl 445c963d declaration L599 members=1 pub=1 realized=0 deps=3 fe=8 bytes=523
  decl a53e5435 declaration L602 members=1 pub=1 realized=0 deps=1 fe=8 bytes=525
  decl a32356ba declaration L606 members=2 pub=1 realized=0 deps=2 fe=8 bytes=738
  decl a4a83728 declaration L610 members=1 pub=1 realized=0 deps=2 fe=8 bytes=697
  decl 267a19c8 declaration L614 members=1 pub=1 realized=0 deps=1 fe=8 bytes=441
  decl 41481540 declaration L619 members=2 pub=1 realized=0 deps=1 fe=8 bytes=1573
  decl c6573032 declaration L625 members=1 pub=1 realized=0 deps=2 fe=8 bytes=706
  decl c35661e3 declaration L629 members=1 pub=1 realized=0 deps=4 fe=8 bytes=761
  decl 1444bbc8 declaration L642 members=1 pub=1 realized=2 deps=0 fe=8 bytes=428
  decl 6bdbe3ad declaration L647 members=1 pub=1 realized=0 deps=1 fe=8 bytes=548
  decl f925fd25 declaration L651 members=1 pub=1 realized=0 deps=1 fe=9 bytes=585
  effect 23f184f2 lemma L655 members=1 pub=1 realized=0 deps=1 fe=10 bytes=858
  decl 075cb608 declaration L667 members=1 pub=1 realized=0 deps=3 fe=9 bytes=1597
  decl 08c1aad8 declaration L672 members=1 pub=1 realized=0 deps=2 fe=10 bytes=750
  decl 4252f0b7 declaration L677 members=1 pub=1 realized=0 deps=3 fe=9 bytes=691
  decl c658bec4 declaration L682 members=1 pub=1 realized=0 deps=2 fe=10 bytes=869
  effect f05e0866 lemma L686 members=1 pub=1 realized=0 deps=3 fe=9 bytes=1757
  decl 970d6b1c declaration L691 members=2 pub=1 realized=0 deps=2 fe=11 bytes=1836
  decl 5704fd57 declaration L696 members=1 pub=1 realized=0 deps=2 fe=11 bytes=750
  decl cb2e6243 declaration L700 members=1 pub=1 realized=0 deps=2 fe=11 bytes=747
  effect e7696756 lemma L704 members=3 pub=1 realized=0 deps=2 fe=12 bytes=1571
  effect fa95ee5b lemma L706 members=2 pub=1 realized=0 deps=2 fe=12 bytes=919
  effect e7a1a9de lemma L708 members=1 pub=1 realized=0 deps=2 fe=13 bytes=577
  effect a7818bb1 lemma L710 members=1 pub=1 realized=0 deps=2 fe=14 bytes=577
  decl a640c353 declaration L712 members=1 pub=1 realized=0 deps=2 fe=16 bytes=643
  decl ed018291 declaration L716 members=1 pub=1 realized=0 deps=2 fe=16 bytes=667
  decl e7f50281 declaration L722 members=1 pub=1 realized=0 deps=2 fe=17 bytes=640
  decl d4c2375c declaration L727 members=1 pub=1 realized=0 deps=4 fe=15 bytes=1165
  decl 4766bca8 declaration L731 members=1 pub=1 realized=0 deps=2 fe=17 bytes=760
  decl ef8179a1 declaration L737 members=1 pub=1 realized=0 deps=2 fe=17 bytes=688
  effect cc6f63fb lemma L743 members=4 pub=1 realized=0 deps=1 fe=17 bytes=7980
  effect 20a9ca11 lemma L761 members=2 pub=1 realized=0 deps=2 fe=17 bytes=1914
  decl 34940497 declaration L769 members=2 pub=1 realized=0 deps=2 fe=18 bytes=4060
  decl 56f0b396 declaration L774 members=2 pub=1 realized=0 deps=2 fe=18 bytes=5778
  decl 602b1919 declaration L779 members=2 pub=1 realized=0 deps=2 fe=18 bytes=10111
  decl c1279286 declaration L783 members=1 pub=1 realized=0 deps=2 fe=19 bytes=649
  decl 1d037c80 declaration L787 members=2 pub=1 realized=0 deps=2 fe=18 bytes=5669
  decl 1c0473a3 declaration L791 members=2 pub=1 realized=0 deps=2 fe=18 bytes=3172
  decl ac371761 declaration L796 members=1 pub=1 realized=0 deps=3 fe=18 bytes=1940
  decl 6214ca37 declaration L804 members=2 pub=1 realized=0 deps=4 fe=19 bytes=2129
  decl cf230eb6 declaration L822 members=1 pub=1 realized=0 deps=0 fe=17 bytes=471
  decl 4090a9cf declaration L838 members=1 pub=1 realized=0 deps=0 fe=17 bytes=316
  decl 1afd52de declaration L842 members=1 pub=1 realized=0 deps=1 fe=17 bytes=1378
  effect 809c5f89 lemma L847 members=1 pub=1 realized=0 deps=1 fe=17 bytes=476
  effect fa9a80cd lemma L850 members=2 pub=1 realized=0 deps=3 fe=18 bytes=1678
  decl e0bff10b declaration L856 members=1 pub=1 realized=0 deps=3 fe=17 bytes=630
  decl 11465625 declaration L861 members=1 pub=1 realized=0 deps=2 fe=19 bytes=1020
  decl 18d000ad declaration L867 members=1 pub=1 realized=0 deps=2 fe=19 bytes=504
  decl 95804948 declaration L872 members=1 pub=1 realized=0 deps=3 fe=19 bytes=3995
  effect 50434c02 lemma L888 members=1 pub=1 realized=0 deps=3 fe=21 bytes=1968
  effect 0085c7e1 lemma L893 members=1 pub=1 realized=0 deps=1 fe=22 bytes=720
  decl 4f86b742 declaration L897 members=1 pub=1 realized=0 deps=2 fe=22 bytes=1077
  effect 035fad14 lemma L904 members=1 pub=1 realized=0 deps=3 fe=23 bytes=679
  effect b8ee7c10 lemma L908 members=1 pub=1 realized=0 deps=1 fe=24 bytes=524
  decl f650ab8c declaration L912 members=1 pub=1 realized=0 deps=2 fe=24 bytes=602
  decl 4604d602 declaration L916 members=2 pub=1 realized=0 deps=6 fe=28 bytes=5014
  decl 0d0ff003 declaration L925 members=1 pub=1 realized=0 deps=2 fe=25 bytes=680
  decl 29f0ff93 declaration L929 members=1 pub=1 realized=0 deps=1 fe=22 bytes=534
  decl b6ea5aa0 declaration L933 members=3 pub=1 realized=0 deps=2 fe=22 bytes=5277
  decl 0c3a53b4 declaration L946 members=1 pub=1 realized=1 deps=5 fe=22 bytes=1543
  decl 97b08fbc declaration L955 members=1 pub=1 realized=0 deps=1 fe=26 bytes=345
  decl dd1919db declaration L957 members=1 pub=1 realized=0 deps=1 fe=26 bytes=570
  decl 78256822 declaration L961 members=1 pub=1 realized=0 deps=1 fe=26 bytes=575
  decl a19cc79d declaration L969 members=1 pub=1 realized=0 deps=0 fe=22 bytes=395
  decl 2fba3e11 declaration L972 members=1 pub=1 realized=0 deps=0 fe=22 bytes=424
  decl 4dfe0f97 declaration L975 members=1 pub=1 realized=0 deps=0 fe=22 bytes=422
  decl 4bfb99a0 declaration L978 members=1 pub=1 realized=0 deps=0 fe=22 bytes=438
  decl 2e3478dd declaration L981 members=1 pub=1 realized=0 deps=0 fe=22 bytes=445
  decl 879c3bc3 declaration L984 members=2 pub=1 realized=0 deps=3 fe=25 bytes=5408
  decl ae42e861 declaration L992 members=1 pub=1 realized=0 deps=3 fe=27 bytes=1077
  decl 853f9bef declaration L1005 members=11 pub=4 realized=0 deps=0 fe=22 bytes=2968
  effect 1622e39b mixfix L1014 members=3 pub=1 realized=0 deps=0 fe=23 bytes=2920
  decl 93a6f5c9 declaration L1016 members=1 pub=1 realized=0 deps=1 fe=22 bytes=373
  decl d283dfa1 declaration L1019 members=1 pub=1 realized=0 deps=1 fe=23 bytes=648
  decl 38699286 declaration L1024 members=1 pub=1 realized=0 deps=0 fe=22 bytes=205
  decl d47a2117 declaration L1028 members=1 pub=1 realized=0 deps=1 fe=22 bytes=220
  decl 8ae15761 declaration L1037 members=1 pub=1 realized=0 deps=1 fe=22 bytes=376
  decl 59f93592 declaration L1041 members=1 pub=1 realized=0 deps=1 fe=23 bytes=300
  decl 3eb2f444 declaration L1043 members=1 pub=1 realized=0 deps=2 fe=23 bytes=1022
  decl bb7a1525 declaration L1047 members=1 pub=1 realized=0 deps=1 fe=23 bytes=302
  decl 209ce55e declaration L1049 members=1 pub=1 realized=0 deps=2 fe=23 bytes=422
  decl e39b05d5 declaration L1051 members=1 pub=1 realized=0 deps=1 fe=23 bytes=377
  decl f06eec22 declaration L1053 members=1 pub=1 realized=0 deps=3 fe=23 bytes=543
  decl 4c4e4e9c declaration L1055 members=1 pub=1 realized=0 deps=1 fe=23 bytes=832
  decl 20000058 declaration L1059 members=1 pub=1 realized=0 deps=2 fe=23 bytes=481
  effect ce22cc9d lemma L1065 members=1 pub=1 realized=0 deps=1 fe=23 bytes=277
  effect 95fbf9a4 lemma L1066 members=1 pub=1 realized=0 deps=2 fe=23 bytes=307
  effect f57e341b lemma L1067 members=1 pub=1 realized=0 deps=2 fe=24 bytes=309
  effect d6e94f6a lemma L1068 members=1 pub=1 realized=0 deps=2 fe=25 bytes=307
  effect 249fa757 lemma L1070 members=3 pub=1 realized=1 deps=1 fe=24 bytes=893
  effect d5743dc6 alias L1074 members=1 pub=1 realized=0 deps=2 fe=1 bytes=402
  decl c82d565f declaration L1076 members=1 pub=1 realized=0 deps=0 fe=24 bytes=366
  decl b54ef618 declaration L1086 members=1 pub=1 realized=0 deps=1 fe=24 bytes=522
  decl 93067a58 declaration L1090 members=1 pub=1 realized=0 deps=1 fe=24 bytes=502
  decl f5d01d9e declaration L1094 members=3 pub=1 realized=0 deps=1 fe=24 bytes=2197
  decl b712c688 declaration L1098 members=1 pub=1 realized=0 deps=3 fe=24 bytes=734
  decl 573597de declaration L1103 members=1 pub=1 realized=0 deps=3 fe=24 bytes=785
  decl 84556cca declaration L1109 members=2 pub=1 realized=0 deps=1 fe=24 bytes=1119
  decl ff9d21c7 declaration L1116 members=1 pub=1 realized=0 deps=0 fe=24 bytes=367
  decl eb95a758 declaration L1123 members=1 pub=1 realized=0 deps=1 fe=24 bytes=509
  decl 0c814288 declaration L1126 members=1 pub=1 realized=0 deps=2 fe=24 bytes=572
  effect 2bf99378 lemma L1136 members=1 pub=1 realized=0 deps=0 fe=24 bytes=1824
  effect 17e35d98 lemma L1147 members=2 pub=1 realized=0 deps=2 fe=24 bytes=1244
  effect afb48585 lemma L1154 members=2 pub=1 realized=0 deps=3 fe=25 bytes=2323
  effect 4a31fd76 alias L1163 members=1 pub=1 realized=0 deps=2 fe=2 bytes=558
  effect 0ba2688b lemma L1166 members=2 pub=1 realized=0 deps=3 fe=26 bytes=1407
  effect 9f057299 alias L1173 members=1 pub=1 realized=0 deps=2 fe=3 bytes=530
  decl 9890d551 declaration L1176 members=1 pub=1 realized=0 deps=0 fe=24 bytes=431
  effect c8a92717 moduleDoc L1182 members=0 pub=0 realized=0 deps=0 fe=0 bytes=74
  decl d4683284 declaration L1184 members=2 pub=1 realized=0 deps=0 fe=0 bytes=1420
  decl ea1a0a1a declaration L1188 members=1 pub=1 realized=0 deps=0 fe=24 bytes=950
  decl 83e1771a declaration L1194 members=1 pub=1 realized=0 deps=0 fe=24 bytes=960
  decl a7ce8c16 declaration L1198 members=1 pub=1 realized=0 deps=0 fe=24 bytes=951
  effect 17af4782 moduleDoc L1202 members=0 pub=0 realized=0 deps=0 fe=0 bytes=74
  decl c86dac18 declaration L1205 members=2 pub=1 realized=0 deps=2 fe=24 bytes=758
  decl 9a637123 declaration L1210 members=2 pub=1 realized=0 deps=2 fe=25 bytes=622
  decl 37a037d0 declaration L1214 members=1 pub=1 realized=0 deps=0 fe=26 bytes=831
  decl 9be69cf3 declaration L1220 members=1 pub=1 realized=0 deps=1 fe=26 bytes=580
  decl f349fa54 declaration L1226 members=3 pub=1 realized=0 deps=0 fe=27 bytes=1899
  decl 934897d2 declaration L1231 members=1 pub=1 realized=0 deps=0 fe=26 bytes=412
  decl 1538115d declaration L1236 members=1 pub=1 realized=0 deps=1 fe=26 bytes=1087
  decl 0c694445 declaration L1242 members=1 pub=1 realized=0 deps=0 fe=26 bytes=463
  decl 4174a65b declaration L1246 members=1 pub=1 realized=0 deps=0 fe=26 bytes=397
  decl cda5f107 declaration L1250 members=1 pub=1 realized=0 deps=0 fe=26 bytes=375
  decl 732e2afd declaration L1258 members=1 pub=1 realized=0 deps=0 fe=26 bytes=288
  decl 0963daea declaration L1260 members=1 pub=1 realized=0 deps=0 fe=27 bytes=282
  decl 960256c3 declaration L1262 members=1 pub=1 realized=0 deps=0 fe=28 bytes=520
  => 265 groups, 48 skipped, 0 diagnostics (0 reject)
capture-time 5.02 s maxrss 514672 KB
source replay: 265/265 groups reproduce their declaration ID (14099 ms)
kernel replay: 265/265 groups accepted; 343 declarations added, 2 reserved names re-realized (166 ms)
isolated replay (exact deps only): 265/265
replay-time 171.71 s maxrss 525440 KB
export: 1 modules, 265 groups, 132059 bytes of source
  Mathlib.ParaleanExport.Logic.Function.Basic: 265 groups; imports #[Mathlib.Basic.ExistsUnique, Mathlib.Basic.Logic.Basic, Mathlib.Basic.Nonempty, Mathlib.Basic.Nontrivial.Defs, Mathlib.Logic.Function.Defs, Batteries.Tactic.Init, Mathlib.Order.Defs.Unbundled]
stock lake build: OK (8800 ms)
verify: 262/262 declaration groups identical in the stock-built oleans; 3 effect-only groups (build-checked)
export-time 13.72 s maxrss 1030128 KB
STATS {"aboveP95Bound":[],"capsuleBytes":{"max":1300,"median":462,"p95":753,"sum":131216},"commandBytes":{"max":974,"median":172,"sum":52801},"diagnostics":[],"encodingBytes":{"max":10111,"median":579,"sum":253258},"groups":265,"ratio":{"p50":2.752,"p95":4.779412},"rejected":0,"skipped":48}
