### M16 Mathlib.Logic.Relation
capture M16:Mathlib/Logic/Relation.lean
  effect f5f49e09 moduleDoc L16 members=0 pub=0 realized=0 deps=0 fe=0 bytes=74
  decl 4f27024f declaration L58 members=1 pub=1 realized=0 deps=0 fe=0 bytes=598
  effect f675ef4a alias L66 members=1 pub=1 realized=0 deps=0 fe=0 bytes=211
  decl 76d4d890 declaration L68 members=2 pub=1 realized=0 deps=0 fe=0 bytes=1350
  effect 1f6fd64d alias L73 members=1 pub=1 realized=0 deps=1 fe=0 bytes=339
  decl e7472321 declaration L75 members=1 pub=1 realized=0 deps=1 fe=1 bytes=429
  effect 9e7170f6 alias L80 members=1 pub=1 realized=0 deps=1 fe=0 bytes=349
  effect 6f90c6a7 alias L81 members=1 pub=1 realized=0 deps=1 fe=1 bytes=347
  decl cfe5be2a declaration L83 members=2 pub=1 realized=0 deps=0 fe=0 bytes=5074
  effect 5bf4b7dc alias L87 members=1 pub=1 realized=0 deps=1 fe=0 bytes=416
  effect e994c29c alias L88 members=1 pub=1 realized=0 deps=1 fe=1 bytes=421
  decl 1858c803 declaration L90 members=2 pub=1 realized=0 deps=0 fe=0 bytes=5352
  effect 1970558e alias L94 members=1 pub=1 realized=0 deps=1 fe=0 bytes=420
  decl 8ccca746 declaration L96 members=1 pub=1 realized=0 deps=0 fe=0 bytes=325
  effect 0b50e4a6 alias L99 members=1 pub=1 realized=0 deps=1 fe=0 bytes=315
  decl fd8ef3c3 declaration L101 members=1 pub=1 realized=0 deps=1 fe=1 bytes=471
  effect a1b4d012 alias L104 members=1 pub=1 realized=0 deps=1 fe=0 bytes=331
  decl c7ab95dc declaration L106 members=1 pub=1 realized=0 deps=1 fe=1 bytes=372
  effect 5b88aefa alias L109 members=1 pub=1 realized=0 deps=1 fe=0 bytes=360
  decl 5cbff8ff declaration L111 members=1 pub=1 realized=0 deps=1 fe=1 bytes=535
  decl eaa7114b declaration L114 members=1 pub=1 realized=0 deps=1 fe=0 bytes=371
  decl e19eee34 declaration L123 members=1 pub=1 realized=0 deps=0 fe=0 bytes=359
  effect ecb39e8e alias L126 members=1 pub=1 realized=0 deps=1 fe=0 bytes=364
  decl 0cd4504d declaration L128 members=1 pub=1 realized=0 deps=0 fe=0 bytes=416
  effect d2831a51 alias L131 members=1 pub=1 realized=0 deps=1 fe=0 bytes=364
  decl 2cae4fd7 declaration L133 members=1 pub=1 realized=0 deps=0 fe=0 bytes=390
  decl 6e7e5dc2 declaration L136 members=1 pub=1 realized=0 deps=3 fe=2 bytes=730
  decl 5c94f614 declaration L138 members=1 pub=1 realized=0 deps=0 fe=0 bytes=479
  decl f78b7413 declaration L149 members=1 pub=1 realized=0 deps=0 fe=0 bytes=331
  skipped Lean.Parser.Command.mixfix (local-effect)
  decl 4044ad94 declaration L159 members=1 pub=1 realized=1 deps=1 fe=0 bytes=865
  decl 0ec4c922 declaration L164 members=1 pub=1 realized=0 deps=2 fe=0 bytes=454
  decl fac13d31 declaration L167 members=1 pub=1 realized=0 deps=1 fe=2 bytes=884
  decl cd2c3c71 declaration L172 members=1 pub=1 realized=0 deps=2 fe=2 bytes=456
  decl f4a9ffe5 declaration L175 members=2 pub=1 realized=0 deps=2 fe=3 bytes=1195
  decl 776f4c79 declaration L179 members=2 pub=1 realized=0 deps=2 fe=4 bytes=1124
  decl 49fd327d declaration L183 members=2 pub=1 realized=0 deps=1 fe=6 bytes=7823
  decl cdc1c304 declaration L186 members=3 pub=1 realized=0 deps=1 fe=6 bytes=2994
  decl c165587d declaration L199 members=1 pub=1 realized=0 deps=0 fe=6 bytes=355
  decl a59057fd declaration L207 members=1 pub=1 realized=0 deps=1 fe=6 bytes=1003
  decl 27823609 declaration L215 members=2 pub=1 realized=0 deps=1 fe=6 bytes=1400
  decl 6a84ea0c declaration L226 members=1 pub=1 realized=0 deps=0 fe=6 bytes=441
  effect e1dfb54b lemma L234 members=1 pub=1 realized=0 deps=1 fe=6 bytes=577
  effect 0d9e10f9 lemma L237 members=2 pub=1 realized=0 deps=2 fe=6 bytes=12384
  effect ae5d4702 lemma L241 members=3 pub=1 realized=0 deps=2 fe=7 bytes=5415
  effect 525fd250 lemma L245 members=1 pub=1 realized=1 deps=1 fe=9 bytes=1147
  decl f1e75da3 declaration L247 members=1 pub=1 realized=0 deps=1 fe=10 bytes=620
  effect 4ef5cec0 lemma L250 members=1 pub=1 realized=0 deps=1 fe=4 bytes=936
  effect f907b319 alias L256 members=1 pub=1 realized=0 deps=2 fe=4 bytes=476
  decl 6d36f033 declaration L258 members=1 pub=1 realized=0 deps=1 fe=5 bytes=1605
  effect 20368f7d alias L264 members=1 pub=1 realized=0 deps=2 fe=5 bytes=423
  effect 3bb8f347 lemma L266 members=2 pub=1 realized=0 deps=2 fe=10 bytes=7003
  effect 9b3f4a2e alias L270 members=1 pub=1 realized=0 deps=2 fe=5 bytes=486
  effect cc53b797 lemma L272 members=1 pub=1 realized=0 deps=4 fe=7 bytes=977
  effect d6d4e391 lemma L278 members=2 pub=1 realized=0 deps=1 fe=13 bytes=2766
  decl 57bba299 declaration L282 members=2 pub=1 realized=0 deps=2 fe=13 bytes=3575
  decl 8f361bb8 declaration L287 members=1 pub=1 realized=0 deps=2 fe=14 bytes=757
  decl 7a93db67 declaration L291 members=1 pub=1 realized=0 deps=1 fe=14 bytes=1725
  decl 4f564345 declaration L298 members=1 pub=1 realized=0 deps=2 fe=14 bytes=731
  decl 99d5d242 declaration L302 members=1 pub=1 realized=0 deps=3 fe=14 bytes=1215
  decl 6ef1d366 declaration L306 members=1 pub=1 realized=0 deps=3 fe=14 bytes=961
  decl be232722 declaration L310 members=2 pub=1 realized=1 deps=2 fe=13 bytes=8837
  decl d9b3b148 declaration L314 members=2 pub=1 realized=0 deps=2 fe=13 bytes=7769
  decl 1a5e86e8 in L319 members=1 pub=1 realized=0 deps=1 fe=14 bytes=942
  effect 27b78609 lemma L323 members=2 pub=1 realized=0 deps=2 fe=13 bytes=3037
  decl 48579e5f in L327 members=2 pub=1 realized=0 deps=2 fe=14 bytes=6228
  effect 8996f452 lemma L332 members=1 pub=1 realized=0 deps=2 fe=15 bytes=557
  decl 0cca25e2 in L336 members=2 pub=1 realized=0 deps=2 fe=15 bytes=3918
  effect 86cc0e25 lemma L341 members=2 pub=1 realized=0 deps=2 fe=15 bytes=3382
  decl 77730a6b in L345 members=2 pub=1 realized=0 deps=2 fe=16 bytes=6598
  effect b8fb7336 lemma L351 members=1 pub=1 realized=0 deps=2 fe=17 bytes=557
  decl aac9401c in L355 members=2 pub=1 realized=0 deps=2 fe=17 bytes=6748
  effect 85b88c86 lemma L360 members=1 pub=1 realized=0 deps=2 fe=18 bytes=508
  decl efa7a086 in L364 members=2 pub=1 realized=0 deps=2 fe=18 bytes=6072
  effect ba8a70e5 lemma L369 members=1 pub=1 realized=0 deps=2 fe=19 bytes=511
  decl 710a1c9b declaration L373 members=2 pub=1 realized=0 deps=2 fe=19 bytes=5092
  effect c4e80fc2 lemma L377 members=1 pub=1 realized=0 deps=2 fe=20 bytes=543
  decl 999e7843 declaration L385 members=13 pub=5 realized=0 deps=0 fe=10 bytes=4596
  effect 139f1f06 attribute L391 members=0 pub=0 realized=0 deps=0 fe=10 bytes=74
  decl f162815d declaration L393 members=7 pub=5 realized=0 deps=0 fe=11 bytes=1973
  effect 72f7eaa7 attribute L399 members=0 pub=0 realized=0 deps=0 fe=10 bytes=74
  effect 295ee612 attribute L400 members=0 pub=0 realized=0 deps=0 fe=12 bytes=74
  decl a3a40551 declaration L402 members=1 pub=1 realized=0 deps=0 fe=9 bytes=226
  decl ae3597d2 in L407 members=17 pub=7 realized=0 deps=0 fe=0 bytes=9124
  effect d7e355a9 attribute L416 members=1 pub=1 realized=0 deps=0 fe=0 bytes=1812
  effect 44c79f09 attribute L417 members=0 pub=0 realized=0 deps=0 fe=13 bytes=74
  decl 506ed56b declaration L419 members=2 pub=1 realized=0 deps=2 fe=2 bytes=2176
  decl 4f6dcbf3 declaration L425 members=1 pub=1 realized=0 deps=3 fe=9 bytes=472
  decl 27912ed6 declaration L428 members=1 pub=1 realized=0 deps=2 fe=1 bytes=869
  decl 4880df6c declaration L432 members=1 pub=1 realized=0 deps=1 fe=10 bytes=389
  decl 4c9a8568 declaration L435 members=2 pub=1 realized=0 deps=1 fe=1 bytes=1863
  effect f51d0258 alias L440 members=1 pub=1 realized=0 deps=2 fe=0 bytes=365
  decl 922ef253 declaration L442 members=2 pub=1 realized=0 deps=2 fe=14 bytes=2954
  decl f834d2e4 declaration L449 members=1 pub=1 realized=0 deps=1 fe=9 bytes=348
  decl 1f6eadd6 declaration L452 members=1 pub=1 realized=0 deps=1 fe=9 bytes=353
  decl 776681a9 declaration L455 members=1 pub=1 realized=0 deps=3 fe=9 bytes=659
  decl b6357a67 declaration L460 members=2 pub=1 realized=0 deps=2 fe=9 bytes=549
  decl fbd0c94e declaration L464 members=1 pub=1 realized=0 deps=2 fe=9 bytes=398
  decl 85849ef2 declaration L466 members=1 pub=1 realized=0 deps=2 fe=0 bytes=417
  decl c4e3ac91 declaration L469 members=1 pub=1 realized=0 deps=1 fe=10 bytes=341
  decl 66bbc7b1 declaration L473 members=1 pub=1 realized=0 deps=2 fe=0 bytes=413
  decl 25d0e334 declaration L476 members=2 pub=1 realized=0 deps=1 fe=10 bytes=609
  decl 247bce9b declaration L479 members=1 pub=1 realized=0 deps=2 fe=10 bytes=455
  decl 1d591581 declaration L480 members=1 pub=1 realized=0 deps=2 fe=10 bytes=455
  effect f16ab034 alias L482 members=1 pub=1 realized=0 deps=2 fe=0 bytes=395
  effect 52be933c alias L483 members=1 pub=1 realized=0 deps=2 fe=0 bytes=400
  decl b372db32 declaration L489 members=1 pub=1 realized=0 deps=1 fe=11 bytes=663
  decl 5cbca542 declaration L495 members=1 pub=1 realized=0 deps=1 fe=11 bytes=492
  decl 0aebd495 declaration L498 members=1 pub=1 realized=0 deps=2 fe=10 bytes=494
  decl 93dcb1cc declaration L501 members=1 pub=1 realized=0 deps=1 fe=11 bytes=757
  decl f106d4df declaration L506 members=1 pub=1 realized=0 deps=2 fe=1 bytes=777
  effect 3c4f95c5 alias L512 members=1 pub=1 realized=0 deps=2 fe=0 bytes=370
  decl 7509d665 declaration L514 members=1 pub=1 realized=0 deps=1 fe=10 bytes=568
  decl 08465667 declaration L517 members=1 pub=1 realized=0 deps=2 fe=11 bytes=1720
  decl 43194001 declaration L529 members=1 pub=1 realized=0 deps=3 fe=11 bytes=1122
  decl cf9da30b declaration L539 members=3 pub=1 realized=0 deps=2 fe=14 bytes=2634
  decl 5efcb7b2 declaration L542 members=1 pub=1 realized=0 deps=3 fe=11 bytes=1088
  decl ac1c6129 declaration L548 members=4 pub=1 realized=1 deps=2 fe=15 bytes=14998
  decl b05afc5b declaration L554 members=1 pub=1 realized=0 deps=2 fe=11 bytes=795
  decl c91c15fd declaration L562 members=1 pub=1 realized=0 deps=2 fe=11 bytes=408
  decl a997e9ad declaration L565 members=1 pub=1 realized=0 deps=1 fe=12 bytes=618
  effect 7b1d365d attribute L570 members=0 pub=0 realized=0 deps=0 fe=10 bytes=74
  decl a18cbef4 declaration L572 members=1 pub=1 realized=0 deps=2 fe=11 bytes=489
  decl 8795e6e7 declaration L575 members=1 pub=1 realized=0 deps=1 fe=12 bytes=713
  decl 877ada3c declaration L580 members=1 pub=1 realized=0 deps=2 fe=11 bytes=473
  decl c5d85c04 declaration L583 members=1 pub=1 realized=0 deps=1 fe=11 bytes=1528
  decl c2912192 declaration L595 members=1 pub=1 realized=0 deps=0 fe=12 bytes=786
  decl a4861dfa declaration L605 members=1 pub=1 realized=0 deps=2 fe=11 bytes=662
  decl aaaefbb8 declaration L610 members=2 pub=1 realized=0 deps=3 fe=12 bytes=2336
  decl 3d6ef0fb declaration L616 members=2 pub=1 realized=0 deps=2 fe=12 bytes=1935
  decl 80bb74e4 declaration L624 members=1 pub=1 realized=0 deps=1 fe=1 bytes=651
  effect 78e60a97 alias L630 members=1 pub=1 realized=0 deps=1 fe=1 bytes=300
  decl 4bb777fe declaration L632 members=1 pub=1 realized=0 deps=0 fe=2 bytes=301
  decl b485d3f9 declaration L635 members=1 pub=1 realized=0 deps=1 fe=1 bytes=471
  effect a6b6bfbf lemma L642 members=3 pub=1 realized=0 deps=1 fe=14 bytes=1142
  effect 5042fe72 lemma L647 members=1 pub=1 realized=0 deps=2 fe=11 bytes=387
  effect 87fc18f3 lemma L650 members=1 pub=1 realized=0 deps=3 fe=11 bytes=763
  decl ddb66be1 declaration L657 members=1 pub=1 realized=0 deps=1 fe=10 bytes=512
  decl 66452edc declaration L660 members=1 pub=1 realized=0 deps=1 fe=10 bytes=403
  decl e3067bec declaration L663 members=1 pub=1 realized=0 deps=1 fe=10 bytes=341
  decl 62db9304 declaration L666 members=2 pub=1 realized=0 deps=1 fe=10 bytes=498
  decl e4e35c0d declaration L674 members=1 pub=1 realized=0 deps=0 fe=12 bytes=346
  decl 3dd026aa declaration L677 members=1 pub=1 realized=0 deps=1 fe=12 bytes=404
  decl 579fa8a8 declaration L680 members=1 pub=1 realized=0 deps=2 fe=12 bytes=494
  decl 810581c1 declaration L683 members=1 pub=1 realized=0 deps=2 fe=12 bytes=494
  decl c854e07e declaration L686 members=1 pub=1 realized=0 deps=0 fe=17 bytes=656
  decl 3076b783 declaration L694 members=1 pub=1 realized=0 deps=2 fe=17 bytes=391
  decl 251013d6 declaration L698 members=1 pub=1 realized=0 deps=0 fe=12 bytes=897
  decl d685b9ed declaration L705 members=1 pub=1 realized=0 deps=3 fe=12 bytes=1104
  decl 1ef97017 declaration L710 members=1 pub=1 realized=0 deps=1 fe=12 bytes=519
  effect e1b368a4 lemma L713 members=1 pub=1 realized=0 deps=1 fe=12 bytes=589
  decl 44967a1f declaration L717 members=1 pub=1 realized=0 deps=1 fe=12 bytes=511
  effect 5fc36aac lemma L720 members=1 pub=1 realized=0 deps=2 fe=12 bytes=707
  decl a9269e09 declaration L723 members=1 pub=1 realized=0 deps=1 fe=12 bytes=843
  decl c8010cd9 declaration L729 members=1 pub=1 realized=0 deps=1 fe=12 bytes=428
  decl 040ca07c declaration L738 members=2 pub=1 realized=0 deps=2 fe=18 bytes=1382
  decl 7121bfe7 declaration L742 members=1 pub=1 realized=0 deps=3 fe=20 bytes=1836
  decl 16c2e4dc declaration L752 members=1 pub=1 realized=0 deps=4 fe=12 bytes=1261
  decl 642d997e declaration L756 members=1 pub=1 realized=0 deps=2 fe=11 bytes=581
  decl a5463c3a declaration L759 members=1 pub=1 realized=0 deps=2 fe=21 bytes=871
  decl f9964164 declaration L767 members=1 pub=1 realized=0 deps=2 fe=11 bytes=463
  decl 7af69034 declaration L770 members=1 pub=1 realized=0 deps=1 fe=11 bytes=463
  decl 5d67e656 declaration L773 members=1 pub=1 realized=0 deps=2 fe=1 bytes=540
  decl afe176e5 declaration L777 members=1 pub=1 realized=0 deps=2 fe=11 bytes=429
  decl a53c817c declaration L780 members=1 pub=1 realized=0 deps=3 fe=20 bytes=517
  decl f191cbe1 declaration L784 members=1 pub=1 realized=0 deps=4 fe=11 bytes=1250
  decl d9d093b8 declaration L789 members=1 pub=1 realized=0 deps=2 fe=11 bytes=587
  decl 4ebb91b9 declaration L793 members=1 pub=1 realized=0 deps=2 fe=12 bytes=1028
  decl 951429ca declaration L799 members=1 pub=1 realized=0 deps=2 fe=11 bytes=487
  effect bd05803b lemma L802 members=2 pub=1 realized=0 deps=4 fe=21 bytes=1118
  effect 9bc8e038 lemma L806 members=1 pub=1 realized=0 deps=8 fe=24 bytes=1828
  effect fdbb1f78 lemma L814 members=2 pub=1 realized=0 deps=5 fe=23 bytes=931
  effect 1d2271ab lemma L817 members=2 pub=1 realized=0 deps=5 fe=25 bytes=935
  effect 04f3ae9f lemma L820 members=1 pub=1 realized=0 deps=4 fe=25 bytes=848
  effect f51026f8 lemma L824 members=1 pub=1 realized=0 deps=4 fe=27 bytes=844
  decl b442593c declaration L834 members=1 pub=1 realized=0 deps=1 fe=15 bytes=605
  decl dd5d5ae4 declaration L837 members=1 pub=1 realized=0 deps=2 fe=15 bytes=407
  decl af4f28ab declaration L839 members=1 pub=1 realized=0 deps=2 fe=15 bytes=373
  decl 54ee0696 declaration L847 members=1 pub=1 realized=0 deps=1 fe=15 bytes=1212
  effect 42ee3c8b lemma L855 members=3 pub=1 realized=0 deps=1 fe=0 bytes=11858
  effect 83ab7537 lemma L861 members=2 pub=1 realized=0 deps=1 fe=1 bytes=9307
  effect 493ab3a1 lemma L867 members=1 pub=1 realized=0 deps=3 fe=10 bytes=839
  effect f2fab6b7 lemma L871 members=2 pub=1 realized=0 deps=3 fe=3 bytes=1338
  effect 6536d53a lemma L875 members=1 pub=1 realized=0 deps=3 fe=21 bytes=1024
  effect 9852704b lemma L881 members=1 pub=1 realized=0 deps=4 fe=25 bytes=1176
  effect 0299b5a7 lemma L888 members=1 pub=1 realized=0 deps=7 fe=33 bytes=884
  effect 9f88891c lemma L893 members=1 pub=1 realized=0 deps=6 fe=33 bytes=775
  effect ed459ab4 lemma L898 members=1 pub=1 realized=0 deps=7 fe=34 bytes=833
  effect 0993a45d lemma L903 members=1 pub=1 realized=0 deps=8 fe=34 bytes=889
  effect 96f96ceb lemma L908 members=1 pub=1 realized=0 deps=8 fe=37 bytes=1002
  effect 523cdecb lemma L913 members=1 pub=1 realized=0 deps=6 fe=26 bytes=919
  decl 051d165c declaration L918 members=1 pub=1 realized=0 deps=0 fe=19 bytes=256
  decl af61628e declaration L931 members=1 pub=1 realized=0 deps=4 fe=30 bytes=4940
  decl 3b6594f1 declaration L954 members=1 pub=1 realized=0 deps=1 fe=19 bytes=598
  effect 990c885a alias L957 members=1 pub=1 realized=0 deps=2 fe=0 bytes=479
  decl 6dec8515 declaration L959 members=2 pub=1 realized=0 deps=1 fe=0 bytes=985
  effect 8e0c8d8b alias L962 members=1 pub=1 realized=0 deps=2 fe=0 bytes=340
  decl 3e33f42d declaration L964 members=1 pub=1 realized=0 deps=1 fe=0 bytes=451
  effect a50d147c alias L967 members=1 pub=1 realized=0 deps=2 fe=0 bytes=360
  decl 173a4abd declaration L969 members=2 pub=1 realized=1 deps=1 fe=34 bytes=6521
  decl 06172a3e declaration L973 members=1 pub=1 realized=0 deps=4 fe=21 bytes=887
  decl f04aaa97 declaration L977 members=1 pub=1 realized=0 deps=6 fe=28 bytes=854
  decl 1b172348 declaration L982 members=1 pub=1 realized=0 deps=2 fe=19 bytes=825
  effect 57fa79bb alias L986 members=1 pub=1 realized=0 deps=2 fe=0 bytes=576
  decl efc9ca57 declaration L988 members=1 pub=1 realized=0 deps=3 fe=24 bytes=806
  effect 4eb0a39e alias L992 members=1 pub=1 realized=0 deps=2 fe=10 bytes=621
  decl e18d9b5a declaration L995 members=1 pub=1 realized=0 deps=2 fe=25 bytes=675
  effect 833ad71a alias L999 members=1 pub=1 realized=0 deps=2 fe=10 bytes=580
  decl 539f8ff9 declaration L1012 members=1 pub=1 realized=0 deps=2 fe=27 bytes=769
  decl 9fc8762a declaration L1016 members=1 pub=1 realized=0 deps=1 fe=27 bytes=730
  decl 6a10c368 declaration L1019 members=5 pub=1 realized=0 deps=1 fe=41 bytes=2754
  decl 7cc384c3 declaration L1022 members=1 pub=1 realized=0 deps=2 fe=27 bytes=532
  => 211 groups, 51 skipped, 0 diagnostics (0 reject)
capture-time 4.35 s maxrss 521616 KB
source replay: 211/211 groups reproduce their declaration ID (12596 ms)
kernel replay: 211/211 groups accepted; 278 declarations added, 4 reserved names re-realized (220 ms)
isolated replay (exact deps only): 211/211
replay-time 256.55 s maxrss 531232 KB
export: 1 modules, 211 groups, 103905 bytes of source
  Mathlib.ParaleanExport.Logic.Relation: 211 groups; imports #[Mathlib.Logic.Relator, Mathlib.Tactic.Use, Mathlib.Tactic.MkIffOfInductiveProp, Mathlib.Tactic.SimpRw, Mathlib.Order.Defs.Prop, Mathlib.Order.Defs.Unbundled, Batteries.Logic]
stock lake build: OK (10486 ms)
verify: 205/205 declaration groups identical in the stock-built oleans; 6 effect-only groups (build-checked)
export-time 16.30 s maxrss 1030272 KB
STATS {"aboveP95Bound":[],"capsuleBytes":{"max":2348,"median":465,"p95":687,"sum":103140},"commandBytes":{"max":2212,"median":138,"sum":35840},"diagnostics":[],"encodingBytes":{"max":14998,"median":621,"sum":306703},"groups":211,"ratio":{"p50":3.296296,"p95":6.961538},"rejected":0,"skipped":51}
