### M01 Mathlib.Order.Basic
capture M01:Mathlib/Order/Basic.lean
  effect 4bb5dece moduleDoc L19 members=0 pub=0 realized=0 deps=0 fe=0 bytes=74
  effect 15723f8c moduleDoc L65 members=0 pub=0 realized=0 deps=0 fe=0 bytes=74
  effect 345c82d3 attribute L67 members=3 pub=2 realized=0 deps=0 fe=0 bytes=1738
  effect 9c983944 lemma L73 members=1 pub=1 realized=0 deps=0 fe=0 bytes=252
  effect f2843a53 lemma L74 members=1 pub=1 realized=0 deps=0 fe=0 bytes=252
  effect c4b39f99 alias L76 members=2 pub=2 realized=0 deps=0 fe=0 bytes=384
  effect 4e4b397c alias L77 members=2 pub=2 realized=0 deps=0 fe=0 bytes=383
  effect f793a9be lemma L85 members=1 pub=1 realized=0 deps=0 fe=0 bytes=252
  effect 77fb4e22 lemma L86 members=1 pub=1 realized=0 deps=0 fe=0 bytes=252
  effect 96c7d9a2 alias L88 members=2 pub=2 realized=0 deps=0 fe=0 bytes=384
  effect 9fe58cd2 alias L89 members=2 pub=2 realized=0 deps=0 fe=0 bytes=383
  decl 1cec467d declaration L93 members=1 pub=1 realized=1 deps=0 fe=0 bytes=263
  effect c6a3c123 mixfix L99 members=3 pub=1 realized=0 deps=0 fe=1 bytes=3006
  decl 53bf4cc4 declaration L101 members=1 pub=1 realized=0 deps=1 fe=1 bytes=407
  effect 817577a8 moduleDoc L105 members=0 pub=0 realized=0 deps=0 fe=0 bytes=74
  decl d3457c5e declaration L111 members=1 pub=1 realized=0 deps=0 fe=1 bytes=840
  effect 9078ff52 lemma L116 members=3 pub=1 realized=0 deps=1 fe=1 bytes=1016
  effect 87187a54 lemma L120 members=2 pub=1 realized=0 deps=0 fe=1 bytes=438
  effect c2c48517 alias L123 members=2 pub=2 realized=0 deps=0 fe=0 bytes=397
  effect 7e3f8e4a alias L124 members=2 pub=2 realized=0 deps=0 fe=0 bytes=397
  effect f9442646 alias L125 members=2 pub=2 realized=0 deps=0 fe=0 bytes=390
  effect e67618c9 alias L126 members=2 pub=2 realized=0 deps=0 fe=0 bytes=390
  effect 348c6e2b alias L127 members=2 pub=2 realized=0 deps=0 fe=0 bytes=451
  effect 7a082706 alias L128 members=2 pub=2 realized=0 deps=0 fe=0 bytes=451
  effect e8d2ed89 alias L130 members=1 pub=1 realized=0 deps=0 fe=0 bytes=358
  effect a8167523 alias L131 members=1 pub=1 realized=0 deps=0 fe=0 bytes=295
  effect f2761a3e alias L132 members=1 pub=1 realized=0 deps=0 fe=0 bytes=281
  effect f1d79ce3 alias L133 members=1 pub=1 realized=0 deps=0 fe=0 bytes=282
  effect af951401 alias L135 members=2 pub=2 realized=0 deps=0 fe=0 bytes=331
  effect 47357f2a alias L136 members=2 pub=2 realized=0 deps=0 fe=0 bytes=332
  effect 441cc785 lemma L138 members=1 pub=1 realized=0 deps=0 fe=2 bytes=270
  effect 7639d739 lemma L140 members=2 pub=2 realized=0 deps=1 fe=2 bytes=570
  decl b92bef1d declaration L142 members=2 pub=2 realized=0 deps=0 fe=2 bytes=493
  effect 003e0e2f lemma L145 members=2 pub=1 realized=0 deps=1 fe=2 bytes=539
  effect ed20dc17 lemma L149 members=2 pub=1 realized=0 deps=1 fe=3 bytes=560
  decl 136d476a declaration L152 members=2 pub=2 realized=0 deps=0 fe=3 bytes=442
  decl 6882df52 declaration L155 members=2 pub=2 realized=0 deps=1 fe=3 bytes=767
  decl 6fbd6ebc declaration L159 members=1 pub=1 realized=0 deps=1 fe=3 bytes=504
  decl de161ff1 declaration L164 members=1 pub=1 realized=0 deps=2 fe=3 bytes=614
  decl 39eea64a declaration L169 members=1 pub=1 realized=0 deps=1 fe=3 bytes=520
  decl 582b3e5a declaration L174 members=1 pub=1 realized=0 deps=2 fe=3 bytes=614
  effect 4977b7c8 attribute L179 members=0 pub=0 realized=0 deps=0 fe=0 bytes=74
  decl b9deac2b declaration L181 members=2 pub=2 realized=0 deps=0 fe=4 bytes=569
  decl 472d188e declaration L187 members=2 pub=1 realized=0 deps=0 fe=3 bytes=1400
  effect 476a5c11 moduleDoc L199 members=0 pub=0 realized=0 deps=0 fe=0 bytes=74
  decl dcfaffcf declaration L205 members=2 pub=2 realized=0 deps=0 fe=3 bytes=623
  effect e9837e44 alias L211 members=2 pub=2 realized=0 deps=0 fe=0 bytes=429
  effect f07b180d alias L212 members=2 pub=2 realized=0 deps=0 fe=0 bytes=465
  decl 25c8d05c declaration L214 members=2 pub=2 realized=0 deps=1 fe=3 bytes=753
  decl 94151f67 declaration L217 members=2 pub=2 realized=0 deps=1 fe=3 bytes=717
  decl effe313b declaration L220 members=2 pub=2 realized=0 deps=2 fe=3 bytes=832
  effect 8ed37bc1 lemma L226 members=2 pub=2 realized=0 deps=2 fe=1 bytes=929
  decl 37a27086 declaration L232 members=2 pub=2 realized=0 deps=0 fe=3 bytes=717
  decl acb89e7e declaration L236 members=2 pub=2 realized=0 deps=0 fe=3 bytes=639
  decl 05c24608 declaration L239 members=4 pub=2 realized=0 deps=1 fe=3 bytes=1905
  decl 1d2443e8 declaration L244 members=4 pub=2 realized=0 deps=3 fe=4 bytes=2647
  decl ace5d9ed declaration L249 members=2 pub=2 realized=0 deps=1 fe=3 bytes=750
  decl e47d00bb declaration L254 members=2 pub=2 realized=0 deps=0 fe=3 bytes=676
  decl 6d902b95 declaration L258 members=2 pub=2 realized=0 deps=0 fe=3 bytes=598
  effect 0576cca4 alias L261 members=2 pub=2 realized=0 deps=0 fe=0 bytes=551
  effect 3e6690d2 alias L262 members=2 pub=2 realized=0 deps=1 fe=0 bytes=630
  effect 85d4b654 alias L263 members=2 pub=2 realized=0 deps=0 fe=0 bytes=475
  effect 80c1376a alias L264 members=2 pub=2 realized=0 deps=1 fe=0 bytes=572
  decl 8705f7ca declaration L266 members=2 pub=2 realized=0 deps=1 fe=3 bytes=779
  effect 51941f2b alias L269 members=2 pub=2 realized=0 deps=1 fe=0 bytes=600
  decl 070d9618 declaration L271 members=2 pub=2 realized=0 deps=1 fe=3 bytes=726
  decl 59773f8d declaration L274 members=2 pub=2 realized=0 deps=0 fe=3 bytes=696
  decl b8586042 declaration L278 members=2 pub=2 realized=0 deps=0 fe=3 bytes=1125
  decl 7ef60aeb declaration L282 members=4 pub=2 realized=0 deps=1 fe=3 bytes=907
  effect 6cb15720 lemma L286 members=1 pub=1 realized=0 deps=1 fe=5 bytes=517
  effect 3aa991fc lemma L291 members=1 pub=1 realized=0 deps=0 fe=0 bytes=1065
  effect 4d9872bb lemma L307 members=2 pub=2 realized=0 deps=1 fe=4 bytes=854
  effect 7c328b8c lemma L310 members=2 pub=2 realized=0 deps=1 fe=4 bytes=854
  effect 69595162 lemma L313 members=2 pub=2 realized=0 deps=1 fe=4 bytes=854
  effect fda95400 lemma L320 members=2 pub=2 realized=0 deps=1 fe=4 bytes=854
  decl e775c19d declaration L325 members=2 pub=2 realized=0 deps=0 fe=4 bytes=541
  decl f05b99c3 declaration L329 members=3 pub=2 realized=0 deps=0 fe=4 bytes=691
  decl 91d7ff8d declaration L334 members=2 pub=2 realized=0 deps=1 fe=5 bytes=966
  decl b8b73042 declaration L338 members=4 pub=2 realized=0 deps=0 fe=5 bytes=1829
  effect a2dd8990 lemma L344 members=6 pub=2 realized=0 deps=2 fe=1 bytes=5023
  decl 308be71d declaration L351 members=2 pub=2 realized=0 deps=0 fe=5 bytes=656
  decl 7c145641 declaration L355 members=2 pub=2 realized=0 deps=1 fe=6 bytes=928
  decl 55dcd153 declaration L359 members=2 pub=2 realized=0 deps=0 fe=5 bytes=646
  decl 87fd3797 declaration L363 members=2 pub=2 realized=0 deps=0 fe=5 bytes=646
  decl 69c63ba7 declaration L367 members=2 pub=2 realized=0 deps=3 fe=7 bytes=1228
  decl 5bc7ff4f declaration L371 members=2 pub=2 realized=0 deps=3 fe=7 bytes=1228
  decl 524c2262 declaration L375 members=2 pub=2 realized=0 deps=2 fe=7 bytes=1011
  effect 44405280 lemma L379 members=2 pub=1 realized=0 deps=0 fe=5 bytes=3048
  effect 13ae59b9 moduleDoc L384 members=0 pub=0 realized=0 deps=0 fe=0 bytes=74
  effect de2209e2 lemma L389 members=2 pub=2 realized=0 deps=0 fe=5 bytes=1468
  effect f422ca89 lemma L393 members=2 pub=2 realized=0 deps=1 fe=5 bytes=806
  effect 6b71772f lemma L397 members=3 pub=2 realized=0 deps=0 fe=5 bytes=2397
  effect ff36b6f8 lemma L401 members=2 pub=2 realized=0 deps=1 fe=5 bytes=2240
  effect 590d5683 moduleDoc L408 members=0 pub=0 realized=0 deps=0 fe=0 bytes=74
  effect df3a8906 lemma L410 members=1 pub=1 realized=0 deps=0 fe=5 bytes=670
  effect 94733d11 lemma L415 members=1 pub=1 realized=0 deps=1 fe=5 bytes=774
  effect 703c8d78 lemma L420 members=1 pub=1 realized=0 deps=0 fe=5 bytes=825
  effect 63a9e512 lemma L425 members=1 pub=1 realized=0 deps=0 fe=5 bytes=799
  effect 6c5f37ec lemma L429 members=1 pub=1 realized=0 deps=1 fe=5 bytes=986
  effect bb715cce lemma L434 members=1 pub=1 realized=0 deps=0 fe=5 bytes=590
  effect 5749553d moduleDoc L439 members=0 pub=0 realized=0 deps=0 fe=0 bytes=74
  effect 24e6ac23 lemma L441 members=3 pub=2 realized=0 deps=0 fe=5 bytes=7036
  effect 52dcb137 lemma L453 members=2 pub=2 realized=0 deps=0 fe=5 bytes=2197
  effect 3b1da0a3 lemma L457 members=3 pub=2 realized=0 deps=0 fe=5 bytes=38573
  effect cd70d7f9 lemma L485 members=1 pub=1 realized=0 deps=2 fe=5 bytes=650
  effect 6257fb40 lemma L489 members=1 pub=1 realized=0 deps=3 fe=5 bytes=795
  effect ca57e7f1 lemma L493 members=1 pub=1 realized=0 deps=3 fe=5 bytes=1401
  effect 37a1ab50 lemma L497 members=1 pub=1 realized=0 deps=4 fe=5 bytes=942
  effect c2bd1099 lemma L501 members=1 pub=1 realized=0 deps=2 fe=5 bytes=581
  effect 0a8c018f moduleDoc L505 members=0 pub=0 realized=0 deps=0 fe=0 bytes=74
  decl a2d26d7d declaration L508 members=1 pub=1 realized=0 deps=0 fe=5 bytes=155
  decl df9d3a92 declaration L511 members=2 pub=2 realized=2 deps=0 fe=5 bytes=433
  decl c65e1bac declaration L515 members=4 pub=2 realized=0 deps=1 fe=5 bytes=815
  decl 03469bf5 declaration L520 members=2 pub=2 realized=0 deps=1 fe=5 bytes=655
  decl 92348c03 declaration L525 members=1 pub=1 realized=0 deps=2 fe=6 bytes=499
  decl 03fc477b declaration L528 members=1 pub=1 realized=0 deps=2 fe=6 bytes=538
  decl 1c78ffef declaration L531 members=1 pub=1 realized=0 deps=2 fe=6 bytes=1186
  decl 58cc015b declaration L532 members=1 pub=1 realized=0 deps=2 fe=6 bytes=1186
  decl 607911c2 declaration L533 members=1 pub=1 realized=0 deps=2 fe=6 bytes=1239
  decl c080e5eb declaration L534 members=1 pub=1 realized=0 deps=2 fe=6 bytes=1239
  decl c6998de0 declaration L536 members=1 pub=1 realized=0 deps=2 fe=6 bytes=2708
  effect e43c0e16 moduleDoc L540 members=0 pub=0 realized=0 deps=0 fe=0 bytes=74
  decl e75d23a1 declaration L542 members=4 pub=1 realized=0 deps=0 fe=0 bytes=1263
  decl 900727d9 declaration L547 members=3 pub=1 realized=0 deps=1 fe=6 bytes=2335
  decl 5be7a71e declaration L552 members=2 pub=1 realized=0 deps=2 fe=2 bytes=871
  effect 400bb50f lemma L560 members=2 pub=1 realized=0 deps=0 fe=6 bytes=887
  effect 331d6e05 lemma L565 members=1 pub=1 realized=0 deps=1 fe=6 bytes=1134
  effect 24102268 lemma L569 members=1 pub=1 realized=0 deps=1 fe=7 bytes=1134
  decl bf22e9dc declaration L577 members=1 pub=1 realized=0 deps=0 fe=7 bytes=291
  skipped Lean.Parser.Command.mixfix (local-effect)
  decl 30d7205b declaration L587 members=1 pub=1 realized=0 deps=2 fe=7 bytes=585
  decl a0348df2 declaration L590 members=1 pub=1 realized=0 deps=4 fe=7 bytes=1063
  decl bd593e92 declaration L595 members=2 pub=2 realized=0 deps=2 fe=8 bytes=964
  effect 5e6e9e5d alias L599 members=1 pub=1 realized=0 deps=2 fe=0 bytes=531
  effect ecf0504e alias L601 members=1 pub=1 realized=0 deps=3 fe=0 bytes=599
  effect 660a4899 alias L603 members=2 pub=2 realized=0 deps=2 fe=0 bytes=875
  decl fe64d086 declaration L612 members=2 pub=2 realized=0 deps=0 fe=7 bytes=835
  decl 7cd8f967 declaration L616 members=2 pub=1 realized=0 deps=1 fe=7 bytes=2005
  decl e4d6602f declaration L621 members=3 pub=1 realized=0 deps=1 fe=7 bytes=1969
  decl 8e5ba225 declaration L625 members=2 pub=1 realized=0 deps=3 fe=7 bytes=946
  decl b071d2da declaration L629 members=5 pub=2 realized=0 deps=1 fe=9 bytes=2542
  decl b81535e3 declaration L632 members=4 pub=2 realized=0 deps=3 fe=9 bytes=2310
  decl aca522ad declaration L637 members=2 pub=2 realized=2 deps=0 fe=11 bytes=463
  decl 95ea3948 declaration L641 members=4 pub=2 realized=0 deps=1 fe=11 bytes=887
  decl 9f5c231a declaration L646 members=2 pub=2 realized=0 deps=1 fe=11 bytes=701
  decl 1dd6f530 declaration L655 members=2 pub=1 realized=0 deps=1 fe=12 bytes=991
  decl 69be5ee8 declaration L658 members=3 pub=1 realized=0 deps=3 fe=12 bytes=2034
  effect 622d82aa moduleDoc L663 members=0 pub=0 realized=0 deps=0 fe=0 bytes=74
  decl d23ee697 declaration L665 members=4 pub=1 realized=0 deps=0 fe=0 bytes=2430
  decl bb6b9707 declaration L677 members=2 pub=1 realized=0 deps=1 fe=0 bytes=1671
  decl ac9a47a8 declaration L688 members=8 pub=1 realized=0 deps=1 fe=14 bytes=8065
  effect e0847d54 moduleDoc L708 members=0 pub=0 realized=0 deps=0 fe=0 bytes=74
  decl 30319b62 declaration L715 members=3 pub=1 realized=0 deps=1 fe=14 bytes=778
  decl 7913322a declaration L725 members=3 pub=1 realized=0 deps=1 fe=14 bytes=901
  decl 27e2c496 declaration L736 members=8 pub=1 realized=0 deps=3 fe=14 bytes=7807
  decl 418d5c97 declaration L748 members=4 pub=1 realized=0 deps=1 fe=14 bytes=1996
  decl aa369b7e declaration L769 members=3 pub=1 realized=0 deps=1 fe=14 bytes=1373
  decl 8bd005d2 declaration L780 members=2 pub=1 realized=0 deps=2 fe=14 bytes=2006
  decl 59265bf5 declaration L798 members=1 pub=1 realized=0 deps=2 fe=14 bytes=1021
  effect 4635a523 moduleDoc L812 members=0 pub=0 realized=0 deps=0 fe=0 bytes=74
  decl 12d6b5b3 declaration L817 members=3 pub=1 realized=0 deps=0 fe=14 bytes=710
  decl e381df09 declaration L822 members=3 pub=1 realized=0 deps=0 fe=15 bytes=710
  decl 5bd3db1d declaration L827 members=3 pub=1 realized=0 deps=0 fe=16 bytes=611
  decl 3c99f8a1 declaration L831 members=3 pub=1 realized=0 deps=0 fe=17 bytes=611
  decl a4b41e5d declaration L835 members=4 pub=1 realized=0 deps=2 fe=18 bytes=1742
  decl bfa53ad0 declaration L838 members=2 pub=1 realized=0 deps=3 fe=18 bytes=1113
  decl 67aaa5ad declaration L841 members=1 pub=1 realized=0 deps=0 fe=18 bytes=373
  decl 381803aa declaration L844 members=1 pub=1 realized=0 deps=0 fe=18 bytes=373
  decl 10104480 declaration L847 members=8 pub=1 realized=0 deps=4 fe=18 bytes=4982
  effect b9eb5908 moduleDoc L858 members=0 pub=0 realized=0 deps=0 fe=0 bytes=74
  decl d5df2ef8 declaration L870 members=1 pub=1 realized=0 deps=0 fe=0 bytes=403
  decl 9879e192 declaration L872 members=2 pub=1 realized=0 deps=1 fe=18 bytes=1081
  effect e3fcb447 lemma L876 members=1 pub=1 realized=0 deps=1 fe=18 bytes=511
  effect df6ff1d5 lemma L878 members=2 pub=1 realized=0 deps=1 fe=18 bytes=694
  effect 9ff2130a lemma L880 members=1 pub=1 realized=0 deps=1 fe=19 bytes=626
  effect 5e706722 lemma L883 members=2 pub=1 realized=0 deps=1 fe=19 bytes=717
  effect 47851e38 lemma L885 members=4 pub=2 realized=0 deps=1 fe=20 bytes=1082
  decl 538cfc28 declaration L894 members=9 pub=1 realized=0 deps=1 fe=0 bytes=6083
  decl b327c8a2 declaration L899 members=2 pub=1 realized=0 deps=3 fe=20 bytes=1104
  effect d0159514 lemma L903 members=4 pub=2 realized=0 deps=2 fe=21 bytes=2261
  decl dff7e4ed declaration L906 members=2 pub=1 realized=0 deps=1 fe=23 bytes=837
  decl 20169dc6 declaration L910 members=2 pub=1 realized=0 deps=1 fe=23 bytes=831
  decl 844b2374 declaration L914 members=2 pub=1 realized=0 deps=3 fe=23 bytes=905
  decl 6a961e55 declaration L918 members=2 pub=1 realized=0 deps=3 fe=23 bytes=895
  decl 3d7a2c53 declaration L922 members=1 pub=1 realized=0 deps=4 fe=23 bytes=2659
  decl b6c37ba1 declaration L932 members=2 pub=1 realized=0 deps=2 fe=23 bytes=927
  effect 8f7c0e54 lemma L936 members=2 pub=1 realized=0 deps=2 fe=24 bytes=1533
  effect a410c825 lemma L939 members=1 pub=1 realized=0 deps=2 fe=25 bytes=1162
  effect abd57eaf lemma L942 members=1 pub=1 realized=0 deps=2 fe=26 bytes=1299
  effect cb4c0db6 lemma L946 members=1 pub=1 realized=0 deps=2 fe=27 bytes=1258
  decl f000020d declaration L952 members=4 pub=1 realized=0 deps=2 fe=2 bytes=2730
  effect 95c07d59 moduleDoc L962 members=0 pub=0 realized=0 deps=0 fe=0 bytes=74
  decl 4542955d declaration L964 members=7 pub=4 realized=0 deps=0 fe=24 bytes=838
  decl d4318f81 declaration L969 members=2 pub=1 realized=0 deps=1 fe=24 bytes=981
  effect 4b5ce1b0 lemma L974 members=1 pub=1 realized=0 deps=2 fe=24 bytes=961
  decl 1ab8918c declaration L981 members=2 pub=2 realized=0 deps=2 fe=25 bytes=676
  effect d2748e53 lemma L986 members=1 pub=1 realized=0 deps=2 fe=25 bytes=653
  decl 05574bcb declaration L992 members=1 pub=1 realized=0 deps=4 fe=30 bytes=4974
  decl df696e40 declaration L1001 members=1 pub=1 realized=0 deps=6 fe=26 bytes=4559
  decl 31f5de30 declaration L1016 members=4 pub=2 realized=0 deps=2 fe=27 bytes=2851
  effect b2b4f911 lemma L1022 members=2 pub=2 realized=0 deps=4 fe=28 bytes=1323
  effect d9585432 lemma L1027 members=2 pub=2 realized=0 deps=2 fe=27 bytes=1038
  decl d3cb786c declaration L1033 members=2 pub=2 realized=0 deps=0 fe=24 bytes=1471
  effect 7cac5b52 lemma L1040 members=3 pub=1 realized=1 deps=1 fe=24 bytes=2365
  decl 32d81f0a declaration L1051 members=5 pub=1 realized=0 deps=0 fe=0 bytes=2002
  decl 0a3994b3 declaration L1062 members=1 pub=1 realized=0 deps=1 fe=24 bytes=263
  decl a8d3dc75 declaration L1063 members=1 pub=1 realized=0 deps=1 fe=24 bytes=278
  decl 4676a17f declaration L1069 members=1 pub=1 realized=0 deps=1 fe=24 bytes=261
  decl c8e58cdb declaration L1071 members=2 pub=2 realized=0 deps=1 fe=24 bytes=437
  decl 0ca7a339 declaration L1075 members=1 pub=1 realized=0 deps=1 fe=24 bytes=374
  decl 30fb6a0b declaration L1079 members=1 pub=1 realized=0 deps=1 fe=24 bytes=395
  decl 8fc588fb declaration L1083 members=1 pub=1 realized=0 deps=2 fe=28 bytes=610
  decl 60d233f0 declaration L1090 members=1 pub=1 realized=0 deps=0 fe=24 bytes=380
  decl 03af1809 declaration L1093 members=3 pub=1 realized=0 deps=0 fe=0 bytes=681
  => 213 groups, 62 skipped, 0 diagnostics (0 reject)
capture-time 44.68 s maxrss 540144 KB
source replay: 213/213 groups reproduce their declaration ID (142777 ms)
kernel replay: 213/213 groups accepted; 419 declarations added, 1 reserved names re-realized (1388 ms)
isolated replay (exact deps only): 213/213
replay-time 1008.35 s maxrss 524960 KB
export: 1 modules, 213 groups, 98718 bytes of source
  Mathlib.ParaleanExport.Order.Basic: 213 groups; imports #[Mathlib.Data.Subtype, Mathlib.Order.Defs.LinearOrder, Mathlib.Order.Defs.Prop, Mathlib.Order.Notation, Mathlib.Tactic.Spread, Mathlib.Tactic.Convert, Mathlib.Tactic.Inhabit, Mathlib.Tactic.SimpRw, Mathlib.Tactic.GCongr, Mathlib.Tactic.FastInstance]
stock lake build: OK (65290 ms)
verify: 198/198 declaration groups identical in the stock-built oleans; 15 effect-only groups (build-checked)
export-time 89.35 s maxrss 1070288 KB
STATS {"aboveP95Bound":[],"capsuleBytes":{"max":1557,"median":411,"p95":771,"sum":97831},"commandBytes":{"max":1424,"median":139,"sum":40448},"diagnostics":[],"encodingBytes":{"max":38573,"median":726,"sum":266597},"groups":213,"ratio":{"p50":3.039326,"p95":7.647059},"rejected":0,"skipped":62}
