### M11 Mathlib.Data.Ineq
capture M11:Mathlib/Data/Ineq.lean
  effect 64e73f93 moduleDoc L10 members=0 pub=0 realized=0 deps=0 fe=0 bytes=74
  effect b32d11aa moduleDoc L24 members=0 pub=0 realized=0 deps=0 fe=0 bytes=74
  decl b3a13b58 declaration L26 members=31 pub=11 realized=0 deps=0 fe=0 bytes=4057
  decl e8eac775 declaration L34 members=3 pub=1 realized=0 deps=1 fe=0 bytes=1601
  decl 20070a7b declaration L45 members=5 pub=1 realized=0 deps=1 fe=0 bytes=2260
  decl 5d25ccdc declaration L54 members=2 pub=1 realized=0 deps=1 fe=0 bytes=768
  decl e8641169 declaration L60 members=1 pub=1 realized=0 deps=2 fe=0 bytes=308
  decl d91a1a00 declaration L62 members=1 pub=1 realized=0 deps=2 fe=0 bytes=352
  effect e8253d11 moduleDoc L66 members=0 pub=0 realized=0 deps=0 fe=0 bytes=74
  decl dd3c461a declaration L71 members=2 pub=1 realized=0 deps=1 fe=0 bytes=2332
  decl 08b0568c declaration L90 members=3 pub=1 realized=0 deps=2 fe=0 bytes=3161
  => 11 groups, 9 skipped, 0 diagnostics (0 reject)
capture-time 0.71 s maxrss 298016 KB
source replay: 11/11 groups reproduce their declaration ID (454 ms)
kernel replay: 11/11 groups accepted; 44 declarations added, 0 reserved names re-realized (8 ms)
isolated replay (exact deps only): 11/11
replay-time 1.14 s maxrss 298736 KB
export: 1 modules, 11 groups, 5115 bytes of source
  Mathlib.ParaleanExport.Data.Ineq: 11 groups; imports #[Mathlib.Lean.Expr.Basic]
stock lake build: OK (3780 ms)
verify: 8/8 declaration groups identical in the stock-built oleans; 3 effect-only groups (build-checked)
export-time 5.93 s maxrss 738144 KB
STATS {"aboveP95Bound":[],"capsuleBytes":{"max":883,"median":376,"p95":883,"sum":4771},"commandBytes":{"max":663,"median":178,"sum":2555},"diagnostics":[],"encodingBytes":{"max":4057,"median":768,"sum":15061},"groups":11,"ratio":{"p50":2.140449,"p95":9.826087},"rejected":0,"skipped":9}
