### M08 Mathlib.Tactic.ByCases
capture M08:Mathlib/Tactic/ByCases.lean
  effect 3762d662 moduleDoc L11 members=0 pub=0 realized=0 deps=0 fe=0 bytes=74
  effect 39a4c858 syntax L23 members=1 pub=1 realized=0 deps=0 fe=0 bytes=618
  skipped Lean.Parser.Command.elab (local-effect)
  effect 0efb45ea macro_rules L37 members=1 pub=0 realized=0 deps=0 fe=1 bytes=3052
  => 3 groups, 6 skipped, 1 diagnostics (0 reject)
  [unsupported:module-dependent-literal] Mathlib/Tactic/ByCases.lean:37: Mathlib.Tactic.ByCases._aux_Mathlib_Tactic_ByCases___macroRules_Mathlib_Tactic_ByCases_byCases!_1 embeds a module-private or hygienic name literal; its body depends on the module it is elaborated in
capture-time 1.17 s maxrss 481712 KB
source replay: 2/3 groups reproduce their declaration ID (960 ms)
  [capsule:replay-mismatch] Mathlib/Tactic/ByCases.lean:37: replayed declaration 00b85a025f42 ≠ stored 6206e3f39cee; differing members: #[Mathlib.Tactic.ByCases.«_aux_$M___macroRules_Mathlib_Tactic_ByCases_byCases!_1»]
kernel replay: 3/3 groups accepted; 2 declarations added, 0 reserved names re-realized (3 ms)
isolated replay (exact deps only): 2/3
  needs larger capsule: Mathlib/Tactic/ByCases.lean:37 0efb45ea [root] (file-prefix capsule: still fails)
    [capsule:replay-mismatch] Mathlib/Tactic/ByCases.lean:37: replayed declaration 00b85a025f42 ≠ stored 6206e3f39cee; differing members: #[Mathlib.Tactic.ByCases.«_aux_$M___macroRules_Mathlib_Tactic_ByCases_byCases!_1»]
larger capsule (same-file prefix) fixes 0/1 isolated failures
replay-time 1.46 s maxrss 480160 KB
export: 1 modules, 3 groups, 1956 bytes of source
  Mathlib.ParaleanExport.Tactic.ByCases: 3 groups; imports #[Batteries.Tactic.PermuteGoals, Mathlib.Tactic.Push]
stock lake build: OK (4713 ms)
verify: 1/2 declaration groups identical in the stock-built oleans; 1 effect-only groups (build-checked)
  [reject:export-mismatch] Mathlib/Tactic/ByCases.lean:37: stock-built group f0bc2d875a94 ≠ stored 6206e3f39cee
export-time 10.24 s maxrss 1018688 KB
STATS {"aboveP95Bound":[],"capsuleBytes":{"max":648,"median":628,"p95":648,"sum":1580},"commandBytes":{"max":416,"median":217,"sum":801},"diagnostics":[["unsupported:module-dependent-literal",1]],"encodingBytes":{"max":3052,"median":618,"sum":3744},"groups":3,"ratio":{"p50":1.809524,"p95":2.894009},"rejected":0,"skipped":6}
