[23:23:21] fault tolerance >= 2 after 1s
[23:23:31] FAULT kill fdbserver-1
KILL fdbserver-1
started fdbserver-1 (127.0.0.1:21101)
[23:23:43] fault tolerance >= 2 after 1s
[23:23:43] FAULT pause fdbserver-2 (SIGSTOP)
STOP fdbserver-2
CONT fdbserver-2
[23:23:59] fault tolerance >= 2 after 1s
[23:23:59] FAULT partition fdbserver-3
isolated fdbservers: 3
healed
[23:24:14] fault tolerance >= 2 after 1s
[23:24:14] FAULT kill fdbserver-0 and fdbserver-4 (two coordinators)
KILL fdbserver-0
KILL fdbserver-4
started fdbserver-0 (127.0.0.1:21100)
started fdbserver-4 (127.0.0.1:21104)
[23:24:58] fault tolerance >= 2 after 3s
[23:24:58] FAULT pause fdbserver-1 and partition fdbserver-5
STOP fdbserver-1
isolated fdbservers: 5
CONT fdbserver-1
healed
[23:25:16] fault tolerance >= 2 after 2s
[23:25:16] FAULT partition fdbservers 2 and 3 together (a minority side)
isolated fdbservers: 2 3
healed
[23:25:32] fault tolerance >= 2 after 1s
[23:25:32] FAULT kill and wipe fdbserver-2 (disk loss)
KILL fdbserver-2
wiped fdbserver-2 data
started fdbserver-2 (127.0.0.1:21102)
[23:25:40] fault tolerance >= 2 after 2s
[23:25:40] FAULT kill and wipe fdbserver-3 and fdbserver-5 (two disk losses)
KILL fdbserver-3
KILL fdbserver-5
wiped fdbserver-3 data
wiped fdbserver-5 data
started fdbserver-3 (127.0.0.1:21103)
started fdbserver-5 (127.0.0.1:21105)
[23:27:16] fault tolerance >= 2 after 61s
[23:27:16] FAULT kill garage-0 (the gateway's first upstream)
KILL garage-0
started garage-0
[23:27:36] FAULT pause garage-1 (SIGSTOP)
STOP garage-1
CONT garage-1
[23:27:57] FAULT kill and wipe garage-2 (disk loss), resync blocks
garage-2 is not running
wiped garage-2 data blocks
started garage-2
Error: Unable to connect to destination RPC host. Check that you are using the same value of rpc_secret as them, and that you have their correct full-length node ID (public key).
IO error: Connection refused (os error 111)
[23:29:28] faults done; stopping workers
[23:29:31] acknowledged effects logged: 5375
acknowledged effects present: {"assign": 708, "group": 2290, "rank": 1751, "record": 140, "tombstone": 486}; lost: 0
certified groups   2290
committed records  140
markers            2290
object certs       7703
received evidence  0
records            140
targets            3
tombstones         486
uncertified markers 0
audit ok
worker error: 23:27:31 round seed 1028 exit 3
worker error: 23:27:31 round seed 2029 exit 3
worker error: 23:27:29 round seed 3028 exit 3
worker error: 23:27:27 round seed 4027 exit 3
