1791329001 1 46
1791329002 1 47
1791329003 1 51
1791329004 1 42
1791329005 1 51
1791329007 1 52
1791329008 1 58
1791329009 1 40
1791329010 1 58
1791329011 1 59
1791329013 1 906
1791329014 1 52
1791329015 1 57
1791329016 1 61
1791329017 1 53
1791329018 1 47
1791329019 1 55
1791329020 1 58
1791329021 1 50
1791329022 1 55
1791329023 1 63
1791329029 0 5044
1791329035 0 5039
1791329038 1 2089
1791329045 0 5051
1791329051 0 5046
1791329054 1 2083
1791329060 0 5049
1791329066 0 5035
1791329072 0 5044
1791329078 0 5044
1791329084 0 5042
1791329090 0 5053
1791329096 0 5036
1791329098 1 1117
1791329104 0 5037
1791329105 1 72
1791329106 1 49
1791329110 1 2995
1791329111 1 54
1791329113 1 900
1791329114 1 157
1791329116 1 52
1791329122 0 5040
1791329128 0 5043
1791329132 1 2951
1791329133 1 55
1791329134 1 64
1791329135 1 77
1791329136 1 101
1791329137 1 56
1791329138 1 60
1791329139 1 99
1791329145 0 5034
1791329151 0 5050
1791329157 0 5059
1791329163 0 5042
1791329169 0 5050
1791329173 1 2890
1791329174 1 67
1791329175 1 50
1791329176 1 63
1791329178 1 49
1791329179 1 61
1791329180 1 56
1791329181 1 54
1791329182 1 79
1791329183 1 55
1791329184 1 51
1791329185 1 56
1791329186 1 71
1791329187 1 51
1791329188 1 63
1791329189 1 65
1791329190 1 91
1791329191 1 54
1791329193 1 66
1791329194 1 54
1791329195 1 68
1791329196 1 53
1791329197 1 63
1791329198 1 87
1791329199 1 49
1791329200 1 54
1791329201 1 61
1791329202 1 61
1791329203 1 64
1791329204 1 69
1791329205 1 94
1791329206 1 70
1791329207 1 44
1791329209 1 53
1791329210 1 63
1791329211 1 64
1791329212 1 55
1791329213 1 79
1791329214 1 63
1791329215 1 60
1791329216 1 69
1791329217 1 62
1791329218 1 58
1791329219 1 55
1791329220 1 52
1791329221 1 82
1791329222 1 61
1791329224 1 52
1791329225 1 59
1791329226 1 69
1791329227 1 60
1791329228 1 54
1791329229 1 61
1791329230 1 63
1791329231 1 57
1791329232 1 62
1791329233 1 59
1791329234 1 59
1791329235 1 54
1791329236 1 55
1791329237 1 46
1791329238 1 54
1791329239 1 58
1791329241 1 57
1791329242 1 55
1791329243 1 54
1791329244 1 50
1791329245 1 53
1791329246 1 44
1791329247 1 50
1791329248 1 48
1791329249 1 61
1791329250 1 59
1791329251 1 53
1791329252 1 56
1791329253 1 66
1791329254 1 53
1791329255 1 51
1791329256 1 67
1791329258 1 62
1791329259 1 54
1791329260 1 87
1791329261 1 83
1791329262 1 57
1791329263 1 51
1791329264 1 61
1791329265 1 61
1791329266 1 51
1791329267 1 54
1791329268 1 69
1791329269 1 57
1791329270 1 56
1791329271 1 49
1791329272 1 53
1791329274 1 66
1791329275 1 55
1791329276 1 58
1791329277 1 56
1791329278 1 69
1791329279 1 61
1791329280 1 62
1791329281 1 76
1791329282 1 77
1791329283 1 58
1791329284 1 50
1791329285 1 81
1791329286 1 65
1791329287 1 72
1791329289 1 102
1791329290 1 65
1791329291 1 68
1791329292 1 57
1791329293 1 59
1791329294 1 79
1791329295 1 57
1791329296 1 74
1791329297 1 65
1791329298 1 53
1791329299 1 62
1791329300 1 65
1791329301 1 62
1791329302 1 68
1791329304 1 107
1791329305 1 76
1791329306 1 69
1791329307 1 83
1791329308 1 69
1791329309 1 103
1791329310 1 79
1791329311 1 58
1791329312 1 72
1791329313 1 74
1791329314 1 74
1791329316 1 120
1791329317 1 81
1791329318 1 68
1791329319 1 72
1791329320 1 64
1791329321 1 64
1791329322 1 74
1791329323 1 81
1791329324 1 69
1791329325 1 133
1791329326 1 79
1791329328 1 129
1791329329 1 76
1791329330 1 95
1791329331 1 70
1791329332 1 65
1791329333 1 66
1791329334 1 88
1791329335 1 81
1791329336 1 86
1791329337 1 60
1791329338 1 81
1791329340 1 112
1791329341 1 63
1791329342 1 63
1791329343 1 76
1791329344 1 88
1791329345 1 81
1791329346 1 102
1791329347 1 77
1791329348 1 79
1791329349 1 83
1791329350 1 59
1791329352 1 75
1791329353 1 118
1791329354 1 61
1791329355 1 69
1791329356 1 77
1791329357 1 76
1791329358 1 73
1791329359 1 57
1791329360 1 71
1791329361 1 65
1791329362 1 67
1791329363 1 62
1791329365 1 67
1791329366 1 95
1791329367 1 64
1791329368 1 63
1791329369 1 57
1791329370 1 60
1791329371 1 71
1791329372 1 59
1791329373 1 74
1791329374 1 60
1791329375 1 104
1791329376 1 57
1791329377 1 71
1791329379 1 60
1791329380 1 74
1791329381 1 65
1791329382 1 70
1791329383 1 84
1791329384 1 62
1791329385 1 75
1791329386 1 80
1791329387 1 80
1791329388 1 58
1791329389 1 65
1791329390 1 62
1791329392 1 59
1791329393 1 70
1791329394 1 89
1791329395 1 62
1791329396 1 81
1791329397 1 58
1791329398 1 61
1791329399 1 71
1791329400 1 69
1791329401 1 79
1791329402 1 60
1791329403 1 61
1791329404 1 70
1791329406 1 62
1791329407 1 60
1791329408 1 69
1791329409 1 56
1791329410 1 67
1791329411 1 55
1791329412 1 64
1791329413 1 57
1791329414 1 74
1791329415 1 68
1791329416 1 56
1791329417 1 77
1791329418 1 71
1791329419 1 58
1791329421 1 74
1791329422 1 60
1791329423 1 63
1791329424 1 67
1791329425 1 62
1791329426 1 70
1791329427 1 64
1791329428 1 56
1791329429 1 61
1791329430 1 70
1791329431 1 102
1791329432 1 70
1791329433 1 61
1791329435 1 56
1791329436 1 78
1791329437 1 66
1791329438 1 41
1791329439 1 59
1791329440 1 59
1791329441 1 65
1791329442 1 49
1791329443 1 66
1791329444 1 57
1791329445 1 54
1791329446 1 43
1791329447 1 68
1791329448 1 70
1791329449 1 47
1791329451 1 47
1791329452 1 50
1791329453 1 54
1791329454 1 51
1791329455 1 61
1791329456 1 59
1791329457 1 49
1791329458 1 47
1791329459 1 54
1791329460 1 80
1791329461 1 76
1791329462 1 79
1791329463 1 55
1791329464 1 59
1791329465 1 59
1791329467 1 45
1791329468 1 36
1791329469 1 49
1791329470 1 63
1791329471 1 65
1791329472 1 50
1791329473 1 63
1791329474 1 44
1791329475 1 52
1791329476 1 61
1791329477 1 56
1791329478 1 62
1791329479 1 67
1791329480 1 57
1791329481 1 65
1791329482 1 53
1791329484 1 60
1791329485 1 44
1791329486 1 53
1791329487 1 44
1791329488 1 51
1791329489 1 45
1791329490 1 60
1791329491 1 49
1791329492 1 60
1791329493 1 50
1791329494 1 46
1791329495 1 62
1791329496 1 54
1791329497 1 51
1791329498 1 49
1791329499 1 66
1791329500 1 44
1791329501 1 46
1791329503 1 54
1791329504 1 49
1791329505 1 46
1791329506 1 63
1791329507 1 42
1791329508 1 60
1791329509 1 53
1791329510 1 51
1791329511 1 56
1791329512 1 52
1791329513 1 54
1791329514 1 63
1791329515 1 42
1791329516 1 50
1791329517 1 49
1791329518 1 45
1791329519 1 56
1791329521 1 61
1791329522 1 41
1791329523 1 60
1791329524 1 46
1791329525 1 54
1791329526 1 47
1791329527 1 50
1791329528 1 51
1791329529 1 51
1791329530 1 50
1791329531 1 59
1791329532 1 56
1791329533 1 53
1791329534 1 56
1791329535 1 64
1791329536 1 57
1791329538 1 57
1791329539 1 65
1791329540 1 81
1791329541 1 49
1791329542 1 60
1791329543 1 59
1791329544 1 53
1791329545 1 61
1791329546 1 52
1791329547 1 62
1791329548 1 80
1791329549 1 69
1791329550 1 61
1791329551 1 62
1791329553 1 65
1791329554 1 69
1791329555 1 57
1791329556 1 62
1791329557 1 58
1791329558 1 59
1791329559 1 63
1791329560 1 64
1791329561 1 61
1791329562 1 62
1791329563 1 69
1791329564 1 55
1791329565 1 66
1791329567 1 52
1791329568 1 73
1791329569 1 107
1791329570 1 64
1791329571 1 63
1791329572 1 92
1791329573 1 71
1791329574 1 48
1791329575 1 70
1791329576 1 84
1791329577 1 56
1791329578 1 70
1791329580 1 56
1791329581 1 81
1791329582 1 58
1791329583 1 78
1791329584 1 72
1791329585 1 67
1791329586 1 69
1791329587 1 63
1791329588 1 68
1791329589 1 59
1791329590 1 61
1791329591 1 63
1791329592 1 49
1791329593 1 64
1791329595 1 60
1791329596 1 55
1791329597 1 62
1791329598 1 95
1791329599 1 90
1791329600 1 66
1791329601 1 67
1791329602 1 78
1791329603 1 88
1791329604 1 63
1791329605 1 63
1791329607 1 69
1791329608 1 58
1791329609 1 66
1791329610 1 57
1791329611 1 62
1791329612 1 58
1791329613 1 56
1791329614 1 63
1791329615 1 52
1791329616 1 60
1791329617 1 64
1791329618 1 58
1791329619 1 52
1791329620 1 85
1791329622 1 68
1791329623 1 64
1791329624 1 58
1791329625 1 70
1791329626 1 60
1791329627 1 57
1791329628 1 72
1791329629 1 62
1791329630 1 63
1791329631 1 69
1791329632 1 50
1791329633 1 54
1791329634 1 63
1791329635 1 91
1791329637 1 70
1791329638 1 64
1791329639 1 62
1791329640 1 73
1791329641 1 64
1791329642 1 77
1791329643 1 71
1791329644 1 83
1791329645 1 71
1791329646 1 67
1791329647 1 70
1791329648 1 63
1791329650 1 62
1791329651 1 61
1791329652 1 63
1791329653 1 61
1791329654 1 50
1791329655 1 57
1791329656 1 61
1791329657 1 76
1791329658 1 73
1791329659 1 54
1791329660 1 53
1791329661 1 55
1791329662 1 59
1791329663 1 64
1791329665 1 56
1791329666 1 54
1791329667 1 61
1791329668 1 61
1791329669 1 68
1791329670 1 72
1791329671 1 55
1791329672 1 66
1791329673 1 64
1791329674 1 55
1791329675 1 67
1791329676 1 70
1791329677 1 85
1791329678 1 68
1791329680 1 62
1791329681 1 60
1791329682 1 68
1791329683 1 57
1791329684 1 58
1791329685 1 61
1791329686 1 56
1791329687 1 60
1791329688 1 57
1791329689 1 61
1791329690 1 74
1791329691 1 62
1791329692 1 76
1791329694 1 88
1791329695 1 56
1791329696 1 74
1791329697 1 68
1791329698 1 61
1791329699 1 54
1791329700 1 63
1791329701 1 58
1791329702 1 80
1791329703 1 79
1791329704 1 60
1791329705 1 111
1791329707 1 75
1791329708 1 66
1791329709 1 67
1791329710 1 59
1791329711 1 62
1791329712 1 53
1791329713 1 53
1791329714 1 61
1791329715 1 84
1791329716 1 58
1791329717 1 63
1791329718 1 61
1791329719 1 68
1791329720 1 68
1791329722 1 71
1791329723 1 59
1791329724 1 55
1791329725 1 55
1791329726 1 74
1791329727 1 74
1791329728 1 63
1791329729 1 58
1791329730 1 57
1791329731 1 81
1791329732 1 62
1791329733 1 55
1791329734 1 62
1791329736 1 56
1791329737 1 55
1791329738 1 60
1791329739 1 63
1791329740 1 67
1791329741 1 66
1791329742 1 89
1791329743 1 65
1791329744 1 71
1791329745 1 58
1791329746 1 59
1791329747 1 50
1791329748 1 54
1791329749 1 48
1791329751 1 65
1791329752 1 47
1791329753 1 43
1791329754 1 47
1791329755 1 58
1791329756 1 57
1791329757 1 46
1791329758 1 43
1791329759 1 44
1791329760 1 48
1791329761 1 61
1791329762 1 42
1791329763 1 51
1791329764 1 51
1791329765 1 54
1791329766 1 53
1791329767 1 46
1791329768 1 42
1791329770 1 48
1791329771 1 41
1791329772 1 45
1791329773 1 35
1791329774 1 46
1791329775 1 67
1791329776 1 41
1791329777 1 50
1791329778 1 47
1791329779 1 61
1791329780 1 55
1791329781 1 46
1791329782 1 58
1791329783 1 45
1791329784 1 43
1791329785 1 39
1791329786 1 45
1791329787 1 47
