1791331427 1 51
1791331428 1 60
1791331429 1 53
1791331430 1 69
1791331431 1 92
1791331432 1 57
1791331433 1 83
1791331434 1 57
1791331436 1 73
1791331437 1 57
1791331438 1 86
1791331439 1 66
1791331440 1 85
1791331441 1 63
1791331442 1 64
1791331443 1 74
1791331444 1 85
1791331447 1 1366
1791331448 1 66
1791331449 1 71
1791331450 1 782
1791331457 0 5051
1791331463 0 5041
1791331469 0 5042
1791331472 1 2380
1791331478 0 5045
1791331480 0 1331
1791331487 0 5052
1791331489 0 1267
1791331490 1 60
1791331491 1 59
1791331492 1 60
1791331493 1 78
1791331494 1 52
1791331495 1 60
1791331496 1 79
1791331502 0 5051
1791331508 0 5051
1791331514 0 5045
1791331521 0 5053
1791331527 0 5045
1791331533 0 5042
1791331534 1 78
1791331540 0 5039
1791331542 1 1124
1791331548 0 5057
1791331550 1 1159
1791331555 1 3939
1791331558 1 2320
1791331564 0 5052
1791331571 0 5046
1791331577 0 5063
1791331583 0 5049
1791331588 1 4169
1791331589 1 58
1791331590 1 50
1791331591 1 64
1791331592 1 63
1791331593 1 75
1791331594 1 71
1791331595 1 59
1791331597 1 1046
1791331598 1 46
1791331599 1 58
1791331601 1 65
1791331602 1 55
1791331603 1 55
1791331604 1 61
1791331605 1 64
1791331606 1 52
1791331607 1 61
1791331613 0 5037
1791331615 0 1432
1791331616 1 41
1791331622 0 5037
1791331625 0 1142
1791331626 1 48
1791331632 0 5039
1791331634 1 1426
1791331635 1 62
1791331638 0 1479
1791331639 1 60
1791331642 1 2582
1791331643 1 66
1791331645 1 69
1791331646 1 58
1791331647 1 61
1791331648 1 47
1791331654 0 5039
1791331660 0 5038
1791331663 1 2604
1791331665 1 514
1791331666 1 102
1791331667 1 105
1791331668 1 75
1791331669 1 71
1791331670 1 59
1791331671 1 49
1791331672 1 47
1791331679 0 5052
1791331681 0 1737
1791331682 1 52
1791331688 0 5053
1791331691 0 1155
1791331692 1 50
1791331698 0 5042
1791331700 1 1184
1791331704 1 3102
1791331705 1 52
1791331706 1 70
1791331707 1 46
1791331708 1 45
1791331709 1 56
1791331710 1 73
1791331711 1 60
1791331712 1 65
1791331714 1 722
1791331715 1 55
1791331716 1 51
1791331717 1 49
1791331718 1 63
1791331719 1 49
